max_turns (f.k.a. max_episodes) artificially limited to 25. Consider removing this limit for better task completion.
Skipping image OS validation for hb__openpql-safe: docker inspect returned 1
Trajectory dumped to /tmp/rsvh-eval/evidence/v3/gpt-6.1-sol-high/gpt-6.1-sol-high-openpql-safe/openpql-safe__gXERTJX/agent/trajectory.json
Trajectory dumped to /tmp/rsvh-eval/evidence/v3/gpt-6.1-sol-high/gpt-6.1-sol-high-openpql-safe/openpql-safe__gXERTJX/agent/trajectory.json
Trajectory dumped to /tmp/rsvh-eval/evidence/v3/gpt-6.1-sol-high/gpt-6.1-sol-high-openpql-safe/openpql-safe__gXERTJX/agent/trajectory.json
Trajectory dumped to /tmp/rsvh-eval/evidence/v3/gpt-6.1-sol-high/gpt-6.1-sol-high-openpql-safe/openpql-safe__gXERTJX/agent/trajectory.json
Trajectory dumped to /tmp/rsvh-eval/evidence/v3/gpt-6.1-sol-high/gpt-6.1-sol-high-openpql-safe/openpql-safe__gXERTJX/agent/trajectory.json
Trajectory dumped to /tmp/rsvh-eval/evidence/v3/gpt-6.1-sol-high/gpt-6.1-sol-high-openpql-safe/openpql-safe__gXERTJX/agent/trajectory.json
Parser warnings: - Command 1 should end with newline when followed by another command. Otherwise the two commands will be concatenated together on the same line.
Trajectory dumped to /tmp/rsvh-eval/evidence/v3/gpt-6.1-sol-high/gpt-6.1-sol-high-openpql-safe/openpql-safe__gXERTJX/agent/trajectory.json
Trajectory dumped to /tmp/rsvh-eval/evidence/v3/gpt-6.1-sol-high/gpt-6.1-sol-high-openpql-safe/openpql-safe__gXERTJX/agent/trajectory.json
Trajectory dumped to /tmp/rsvh-eval/evidence/v3/gpt-6.1-sol-high/gpt-6.1-sol-high-openpql-safe/openpql-safe__gXERTJX/agent/trajectory.json
Trajectory dumped to /tmp/rsvh-eval/evidence/v3/gpt-6.1-sol-high/gpt-6.1-sol-high-openpql-safe/openpql-safe__gXERTJX/agent/trajectory.json
Trajectory dumped to /tmp/rsvh-eval/evidence/v3/gpt-6.1-sol-high/gpt-6.1-sol-high-openpql-safe/openpql-safe__gXERTJX/agent/trajectory.json
Trajectory dumped to /tmp/rsvh-eval/evidence/v3/gpt-6.1-sol-high/gpt-6.1-sol-high-openpql-safe/openpql-safe__gXERTJX/agent/trajectory.json
Trajectory dumped to /tmp/rsvh-eval/evidence/v3/gpt-6.1-sol-high/gpt-6.1-sol-high-openpql-safe/openpql-safe__gXERTJX/agent/trajectory.json
Trajectory dumped to /tmp/rsvh-eval/evidence/v3/gpt-6.1-sol-high/gpt-6.1-sol-high-openpql-safe/openpql-safe__gXERTJX/agent/trajectory.json
Trajectory dumped to /tmp/rsvh-eval/evidence/v3/gpt-6.1-sol-high/gpt-6.1-sol-high-openpql-safe/openpql-safe__gXERTJX/agent/trajectory.json
Trajectory dumped to /tmp/rsvh-eval/evidence/v3/gpt-6.1-sol-high/gpt-6.1-sol-high-openpql-safe/openpql-safe__gXERTJX/agent/trajectory.json
Failed to download artifact '/workspace/submission/counterexample.json' (best-effort)
Traceback (most recent call last):
  File "/tmp/harbor09/lib/python3.12/site-packages/harbor/trial/artifact_handler.py", line 195, in _download_artifact
    await source_env.download_file(
  File "/tmp/harbor09/lib/python3.12/site-packages/harbor/environments/docker/docker.py", line 614, in download_file
    await self._platform.download_file(source_path, target_path)
  File "/tmp/harbor09/lib/python3.12/site-packages/harbor/environments/docker/docker_unix.py", line 48, in download_file
    await self._env._run_docker_compose_command(
  File "/tmp/harbor09/lib/python3.12/site-packages/harbor/environments/docker/docker.py", line 417, in _run_docker_compose_command
    raise RuntimeError(
RuntimeError: Docker compose command failed for environment openpql-safe. Command: docker compose --project-name openpql-safe__gxertjx --project-directory /tmp/rsvh-family-new/openpql-safe/environment -f /tmp/tmphc4vupvu/openpql-safe__gXERTJX-docker-compose-resources.json -f /tmp/harbor09/lib/python3.12/site-packages/harbor/environments/docker/docker-compose-build.yaml -f /tmp/tmpuqud4wau/docker-compose-mounts.json -f /tmp/harbor09/lib/python3.12/site-packages/harbor/environments/docker/docker-compose-no-network.yaml cp main:/workspace/submission/counterexample.json /tmp/rsvh-eval/evidence/v3/gpt-6.1-sol-high/gpt-6.1-sol-high-openpql-safe/openpql-safe__gXERTJX/artifacts/counterexample.json. Return code: 1. Stdout:  openpql-safe__gxertjx-main-1 copy openpql-safe__gxertjx-main-1:/workspace/submission/counterexample.json to /tmp/rsvh-eval/evidence/v3/gpt-6.1-sol-high/gpt-6.1-sol-high-openpql-safe/openpql-safe__gXERTJX/artifacts/counterexample.json Copying
Error response from daemon: Could not find the file /workspace/submission/counterexample.json in container abe121926f296aabc86afb7b49b65f5939b67402b7a1c855e343d522de6d8d5a
. Stderr: None. 
Failed to download artifact '/workspace/submission/src/lib.rs' (best-effort)
Traceback (most recent call last):
  File "/tmp/harbor09/lib/python3.12/site-packages/harbor/trial/artifact_handler.py", line 195, in _download_artifact
    await source_env.download_file(
  File "/tmp/harbor09/lib/python3.12/site-packages/harbor/environments/docker/docker.py", line 614, in download_file
    await self._platform.download_file(source_path, target_path)
  File "/tmp/harbor09/lib/python3.12/site-packages/harbor/environments/docker/docker_unix.py", line 48, in download_file
    await self._env._run_docker_compose_command(
  File "/tmp/harbor09/lib/python3.12/site-packages/harbor/environments/docker/docker.py", line 417, in _run_docker_compose_command
    raise RuntimeError(
RuntimeError: Docker compose command failed for environment openpql-safe. Command: docker compose --project-name openpql-safe__gxertjx --project-directory /tmp/rsvh-family-new/openpql-safe/environment -f /tmp/tmphc4vupvu/openpql-safe__gXERTJX-docker-compose-resources.json -f /tmp/harbor09/lib/python3.12/site-packages/harbor/environments/docker/docker-compose-build.yaml -f /tmp/tmpuqud4wau/docker-compose-mounts.json -f /tmp/harbor09/lib/python3.12/site-packages/harbor/environments/docker/docker-compose-no-network.yaml cp main:/workspace/submission/src/lib.rs /tmp/rsvh-eval/evidence/v3/gpt-6.1-sol-high/gpt-6.1-sol-high-openpql-safe/openpql-safe__gXERTJX/artifacts/lib.rs. Return code: 1. Stdout:  openpql-safe__gxertjx-main-1 copy openpql-safe__gxertjx-main-1:/workspace/submission/src/lib.rs to /tmp/rsvh-eval/evidence/v3/gpt-6.1-sol-high/gpt-6.1-sol-high-openpql-safe/openpql-safe__gXERTJX/artifacts/lib.rs Copying
Error response from daemon: Could not find the file /workspace/submission/src/lib.rs in container abe121926f296aabc86afb7b49b65f5939b67402b7a1c855e343d522de6d8d5a
. Stderr: None. 
Skipping image OS validation for hb__openpql-safe: docker inspect returned 1
