Skipping image OS validation for hb__authorization-safe: docker inspect returned 1
Trajectory dumped to evidence/v3/glm-5.3-flash/glm-5.3-flash-safe/authorization-safe__ziZ5b9C/agent/trajectory.json
Trajectory dumped to evidence/v3/glm-5.3-flash/glm-5.3-flash-safe/authorization-safe__ziZ5b9C/agent/trajectory.json
Trajectory dumped to evidence/v3/glm-5.3-flash/glm-5.3-flash-safe/authorization-safe__ziZ5b9C/agent/trajectory.json
Trajectory dumped to evidence/v3/glm-5.3-flash/glm-5.3-flash-safe/authorization-safe__ziZ5b9C/agent/trajectory.json
Trajectory dumped to evidence/v3/glm-5.3-flash/glm-5.3-flash-safe/authorization-safe__ziZ5b9C/agent/trajectory.json
Trajectory dumped to evidence/v3/glm-5.3-flash/glm-5.3-flash-safe/authorization-safe__ziZ5b9C/agent/trajectory.json
Trajectory dumped to evidence/v3/glm-5.3-flash/glm-5.3-flash-safe/authorization-safe__ziZ5b9C/agent/trajectory.json
Trajectory dumped to evidence/v3/glm-5.3-flash/glm-5.3-flash-safe/authorization-safe__ziZ5b9C/agent/trajectory.json
Trajectory dumped to evidence/v3/glm-5.3-flash/glm-5.3-flash-safe/authorization-safe__ziZ5b9C/agent/trajectory.json
Trajectory dumped to evidence/v3/glm-5.3-flash/glm-5.3-flash-safe/authorization-safe__ziZ5b9C/agent/trajectory.json
Trajectory dumped to evidence/v3/glm-5.3-flash/glm-5.3-flash-safe/authorization-safe__ziZ5b9C/agent/trajectory.json
Trajectory dumped to evidence/v3/glm-5.3-flash/glm-5.3-flash-safe/authorization-safe__ziZ5b9C/agent/trajectory.json
Trajectory dumped to evidence/v3/glm-5.3-flash/glm-5.3-flash-safe/authorization-safe__ziZ5b9C/agent/trajectory.json
Trajectory dumped to evidence/v3/glm-5.3-flash/glm-5.3-flash-safe/authorization-safe__ziZ5b9C/agent/trajectory.json
Trajectory dumped to evidence/v3/glm-5.3-flash/glm-5.3-flash-safe/authorization-safe__ziZ5b9C/agent/trajectory.json
Trajectory dumped to evidence/v3/glm-5.3-flash/glm-5.3-flash-safe/authorization-safe__ziZ5b9C/agent/trajectory.json
Trajectory dumped to evidence/v3/glm-5.3-flash/glm-5.3-flash-safe/authorization-safe__ziZ5b9C/agent/trajectory.json
Trajectory dumped to evidence/v3/glm-5.3-flash/glm-5.3-flash-safe/authorization-safe__ziZ5b9C/agent/trajectory.json
Trajectory dumped to evidence/v3/glm-5.3-flash/glm-5.3-flash-safe/authorization-safe__ziZ5b9C/agent/trajectory.json
Trajectory dumped to evidence/v3/glm-5.3-flash/glm-5.3-flash-safe/authorization-safe__ziZ5b9C/agent/trajectory.json
Trajectory dumped to evidence/v3/glm-5.3-flash/glm-5.3-flash-safe/authorization-safe__ziZ5b9C/agent/trajectory.json
Failed to download artifact '/workspace/submission/counterexample.json' (best-effort)
Traceback (most recent call last):
  File "/var/lib/sandboxed-node/work/93382366-143d-4cc4-93a4-cce1621459b5/rust-security-verification-harbor/.venv/lib/python3.12/site-packages/harbor/trial/artifact_handler.py", line 195, in _download_artifact
    await source_env.download_file(
  File "/var/lib/sandboxed-node/work/93382366-143d-4cc4-93a4-cce1621459b5/rust-security-verification-harbor/.venv/lib/python3.12/site-packages/harbor/environments/docker/docker.py", line 614, in download_file
    await self._platform.download_file(source_path, target_path)
  File "/var/lib/sandboxed-node/work/93382366-143d-4cc4-93a4-cce1621459b5/rust-security-verification-harbor/.venv/lib/python3.12/site-packages/harbor/environments/docker/docker_unix.py", line 48, in download_file
    await self._env._run_docker_compose_command(
  File "/var/lib/sandboxed-node/work/93382366-143d-4cc4-93a4-cce1621459b5/rust-security-verification-harbor/.venv/lib/python3.12/site-packages/harbor/environments/docker/docker.py", line 417, in _run_docker_compose_command
    raise RuntimeError(
RuntimeError: Docker compose command failed for environment authorization-safe. Command: docker compose --project-name authorization-safe__ziz5b9c --project-directory /tmp/authorization-family-glm53-v3-20261002/authorization-safe/environment -f /tmp/tmp_te_xd42/authorization-safe__ziZ5b9C-docker-compose-resources.json -f /var/lib/sandboxed-node/work/93382366-143d-4cc4-93a4-cce1621459b5/rust-security-verification-harbor/.venv/lib/python3.12/site-packages/harbor/environments/docker/docker-compose-build.yaml -f /tmp/tmplfyxtirp/docker-compose-mounts.json -f /var/lib/sandboxed-node/work/93382366-143d-4cc4-93a4-cce1621459b5/rust-security-verification-harbor/.venv/lib/python3.12/site-packages/harbor/environments/docker/docker-compose-no-network.yaml cp main:/workspace/submission/counterexample.json evidence/v3/glm-5.3-flash/glm-5.3-flash-safe/authorization-safe__ziZ5b9C/artifacts/counterexample.json. Return code: 1. Stdout:  authorization-safe__ziz5b9c-main-1 copy authorization-safe__ziz5b9c-main-1:/workspace/submission/counterexample.json to evidence/v3/glm-5.3-flash/glm-5.3-flash-safe/authorization-safe__ziZ5b9C/artifacts/counterexample.json Copying
Error response from daemon: Could not find the file /workspace/submission/counterexample.json in container 222dd8a89f4874e134ea4337b40ae16f3d057331627e1824001a9a884ae8db7c
. Stderr: None. 
Failed to download artifact '/workspace/submission/src/lib.rs' (best-effort)
Traceback (most recent call last):
  File "/var/lib/sandboxed-node/work/93382366-143d-4cc4-93a4-cce1621459b5/rust-security-verification-harbor/.venv/lib/python3.12/site-packages/harbor/trial/artifact_handler.py", line 195, in _download_artifact
    await source_env.download_file(
  File "/var/lib/sandboxed-node/work/93382366-143d-4cc4-93a4-cce1621459b5/rust-security-verification-harbor/.venv/lib/python3.12/site-packages/harbor/environments/docker/docker.py", line 614, in download_file
    await self._platform.download_file(source_path, target_path)
  File "/var/lib/sandboxed-node/work/93382366-143d-4cc4-93a4-cce1621459b5/rust-security-verification-harbor/.venv/lib/python3.12/site-packages/harbor/environments/docker/docker_unix.py", line 48, in download_file
    await self._env._run_docker_compose_command(
  File "/var/lib/sandboxed-node/work/93382366-143d-4cc4-93a4-cce1621459b5/rust-security-verification-harbor/.venv/lib/python3.12/site-packages/harbor/environments/docker/docker.py", line 417, in _run_docker_compose_command
    raise RuntimeError(
RuntimeError: Docker compose command failed for environment authorization-safe. Command: docker compose --project-name authorization-safe__ziz5b9c --project-directory /tmp/authorization-family-glm53-v3-20261002/authorization-safe/environment -f /tmp/tmp_te_xd42/authorization-safe__ziZ5b9C-docker-compose-resources.json -f /var/lib/sandboxed-node/work/93382366-143d-4cc4-93a4-cce1621459b5/rust-security-verification-harbor/.venv/lib/python3.12/site-packages/harbor/environments/docker/docker-compose-build.yaml -f /tmp/tmplfyxtirp/docker-compose-mounts.json -f /var/lib/sandboxed-node/work/93382366-143d-4cc4-93a4-cce1621459b5/rust-security-verification-harbor/.venv/lib/python3.12/site-packages/harbor/environments/docker/docker-compose-no-network.yaml cp main:/workspace/submission/src/lib.rs evidence/v3/glm-5.3-flash/glm-5.3-flash-safe/authorization-safe__ziZ5b9C/artifacts/lib.rs. Return code: 1. Stdout:  authorization-safe__ziz5b9c-main-1 copy authorization-safe__ziz5b9c-main-1:/workspace/submission/src/lib.rs to evidence/v3/glm-5.3-flash/glm-5.3-flash-safe/authorization-safe__ziZ5b9C/artifacts/lib.rs Copying
Error response from daemon: Could not find the file /workspace/submission/src/lib.rs in container 222dd8a89f4874e134ea4337b40ae16f3d057331627e1824001a9a884ae8db7c
. Stderr: None. 
Skipping image OS validation for hb__authorization-safe: docker inspect returned 1
