max_turns (f.k.a. max_episodes) artificially limited to 25. Consider removing this limit for better task completion.
Skipping image OS validation for hb__goldilocks-vulnerable: docker inspect returned 1
Both tmux and asciinema are already installed
Starting recording.
Sending keys: ['asciinema rec --stdin /logs/agent/recording.cast', 'Enter'] min_timeout_sec: 1.0 max_timeout_sec: 180.0
Sending keys: ['clear', 'Enter'] min_timeout_sec: 0.0 max_timeout_sec: 180.0
Sending keys: ['cat /workspace/challenge/src/lib.rs\n'] min_timeout_sec: 0.1 max_timeout_sec: 180.0
Sending keys: ['cat /workspace/lean/SecurityChallenge.lean\n'] min_timeout_sec: 0.1 max_timeout_sec: 180.0
Sending keys: ['ls -la /workspace/lean /workspace/submission; cat /workspace/lean/check.py\n'] min_timeout_sec: 0.1 max_timeout_sec: 180.0
Trajectory dumped to /tmp/rsvh-eval/evidence/v3/gpt-6.1-sol-high/gpt-6.1-sol-high-goldilocks-vulnerable/goldilocks-vulnerable__3FLH64e/agent/trajectory.json
Sending keys: ['cat /workspace/lean/SecurityChallenge.lean; cat /workspace/submission/{Spec,Audit,Proof}.lean; cat /workspace/challenge/Cargo.toml; ls -la /workspace/submission/src\n'] min_timeout_sec: 0.1 max_timeout_sec: 180.0
Trajectory dumped to /tmp/rsvh-eval/evidence/v3/gpt-6.1-sol-high/gpt-6.1-sol-high-goldilocks-vulnerable/goldilocks-vulnerable__3FLH64e/agent/trajectory.json
Sending keys: ['cat > /workspace/submission/Spec.lean <<\'EOF\'\nimport SecurityChallenge\n\n/-- Exact settlement debit, without word-size truncation. -/\ndef policyDebit (amount fee : UInt64) : Nat :=\n  amount.toNat / 2 +\n    (amount.toNat + fee.toNat * 18446744073709551616) % 18446744069414584321\n\ndef candidateSpec : SecurityChallenge.AuthorizationSpec where\n  accepts := fun balance amount fee =>\n    policyDebit amount fee ≤ balance.toNat\n  output := fun balance amount fee totalDebit =>\n    policyDebit amount fee ≤ balance.toNat ∧\n    totalDebit.toNat = policyDebit amount fee\nEOF\ncat > /workspace/submission/Audit.lean <<\'EOF\'\nimport SecurityChallenge\n\ndef verdict : SecurityChallenge.AuditVerdict := .vulnerable\nEOF\ncat > /workspace/submission/Proof.lean <<\'EOF\'\nby\n  change ¬ SecurityChallenge.Conforms candidateSpec SecurityChallenge.challengeAuthorize\n  intro h\n  have accepted : SecurityChallenge.challengeAuthorize 4294967294 0 4294967296 =\n      some 4294967294 := by decide\n  have unaffordable : ¬ candidateSpec.accepts 4294967294 0 4294967296 := by decide\n  exact unaffordable ((h.1 4294967294 0 4294967296).mp ⟨4294967294, accepted⟩)\nEOF\ncat > /workspace/submission/counterexample.json <<\'EOF\'\n{"balance":4294967294,"amount":0,"fee":4294967296}\nEOF\npython3 - <<\'PY\'\nfrom pathlib import Path\ns = Path(\'/workspace/challenge/src/lib.rs\').read_text()\ns = s.replace(\'low2.wrapping_add(GOLDILOCKS_EPSILON)\', \'// The borrow introduced 2^64; replace it with P = 2^64 - epsilon.\\n            low2.wrapping_sub(GOLDILOCKS_EPSILON)\')\ns += \'\'\'\n#[cfg(test)]\nmod borrow_regression_tests {\n    use super::*;\n\n    #[test]\n    fn high_limb_borrow_uses_the_exact_surcharge() {\n        let fee = 1u64 << 32;\n        let debit = field::GOLDILOCKS_MODULUS - 1;\n        assert_eq!(field::reduce_128(0, fee), debit);\n        assert_eq!(authorize(4_294_967_294, 0, fee), None);\n        assert_eq!(authorize(debit - 1, 0, fee), None);\n        assert_eq!(authorize(debit, 0, fee), Some(Authorization { total_debit: debit }));\n    }\n}\n\'\'\'\nPath(\'/workspace/submission/src/lib.rs\').write_text(s)\nPY\npython3 /workspace/lean/check.py\n'] min_timeout_sec: 1.0 max_timeout_sec: 180.0
Sending keys: ['testdir=$(mktemp -d /tmp/settlement-audit.XXXXXX); cp /workspace/challenge/Cargo.toml "$testdir/"; cp -r /workspace/submission/src "$testdir/"; cargo test --manifest-path "$testdir/Cargo.toml"\n'] min_timeout_sec: 1.0 max_timeout_sec: 180.0
Trajectory dumped to /tmp/rsvh-eval/evidence/v3/gpt-6.1-sol-high/gpt-6.1-sol-high-goldilocks-vulnerable/goldilocks-vulnerable__3FLH64e/agent/trajectory.json
Sending keys: ["sed -i 's@/-- Exact settlement debit, without word-size truncation. -/@-- Exact settlement debit, without word-size truncation.@' /workspace/submission/Spec.lean\npython3 /workspace/lean/check.py\n"] min_timeout_sec: 1.0 max_timeout_sec: 180.0
Trajectory dumped to /tmp/rsvh-eval/evidence/v3/gpt-6.1-sol-high/gpt-6.1-sol-high-goldilocks-vulnerable/goldilocks-vulnerable__3FLH64e/agent/trajectory.json
Parser warnings: - Command 1 should end with newline when followed by another command. Otherwise the two commands will be concatenated together on the same line.
Sending keys: [''] min_timeout_sec: 1.0 max_timeout_sec: 180.0
Sending keys: ['find /workspace/submission -maxdepth 2 -type f -print; diff -u /workspace/challenge/src/lib.rs /workspace/submission/src/lib.rs\n'] min_timeout_sec: 0.1 max_timeout_sec: 180.0
Trajectory dumped to /tmp/rsvh-eval/evidence/v3/gpt-6.1-sol-high/gpt-6.1-sol-high-goldilocks-vulnerable/goldilocks-vulnerable__3FLH64e/agent/trajectory.json
Sending keys: ["python3 - <<'PY'\nfrom pathlib import Path\np = Path('/workspace/submission/Proof.lean')\ns = p.read_text().replace('have unaffordable : ¬ candidateSpec.accepts 4294967294 0 4294967296 := by decide', 'have unaffordable : ¬ candidateSpec.accepts 4294967294 0 4294967296 := by\\n    unfold candidateSpec policyDebit\\n    decide')\np.write_text(s)\nPY\npython3 /workspace/lean/check.py\n"] min_timeout_sec: 1.0 max_timeout_sec: 180.0
Trajectory dumped to /tmp/rsvh-eval/evidence/v3/gpt-6.1-sol-high/gpt-6.1-sol-high-goldilocks-vulnerable/goldilocks-vulnerable__3FLH64e/agent/trajectory.json
Sending keys: [''] min_timeout_sec: 1.0 max_timeout_sec: 180.0
Trajectory dumped to /tmp/rsvh-eval/evidence/v3/gpt-6.1-sol-high/gpt-6.1-sol-high-goldilocks-vulnerable/goldilocks-vulnerable__3FLH64e/agent/trajectory.json
Trajectory dumped to /tmp/rsvh-eval/evidence/v3/gpt-6.1-sol-high/gpt-6.1-sol-high-goldilocks-vulnerable/goldilocks-vulnerable__3FLH64e/agent/trajectory.json
Trajectory dumped to /tmp/rsvh-eval/evidence/v3/gpt-6.1-sol-high/gpt-6.1-sol-high-goldilocks-vulnerable/goldilocks-vulnerable__3FLH64e/agent/trajectory.json
Trajectory dumped to /tmp/rsvh-eval/evidence/v3/gpt-6.1-sol-high/gpt-6.1-sol-high-goldilocks-vulnerable/goldilocks-vulnerable__3FLH64e/agent/trajectory.json
Skipping image OS validation for hb__goldilocks-vulnerable: docker inspect returned 1
