max_turns (f.k.a. max_episodes) artificially limited to 25. Consider removing this limit for better task completion.
Skipping image OS validation for hb__plonky3-safe: docker inspect returned 1
Both tmux and asciinema are already installed
Starting recording.
Sending keys: ['asciinema rec --stdin /logs/agent/recording.cast', 'Enter'] min_timeout_sec: 1.0 max_timeout_sec: 180.0
Sending keys: ['clear', 'Enter'] min_timeout_sec: 0.0 max_timeout_sec: 180.0
Sending keys: ['cat /workspace/challenge/src/lib.rs\n'] min_timeout_sec: 0.1 max_timeout_sec: 180.0
Sending keys: ['cat /workspace/lean/SecurityChallenge.lean\n'] min_timeout_sec: 0.1 max_timeout_sec: 180.0
Sending keys: ['ls -la /workspace/lean; cat /workspace/lean/check.py\n'] min_timeout_sec: 0.1 max_timeout_sec: 180.0
Trajectory dumped to /tmp/rsvh-eval/evidence/v3/gpt-6.1-sol-high/gpt-6.1-sol-high-plonky3-safe/plonky3-safe__K6xkgTV/agent/trajectory.json
Sending keys: ['which lean; lean --version; ls /opt/rvb-deps; cat /workspace/lean/Signature.lean; cat /workspace/challenge/Cargo.toml\n'] min_timeout_sec: 0.1 max_timeout_sec: 180.0
Sending keys: ["grep -n 'theorem\\|toNat_' $(lean --print-prefix)/src/lean/Init/Data/UInt/Lemmas.lean | head -100\n"] min_timeout_sec: 0.1 max_timeout_sec: 180.0
Sending keys: ['ls /opt/rvb-deps/.lake/build/lib/lean/Mathlib/Tactic | head; ls -la /workspace/submission\n'] min_timeout_sec: 0.1 max_timeout_sec: 180.0
Trajectory dumped to /tmp/rsvh-eval/evidence/v3/gpt-6.1-sol-high/gpt-6.1-sol-high-plonky3-safe/plonky3-safe__K6xkgTV/agent/trajectory.json
Sending keys: ['find /opt/rvb-deps/packages -maxdepth 2 -type d | head -30; cat /workspace/submission/{Spec,Audit,Proof}.lean; ls -l /workspace/submission/src\n'] min_timeout_sec: 0.1 max_timeout_sec: 180.0
Sending keys: ["cat > /workspace/submission/Spec.lean <<'EOF'\nimport SecurityChallenge\n\n-- Exact settlement arithmetic; neither the product nor the debit wraps.\ndef settlementDebit (amount fee : UInt64) : Nat :=\n  amount.toNat +\n    (((amount.toNat % 4294967296 + (fee.toNat % 2013265921) * 4294967296)\n       * 943718400) % 2013265921)\n\ndef candidateSpec : SecurityChallenge.AuthorizationSpec where\n  accepts balance amount fee := settlementDebit amount fee ≤ balance.toNat\n  output _ amount fee totalDebit := totalDebit.toNat = settlementDebit amount fee\nEOF\ncat > /workspace/submission/Audit.lean <<'EOF'\nimport SecurityChallenge\n\ndef verdict : SecurityChallenge.AuditVerdict := .safe\nEOF\ncat > /workspace/lean/Test.lean <<'EOF'\nimport SecurityChallenge\nimport Std.Tactic\nopen SecurityChallenge\nset_option maxRecDepth 4096\nset_option maxHeartbeats 2000000\nexample (a f : UInt64) :\n    (montyReduce (packTranscript a f)).toNat =\n    (((a.toNat % 4294967296 + (f.toNat % 2013265921) * 4294967296) * 943718400) % 2013265921) := by\n  unfold montyReduce montyQuotient packTranscript\n  simp only [UInt64.toNat_add, UInt64.toNat_mul, UInt64.toNat_mod,\n    UInt64.toNat_div, UInt64.toNat_sub, UInt64.lt_iff_toNat_lt,\n    babyBearP, babyBearMu, limbBase, UInt64.toNat_ofNat]\n  split <;> simp only [UInt64.toNat_add, UInt64.toNat_sub, UInt64.toNat_div,\n    babyBearP, limbBase, UInt64.toNat_ofNat] <;> omega\nEOF\ncd /workspace/lean && lean Test.lean\n"] min_timeout_sec: 1.0 max_timeout_sec: 180.0
Trajectory dumped to /tmp/rsvh-eval/evidence/v3/gpt-6.1-sol-high/gpt-6.1-sol-high-plonky3-safe/plonky3-safe__K6xkgTV/agent/trajectory.json
Parser warnings: - Command 1 should end with newline when followed by another command. Otherwise the two commands will be concatenated together on the same line.
Sending keys: [''] min_timeout_sec: 1.0 max_timeout_sec: 180.0
Sending keys: ["find /opt/rvb-deps/packages -path '*/Mathlib/Tactic.olean' -o -path '*/Mathlib/Tactic/Omega.olean'\n"] min_timeout_sec: 0.1 max_timeout_sec: 180.0
Trajectory dumped to /tmp/rsvh-eval/evidence/v3/gpt-6.1-sol-high/gpt-6.1-sol-high-plonky3-safe/plonky3-safe__K6xkgTV/agent/trajectory.json
Sending keys: ["python3 - <<'PY'\np='/workspace/lean/Test.lean'\ns=open(p).read(); s=s[:s.index('  simp only')]+'''  split <;>\n    simp only [UInt64.toNat_add, UInt64.toNat_mul, UInt64.toNat_mod,\n      UInt64.toNat_div, UInt64.toNat_sub, UInt64.lt_iff_toNat_lt,\n      babyBearP, babyBearMu, limbBase, UInt64.toNat_ofNat] at * <;>\n    simp at * <;> omega\n'''; open(p,'w').write(s)\nPY\nlean Test.lean\n"] min_timeout_sec: 1.0 max_timeout_sec: 180.0
Trajectory dumped to /tmp/rsvh-eval/evidence/v3/gpt-6.1-sol-high/gpt-6.1-sol-high-plonky3-safe/plonky3-safe__K6xkgTV/agent/trajectory.json
Sending keys: [''] min_timeout_sec: 1.0 max_timeout_sec: 180.0
Trajectory dumped to /tmp/rsvh-eval/evidence/v3/gpt-6.1-sol-high/gpt-6.1-sol-high-plonky3-safe/plonky3-safe__K6xkgTV/agent/trajectory.json
Sending keys: ["sed -i '/  split/i\\  dsimp only' Test.lean\nlean Test.lean\n"] min_timeout_sec: 1.0 max_timeout_sec: 180.0
Trajectory dumped to /tmp/rsvh-eval/evidence/v3/gpt-6.1-sol-high/gpt-6.1-sol-high-plonky3-safe/plonky3-safe__K6xkgTV/agent/trajectory.json
Sending keys: [''] min_timeout_sec: 1.0 max_timeout_sec: 180.0
Trajectory dumped to /tmp/rsvh-eval/evidence/v3/gpt-6.1-sol-high/gpt-6.1-sol-high-plonky3-safe/plonky3-safe__K6xkgTV/agent/trajectory.json
Sending keys: ["cat > Test.lean <<'EOF'\nimport SecurityChallenge\nimport Std.Tactic\nopen SecurityChallenge\nset_option maxRecDepth 4096\nset_option maxHeartbeats 2000000\nset_option linter.unusedSimpArgs false\n\ntheorem pack_nat (a f : UInt64) :\n  (packTranscript a f).toNat = 4294967296 * (f.toNat % 2013265921) + a.toNat % 4294967296 := by\n  have ha := Nat.mod_lt a.toNat (by decide : 0 < 4294967296)\n  have hf := Nat.mod_lt f.toNat (by decide : 0 < 2013265921)\n  simp [packTranscript, limbBase, babyBearP, UInt64.toNat_ofNat]\n  omega\n\ntheorem quotient_nat (x : UInt64) :\n  (montyQuotient x).toNat = (2281701377 * (x.toNat % 4294967296)) % 4294967296 := by\n  have hx := Nat.mod_lt x.toNat (by decide : 0 < 4294967296)\n  simp only [montyQuotient, UInt64.toNat_mul, UInt64.toNat_mod,\n    babyBearMu, limbBase, UInt64.toNat_ofNat]\n  simp\n\ntheorem inverse_low (x : Nat) :\n  (2013265921 * ((2281701377 * (x % 4294967296)) % 4294967296)) % 4294967296 = x % 4294967296 := by\n  rw [Nat.mul_mod, Nat.mod_mod, ← Nat.mul_mod, ← Nat.mul_assoc]\n  rw [Nat.mul_mod]\n  simp\n\ntheorem reduce_bounds (x : UInt64) (hx : x.toNat < 8646911288846319616) :\n  (montyReduce x).toNat < 2013265921 ∧\n  ((montyReduce x).toNat * 4294967296) % 2013265921 = x.toNat % 2013265921 := by\n  have ht := Nat.mod_lt (2281701377 * (x.toNat % 4294967296)) (by decide : 0 < 4294967296)\n  have hlow := inverse_low x.toNat\n  have hu : (babyBearP * montyQuotient x).toNat =\n      2013265921 * ((2281701377 * (x.toNat % 4294967296)) % 4294967296) := by\n    simp only [UInt64.toNat_mul, quotient_nat, babyBearP, UInt64.toNat_ofNat]\n    simp\n    omega\n  unfold montyReduce\n  dsimp only\n  split <;>\n    simp only [UInt64.toNat_sub, UInt64.toNat_add, UInt64.toNat_div,\n      UInt64.lt_iff_toNat_lt, hu, babyBearP, limbBase, UInt64.toNat_ofNat] at * <;>\n    simp at * <;> omega\nEOF\nlean Test.lean\n"] min_timeout_sec: 1.0 max_timeout_sec: 180.0
Trajectory dumped to /tmp/rsvh-eval/evidence/v3/gpt-6.1-sol-high/gpt-6.1-sol-high-plonky3-safe/plonky3-safe__K6xkgTV/agent/trajectory.json
Sending keys: [''] min_timeout_sec: 1.0 max_timeout_sec: 180.0
Trajectory dumped to /tmp/rsvh-eval/evidence/v3/gpt-6.1-sol-high/gpt-6.1-sol-high-plonky3-safe/plonky3-safe__K6xkgTV/agent/trajectory.json
Sending keys: ["python3 - <<'PY'\np='Test.lean';s=open(p).read();s=s[:s.index('theorem reduce_bounds')];s+='''theorem nat_reduce (x t : Nat) (hx : x < 8646911288846319616)\n    (ht : t < 4294967296)\n    (hlow : (2013265921 * t) % 4294967296 = x % 4294967296) :\n    let hi := (18446744073709551616 - 2013265921 * t + x) % 18446744073709551616 / 4294967296\n    let z := if x < 2013265921 * t then\n      (18446744069414584320 + (2013265921 + hi)) % 18446744073709551616 else hi\n    z < 2013265921 ∧ (z * 4294967296) % 2013265921 = x % 2013265921 := by\n  dsimp only\n  split <;> omega\n''';open(p,'w').write(s)\nPY\nlean Test.lean\n"] min_timeout_sec: 1.0 max_timeout_sec: 180.0
Trajectory dumped to /tmp/rsvh-eval/evidence/v3/gpt-6.1-sol-high/gpt-6.1-sol-high-plonky3-safe/plonky3-safe__K6xkgTV/agent/trajectory.json
Sending keys: [''] min_timeout_sec: 1.0 max_timeout_sec: 180.0
Trajectory dumped to /tmp/rsvh-eval/evidence/v3/gpt-6.1-sol-high/gpt-6.1-sol-high-plonky3-safe/plonky3-safe__K6xkgTV/agent/trajectory.json
Sending keys: ["python3 - <<'PY'\np='Test.lean';s=open(p).read();s=s.replace('  dsimp only\\n  split <;> omega','''  have hu : 2013265921 * t < 8646911288846319616 := by omega\n  have hd : (18446744073709551616 - 2013265921 * t + x) % 4294967296 = 0 := by omega\n  have hd2 : ((18446744073709551616 - 2013265921 * t + x) % 18446744073709551616) % 4294967296 = 0 := by omega\n  dsimp only\n  split <;> omega''');open(p,'w').write(s)\nPY\nlean Test.lean\n"] min_timeout_sec: 1.0 max_timeout_sec: 180.0
Trajectory dumped to /tmp/rsvh-eval/evidence/v3/gpt-6.1-sol-high/gpt-6.1-sol-high-plonky3-safe/plonky3-safe__K6xkgTV/agent/trajectory.json
Sending keys: [''] min_timeout_sec: 1.0 max_timeout_sec: 180.0
Trajectory dumped to /tmp/rsvh-eval/evidence/v3/gpt-6.1-sol-high/gpt-6.1-sol-high-plonky3-safe/plonky3-safe__K6xkgTV/agent/trajectory.json
Sending keys: ["python3 - <<'PY'\np='Test.lean';s=open(p).read();s=s[:s.index('  dsimp only\\n',s.index('theorem nat_reduce'))]+'''  dsimp only\n  by_cases h : x < 2013265921 * t\n  · simp only [if_pos h]\n    have he : (18446744073709551616 - 2013265921 * t + x) % 18446744073709551616 =\n        18446744073709551616 - 2013265921 * t + x := by omega\n    rw [he]\n    constructor <;> omega\n  · simp only [if_neg h]\n    have he : (18446744073709551616 - 2013265921 * t + x) % 18446744073709551616 =\n        x - 2013265921 * t := by omega\n    rw [he]\n    constructor <;> omega\n''';open(p,'w').write(s)\nPY\nlean Test.lean\n"] min_timeout_sec: 1.0 max_timeout_sec: 180.0
Trajectory dumped to /tmp/rsvh-eval/evidence/v3/gpt-6.1-sol-high/gpt-6.1-sol-high-plonky3-safe/plonky3-safe__K6xkgTV/agent/trajectory.json
Sending keys: [''] min_timeout_sec: 3.0 max_timeout_sec: 180.0
Trajectory dumped to /tmp/rsvh-eval/evidence/v3/gpt-6.1-sol-high/gpt-6.1-sol-high-plonky3-safe/plonky3-safe__K6xkgTV/agent/trajectory.json
Sending keys: ["python3 - <<'PY'\np='Test.lean';s=open(p).read();s=s.replace('    rw [he]\\n    constructor <;> omega\\n  ·', '''    rw [he] at hd2 ⊢\n    have hh : 4294967296 * ((18446744073709551616 - 2013265921 * t + x) / 4294967296) =\n        18446744073709551616 - 2013265921 * t + x := by\n      have hh := Nat.mod_add_div (18446744073709551616 - 2013265921 * t + x) 4294967296\n      omega\n    have hr : 4294967296 ≤ 2013265921 + ((18446744073709551616 - 2013265921 * t + x) / 4294967296) := by omega\n    have he2 : (18446744069414584320 + (2013265921 + (18446744073709551616 - 2013265921 * t + x) / 4294967296)) % 18446744073709551616 =\n        2013265921 + (18446744073709551616 - 2013265921 * t + x) / 4294967296 - 4294967296 := by omega\n    rw [he2]\n    constructor <;> omega\n  ·''');open(p,'w').write(s)\nPY\nlean Test.lean\n"] min_timeout_sec: 1.0 max_timeout_sec: 180.0
Trajectory dumped to /tmp/rsvh-eval/evidence/v3/gpt-6.1-sol-high/gpt-6.1-sol-high-plonky3-safe/plonky3-safe__K6xkgTV/agent/trajectory.json
Sending keys: [''] min_timeout_sec: 1.0 max_timeout_sec: 180.0
Trajectory dumped to /tmp/rsvh-eval/evidence/v3/gpt-6.1-sol-high/gpt-6.1-sol-high-plonky3-safe/plonky3-safe__K6xkgTV/agent/trajectory.json
Sending keys: ["cat >> Test.lean <<'EOF'\n\ntheorem reduce_bounds (x : UInt64) (hx : x.toNat < 8646911288846319616) :\n  (montyReduce x).toNat < 2013265921 ∧\n  ((montyReduce x).toNat * 4294967296) % 2013265921 = x.toNat % 2013265921 := by\n  have ht : (montyQuotient x).toNat < 4294967296 := by\n    rw [quotient_nat]\n    exact Nat.mod_lt _ (by decide)\n  have hl : (2013265921 * (montyQuotient x).toNat) % 4294967296 = x.toNat % 4294967296 := by\n    rw [quotient_nat]\n    exact inverse_low _\n  have hu : (babyBearP * montyQuotient x).toNat = 2013265921 * (montyQuotient x).toNat := by\n    simp only [UInt64.toNat_mul, babyBearP, UInt64.toNat_ofNat]\n    simp\n    omega\n  have h := nat_reduce x.toNat (montyQuotient x).toNat hx ht hl\n  unfold montyReduce\n  dsimp only at h ⊢\n  split <;>\n    simp only [UInt64.toNat_sub, UInt64.toNat_add, UInt64.toNat_div,\n      UInt64.lt_iff_toNat_lt, hu, babyBearP, limbBase, UInt64.toNat_ofNat] at * <;>\n    simp at * <;> exact h\n\ntheorem invert_residue (x z : Nat) (hz : z < 2013265921)\n    (h : (z * 4294967296) % 2013265921 = x % 2013265921) :\n    z = (x * 943718400) % 2013265921 := by\n  have hh := congrArg (fun n : Nat => (n * 943718400) % 2013265921) h\n  simp only [Nat.mod_mul_mod] at hh\n  rw [Nat.mul_assoc, Nat.mul_mod] at hh\n  simp at hh\n  omega\n\ntheorem surcharge_nat (a f : UInt64) :\n    (montyReduce (packTranscript a f)).toNat =\n    ((a.toNat % 4294967296 + (f.toNat % 2013265921) * 4294967296) * 943718400) % 2013265921 := by\n  have ha := Nat.mod_lt a.toNat (by decide : 0 < 4294967296)\n  have hf := Nat.mod_lt f.toNat (by decide : 0 < 2013265921)\n  have hx : (packTranscript a f).toNat < 8646911288846319616 := by rw [pack_nat]; omega\n  have h := reduce_bounds (packTranscript a f) hx\n  have hi := invert_residue _ _ h.1 h.2\n  rw [pack_nat] at hi\n  simpa [Nat.mul_comm, Nat.add_comm] using hi\nEOF\nlean Test.lean\n"] min_timeout_sec: 1.0 max_timeout_sec: 180.0
Trajectory dumped to /tmp/rsvh-eval/evidence/v3/gpt-6.1-sol-high/gpt-6.1-sol-high-plonky3-safe/plonky3-safe__K6xkgTV/agent/trajectory.json
Sending keys: [''] min_timeout_sec: 2.0 max_timeout_sec: 180.0
Trajectory dumped to /tmp/rsvh-eval/evidence/v3/gpt-6.1-sol-high/gpt-6.1-sol-high-plonky3-safe/plonky3-safe__K6xkgTV/agent/trajectory.json
Sending keys: ["python3 - <<'PY'\np='Test.lean';s=open(p).read();s=s.replace('  split <;>\\n    simp only [UInt64.toNat_sub', '  split <;>\\n    simp only [hu] at * <;>\\n    simp only [UInt64.toNat_sub');s=s.replace('    simp at * <;> exact h','    simp at * <;> omega');open(p,'w').write(s)\nPY\nlean Test.lean\n"] min_timeout_sec: 1.0 max_timeout_sec: 180.0
Trajectory dumped to /tmp/rsvh-eval/evidence/v3/gpt-6.1-sol-high/gpt-6.1-sol-high-plonky3-safe/plonky3-safe__K6xkgTV/agent/trajectory.json
Sending keys: [''] min_timeout_sec: 2.0 max_timeout_sec: 180.0
Trajectory dumped to /tmp/rsvh-eval/evidence/v3/gpt-6.1-sol-high/gpt-6.1-sol-high-plonky3-safe/plonky3-safe__K6xkgTV/agent/trajectory.json
Sending keys: [''] min_timeout_sec: 5.0 max_timeout_sec: 180.0
Trajectory dumped to /tmp/rsvh-eval/evidence/v3/gpt-6.1-sol-high/gpt-6.1-sol-high-plonky3-safe/plonky3-safe__K6xkgTV/agent/trajectory.json
Parser warnings: - Command 1 should end with newline when followed by another command. Otherwise the two commands will be concatenated together on the same line.
Sending keys: ['C-c'] min_timeout_sec: 0.1 max_timeout_sec: 180.0
Sending keys: ["sed -i 's/simp at \\* <;> omega/simp at * <;> trace_state/' Test.lean\nlean Test.lean > /workspace/lean/goals.txt 2>&1; head -c 14000 /workspace/lean/goals.txt\n"] min_timeout_sec: 1.0 max_timeout_sec: 180.0
Trajectory dumped to /tmp/rsvh-eval/evidence/v3/gpt-6.1-sol-high/gpt-6.1-sol-high-plonky3-safe/plonky3-safe__K6xkgTV/agent/trajectory.json
Sending keys: [''] min_timeout_sec: 1.0 max_timeout_sec: 180.0
Trajectory dumped to /tmp/rsvh-eval/evidence/v3/gpt-6.1-sol-high/gpt-6.1-sol-high-plonky3-safe/plonky3-safe__K6xkgTV/agent/trajectory.json
Trajectory dumped to /tmp/rsvh-eval/evidence/v3/gpt-6.1-sol-high/gpt-6.1-sol-high-plonky3-safe/plonky3-safe__K6xkgTV/agent/trajectory.json
Failed to download artifact '/workspace/submission/counterexample.json' (best-effort)
Traceback (most recent call last):
  File "/tmp/harbor09/lib/python3.12/site-packages/harbor/trial/artifact_handler.py", line 195, in _download_artifact
    await source_env.download_file(
  File "/tmp/harbor09/lib/python3.12/site-packages/harbor/environments/docker/docker.py", line 614, in download_file
    await self._platform.download_file(source_path, target_path)
  File "/tmp/harbor09/lib/python3.12/site-packages/harbor/environments/docker/docker_unix.py", line 48, in download_file
    await self._env._run_docker_compose_command(
  File "/tmp/harbor09/lib/python3.12/site-packages/harbor/environments/docker/docker.py", line 417, in _run_docker_compose_command
    raise RuntimeError(
RuntimeError: Docker compose command failed for environment plonky3-safe. Command: docker compose --project-name plonky3-safe__k6xkgtv --project-directory /tmp/rsvh-family-hard/plonky3-safe/environment -f /tmp/tmp4ob6bcpw/plonky3-safe__K6xkgTV-docker-compose-resources.json -f /tmp/harbor09/lib/python3.12/site-packages/harbor/environments/docker/docker-compose-build.yaml -f /tmp/tmpfw1ktfof/docker-compose-mounts.json -f /tmp/harbor09/lib/python3.12/site-packages/harbor/environments/docker/docker-compose-no-network.yaml cp main:/workspace/submission/counterexample.json /tmp/rsvh-eval/evidence/v3/gpt-6.1-sol-high/gpt-6.1-sol-high-plonky3-safe/plonky3-safe__K6xkgTV/artifacts/counterexample.json. Return code: 1. Stdout:  plonky3-safe__k6xkgtv-main-1 copy plonky3-safe__k6xkgtv-main-1:/workspace/submission/counterexample.json to /tmp/rsvh-eval/evidence/v3/gpt-6.1-sol-high/gpt-6.1-sol-high-plonky3-safe/plonky3-safe__K6xkgTV/artifacts/counterexample.json Copying
Error response from daemon: Could not find the file /workspace/submission/counterexample.json in container fe83daf3e3a3fb5e34a0c613d4b3c8421e36337f442a419e50474f0db6fc8b8d
. Stderr: None. 
Failed to download artifact '/workspace/submission/src/lib.rs' (best-effort)
Traceback (most recent call last):
  File "/tmp/harbor09/lib/python3.12/site-packages/harbor/trial/artifact_handler.py", line 195, in _download_artifact
    await source_env.download_file(
  File "/tmp/harbor09/lib/python3.12/site-packages/harbor/environments/docker/docker.py", line 614, in download_file
    await self._platform.download_file(source_path, target_path)
  File "/tmp/harbor09/lib/python3.12/site-packages/harbor/environments/docker/docker_unix.py", line 48, in download_file
    await self._env._run_docker_compose_command(
  File "/tmp/harbor09/lib/python3.12/site-packages/harbor/environments/docker/docker.py", line 417, in _run_docker_compose_command
    raise RuntimeError(
RuntimeError: Docker compose command failed for environment plonky3-safe. Command: docker compose --project-name plonky3-safe__k6xkgtv --project-directory /tmp/rsvh-family-hard/plonky3-safe/environment -f /tmp/tmp4ob6bcpw/plonky3-safe__K6xkgTV-docker-compose-resources.json -f /tmp/harbor09/lib/python3.12/site-packages/harbor/environments/docker/docker-compose-build.yaml -f /tmp/tmpfw1ktfof/docker-compose-mounts.json -f /tmp/harbor09/lib/python3.12/site-packages/harbor/environments/docker/docker-compose-no-network.yaml cp main:/workspace/submission/src/lib.rs /tmp/rsvh-eval/evidence/v3/gpt-6.1-sol-high/gpt-6.1-sol-high-plonky3-safe/plonky3-safe__K6xkgTV/artifacts/lib.rs. Return code: 1. Stdout:  plonky3-safe__k6xkgtv-main-1 copy plonky3-safe__k6xkgtv-main-1:/workspace/submission/src/lib.rs to /tmp/rsvh-eval/evidence/v3/gpt-6.1-sol-high/gpt-6.1-sol-high-plonky3-safe/plonky3-safe__K6xkgTV/artifacts/lib.rs Copying
Error response from daemon: Could not find the file /workspace/submission/src/lib.rs in container fe83daf3e3a3fb5e34a0c613d4b3c8421e36337f442a419e50474f0db6fc8b8d
. Stderr: None. 
Skipping image OS validation for hb__plonky3-safe: docker inspect returned 1
