max_turns (f.k.a. max_episodes) artificially limited to 25. Consider removing this limit for better task completion.
Skipping image OS validation for hb__openpql-vulnerable: docker inspect returned 1
Both tmux and asciinema are already installed
Starting recording.
Sending keys: ['asciinema rec --stdin /logs/agent/recording.cast', 'Enter'] min_timeout_sec: 1.0 max_timeout_sec: 180.0
Sending keys: ['clear', 'Enter'] min_timeout_sec: 0.0 max_timeout_sec: 180.0
Sending keys: ['cat /workspace/challenge/src/lib.rs\n'] min_timeout_sec: 0.1 max_timeout_sec: 180.0
Sending keys: ['cat /workspace/lean/SecurityChallenge.lean\n'] min_timeout_sec: 0.1 max_timeout_sec: 180.0
Sending keys: ['ls -la /workspace/lean && cat /workspace/lean/check.py\n'] min_timeout_sec: 0.1 max_timeout_sec: 180.0
Trajectory dumped to /tmp/rsvh-eval/evidence/v3/gpt-6.1-sol-high/gpt-6.1-sol-high-openpql-vulnerable/openpql-vulnerable__6U7ZfXi/agent/trajectory.json
Sending keys: ['cat /workspace/lean/SecurityChallenge.lean && cat /workspace/challenge/Cargo.toml\n'] min_timeout_sec: 0.1 max_timeout_sec: 180.0
Sending keys: ['mkdir -p /workspace/submission/src\ncat > /workspace/submission/Spec.lean <<\'EOF\'\nimport SecurityChallenge\n\n-- All arithmetic below is exact natural-number arithmetic.\ndef policyDigit (word : Nat) (position : Nat) : Nat :=\n  (word / (65536 ^ position)) % 65536\n\ndef policyClamp (a limit : Nat) : Nat :=\n  if a < limit then a else limit\n\ndef policyIndex (amount fee : UInt64) : Nat :=\n  let f0 := policyDigit fee.toNat 0\n  let f1 := policyDigit fee.toNat 1\n  let f2 := policyDigit fee.toNat 2\n  let f3 := policyDigit fee.toNat 3\n  let d0 := policyClamp (policyDigit amount.toNat 0) f0\n  let d1 := policyClamp (policyDigit amount.toNat 1) f1\n  let d2 := policyClamp (policyDigit amount.toNat 2) f2\n  let d3 := policyClamp (policyDigit amount.toNat 3) f3\n  d0 * ((f1 + 1) * ((f2 + 1) * (f3 + 1))) +\n    d1 * ((f2 + 1) * (f3 + 1)) + d2 * (f3 + 1) + d3\n\ndef policyDebit (amount fee : UInt64) : Nat :=\n  amount.toNat / 2 + policyIndex amount fee / 2\n\ndef candidateSpec : SecurityChallenge.AuthorizationSpec where\n  accepts := fun balance amount fee => policyDebit amount fee ≤ balance.toNat\n  output := fun balance amount fee totalDebit =>\n    policyDebit amount fee ≤ balance.toNat ∧\n    totalDebit.toNat = policyDebit amount fee\nEOF\ncat > /workspace/submission/Audit.lean <<\'EOF\'\nimport SecurityChallenge\n\ndef verdict : SecurityChallenge.AuditVerdict := .vulnerable\nEOF\ncat > /workspace/submission/Proof.lean <<\'EOF\'\nby\n  change ¬ SecurityChallenge.Conforms candidateSpec SecurityChallenge.challengeAuthorize\n  intro h\n  have actual : SecurityChallenge.challengeAuthorize 1 2 18446744073709551615 = some 1 := by\n    decide\n  have claimed := h.2 1 2 18446744073709551615 1 actual\n  have wrong : ¬ candidateSpec.output 1 2 18446744073709551615 1 := by\n    decide\n  exact wrong claimed\nEOF\ncat > /workspace/submission/counterexample.json <<\'EOF\'\n{"balance":1,"amount":2,"fee":18446744073709551615}\nEOF\npython3 - <<\'PY\'\nfrom pathlib import Path\nsource = Path(\'/workspace/challenge/src/lib.rs\').read_text()\nold = \'\'\'        let space_size: u64 = o0.wrapping_mul(b0);\n        if raw_idx < space_size {\n            raw_idx\n        } else {\n            0u64\n        }\'\'\'\nnew = \'\'\'        // The clamped coordinate is always below the mathematical radix\n        // product, which is at most 2^64. Hence raw_idx fits in u64 even\n        // when that product itself does not. Do not wrap the product and\n        // use the wrapped value to discard valid indices.\n        raw_idx\'\'\'\nassert old in source\nPath(\'/workspace/submission/src/lib.rs\').write_text(source.replace(old, new))\nPY\npython3 /workspace/lean/check.py\n'] min_timeout_sec: 1.0 max_timeout_sec: 180.0
Trajectory dumped to /tmp/rsvh-eval/evidence/v3/gpt-6.1-sol-high/gpt-6.1-sol-high-openpql-vulnerable/openpql-vulnerable__6U7ZfXi/agent/trajectory.json
Parser warnings: - Command 1 should end with newline when followed by another command. Otherwise the two commands will be concatenated together on the same line.
Sending keys: [''] min_timeout_sec: 1.0 max_timeout_sec: 180.0
Sending keys: ["python3 - <<'PY'\nfrom pathlib import Path\np = Path('/workspace/submission/src/lib.rs')\ns = p.read_text()\npos = s.rfind('\\n}')\ns = s[:pos] + '''\n\n    #[test]\n    fn full_radix_space_does_not_discard_the_index() {\n        assert_eq!(authorize(1, 2, u64::MAX), None);\n        assert_eq!(authorize(281_474_976_710_656, 2, u64::MAX), None);\n        assert_eq!(\n            authorize(281_474_976_710_657, 2, u64::MAX),\n            Some(Authorization { total_debit: 281_474_976_710_657 })\n        );\n    }\n\n    #[test]\n    fn maximum_coordinates_have_exact_representable_debit() {\n        assert_eq!(\n            authorize(u64::MAX, u64::MAX, u64::MAX),\n            Some(Authorization { total_debit: u64::MAX - 1 })\n        );\n        assert_eq!(authorize(u64::MAX - 2, u64::MAX, u64::MAX), None);\n        assert_eq!(authorize(0, 0, u64::MAX), Some(Authorization { total_debit: 0 }));\n    }\n''' + s[pos:]\np.write_text(s)\nPY\nrustc --edition=2021 --test /workspace/submission/src/lib.rs -o /tmp/authorization-repair-tests && /tmp/authorization-repair-tests\n"] min_timeout_sec: 1.0 max_timeout_sec: 180.0
Sending keys: ['find /workspace/submission -type f -maxdepth 3 -print\n'] min_timeout_sec: 0.1 max_timeout_sec: 180.0
Trajectory dumped to /tmp/rsvh-eval/evidence/v3/gpt-6.1-sol-high/gpt-6.1-sol-high-openpql-vulnerable/openpql-vulnerable__6U7ZfXi/agent/trajectory.json
Sending keys: ["python3 - <<'PY'\nfrom pathlib import Path\np = Path('/workspace/submission/Proof.lean')\ns = p.read_text().replace('have wrong : ¬ candidateSpec.output 1 2 18446744073709551615 1 := by\\n    decide', 'have wrong : ¬ candidateSpec.output 1 2 18446744073709551615 1 := by\\n    unfold candidateSpec policyDebit policyIndex policyDigit policyClamp\\n    decide')\np.write_text(s)\nPY\npython3 /workspace/lean/check.py\n"] min_timeout_sec: 1.0 max_timeout_sec: 180.0
Trajectory dumped to /tmp/rsvh-eval/evidence/v3/gpt-6.1-sol-high/gpt-6.1-sol-high-openpql-vulnerable/openpql-vulnerable__6U7ZfXi/agent/trajectory.json
Sending keys: ['echo "Lean checker exit status: $?"\n'] min_timeout_sec: 1.0 max_timeout_sec: 180.0
Sending keys: ['cat /workspace/submission/Proof.lean && diff -u /workspace/challenge/src/lib.rs /workspace/submission/src/lib.rs\n'] min_timeout_sec: 0.1 max_timeout_sec: 180.0
Trajectory dumped to /tmp/rsvh-eval/evidence/v3/gpt-6.1-sol-high/gpt-6.1-sol-high-openpql-vulnerable/openpql-vulnerable__6U7ZfXi/agent/trajectory.json
Trajectory dumped to /tmp/rsvh-eval/evidence/v3/gpt-6.1-sol-high/gpt-6.1-sol-high-openpql-vulnerable/openpql-vulnerable__6U7ZfXi/agent/trajectory.json
Trajectory dumped to /tmp/rsvh-eval/evidence/v3/gpt-6.1-sol-high/gpt-6.1-sol-high-openpql-vulnerable/openpql-vulnerable__6U7ZfXi/agent/trajectory.json
Trajectory dumped to /tmp/rsvh-eval/evidence/v3/gpt-6.1-sol-high/gpt-6.1-sol-high-openpql-vulnerable/openpql-vulnerable__6U7ZfXi/agent/trajectory.json
Skipping image OS validation for hb__openpql-vulnerable: docker inspect returned 1
