max_turns (f.k.a. max_episodes) artificially limited to 25. Consider removing this limit for better task completion.
Both tmux and asciinema are already installed
Starting recording.
Sending keys: ['asciinema rec --stdin /logs/agent/recording.cast', 'Enter'] min_timeout_sec: 1.0 max_timeout_sec: 180.0
Sending keys: ['clear', 'Enter'] min_timeout_sec: 0.0 max_timeout_sec: 180.0
Sending keys: ['find /workspace/challenge /workspace/lean -maxdepth 4 -type f | sort\n'] min_timeout_sec: 0.1 max_timeout_sec: 180.0
Sending keys: ['find /workspace/challenge/src -type f -exec sh -c \'echo "==== $1"; cat "$1"\' _ {} \\;\n'] min_timeout_sec: 0.1 max_timeout_sec: 180.0
Sending keys: ['cat /workspace/lean/SecurityChallenge.lean; cat /workspace/lean/check.py\n'] min_timeout_sec: 0.1 max_timeout_sec: 180.0
Trajectory dumped to /tmp/rsvh_v4/evidence/v3/gpt-6.1-sol-high/gpt-6.1-sol-high-zk-clearing-safe/gpt-6.1-sol-high-zk-clearing-saf__zubYAsM/agent/trajectory.json
Sending keys: ['cat /workspace/challenge/src/{lib,clearing_pipeline,fee_schedule,liquidity_pool,constants}.rs\n'] min_timeout_sec: 0.1 max_timeout_sec: 180.0
Sending keys: ['cat /workspace/lean/SecurityChallenge.lean; cat /workspace/lean/LeanModel/{ClearingPipeline,FeeSchedule,LiquidityPool}.lean\n'] min_timeout_sec: 0.1 max_timeout_sec: 180.0
Trajectory dumped to /tmp/rsvh_v4/evidence/v3/gpt-6.1-sol-high/gpt-6.1-sol-high-zk-clearing-safe/gpt-6.1-sol-high-zk-clearing-saf__zubYAsM/agent/trajectory.json
Sending keys: ['cat /workspace/challenge/src/lib.rs /workspace/challenge/src/clearing_pipeline.rs\n'] min_timeout_sec: 0.1 max_timeout_sec: 180.0
Sending keys: ['cat /workspace/lean/SecurityChallenge.lean\n'] min_timeout_sec: 0.1 max_timeout_sec: 180.0
Trajectory dumped to /tmp/rsvh_v4/evidence/v3/gpt-6.1-sol-high/gpt-6.1-sol-high-zk-clearing-safe/gpt-6.1-sol-high-zk-clearing-saf__zubYAsM/agent/trajectory.json
Sending keys: ['cat /workspace/challenge/src/lib.rs /workspace/challenge/src/clearing_pipeline.rs\n'] min_timeout_sec: 0.1 max_timeout_sec: 180.0
Trajectory dumped to /tmp/rsvh_v4/evidence/v3/gpt-6.1-sol-high/gpt-6.1-sol-high-zk-clearing-safe/gpt-6.1-sol-high-zk-clearing-saf__zubYAsM/agent/trajectory.json
Sending keys: ["sed -n '1,65p' /workspace/challenge/src/clearing_pipeline.rs\n"] min_timeout_sec: 0.1 max_timeout_sec: 180.0
Trajectory dumped to /tmp/rsvh_v4/evidence/v3/gpt-6.1-sol-high/gpt-6.1-sol-high-zk-clearing-safe/gpt-6.1-sol-high-zk-clearing-saf__zubYAsM/agent/trajectory.json
Sending keys: ["sed -n '66,180p' /workspace/challenge/src/clearing_pipeline.rs\n"] min_timeout_sec: 0.1 max_timeout_sec: 180.0
Sending keys: ['cat /workspace/challenge/src/constants.rs; cat /workspace/challenge/src/word_math.rs\n'] min_timeout_sec: 0.1 max_timeout_sec: 180.0
Sending keys: ['cat /workspace/challenge/src/reciprocal_div.rs\n'] min_timeout_sec: 0.1 max_timeout_sec: 180.0
Trajectory dumped to /tmp/rsvh_v4/evidence/v3/gpt-6.1-sol-high/gpt-6.1-sol-high-zk-clearing-safe/gpt-6.1-sol-high-zk-clearing-saf__zubYAsM/agent/trajectory.json
Sending keys: ["sed -n '66,167p' /workspace/challenge/src/clearing_pipeline.rs\n"] min_timeout_sec: 0.1 max_timeout_sec: 180.0
Trajectory dumped to /tmp/rsvh_v4/evidence/v3/gpt-6.1-sol-high/gpt-6.1-sol-high-zk-clearing-safe/gpt-6.1-sol-high-zk-clearing-saf__zubYAsM/agent/trajectory.json
Sending keys: ["python3 - <<'PY'\nfrom pathlib import Path\nfor n in ['clearing_pipeline','constants']:\n s=Path('/workspace/challenge/src/'+n+'.rs').read_text().split('#[cfg(test)]')[0]\n print(n+':\\n'+' '.join(l.strip() for l in s.splitlines() if l.strip() and not l.strip().startswith('//')))\nPY\n"] min_timeout_sec: 0.1 max_timeout_sec: 180.0
Trajectory dumped to /tmp/rsvh_v4/evidence/v3/gpt-6.1-sol-high/gpt-6.1-sol-high-zk-clearing-safe/gpt-6.1-sol-high-zk-clearing-saf__zubYAsM/agent/trajectory.json
Sending keys: ["python3 - <<'PY'\nfrom pathlib import Path\nfor n in ['word_math','fee_schedule','liquidity_pool','reciprocal_div','broadword_swar','montgomery_field','goldilocks_field']:\n s=Path('/workspace/challenge/src/'+n+'.rs').read_text().split('#[cfg(test)]')[0]\n print(n+':\\n'+' '.join(l.strip() for l in s.splitlines() if l.strip() and not l.strip().startswith('//')))\nPY\n"] min_timeout_sec: 0.1 max_timeout_sec: 180.0
Trajectory dumped to /tmp/rsvh_v4/evidence/v3/gpt-6.1-sol-high/gpt-6.1-sol-high-zk-clearing-safe/gpt-6.1-sol-high-zk-clearing-saf__zubYAsM/agent/trajectory.json
Sending keys: ["python3 - <<'PY'\nfrom pathlib import Path\nfor n in ['word_math','fee_schedule','reciprocal_div']:\n s=Path('/workspace/challenge/src/'+n+'.rs').read_text().split('#[cfg(test)]')[0]\n print(n+':\\n'+' '.join(l.strip() for l in s.splitlines() if l.strip() and not l.strip().startswith('//')))\nPY\n"] min_timeout_sec: 0.1 max_timeout_sec: 180.0
Trajectory dumped to /tmp/rsvh_v4/evidence/v3/gpt-6.1-sol-high/gpt-6.1-sol-high-zk-clearing-safe/gpt-6.1-sol-high-zk-clearing-saf__zubYAsM/agent/trajectory.json
Sending keys: ['cat /workspace/lean/LeanModel/{GoldilocksField,BroadwordSwar,MontgomeryField,ReciprocalDiv}.lean\n'] min_timeout_sec: 0.1 max_timeout_sec: 180.0
Sending keys: ["sed -n '1,110p' /workspace/challenge/src/goldilocks_field.rs; ls /opt/rvb-deps; cat /workspace/lean/lean-toolchain\n"] min_timeout_sec: 0.1 max_timeout_sec: 180.0
Trajectory dumped to /tmp/rsvh_v4/evidence/v3/gpt-6.1-sol-high/gpt-6.1-sol-high-zk-clearing-safe/gpt-6.1-sol-high-zk-clearing-saf__zubYAsM/agent/trajectory.json
Sending keys: ["python3 - <<'PY'\nimport random\nR=1<<64; p=R-(1<<32)+1; m=R-1\nfor i in range(1000000):\n a=random.randrange(R); f=random.randrange(R)\n t0=(a-(f>>32))&m; t1=(t0+p)&m if a<(f>>32) else t0\n prod=(f&((1<<32)-1))*((1<<32)-1); t2=(t1+prod)&m\n t3=(t2+((1<<32)-1))&m if t1+prod>=R else t2\n g=t3-p if t3>=p else t3\n if g!=(a+R*f)%p:\n  print('GOLD BUG',a,f,g,(a+R*f)%p);break\nelse: print('gold random passed')\nfor i in range(1000000):\n u1=random.randrange(32771);u0=random.randrange(65536)\n qf=u1*65524+(u1<<16)+u0+65536;q1=qf>>16;q0=qf&65535;r=(0xc0000000+u0-q1*32771)&65535\n if q0<r:q1-=1;r=(r+32771)&65535\n q=q1+(r>=32771)\n if q!=((u1<<16)+u0)//32771:print('DIV BUG',u1,u0,q,((u1<<16)+u0)//32771);break\nelse:print('div random passed')\nPY\n"] min_timeout_sec: 3.0 max_timeout_sec: 180.0
Sending keys: ['cat /workspace/lean/LeanModel/ClearingPipeline.lean\n'] min_timeout_sec: 0.1 max_timeout_sec: 180.0
Trajectory dumped to /tmp/rsvh_v4/evidence/v3/gpt-6.1-sol-high/gpt-6.1-sol-high-zk-clearing-safe/gpt-6.1-sol-high-zk-clearing-saf__zubYAsM/agent/trajectory.json
Sending keys: [''] min_timeout_sec: 3.0 max_timeout_sec: 180.0
Trajectory dumped to /tmp/rsvh_v4/evidence/v3/gpt-6.1-sol-high/gpt-6.1-sol-high-zk-clearing-safe/gpt-6.1-sol-high-zk-clearing-saf__zubYAsM/agent/trajectory.json
Sending keys: ["python3 - <<'PY'\nfrom pathlib import Path\nfor n in ['broadword_swar','montgomery_field','reciprocal_div','goldilocks_field','lib']:\n print('\\n'+n)\n print('\\n'.join(l for l in Path('/workspace/challenge/src/'+n+'.rs').read_text().splitlines() if l.startswith('//!') or l.startswith('///')))\nPY\n"] min_timeout_sec: 0.1 max_timeout_sec: 180.0
Sending keys: ["python3 - <<'PY'\nfrom pathlib import Path\nfor n in ['WordMath','BroadwordSwar','MontgomeryField','GoldilocksField']:\n print(n+': '+ ' '.join(Path('/workspace/lean/LeanModel/'+n+'.lean').read_text().split()))\nPY\n"] min_timeout_sec: 0.1 max_timeout_sec: 180.0
Trajectory dumped to /tmp/rsvh_v4/evidence/v3/gpt-6.1-sol-high/gpt-6.1-sol-high-zk-clearing-safe/gpt-6.1-sol-high-zk-clearing-saf__zubYAsM/agent/trajectory.json
Sending keys: ["python3 - <<'PY'\nfrom pathlib import Path\nfor n in ['broadword_swar','montgomery_field','reciprocal_div','goldilocks_field','lib']:\n print('\\n'+n)\n print('\\n'.join(l for l in Path('/workspace/challenge/src/'+n+'.rs').read_text().splitlines() if l.startswith('//!') or l.startswith('///')))\nPY\n"] min_timeout_sec: 0.1 max_timeout_sec: 180.0
Sending keys: ["which lean; ls /opt/rvb-deps/packages; grep -n 'theorem.*toNat\\|theorem.*le_iff\\|theorem.*lt_iff' $(lean --print-prefix)/src/lean/Init/Data/UInt/Lemmas.lean | tail -70\n"] min_timeout_sec: 0.1 max_timeout_sec: 180.0
Trajectory dumped to /tmp/rsvh_v4/evidence/v3/gpt-6.1-sol-high/gpt-6.1-sol-high-zk-clearing-safe/gpt-6.1-sol-high-zk-clearing-saf__zubYAsM/agent/trajectory.json
Sending keys: ["python3 - <<'PY'\nfrom pathlib import Path\nfor n in ['montgomery_field','goldilocks_field','lib']:\n print(n); print('\\n'.join(l for l in Path('/workspace/challenge/src/'+n+'.rs').read_text().splitlines() if l.startswith('//!') or l.startswith('///')))\nPY\n"] min_timeout_sec: 0.1 max_timeout_sec: 180.0
Trajectory dumped to /tmp/rsvh_v4/evidence/v3/gpt-6.1-sol-high/gpt-6.1-sol-high-zk-clearing-safe/gpt-6.1-sol-high-zk-clearing-saf__zubYAsM/agent/trajectory.json
Sending keys: ["grep -n 'UInt64.toNat_\\|UInt64.*toNat.*' $(lean --print-prefix)/src/lean/Init/Data/UInt/Lemmas.lean | grep -E 'add|sub|mul|div|mod|shift|and|or|lt_iff|le_iff|size|toNat_lt' | head -75; ls /opt/rvb-deps/packages\n"] min_timeout_sec: 0.1 max_timeout_sec: 180.0
Trajectory dumped to /tmp/rsvh_v4/evidence/v3/gpt-6.1-sol-high/gpt-6.1-sol-high-zk-clearing-safe/gpt-6.1-sol-high-zk-clearing-saf__zubYAsM/agent/trajectory.json
Sending keys: ["mkdir -p /workspace/submission; grep -n 'toNat_add\\|toNat_sub\\|toNat_mul\\|toNat_div\\|toNat_mod\\|toNat_shift\\|toNat_and\\|toNat_or\\|le_iff_toNat\\|lt_iff_toNat' $(lean --print-prefix)/src/lean/Init/Data/UInt/Lemmas.lean | head -65; sed -n '1,55p' /workspace/challenge/src/montgomery_field.rs\n"] min_timeout_sec: 0.1 max_timeout_sec: 180.0
Trajectory dumped to /tmp/rsvh_v4/evidence/v3/gpt-6.1-sol-high/gpt-6.1-sol-high-zk-clearing-safe/gpt-6.1-sol-high-zk-clearing-saf__zubYAsM/agent/trajectory.json
Sending keys: [''] min_timeout_sec: 0.1 max_timeout_sec: 180.0
Trajectory dumped to /tmp/rsvh_v4/evidence/v3/gpt-6.1-sol-high/gpt-6.1-sol-high-zk-clearing-safe/gpt-6.1-sol-high-zk-clearing-saf__zubYAsM/agent/trajectory.json
Sending keys: ["cat > /workspace/submission/Test.lean <<'EOF'\nimport SecurityChallenge\nimport Std\n#check UInt64.toNat_add\n#check UInt64.toNat_sub\n#check UInt64.toNat_mul\n#check UInt64.toNat_div\n#check UInt64.toNat_mod\n#check UInt64.toNat_shiftLeft\n#check UInt64.toNat_shiftRight\n#check UInt64.toNat_and\n#check UInt64.toNat_or\n#check UInt64.le_iff_toNat_le\n#check UInt64.lt_iff_toNat_lt\n#check UInt64.toNat_ofNat\n#check UInt64.toNat_inj\n#check Nat.mod_lt\nEOF\nLEAN_PATH=/workspace/lean lean /workspace/submission/Test.lean\n"] min_timeout_sec: 0.1 max_timeout_sec: 180.0
Trajectory dumped to /tmp/rsvh_v4/evidence/v3/gpt-6.1-sol-high/gpt-6.1-sol-high-zk-clearing-safe/gpt-6.1-sol-high-zk-clearing-saf__zubYAsM/agent/trajectory.json
Sending keys: [''] min_timeout_sec: 0.1 max_timeout_sec: 180.0
Trajectory dumped to /tmp/rsvh_v4/evidence/v3/gpt-6.1-sol-high/gpt-6.1-sol-high-zk-clearing-safe/gpt-6.1-sol-high-zk-clearing-saf__zubYAsM/agent/trajectory.json
Sending keys: ["cat > /workspace/submission/Spec.lean <<'EOF'\nimport SecurityChallenge\n\n/- The parameter `fee` is a protocol word, not a standalone debit.  All\n   active stage charges are assessed, then added WITHOUT reduction modulo\n   2^64.  Thus a mathematical debit above the balance is always rejected.\n   The following word reductions describe the protocol's limb encodings\n   and canonical field-folding procedures, not the settlement addition. -/\nnamespace Policy\nabbrev R : Nat := 18446744073709551616\nabbrev P : Nat := 18446744069414584321\nabbrev E : Nat := 4294967295\nabbrev B : Nat := 4294967296\nabbrev Q : Nat := 2013265921\n\ndef add (x y : Nat) := (x + y) % R\ndef sub (x y : Nat) := (R - y + x) % R\ndef mul (x y : Nat) := (x * y) % R\ndef left (x k : Nat) := (x <<< (k % 64)) % R\ndef right (x k : Nat) := x >>> (k % 64)\n\n-- Carry-preserving ceiling assessment of a two-word notional.\ndef ceilCharge (a f d remBias carryQuot carryRem : Nat) : Nat :=\n  let low := add a f\n  if low < a then\n    let folded := add (low % d) carryRem\n    add (add carryQuot (low / d)) (add folded remBias / d)\n  else\n    let biased := add low remBias\n    if biased < low then\n      add (low / d) (add (low % d) remBias / d)\n    else biased / d\n\ndef netFee (a f : Nat) : Nat :=\n  let gross := ceilCharge a f 10000 9999 1844674407370955 1616\n  sub gross (gross / 10)\ndef flashRetention (a f : Nat) : Nat :=\n  let gross := ceilCharge a f 5000 4999 3689348814741910 1616\n  sub gross (gross / 4)\n\n-- Euclidean two-limb blob-slot assessment with reciprocal corrections.\ndef blob (a f : Nat) : Nat :=\n  let h := f % 32771\n  let l := a &&& 65535\n  let full := add (add (add (mul h 65524) (left h 16)) l) (left 1 16)\n  let q := right full 16\n  let low := full &&& 65535\n  let r := sub (add 3221225472 l) (mul q 32771) &&& 65535\n  let qc := if low < r then sub q 1 else q\n  let rc := if low < r then add r 32771 &&& 65535 else r\n  if 32771 ≤ rc then add qc 1 else qc\n\n-- Each nonzero calldata byte costs 256, plus its unsigned byte weight.\ndef lanes (f : Nat) : Nat :=\n  let nz := (sub (f ||| 9259542123273814144) 72340172838076673 ||| f) &&& 9259542123273814144\n  right (mul (right nz 7) 72340172838076673) 56\ndef weights (f : Nat) : Nat :=\n  let pairs := add (f &&& 71777214294589695) (right f 8 &&& 71777214294589695)\n  right (mul pairs 281479271743489) 48 &&& 65535\ndef calldata (f : Nat) : Nat := add (left (lanes f) 8) (weights f)\n\n-- Canonical BabyBear Montgomery transcript levy.\ndef prover (a f : Nat) : Nat :=\n  let x := add (a % B) (mul (f % Q) B)\n  let t := mul (x % B) 2281701377 % B\n  let u := mul Q t\n  let hi := sub x u / B\n  if x < u then sub (add Q hi) B else hi\n\n-- Canonical Goldilocks residue of the 128-bit bridge challenge.\ndef bridge (a f : Nat) : Nat :=\n  let h := right f 32\n  let t0 := sub a h\n  let t1 := if a < h then add t0 P else t0\n  let prod := mul (f &&& E) E\n  let t2 := add t1 prod\n  let t3 := if t2 < t1 then add t2 E else t2\n  if P ≤ t3 then sub t3 P else t3\n\ndef domain (f : Nat) : Nat :=\n  let tag := f &&& 255\n  if tag = 0 then 90 else tag\n\ndef base (a f : Nat) : Nat :=\n  netFee a f + flashRetention a f + blob a f + calldata f + prover a f + domain f\n\ndef debit (a f : Nat) : Nat := a + (base a f + bridge a f)\nend Policy\n\ndef candidateSpec : SecurityChallenge.AuthorizationSpec where\n  accepts b a f := Policy.debit a.toNat f.toNat ≤ b.toNat\n  output b a f totalDebit :=\n    Policy.debit a.toNat f.toNat ≤ b.toNat ∧\n    totalDebit.toNat = Policy.debit a.toNat f.toNat\nEOF\ncat > /workspace/submission/Audit.lean <<'EOF'\nimport SecurityChallenge\n\ndef verdict : SecurityChallenge.AuditVerdict := .safe\nEOF\ncat > /workspace/submission/Proof.lean <<'EOF'\nby\n  unfold AuditClaim\n  sorry\nEOF\npython3 /workspace/lean/check.py\n"] min_timeout_sec: 0.1 max_timeout_sec: 180.0
Trajectory dumped to /tmp/rsvh_v4/evidence/v3/gpt-6.1-sol-high/gpt-6.1-sol-high-zk-clearing-safe/gpt-6.1-sol-high-zk-clearing-saf__zubYAsM/agent/trajectory.json
Parser warnings: - Command 1 should end with newline when followed by another command. Otherwise the two commands will be concatenated together on the same line.
Sending keys: [''] min_timeout_sec: 0.1 max_timeout_sec: 180.0
Sending keys: ["cd /workspace/submission\nLEAN_PATH=/workspace/lean:/workspace/submission lean -o Spec.olean Spec.lean\ncat > Helpers.lean <<'EOF'\nimport SecurityChallenge\nimport Spec\nimport Std\nopen SecurityChallenge\nopen LeanModel.Constants LeanModel.WordMath LeanModel.FeeSchedule LeanModel.LiquidityPool\nopen LeanModel.BroadwordSwar LeanModel.ReciprocalDiv LeanModel.MontgomeryField LeanModel.GoldilocksField LeanModel.TranscriptCodec LeanModel.ClearingPipeline\n\nset_option maxRecDepth 4096\nset_option maxHeartbeats 2000000\n\nexample (a f : UInt64) : (evaluateSettlementFee (addU64WithCarry a f)).netFee.toNat = Policy.netFee a.toNat f.toNat := by\n  simp only [evaluateSettlementFee, addU64WithCarry, ceilDivBpsU64, computeTierRebate,\n    UInt64.toNat_sub, UInt64.toNat_add, UInt64.toNat_div, UInt64.toNat_mod,\n    UInt64.lt_iff_toNat_lt, Policy.netFee, Policy.ceilCharge, Policy.add, Policy.sub,\n    bpsDenom, bpsMaxRem, u64ModBpsRem, u64ModBpsQuot, rebateDivisor,\n    UInt64.reduceToNat, Bool.true_eq]\nEOF\nLEAN_PATH=/workspace/lean:/workspace/submission lean Helpers.lean\n"] min_timeout_sec: 0.1 max_timeout_sec: 180.0
Trajectory dumped to /tmp/rsvh_v4/evidence/v3/gpt-6.1-sol-high/gpt-6.1-sol-high-zk-clearing-safe/gpt-6.1-sol-high-zk-clearing-saf__zubYAsM/agent/trajectory.json
Sending keys: [''] min_timeout_sec: 0.1 max_timeout_sec: 180.0
Trajectory dumped to /tmp/rsvh_v4/evidence/v3/gpt-6.1-sol-high/gpt-6.1-sol-high-zk-clearing-safe/gpt-6.1-sol-high-zk-clearing-saf__zubYAsM/agent/trajectory.json
Sending keys: ["python3 - <<'PY'\np='Helpers.lean'\ns=open(p).read().replace('example (a f', 'theorem net_eq (a f').replace('UInt64.reduceToNat, Bool.true_eq]', 'UInt64.reduceToNat, apply_ite, decide_eq_true_eq, Policy.R]')\nopen(p,'w').write(s)\nPY\nLEAN_PATH=/workspace/lean:/workspace/submission lean Helpers.lean 2>/dev/null | head -60\n"] min_timeout_sec: 0.1 max_timeout_sec: 180.0
Trajectory dumped to /tmp/rsvh_v4/evidence/v3/gpt-6.1-sol-high/gpt-6.1-sol-high-zk-clearing-safe/gpt-6.1-sol-high-zk-clearing-saf__zubYAsM/agent/trajectory.json
Trajectory dumped to /tmp/rsvh_v4/evidence/v3/gpt-6.1-sol-high/gpt-6.1-sol-high-zk-clearing-safe/gpt-6.1-sol-high-zk-clearing-saf__zubYAsM/agent/trajectory.json
Failed to download artifact '/workspace/submission/counterexample.json' (best-effort)
Traceback (most recent call last):
  File "/tmp/harbor09/lib/python3.12/site-packages/harbor/trial/artifact_handler.py", line 195, in _download_artifact
    await source_env.download_file(
  File "/tmp/harbor09/lib/python3.12/site-packages/harbor/environments/docker/docker.py", line 614, in download_file
    await self._platform.download_file(source_path, target_path)
  File "/tmp/harbor09/lib/python3.12/site-packages/harbor/environments/docker/docker_unix.py", line 48, in download_file
    await self._env._run_docker_compose_command(
  File "/tmp/harbor09/lib/python3.12/site-packages/harbor/environments/docker/docker.py", line 417, in _run_docker_compose_command
    raise RuntimeError(
RuntimeError: Docker compose command failed for environment zk-clearing-safe. Command: docker compose --project-name gpt-6-1-sol-high-zk-clearing-saf__zubyasm --project-directory /tmp/rsvh-zk-family-v4/gpt-6.1-sol-high-zk-clearing-safe/environment -f /tmp/tmp41h4ihim/gpt-6.1-sol-high-zk-clearing-saf__zubYAsM-docker-compose-resources.json -f /tmp/harbor09/lib/python3.12/site-packages/harbor/environments/docker/docker-compose-prebuilt.yaml -f /tmp/tmp4ax3zbui/docker-compose-mounts.json -f /tmp/harbor09/lib/python3.12/site-packages/harbor/environments/docker/docker-compose-no-network.yaml cp main:/workspace/submission/counterexample.json /tmp/rsvh_v4/evidence/v3/gpt-6.1-sol-high/gpt-6.1-sol-high-zk-clearing-safe/gpt-6.1-sol-high-zk-clearing-saf__zubYAsM/artifacts/counterexample.json. Return code: 1. Stdout:  gpt-6-1-sol-high-zk-clearing-saf__zubyasm-main-1 copy gpt-6-1-sol-high-zk-clearing-saf__zubyasm-main-1:/workspace/submission/counterexample.json to /tmp/rsvh_v4/evidence/v3/gpt-6.1-sol-high/gpt-6.1-sol-high-zk-clearing-safe/gpt-6.1-sol-high-zk-clearing-saf__zubYAsM/artifacts/counterexample.json Copying
Error response from daemon: Could not find the file /workspace/submission/counterexample.json in container f8a61a1c3c72cf40a3e10aa7220f194a5cf5e816cffa03f5a4dc21dd5965201f
. Stderr: None. 
Failed to download artifact '/workspace/submission/src/lib.rs' (best-effort)
Traceback (most recent call last):
  File "/tmp/harbor09/lib/python3.12/site-packages/harbor/trial/artifact_handler.py", line 195, in _download_artifact
    await source_env.download_file(
  File "/tmp/harbor09/lib/python3.12/site-packages/harbor/environments/docker/docker.py", line 614, in download_file
    await self._platform.download_file(source_path, target_path)
  File "/tmp/harbor09/lib/python3.12/site-packages/harbor/environments/docker/docker_unix.py", line 48, in download_file
    await self._env._run_docker_compose_command(
  File "/tmp/harbor09/lib/python3.12/site-packages/harbor/environments/docker/docker.py", line 417, in _run_docker_compose_command
    raise RuntimeError(
RuntimeError: Docker compose command failed for environment zk-clearing-safe. Command: docker compose --project-name gpt-6-1-sol-high-zk-clearing-saf__zubyasm --project-directory /tmp/rsvh-zk-family-v4/gpt-6.1-sol-high-zk-clearing-safe/environment -f /tmp/tmp41h4ihim/gpt-6.1-sol-high-zk-clearing-saf__zubYAsM-docker-compose-resources.json -f /tmp/harbor09/lib/python3.12/site-packages/harbor/environments/docker/docker-compose-prebuilt.yaml -f /tmp/tmp4ax3zbui/docker-compose-mounts.json -f /tmp/harbor09/lib/python3.12/site-packages/harbor/environments/docker/docker-compose-no-network.yaml cp main:/workspace/submission/src/lib.rs /tmp/rsvh_v4/evidence/v3/gpt-6.1-sol-high/gpt-6.1-sol-high-zk-clearing-safe/gpt-6.1-sol-high-zk-clearing-saf__zubYAsM/artifacts/lib.rs. Return code: 1. Stdout:  gpt-6-1-sol-high-zk-clearing-saf__zubyasm-main-1 copy gpt-6-1-sol-high-zk-clearing-saf__zubyasm-main-1:/workspace/submission/src/lib.rs to /tmp/rsvh_v4/evidence/v3/gpt-6.1-sol-high/gpt-6.1-sol-high-zk-clearing-safe/gpt-6.1-sol-high-zk-clearing-saf__zubYAsM/artifacts/lib.rs Copying
Error response from daemon: Could not find the file /workspace/submission/src/lib.rs in container f8a61a1c3c72cf40a3e10aa7220f194a5cf5e816cffa03f5a4dc21dd5965201f
. Stderr: None. 
Failed to download artifact '/workspace/submission/src/constants.rs' (best-effort)
Traceback (most recent call last):
  File "/tmp/harbor09/lib/python3.12/site-packages/harbor/trial/artifact_handler.py", line 195, in _download_artifact
    await source_env.download_file(
  File "/tmp/harbor09/lib/python3.12/site-packages/harbor/environments/docker/docker.py", line 614, in download_file
    await self._platform.download_file(source_path, target_path)
  File "/tmp/harbor09/lib/python3.12/site-packages/harbor/environments/docker/docker_unix.py", line 48, in download_file
    await self._env._run_docker_compose_command(
  File "/tmp/harbor09/lib/python3.12/site-packages/harbor/environments/docker/docker.py", line 417, in _run_docker_compose_command
    raise RuntimeError(
RuntimeError: Docker compose command failed for environment zk-clearing-safe. Command: docker compose --project-name gpt-6-1-sol-high-zk-clearing-saf__zubyasm --project-directory /tmp/rsvh-zk-family-v4/gpt-6.1-sol-high-zk-clearing-safe/environment -f /tmp/tmp41h4ihim/gpt-6.1-sol-high-zk-clearing-saf__zubYAsM-docker-compose-resources.json -f /tmp/harbor09/lib/python3.12/site-packages/harbor/environments/docker/docker-compose-prebuilt.yaml -f /tmp/tmp4ax3zbui/docker-compose-mounts.json -f /tmp/harbor09/lib/python3.12/site-packages/harbor/environments/docker/docker-compose-no-network.yaml cp main:/workspace/submission/src/constants.rs /tmp/rsvh_v4/evidence/v3/gpt-6.1-sol-high/gpt-6.1-sol-high-zk-clearing-safe/gpt-6.1-sol-high-zk-clearing-saf__zubYAsM/artifacts/constants.rs. Return code: 1. Stdout:  gpt-6-1-sol-high-zk-clearing-saf__zubyasm-main-1 copy gpt-6-1-sol-high-zk-clearing-saf__zubyasm-main-1:/workspace/submission/src/constants.rs to /tmp/rsvh_v4/evidence/v3/gpt-6.1-sol-high/gpt-6.1-sol-high-zk-clearing-safe/gpt-6.1-sol-high-zk-clearing-saf__zubYAsM/artifacts/constants.rs Copying
Error response from daemon: Could not find the file /workspace/submission/src/constants.rs in container f8a61a1c3c72cf40a3e10aa7220f194a5cf5e816cffa03f5a4dc21dd5965201f
. Stderr: None. 
Failed to download artifact '/workspace/submission/src/word_math.rs' (best-effort)
Traceback (most recent call last):
  File "/tmp/harbor09/lib/python3.12/site-packages/harbor/trial/artifact_handler.py", line 195, in _download_artifact
    await source_env.download_file(
  File "/tmp/harbor09/lib/python3.12/site-packages/harbor/environments/docker/docker.py", line 614, in download_file
    await self._platform.download_file(source_path, target_path)
  File "/tmp/harbor09/lib/python3.12/site-packages/harbor/environments/docker/docker_unix.py", line 48, in download_file
    await self._env._run_docker_compose_command(
  File "/tmp/harbor09/lib/python3.12/site-packages/harbor/environments/docker/docker.py", line 417, in _run_docker_compose_command
    raise RuntimeError(
RuntimeError: Docker compose command failed for environment zk-clearing-safe. Command: docker compose --project-name gpt-6-1-sol-high-zk-clearing-saf__zubyasm --project-directory /tmp/rsvh-zk-family-v4/gpt-6.1-sol-high-zk-clearing-safe/environment -f /tmp/tmp41h4ihim/gpt-6.1-sol-high-zk-clearing-saf__zubYAsM-docker-compose-resources.json -f /tmp/harbor09/lib/python3.12/site-packages/harbor/environments/docker/docker-compose-prebuilt.yaml -f /tmp/tmp4ax3zbui/docker-compose-mounts.json -f /tmp/harbor09/lib/python3.12/site-packages/harbor/environments/docker/docker-compose-no-network.yaml cp main:/workspace/submission/src/word_math.rs /tmp/rsvh_v4/evidence/v3/gpt-6.1-sol-high/gpt-6.1-sol-high-zk-clearing-safe/gpt-6.1-sol-high-zk-clearing-saf__zubYAsM/artifacts/word_math.rs. Return code: 1. Stdout:  gpt-6-1-sol-high-zk-clearing-saf__zubyasm-main-1 copy gpt-6-1-sol-high-zk-clearing-saf__zubyasm-main-1:/workspace/submission/src/word_math.rs to /tmp/rsvh_v4/evidence/v3/gpt-6.1-sol-high/gpt-6.1-sol-high-zk-clearing-safe/gpt-6.1-sol-high-zk-clearing-saf__zubYAsM/artifacts/word_math.rs Copying
Error response from daemon: Could not find the file /workspace/submission/src/word_math.rs in container f8a61a1c3c72cf40a3e10aa7220f194a5cf5e816cffa03f5a4dc21dd5965201f
. Stderr: None. 
Failed to download artifact '/workspace/submission/src/reciprocal_div.rs' (best-effort)
Traceback (most recent call last):
  File "/tmp/harbor09/lib/python3.12/site-packages/harbor/trial/artifact_handler.py", line 195, in _download_artifact
    await source_env.download_file(
  File "/tmp/harbor09/lib/python3.12/site-packages/harbor/environments/docker/docker.py", line 614, in download_file
    await self._platform.download_file(source_path, target_path)
  File "/tmp/harbor09/lib/python3.12/site-packages/harbor/environments/docker/docker_unix.py", line 48, in download_file
    await self._env._run_docker_compose_command(
  File "/tmp/harbor09/lib/python3.12/site-packages/harbor/environments/docker/docker.py", line 417, in _run_docker_compose_command
    raise RuntimeError(
RuntimeError: Docker compose command failed for environment zk-clearing-safe. Command: docker compose --project-name gpt-6-1-sol-high-zk-clearing-saf__zubyasm --project-directory /tmp/rsvh-zk-family-v4/gpt-6.1-sol-high-zk-clearing-safe/environment -f /tmp/tmp41h4ihim/gpt-6.1-sol-high-zk-clearing-saf__zubYAsM-docker-compose-resources.json -f /tmp/harbor09/lib/python3.12/site-packages/harbor/environments/docker/docker-compose-prebuilt.yaml -f /tmp/tmp4ax3zbui/docker-compose-mounts.json -f /tmp/harbor09/lib/python3.12/site-packages/harbor/environments/docker/docker-compose-no-network.yaml cp main:/workspace/submission/src/reciprocal_div.rs /tmp/rsvh_v4/evidence/v3/gpt-6.1-sol-high/gpt-6.1-sol-high-zk-clearing-safe/gpt-6.1-sol-high-zk-clearing-saf__zubYAsM/artifacts/reciprocal_div.rs. Return code: 1. Stdout:  gpt-6-1-sol-high-zk-clearing-saf__zubyasm-main-1 copy gpt-6-1-sol-high-zk-clearing-saf__zubyasm-main-1:/workspace/submission/src/reciprocal_div.rs to /tmp/rsvh_v4/evidence/v3/gpt-6.1-sol-high/gpt-6.1-sol-high-zk-clearing-safe/gpt-6.1-sol-high-zk-clearing-saf__zubYAsM/artifacts/reciprocal_div.rs Copying
Error response from daemon: Could not find the file /workspace/submission/src/reciprocal_div.rs in container f8a61a1c3c72cf40a3e10aa7220f194a5cf5e816cffa03f5a4dc21dd5965201f
. Stderr: None. 
Failed to download artifact '/workspace/submission/src/broadword_swar.rs' (best-effort)
Traceback (most recent call last):
  File "/tmp/harbor09/lib/python3.12/site-packages/harbor/trial/artifact_handler.py", line 195, in _download_artifact
    await source_env.download_file(
  File "/tmp/harbor09/lib/python3.12/site-packages/harbor/environments/docker/docker.py", line 614, in download_file
    await self._platform.download_file(source_path, target_path)
  File "/tmp/harbor09/lib/python3.12/site-packages/harbor/environments/docker/docker_unix.py", line 48, in download_file
    await self._env._run_docker_compose_command(
  File "/tmp/harbor09/lib/python3.12/site-packages/harbor/environments/docker/docker.py", line 417, in _run_docker_compose_command
    raise RuntimeError(
RuntimeError: Docker compose command failed for environment zk-clearing-safe. Command: docker compose --project-name gpt-6-1-sol-high-zk-clearing-saf__zubyasm --project-directory /tmp/rsvh-zk-family-v4/gpt-6.1-sol-high-zk-clearing-safe/environment -f /tmp/tmp41h4ihim/gpt-6.1-sol-high-zk-clearing-saf__zubYAsM-docker-compose-resources.json -f /tmp/harbor09/lib/python3.12/site-packages/harbor/environments/docker/docker-compose-prebuilt.yaml -f /tmp/tmp4ax3zbui/docker-compose-mounts.json -f /tmp/harbor09/lib/python3.12/site-packages/harbor/environments/docker/docker-compose-no-network.yaml cp main:/workspace/submission/src/broadword_swar.rs /tmp/rsvh_v4/evidence/v3/gpt-6.1-sol-high/gpt-6.1-sol-high-zk-clearing-safe/gpt-6.1-sol-high-zk-clearing-saf__zubYAsM/artifacts/broadword_swar.rs. Return code: 1. Stdout:  gpt-6-1-sol-high-zk-clearing-saf__zubyasm-main-1 copy gpt-6-1-sol-high-zk-clearing-saf__zubyasm-main-1:/workspace/submission/src/broadword_swar.rs to /tmp/rsvh_v4/evidence/v3/gpt-6.1-sol-high/gpt-6.1-sol-high-zk-clearing-safe/gpt-6.1-sol-high-zk-clearing-saf__zubYAsM/artifacts/broadword_swar.rs Copying
Error response from daemon: Could not find the file /workspace/submission/src/broadword_swar.rs in container f8a61a1c3c72cf40a3e10aa7220f194a5cf5e816cffa03f5a4dc21dd5965201f
. Stderr: None. 
Failed to download artifact '/workspace/submission/src/montgomery_field.rs' (best-effort)
Traceback (most recent call last):
  File "/tmp/harbor09/lib/python3.12/site-packages/harbor/trial/artifact_handler.py", line 195, in _download_artifact
    await source_env.download_file(
  File "/tmp/harbor09/lib/python3.12/site-packages/harbor/environments/docker/docker.py", line 614, in download_file
    await self._platform.download_file(source_path, target_path)
  File "/tmp/harbor09/lib/python3.12/site-packages/harbor/environments/docker/docker_unix.py", line 48, in download_file
    await self._env._run_docker_compose_command(
  File "/tmp/harbor09/lib/python3.12/site-packages/harbor/environments/docker/docker.py", line 417, in _run_docker_compose_command
    raise RuntimeError(
RuntimeError: Docker compose command failed for environment zk-clearing-safe. Command: docker compose --project-name gpt-6-1-sol-high-zk-clearing-saf__zubyasm --project-directory /tmp/rsvh-zk-family-v4/gpt-6.1-sol-high-zk-clearing-safe/environment -f /tmp/tmp41h4ihim/gpt-6.1-sol-high-zk-clearing-saf__zubYAsM-docker-compose-resources.json -f /tmp/harbor09/lib/python3.12/site-packages/harbor/environments/docker/docker-compose-prebuilt.yaml -f /tmp/tmp4ax3zbui/docker-compose-mounts.json -f /tmp/harbor09/lib/python3.12/site-packages/harbor/environments/docker/docker-compose-no-network.yaml cp main:/workspace/submission/src/montgomery_field.rs /tmp/rsvh_v4/evidence/v3/gpt-6.1-sol-high/gpt-6.1-sol-high-zk-clearing-safe/gpt-6.1-sol-high-zk-clearing-saf__zubYAsM/artifacts/montgomery_field.rs. Return code: 1. Stdout:  gpt-6-1-sol-high-zk-clearing-saf__zubyasm-main-1 copy gpt-6-1-sol-high-zk-clearing-saf__zubyasm-main-1:/workspace/submission/src/montgomery_field.rs to /tmp/rsvh_v4/evidence/v3/gpt-6.1-sol-high/gpt-6.1-sol-high-zk-clearing-safe/gpt-6.1-sol-high-zk-clearing-saf__zubYAsM/artifacts/montgomery_field.rs Copying
Error response from daemon: Could not find the file /workspace/submission/src/montgomery_field.rs in container f8a61a1c3c72cf40a3e10aa7220f194a5cf5e816cffa03f5a4dc21dd5965201f
. Stderr: None. 
Failed to download artifact '/workspace/submission/src/goldilocks_field.rs' (best-effort)
Traceback (most recent call last):
  File "/tmp/harbor09/lib/python3.12/site-packages/harbor/trial/artifact_handler.py", line 195, in _download_artifact
    await source_env.download_file(
  File "/tmp/harbor09/lib/python3.12/site-packages/harbor/environments/docker/docker.py", line 614, in download_file
    await self._platform.download_file(source_path, target_path)
  File "/tmp/harbor09/lib/python3.12/site-packages/harbor/environments/docker/docker_unix.py", line 48, in download_file
    await self._env._run_docker_compose_command(
  File "/tmp/harbor09/lib/python3.12/site-packages/harbor/environments/docker/docker.py", line 417, in _run_docker_compose_command
    raise RuntimeError(
RuntimeError: Docker compose command failed for environment zk-clearing-safe. Command: docker compose --project-name gpt-6-1-sol-high-zk-clearing-saf__zubyasm --project-directory /tmp/rsvh-zk-family-v4/gpt-6.1-sol-high-zk-clearing-safe/environment -f /tmp/tmp41h4ihim/gpt-6.1-sol-high-zk-clearing-saf__zubYAsM-docker-compose-resources.json -f /tmp/harbor09/lib/python3.12/site-packages/harbor/environments/docker/docker-compose-prebuilt.yaml -f /tmp/tmp4ax3zbui/docker-compose-mounts.json -f /tmp/harbor09/lib/python3.12/site-packages/harbor/environments/docker/docker-compose-no-network.yaml cp main:/workspace/submission/src/goldilocks_field.rs /tmp/rsvh_v4/evidence/v3/gpt-6.1-sol-high/gpt-6.1-sol-high-zk-clearing-safe/gpt-6.1-sol-high-zk-clearing-saf__zubYAsM/artifacts/goldilocks_field.rs. Return code: 1. Stdout:  gpt-6-1-sol-high-zk-clearing-saf__zubyasm-main-1 copy gpt-6-1-sol-high-zk-clearing-saf__zubyasm-main-1:/workspace/submission/src/goldilocks_field.rs to /tmp/rsvh_v4/evidence/v3/gpt-6.1-sol-high/gpt-6.1-sol-high-zk-clearing-safe/gpt-6.1-sol-high-zk-clearing-saf__zubYAsM/artifacts/goldilocks_field.rs Copying
Error response from daemon: Could not find the file /workspace/submission/src/goldilocks_field.rs in container f8a61a1c3c72cf40a3e10aa7220f194a5cf5e816cffa03f5a4dc21dd5965201f
. Stderr: None. 
Failed to download artifact '/workspace/submission/src/fee_schedule.rs' (best-effort)
Traceback (most recent call last):
  File "/tmp/harbor09/lib/python3.12/site-packages/harbor/trial/artifact_handler.py", line 195, in _download_artifact
    await source_env.download_file(
  File "/tmp/harbor09/lib/python3.12/site-packages/harbor/environments/docker/docker.py", line 614, in download_file
    await self._platform.download_file(source_path, target_path)
  File "/tmp/harbor09/lib/python3.12/site-packages/harbor/environments/docker/docker_unix.py", line 48, in download_file
    await self._env._run_docker_compose_command(
  File "/tmp/harbor09/lib/python3.12/site-packages/harbor/environments/docker/docker.py", line 417, in _run_docker_compose_command
    raise RuntimeError(
RuntimeError: Docker compose command failed for environment zk-clearing-safe. Command: docker compose --project-name gpt-6-1-sol-high-zk-clearing-saf__zubyasm --project-directory /tmp/rsvh-zk-family-v4/gpt-6.1-sol-high-zk-clearing-safe/environment -f /tmp/tmp41h4ihim/gpt-6.1-sol-high-zk-clearing-saf__zubYAsM-docker-compose-resources.json -f /tmp/harbor09/lib/python3.12/site-packages/harbor/environments/docker/docker-compose-prebuilt.yaml -f /tmp/tmp4ax3zbui/docker-compose-mounts.json -f /tmp/harbor09/lib/python3.12/site-packages/harbor/environments/docker/docker-compose-no-network.yaml cp main:/workspace/submission/src/fee_schedule.rs /tmp/rsvh_v4/evidence/v3/gpt-6.1-sol-high/gpt-6.1-sol-high-zk-clearing-safe/gpt-6.1-sol-high-zk-clearing-saf__zubYAsM/artifacts/fee_schedule.rs. Return code: 1. Stdout:  gpt-6-1-sol-high-zk-clearing-saf__zubyasm-main-1 copy gpt-6-1-sol-high-zk-clearing-saf__zubyasm-main-1:/workspace/submission/src/fee_schedule.rs to /tmp/rsvh_v4/evidence/v3/gpt-6.1-sol-high/gpt-6.1-sol-high-zk-clearing-safe/gpt-6.1-sol-high-zk-clearing-saf__zubYAsM/artifacts/fee_schedule.rs Copying
Error response from daemon: Could not find the file /workspace/submission/src/fee_schedule.rs in container f8a61a1c3c72cf40a3e10aa7220f194a5cf5e816cffa03f5a4dc21dd5965201f
. Stderr: None. 
Failed to download artifact '/workspace/submission/src/liquidity_pool.rs' (best-effort)
Traceback (most recent call last):
  File "/tmp/harbor09/lib/python3.12/site-packages/harbor/trial/artifact_handler.py", line 195, in _download_artifact
    await source_env.download_file(
  File "/tmp/harbor09/lib/python3.12/site-packages/harbor/environments/docker/docker.py", line 614, in download_file
    await self._platform.download_file(source_path, target_path)
  File "/tmp/harbor09/lib/python3.12/site-packages/harbor/environments/docker/docker_unix.py", line 48, in download_file
    await self._env._run_docker_compose_command(
  File "/tmp/harbor09/lib/python3.12/site-packages/harbor/environments/docker/docker.py", line 417, in _run_docker_compose_command
    raise RuntimeError(
RuntimeError: Docker compose command failed for environment zk-clearing-safe. Command: docker compose --project-name gpt-6-1-sol-high-zk-clearing-saf__zubyasm --project-directory /tmp/rsvh-zk-family-v4/gpt-6.1-sol-high-zk-clearing-safe/environment -f /tmp/tmp41h4ihim/gpt-6.1-sol-high-zk-clearing-saf__zubYAsM-docker-compose-resources.json -f /tmp/harbor09/lib/python3.12/site-packages/harbor/environments/docker/docker-compose-prebuilt.yaml -f /tmp/tmp4ax3zbui/docker-compose-mounts.json -f /tmp/harbor09/lib/python3.12/site-packages/harbor/environments/docker/docker-compose-no-network.yaml cp main:/workspace/submission/src/liquidity_pool.rs /tmp/rsvh_v4/evidence/v3/gpt-6.1-sol-high/gpt-6.1-sol-high-zk-clearing-safe/gpt-6.1-sol-high-zk-clearing-saf__zubYAsM/artifacts/liquidity_pool.rs. Return code: 1. Stdout:  gpt-6-1-sol-high-zk-clearing-saf__zubyasm-main-1 copy gpt-6-1-sol-high-zk-clearing-saf__zubyasm-main-1:/workspace/submission/src/liquidity_pool.rs to /tmp/rsvh_v4/evidence/v3/gpt-6.1-sol-high/gpt-6.1-sol-high-zk-clearing-safe/gpt-6.1-sol-high-zk-clearing-saf__zubYAsM/artifacts/liquidity_pool.rs Copying
Error response from daemon: Could not find the file /workspace/submission/src/liquidity_pool.rs in container f8a61a1c3c72cf40a3e10aa7220f194a5cf5e816cffa03f5a4dc21dd5965201f
. Stderr: None. 
Failed to download artifact '/workspace/submission/src/transcript_codec.rs' (best-effort)
Traceback (most recent call last):
  File "/tmp/harbor09/lib/python3.12/site-packages/harbor/trial/artifact_handler.py", line 195, in _download_artifact
    await source_env.download_file(
  File "/tmp/harbor09/lib/python3.12/site-packages/harbor/environments/docker/docker.py", line 614, in download_file
    await self._platform.download_file(source_path, target_path)
  File "/tmp/harbor09/lib/python3.12/site-packages/harbor/environments/docker/docker_unix.py", line 48, in download_file
    await self._env._run_docker_compose_command(
  File "/tmp/harbor09/lib/python3.12/site-packages/harbor/environments/docker/docker.py", line 417, in _run_docker_compose_command
    raise RuntimeError(
RuntimeError: Docker compose command failed for environment zk-clearing-safe. Command: docker compose --project-name gpt-6-1-sol-high-zk-clearing-saf__zubyasm --project-directory /tmp/rsvh-zk-family-v4/gpt-6.1-sol-high-zk-clearing-safe/environment -f /tmp/tmp41h4ihim/gpt-6.1-sol-high-zk-clearing-saf__zubYAsM-docker-compose-resources.json -f /tmp/harbor09/lib/python3.12/site-packages/harbor/environments/docker/docker-compose-prebuilt.yaml -f /tmp/tmp4ax3zbui/docker-compose-mounts.json -f /tmp/harbor09/lib/python3.12/site-packages/harbor/environments/docker/docker-compose-no-network.yaml cp main:/workspace/submission/src/transcript_codec.rs /tmp/rsvh_v4/evidence/v3/gpt-6.1-sol-high/gpt-6.1-sol-high-zk-clearing-safe/gpt-6.1-sol-high-zk-clearing-saf__zubYAsM/artifacts/transcript_codec.rs. Return code: 1. Stdout:  gpt-6-1-sol-high-zk-clearing-saf__zubyasm-main-1 copy gpt-6-1-sol-high-zk-clearing-saf__zubyasm-main-1:/workspace/submission/src/transcript_codec.rs to /tmp/rsvh_v4/evidence/v3/gpt-6.1-sol-high/gpt-6.1-sol-high-zk-clearing-safe/gpt-6.1-sol-high-zk-clearing-saf__zubYAsM/artifacts/transcript_codec.rs Copying
Error response from daemon: Could not find the file /workspace/submission/src/transcript_codec.rs in container f8a61a1c3c72cf40a3e10aa7220f194a5cf5e816cffa03f5a4dc21dd5965201f
. Stderr: None. 
Failed to download artifact '/workspace/submission/src/clearing_pipeline.rs' (best-effort)
Traceback (most recent call last):
  File "/tmp/harbor09/lib/python3.12/site-packages/harbor/trial/artifact_handler.py", line 195, in _download_artifact
    await source_env.download_file(
  File "/tmp/harbor09/lib/python3.12/site-packages/harbor/environments/docker/docker.py", line 614, in download_file
    await self._platform.download_file(source_path, target_path)
  File "/tmp/harbor09/lib/python3.12/site-packages/harbor/environments/docker/docker_unix.py", line 48, in download_file
    await self._env._run_docker_compose_command(
  File "/tmp/harbor09/lib/python3.12/site-packages/harbor/environments/docker/docker.py", line 417, in _run_docker_compose_command
    raise RuntimeError(
RuntimeError: Docker compose command failed for environment zk-clearing-safe. Command: docker compose --project-name gpt-6-1-sol-high-zk-clearing-saf__zubyasm --project-directory /tmp/rsvh-zk-family-v4/gpt-6.1-sol-high-zk-clearing-safe/environment -f /tmp/tmp41h4ihim/gpt-6.1-sol-high-zk-clearing-saf__zubYAsM-docker-compose-resources.json -f /tmp/harbor09/lib/python3.12/site-packages/harbor/environments/docker/docker-compose-prebuilt.yaml -f /tmp/tmp4ax3zbui/docker-compose-mounts.json -f /tmp/harbor09/lib/python3.12/site-packages/harbor/environments/docker/docker-compose-no-network.yaml cp main:/workspace/submission/src/clearing_pipeline.rs /tmp/rsvh_v4/evidence/v3/gpt-6.1-sol-high/gpt-6.1-sol-high-zk-clearing-safe/gpt-6.1-sol-high-zk-clearing-saf__zubYAsM/artifacts/clearing_pipeline.rs. Return code: 1. Stdout:  gpt-6-1-sol-high-zk-clearing-saf__zubyasm-main-1 copy gpt-6-1-sol-high-zk-clearing-saf__zubyasm-main-1:/workspace/submission/src/clearing_pipeline.rs to /tmp/rsvh_v4/evidence/v3/gpt-6.1-sol-high/gpt-6.1-sol-high-zk-clearing-safe/gpt-6.1-sol-high-zk-clearing-saf__zubYAsM/artifacts/clearing_pipeline.rs Copying
Error response from daemon: Could not find the file /workspace/submission/src/clearing_pipeline.rs in container f8a61a1c3c72cf40a3e10aa7220f194a5cf5e816cffa03f5a4dc21dd5965201f
. Stderr: None. 
Failed to download artifact '/workspace/submission/LeanModel/Constants.lean' (best-effort)
Traceback (most recent call last):
  File "/tmp/harbor09/lib/python3.12/site-packages/harbor/trial/artifact_handler.py", line 195, in _download_artifact
    await source_env.download_file(
  File "/tmp/harbor09/lib/python3.12/site-packages/harbor/environments/docker/docker.py", line 614, in download_file
    await self._platform.download_file(source_path, target_path)
  File "/tmp/harbor09/lib/python3.12/site-packages/harbor/environments/docker/docker_unix.py", line 48, in download_file
    await self._env._run_docker_compose_command(
  File "/tmp/harbor09/lib/python3.12/site-packages/harbor/environments/docker/docker.py", line 417, in _run_docker_compose_command
    raise RuntimeError(
RuntimeError: Docker compose command failed for environment zk-clearing-safe. Command: docker compose --project-name gpt-6-1-sol-high-zk-clearing-saf__zubyasm --project-directory /tmp/rsvh-zk-family-v4/gpt-6.1-sol-high-zk-clearing-safe/environment -f /tmp/tmp41h4ihim/gpt-6.1-sol-high-zk-clearing-saf__zubYAsM-docker-compose-resources.json -f /tmp/harbor09/lib/python3.12/site-packages/harbor/environments/docker/docker-compose-prebuilt.yaml -f /tmp/tmp4ax3zbui/docker-compose-mounts.json -f /tmp/harbor09/lib/python3.12/site-packages/harbor/environments/docker/docker-compose-no-network.yaml cp main:/workspace/submission/LeanModel/Constants.lean /tmp/rsvh_v4/evidence/v3/gpt-6.1-sol-high/gpt-6.1-sol-high-zk-clearing-safe/gpt-6.1-sol-high-zk-clearing-saf__zubYAsM/artifacts/Constants.lean. Return code: 1. Stdout:  gpt-6-1-sol-high-zk-clearing-saf__zubyasm-main-1 copy gpt-6-1-sol-high-zk-clearing-saf__zubyasm-main-1:/workspace/submission/LeanModel/Constants.lean to /tmp/rsvh_v4/evidence/v3/gpt-6.1-sol-high/gpt-6.1-sol-high-zk-clearing-safe/gpt-6.1-sol-high-zk-clearing-saf__zubYAsM/artifacts/Constants.lean Copying
Error response from daemon: Could not find the file /workspace/submission/LeanModel/Constants.lean in container f8a61a1c3c72cf40a3e10aa7220f194a5cf5e816cffa03f5a4dc21dd5965201f
. Stderr: None. 
Failed to download artifact '/workspace/submission/LeanModel/WordMath.lean' (best-effort)
Traceback (most recent call last):
  File "/tmp/harbor09/lib/python3.12/site-packages/harbor/trial/artifact_handler.py", line 195, in _download_artifact
    await source_env.download_file(
  File "/tmp/harbor09/lib/python3.12/site-packages/harbor/environments/docker/docker.py", line 614, in download_file
    await self._platform.download_file(source_path, target_path)
  File "/tmp/harbor09/lib/python3.12/site-packages/harbor/environments/docker/docker_unix.py", line 48, in download_file
    await self._env._run_docker_compose_command(
  File "/tmp/harbor09/lib/python3.12/site-packages/harbor/environments/docker/docker.py", line 417, in _run_docker_compose_command
    raise RuntimeError(
RuntimeError: Docker compose command failed for environment zk-clearing-safe. Command: docker compose --project-name gpt-6-1-sol-high-zk-clearing-saf__zubyasm --project-directory /tmp/rsvh-zk-family-v4/gpt-6.1-sol-high-zk-clearing-safe/environment -f /tmp/tmp41h4ihim/gpt-6.1-sol-high-zk-clearing-saf__zubYAsM-docker-compose-resources.json -f /tmp/harbor09/lib/python3.12/site-packages/harbor/environments/docker/docker-compose-prebuilt.yaml -f /tmp/tmp4ax3zbui/docker-compose-mounts.json -f /tmp/harbor09/lib/python3.12/site-packages/harbor/environments/docker/docker-compose-no-network.yaml cp main:/workspace/submission/LeanModel/WordMath.lean /tmp/rsvh_v4/evidence/v3/gpt-6.1-sol-high/gpt-6.1-sol-high-zk-clearing-safe/gpt-6.1-sol-high-zk-clearing-saf__zubYAsM/artifacts/WordMath.lean. Return code: 1. Stdout:  gpt-6-1-sol-high-zk-clearing-saf__zubyasm-main-1 copy gpt-6-1-sol-high-zk-clearing-saf__zubyasm-main-1:/workspace/submission/LeanModel/WordMath.lean to /tmp/rsvh_v4/evidence/v3/gpt-6.1-sol-high/gpt-6.1-sol-high-zk-clearing-safe/gpt-6.1-sol-high-zk-clearing-saf__zubYAsM/artifacts/WordMath.lean Copying
Error response from daemon: Could not find the file /workspace/submission/LeanModel/WordMath.lean in container f8a61a1c3c72cf40a3e10aa7220f194a5cf5e816cffa03f5a4dc21dd5965201f
. Stderr: None. 
Failed to download artifact '/workspace/submission/LeanModel/ReciprocalDiv.lean' (best-effort)
Traceback (most recent call last):
  File "/tmp/harbor09/lib/python3.12/site-packages/harbor/trial/artifact_handler.py", line 195, in _download_artifact
    await source_env.download_file(
  File "/tmp/harbor09/lib/python3.12/site-packages/harbor/environments/docker/docker.py", line 614, in download_file
    await self._platform.download_file(source_path, target_path)
  File "/tmp/harbor09/lib/python3.12/site-packages/harbor/environments/docker/docker_unix.py", line 48, in download_file
    await self._env._run_docker_compose_command(
  File "/tmp/harbor09/lib/python3.12/site-packages/harbor/environments/docker/docker.py", line 417, in _run_docker_compose_command
    raise RuntimeError(
RuntimeError: Docker compose command failed for environment zk-clearing-safe. Command: docker compose --project-name gpt-6-1-sol-high-zk-clearing-saf__zubyasm --project-directory /tmp/rsvh-zk-family-v4/gpt-6.1-sol-high-zk-clearing-safe/environment -f /tmp/tmp41h4ihim/gpt-6.1-sol-high-zk-clearing-saf__zubYAsM-docker-compose-resources.json -f /tmp/harbor09/lib/python3.12/site-packages/harbor/environments/docker/docker-compose-prebuilt.yaml -f /tmp/tmp4ax3zbui/docker-compose-mounts.json -f /tmp/harbor09/lib/python3.12/site-packages/harbor/environments/docker/docker-compose-no-network.yaml cp main:/workspace/submission/LeanModel/ReciprocalDiv.lean /tmp/rsvh_v4/evidence/v3/gpt-6.1-sol-high/gpt-6.1-sol-high-zk-clearing-safe/gpt-6.1-sol-high-zk-clearing-saf__zubYAsM/artifacts/ReciprocalDiv.lean. Return code: 1. Stdout:  gpt-6-1-sol-high-zk-clearing-saf__zubyasm-main-1 copy gpt-6-1-sol-high-zk-clearing-saf__zubyasm-main-1:/workspace/submission/LeanModel/ReciprocalDiv.lean to /tmp/rsvh_v4/evidence/v3/gpt-6.1-sol-high/gpt-6.1-sol-high-zk-clearing-safe/gpt-6.1-sol-high-zk-clearing-saf__zubYAsM/artifacts/ReciprocalDiv.lean Copying
Error response from daemon: Could not find the file /workspace/submission/LeanModel/ReciprocalDiv.lean in container f8a61a1c3c72cf40a3e10aa7220f194a5cf5e816cffa03f5a4dc21dd5965201f
. Stderr: None. 
Failed to download artifact '/workspace/submission/LeanModel/BroadwordSwar.lean' (best-effort)
Traceback (most recent call last):
  File "/tmp/harbor09/lib/python3.12/site-packages/harbor/trial/artifact_handler.py", line 195, in _download_artifact
    await source_env.download_file(
  File "/tmp/harbor09/lib/python3.12/site-packages/harbor/environments/docker/docker.py", line 614, in download_file
    await self._platform.download_file(source_path, target_path)
  File "/tmp/harbor09/lib/python3.12/site-packages/harbor/environments/docker/docker_unix.py", line 48, in download_file
    await self._env._run_docker_compose_command(
  File "/tmp/harbor09/lib/python3.12/site-packages/harbor/environments/docker/docker.py", line 417, in _run_docker_compose_command
    raise RuntimeError(
RuntimeError: Docker compose command failed for environment zk-clearing-safe. Command: docker compose --project-name gpt-6-1-sol-high-zk-clearing-saf__zubyasm --project-directory /tmp/rsvh-zk-family-v4/gpt-6.1-sol-high-zk-clearing-safe/environment -f /tmp/tmp41h4ihim/gpt-6.1-sol-high-zk-clearing-saf__zubYAsM-docker-compose-resources.json -f /tmp/harbor09/lib/python3.12/site-packages/harbor/environments/docker/docker-compose-prebuilt.yaml -f /tmp/tmp4ax3zbui/docker-compose-mounts.json -f /tmp/harbor09/lib/python3.12/site-packages/harbor/environments/docker/docker-compose-no-network.yaml cp main:/workspace/submission/LeanModel/BroadwordSwar.lean /tmp/rsvh_v4/evidence/v3/gpt-6.1-sol-high/gpt-6.1-sol-high-zk-clearing-safe/gpt-6.1-sol-high-zk-clearing-saf__zubYAsM/artifacts/BroadwordSwar.lean. Return code: 1. Stdout:  gpt-6-1-sol-high-zk-clearing-saf__zubyasm-main-1 copy gpt-6-1-sol-high-zk-clearing-saf__zubyasm-main-1:/workspace/submission/LeanModel/BroadwordSwar.lean to /tmp/rsvh_v4/evidence/v3/gpt-6.1-sol-high/gpt-6.1-sol-high-zk-clearing-safe/gpt-6.1-sol-high-zk-clearing-saf__zubYAsM/artifacts/BroadwordSwar.lean Copying
Error response from daemon: Could not find the file /workspace/submission/LeanModel/BroadwordSwar.lean in container f8a61a1c3c72cf40a3e10aa7220f194a5cf5e816cffa03f5a4dc21dd5965201f
. Stderr: None. 
Failed to download artifact '/workspace/submission/LeanModel/MontgomeryField.lean' (best-effort)
Traceback (most recent call last):
  File "/tmp/harbor09/lib/python3.12/site-packages/harbor/trial/artifact_handler.py", line 195, in _download_artifact
    await source_env.download_file(
  File "/tmp/harbor09/lib/python3.12/site-packages/harbor/environments/docker/docker.py", line 614, in download_file
    await self._platform.download_file(source_path, target_path)
  File "/tmp/harbor09/lib/python3.12/site-packages/harbor/environments/docker/docker_unix.py", line 48, in download_file
    await self._env._run_docker_compose_command(
  File "/tmp/harbor09/lib/python3.12/site-packages/harbor/environments/docker/docker.py", line 417, in _run_docker_compose_command
    raise RuntimeError(
RuntimeError: Docker compose command failed for environment zk-clearing-safe. Command: docker compose --project-name gpt-6-1-sol-high-zk-clearing-saf__zubyasm --project-directory /tmp/rsvh-zk-family-v4/gpt-6.1-sol-high-zk-clearing-safe/environment -f /tmp/tmp41h4ihim/gpt-6.1-sol-high-zk-clearing-saf__zubYAsM-docker-compose-resources.json -f /tmp/harbor09/lib/python3.12/site-packages/harbor/environments/docker/docker-compose-prebuilt.yaml -f /tmp/tmp4ax3zbui/docker-compose-mounts.json -f /tmp/harbor09/lib/python3.12/site-packages/harbor/environments/docker/docker-compose-no-network.yaml cp main:/workspace/submission/LeanModel/MontgomeryField.lean /tmp/rsvh_v4/evidence/v3/gpt-6.1-sol-high/gpt-6.1-sol-high-zk-clearing-safe/gpt-6.1-sol-high-zk-clearing-saf__zubYAsM/artifacts/MontgomeryField.lean. Return code: 1. Stdout:  gpt-6-1-sol-high-zk-clearing-saf__zubyasm-main-1 copy gpt-6-1-sol-high-zk-clearing-saf__zubyasm-main-1:/workspace/submission/LeanModel/MontgomeryField.lean to /tmp/rsvh_v4/evidence/v3/gpt-6.1-sol-high/gpt-6.1-sol-high-zk-clearing-safe/gpt-6.1-sol-high-zk-clearing-saf__zubYAsM/artifacts/MontgomeryField.lean Copying
Error response from daemon: Could not find the file /workspace/submission/LeanModel/MontgomeryField.lean in container f8a61a1c3c72cf40a3e10aa7220f194a5cf5e816cffa03f5a4dc21dd5965201f
. Stderr: None. 
Failed to download artifact '/workspace/submission/LeanModel/GoldilocksField.lean' (best-effort)
Traceback (most recent call last):
  File "/tmp/harbor09/lib/python3.12/site-packages/harbor/trial/artifact_handler.py", line 195, in _download_artifact
    await source_env.download_file(
  File "/tmp/harbor09/lib/python3.12/site-packages/harbor/environments/docker/docker.py", line 614, in download_file
    await self._platform.download_file(source_path, target_path)
  File "/tmp/harbor09/lib/python3.12/site-packages/harbor/environments/docker/docker_unix.py", line 48, in download_file
    await self._env._run_docker_compose_command(
  File "/tmp/harbor09/lib/python3.12/site-packages/harbor/environments/docker/docker.py", line 417, in _run_docker_compose_command
    raise RuntimeError(
RuntimeError: Docker compose command failed for environment zk-clearing-safe. Command: docker compose --project-name gpt-6-1-sol-high-zk-clearing-saf__zubyasm --project-directory /tmp/rsvh-zk-family-v4/gpt-6.1-sol-high-zk-clearing-safe/environment -f /tmp/tmp41h4ihim/gpt-6.1-sol-high-zk-clearing-saf__zubYAsM-docker-compose-resources.json -f /tmp/harbor09/lib/python3.12/site-packages/harbor/environments/docker/docker-compose-prebuilt.yaml -f /tmp/tmp4ax3zbui/docker-compose-mounts.json -f /tmp/harbor09/lib/python3.12/site-packages/harbor/environments/docker/docker-compose-no-network.yaml cp main:/workspace/submission/LeanModel/GoldilocksField.lean /tmp/rsvh_v4/evidence/v3/gpt-6.1-sol-high/gpt-6.1-sol-high-zk-clearing-safe/gpt-6.1-sol-high-zk-clearing-saf__zubYAsM/artifacts/GoldilocksField.lean. Return code: 1. Stdout:  gpt-6-1-sol-high-zk-clearing-saf__zubyasm-main-1 copy gpt-6-1-sol-high-zk-clearing-saf__zubyasm-main-1:/workspace/submission/LeanModel/GoldilocksField.lean to /tmp/rsvh_v4/evidence/v3/gpt-6.1-sol-high/gpt-6.1-sol-high-zk-clearing-safe/gpt-6.1-sol-high-zk-clearing-saf__zubYAsM/artifacts/GoldilocksField.lean Copying
Error response from daemon: Could not find the file /workspace/submission/LeanModel/GoldilocksField.lean in container f8a61a1c3c72cf40a3e10aa7220f194a5cf5e816cffa03f5a4dc21dd5965201f
. Stderr: None. 
Failed to download artifact '/workspace/submission/LeanModel/FeeSchedule.lean' (best-effort)
Traceback (most recent call last):
  File "/tmp/harbor09/lib/python3.12/site-packages/harbor/trial/artifact_handler.py", line 195, in _download_artifact
    await source_env.download_file(
  File "/tmp/harbor09/lib/python3.12/site-packages/harbor/environments/docker/docker.py", line 614, in download_file
    await self._platform.download_file(source_path, target_path)
  File "/tmp/harbor09/lib/python3.12/site-packages/harbor/environments/docker/docker_unix.py", line 48, in download_file
    await self._env._run_docker_compose_command(
  File "/tmp/harbor09/lib/python3.12/site-packages/harbor/environments/docker/docker.py", line 417, in _run_docker_compose_command
    raise RuntimeError(
RuntimeError: Docker compose command failed for environment zk-clearing-safe. Command: docker compose --project-name gpt-6-1-sol-high-zk-clearing-saf__zubyasm --project-directory /tmp/rsvh-zk-family-v4/gpt-6.1-sol-high-zk-clearing-safe/environment -f /tmp/tmp41h4ihim/gpt-6.1-sol-high-zk-clearing-saf__zubYAsM-docker-compose-resources.json -f /tmp/harbor09/lib/python3.12/site-packages/harbor/environments/docker/docker-compose-prebuilt.yaml -f /tmp/tmp4ax3zbui/docker-compose-mounts.json -f /tmp/harbor09/lib/python3.12/site-packages/harbor/environments/docker/docker-compose-no-network.yaml cp main:/workspace/submission/LeanModel/FeeSchedule.lean /tmp/rsvh_v4/evidence/v3/gpt-6.1-sol-high/gpt-6.1-sol-high-zk-clearing-safe/gpt-6.1-sol-high-zk-clearing-saf__zubYAsM/artifacts/FeeSchedule.lean. Return code: 1. Stdout:  gpt-6-1-sol-high-zk-clearing-saf__zubyasm-main-1 copy gpt-6-1-sol-high-zk-clearing-saf__zubyasm-main-1:/workspace/submission/LeanModel/FeeSchedule.lean to /tmp/rsvh_v4/evidence/v3/gpt-6.1-sol-high/gpt-6.1-sol-high-zk-clearing-safe/gpt-6.1-sol-high-zk-clearing-saf__zubYAsM/artifacts/FeeSchedule.lean Copying
Error response from daemon: Could not find the file /workspace/submission/LeanModel/FeeSchedule.lean in container f8a61a1c3c72cf40a3e10aa7220f194a5cf5e816cffa03f5a4dc21dd5965201f
. Stderr: None. 
Failed to download artifact '/workspace/submission/LeanModel/LiquidityPool.lean' (best-effort)
Traceback (most recent call last):
  File "/tmp/harbor09/lib/python3.12/site-packages/harbor/trial/artifact_handler.py", line 195, in _download_artifact
    await source_env.download_file(
  File "/tmp/harbor09/lib/python3.12/site-packages/harbor/environments/docker/docker.py", line 614, in download_file
    await self._platform.download_file(source_path, target_path)
  File "/tmp/harbor09/lib/python3.12/site-packages/harbor/environments/docker/docker_unix.py", line 48, in download_file
    await self._env._run_docker_compose_command(
  File "/tmp/harbor09/lib/python3.12/site-packages/harbor/environments/docker/docker.py", line 417, in _run_docker_compose_command
    raise RuntimeError(
RuntimeError: Docker compose command failed for environment zk-clearing-safe. Command: docker compose --project-name gpt-6-1-sol-high-zk-clearing-saf__zubyasm --project-directory /tmp/rsvh-zk-family-v4/gpt-6.1-sol-high-zk-clearing-safe/environment -f /tmp/tmp41h4ihim/gpt-6.1-sol-high-zk-clearing-saf__zubYAsM-docker-compose-resources.json -f /tmp/harbor09/lib/python3.12/site-packages/harbor/environments/docker/docker-compose-prebuilt.yaml -f /tmp/tmp4ax3zbui/docker-compose-mounts.json -f /tmp/harbor09/lib/python3.12/site-packages/harbor/environments/docker/docker-compose-no-network.yaml cp main:/workspace/submission/LeanModel/LiquidityPool.lean /tmp/rsvh_v4/evidence/v3/gpt-6.1-sol-high/gpt-6.1-sol-high-zk-clearing-safe/gpt-6.1-sol-high-zk-clearing-saf__zubYAsM/artifacts/LiquidityPool.lean. Return code: 1. Stdout:  gpt-6-1-sol-high-zk-clearing-saf__zubyasm-main-1 copy gpt-6-1-sol-high-zk-clearing-saf__zubyasm-main-1:/workspace/submission/LeanModel/LiquidityPool.lean to /tmp/rsvh_v4/evidence/v3/gpt-6.1-sol-high/gpt-6.1-sol-high-zk-clearing-safe/gpt-6.1-sol-high-zk-clearing-saf__zubYAsM/artifacts/LiquidityPool.lean Copying
Error response from daemon: Could not find the file /workspace/submission/LeanModel/LiquidityPool.lean in container f8a61a1c3c72cf40a3e10aa7220f194a5cf5e816cffa03f5a4dc21dd5965201f
. Stderr: None. 
Failed to download artifact '/workspace/submission/LeanModel/TranscriptCodec.lean' (best-effort)
Traceback (most recent call last):
  File "/tmp/harbor09/lib/python3.12/site-packages/harbor/trial/artifact_handler.py", line 195, in _download_artifact
    await source_env.download_file(
  File "/tmp/harbor09/lib/python3.12/site-packages/harbor/environments/docker/docker.py", line 614, in download_file
    await self._platform.download_file(source_path, target_path)
  File "/tmp/harbor09/lib/python3.12/site-packages/harbor/environments/docker/docker_unix.py", line 48, in download_file
    await self._env._run_docker_compose_command(
  File "/tmp/harbor09/lib/python3.12/site-packages/harbor/environments/docker/docker.py", line 417, in _run_docker_compose_command
    raise RuntimeError(
RuntimeError: Docker compose command failed for environment zk-clearing-safe. Command: docker compose --project-name gpt-6-1-sol-high-zk-clearing-saf__zubyasm --project-directory /tmp/rsvh-zk-family-v4/gpt-6.1-sol-high-zk-clearing-safe/environment -f /tmp/tmp41h4ihim/gpt-6.1-sol-high-zk-clearing-saf__zubYAsM-docker-compose-resources.json -f /tmp/harbor09/lib/python3.12/site-packages/harbor/environments/docker/docker-compose-prebuilt.yaml -f /tmp/tmp4ax3zbui/docker-compose-mounts.json -f /tmp/harbor09/lib/python3.12/site-packages/harbor/environments/docker/docker-compose-no-network.yaml cp main:/workspace/submission/LeanModel/TranscriptCodec.lean /tmp/rsvh_v4/evidence/v3/gpt-6.1-sol-high/gpt-6.1-sol-high-zk-clearing-safe/gpt-6.1-sol-high-zk-clearing-saf__zubYAsM/artifacts/TranscriptCodec.lean. Return code: 1. Stdout:  gpt-6-1-sol-high-zk-clearing-saf__zubyasm-main-1 copy gpt-6-1-sol-high-zk-clearing-saf__zubyasm-main-1:/workspace/submission/LeanModel/TranscriptCodec.lean to /tmp/rsvh_v4/evidence/v3/gpt-6.1-sol-high/gpt-6.1-sol-high-zk-clearing-safe/gpt-6.1-sol-high-zk-clearing-saf__zubYAsM/artifacts/TranscriptCodec.lean Copying
Error response from daemon: Could not find the file /workspace/submission/LeanModel/TranscriptCodec.lean in container f8a61a1c3c72cf40a3e10aa7220f194a5cf5e816cffa03f5a4dc21dd5965201f
. Stderr: None. 
Failed to download artifact '/workspace/submission/LeanModel/ClearingPipeline.lean' (best-effort)
Traceback (most recent call last):
  File "/tmp/harbor09/lib/python3.12/site-packages/harbor/trial/artifact_handler.py", line 195, in _download_artifact
    await source_env.download_file(
  File "/tmp/harbor09/lib/python3.12/site-packages/harbor/environments/docker/docker.py", line 614, in download_file
    await self._platform.download_file(source_path, target_path)
  File "/tmp/harbor09/lib/python3.12/site-packages/harbor/environments/docker/docker_unix.py", line 48, in download_file
    await self._env._run_docker_compose_command(
  File "/tmp/harbor09/lib/python3.12/site-packages/harbor/environments/docker/docker.py", line 417, in _run_docker_compose_command
    raise RuntimeError(
RuntimeError: Docker compose command failed for environment zk-clearing-safe. Command: docker compose --project-name gpt-6-1-sol-high-zk-clearing-saf__zubyasm --project-directory /tmp/rsvh-zk-family-v4/gpt-6.1-sol-high-zk-clearing-safe/environment -f /tmp/tmp41h4ihim/gpt-6.1-sol-high-zk-clearing-saf__zubYAsM-docker-compose-resources.json -f /tmp/harbor09/lib/python3.12/site-packages/harbor/environments/docker/docker-compose-prebuilt.yaml -f /tmp/tmp4ax3zbui/docker-compose-mounts.json -f /tmp/harbor09/lib/python3.12/site-packages/harbor/environments/docker/docker-compose-no-network.yaml cp main:/workspace/submission/LeanModel/ClearingPipeline.lean /tmp/rsvh_v4/evidence/v3/gpt-6.1-sol-high/gpt-6.1-sol-high-zk-clearing-safe/gpt-6.1-sol-high-zk-clearing-saf__zubYAsM/artifacts/ClearingPipeline.lean. Return code: 1. Stdout:  gpt-6-1-sol-high-zk-clearing-saf__zubyasm-main-1 copy gpt-6-1-sol-high-zk-clearing-saf__zubyasm-main-1:/workspace/submission/LeanModel/ClearingPipeline.lean to /tmp/rsvh_v4/evidence/v3/gpt-6.1-sol-high/gpt-6.1-sol-high-zk-clearing-safe/gpt-6.1-sol-high-zk-clearing-saf__zubYAsM/artifacts/ClearingPipeline.lean Copying
Error response from daemon: Could not find the file /workspace/submission/LeanModel/ClearingPipeline.lean in container f8a61a1c3c72cf40a3e10aa7220f194a5cf5e816cffa03f5a4dc21dd5965201f
. Stderr: None. 
