max_turns (f.k.a. max_episodes) artificially limited to 25. Consider removing this limit for better task completion.
Skipping image OS validation for hb__settlement-engine-safe: docker inspect returned 1
Both tmux and asciinema are already installed
Starting recording.
Sending keys: ['asciinema rec --stdin /logs/agent/recording.cast', 'Enter'] min_timeout_sec: 1.0 max_timeout_sec: 180.0
Sending keys: ['clear', 'Enter'] min_timeout_sec: 0.0 max_timeout_sec: 180.0
Sending keys: ['ls -la /workspace; cat /workspace/challenge/src/lib.rs; cat /workspace/lean/SecurityChallenge.lean; cat /workspace/lean/check.py\n'] min_timeout_sec: 0.1 max_timeout_sec: 180.0
Trajectory dumped to /tmp/rsvh-eval/evidence/v3/gpt-6.1-sol-high/gpt-6.1-sol-high-settlement-engine-safe/settlement-engine-safe__gQEzEAX/agent/trajectory.json
Sending keys: ["sed -n '120,360p' /workspace/challenge/src/lib.rs\n"] min_timeout_sec: 0.1 max_timeout_sec: 180.0
Sending keys: ['cat /workspace/lean/SecurityChallenge.lean\n'] min_timeout_sec: 0.1 max_timeout_sec: 180.0
Sending keys: ['ls -la /workspace/lean /workspace/submission; which lean; lean --version\n'] min_timeout_sec: 0.1 max_timeout_sec: 180.0
Trajectory dumped to /tmp/rsvh-eval/evidence/v3/gpt-6.1-sol-high/gpt-6.1-sol-high-settlement-engine-safe/settlement-engine-safe__gQEzEAX/agent/trajectory.json
Sending keys: ["sed -n '295,470p' /workspace/challenge/src/lib.rs; sed -n '1,85p' /workspace/lean/SecurityChallenge.lean\n"] min_timeout_sec: 0.1 max_timeout_sec: 180.0
Sending keys: ['ls -la /root/.elan/bin /opt /workspace/submission/src; cat /workspace/submission/*.lean; cat /workspace/lean/lean-toolchain; echo "$PATH"\n'] min_timeout_sec: 0.1 max_timeout_sec: 180.0
Trajectory dumped to /tmp/rsvh-eval/evidence/v3/gpt-6.1-sol-high/gpt-6.1-sol-high-settlement-engine-safe/settlement-engine-safe__gQEzEAX/agent/trajectory.json
Sending keys: ["export PATH=/opt/lean/bin:$PATH\nlean --version; grep -nE 'theorem.*(toNat|lt_iff|le_iff)|toNat_(add|sub|div|mod)' /opt/lean/src/lean/Init/Data/UInt/Lemmas.lean | tail -100\n"] min_timeout_sec: 0.1 max_timeout_sec: 180.0
Sending keys: ["cat > /workspace/submission/Spec.lean <<'EOF'\nimport SecurityChallenge\nimport Lean.Elab.Tactic.Omega\nopen SecurityChallenge\n\n/-- The gross fee is the ceiling of the exact combined basis / 10,000. -/\ndef policyGross (amount fee : UInt64) : Nat :=\n  (amount.toNat + fee.toNat + 9999) / 10000\n\n/-- Principal plus the gross fee less the floor ten-percent rebate. -/\ndef policyDebit (amount fee : UInt64) : Nat :=\n  amount.toNat + (policyGross amount fee - policyGross amount fee / 10)\n\n/-- Affordability is exact-integer affordability; output is the exact debit. -/\ndef candidateSpec : AuthorizationSpec := {\n  accepts := fun balance amount fee => policyDebit amount fee ≤ balance.toNat\n  output := fun _ amount fee totalDebit => totalDebit.toNat = policyDebit amount fee\n}\nEOF\ncat > /workspace/submission/Audit.lean <<'EOF'\nimport SecurityChallenge\n\ndef verdict : SecurityChallenge.AuditVerdict := .safe\nEOF\nls /opt/lean/src/lean/Init/Data/UInt\n"] min_timeout_sec: 0.1 max_timeout_sec: 180.0
Trajectory dumped to /tmp/rsvh-eval/evidence/v3/gpt-6.1-sol-high/gpt-6.1-sol-high-settlement-engine-safe/settlement-engine-safe__gQEzEAX/agent/trajectory.json
Sending keys: ["grep -nE '(theorem UInt64.toNat_(add|sub|div|mod)|theorem UInt64.(toNat_lt|lt_iff_toNat|le_iff_toNat))' /opt/lean/src/lean/Init/Data/UInt/Lemmas.lean; grep -n 'toNat_lt' /opt/lean/src/lean/Init/Data/UInt/Basic.lean | head\n"] min_timeout_sec: 0.1 max_timeout_sec: 180.0
Sending keys: ["cp /workspace/submission/Spec.lean /workspace/lean/CandidateSpec.lean\ncd /workspace/lean\nexport LEAN_PATH=/workspace/lean\nlean -o CandidateSpec.olean CandidateSpec.lean\ncat > Work.lean <<'EOF'\nimport CandidateSpec\nimport Lean.Elab.Tactic.Omega\nopen SecurityChallenge\nset_option maxRecDepth 4096\nset_option maxHeartbeats 2000000\n\ntheorem gross_correct (a f : UInt64) :\n  (ceilDivBpsU64 (addU64WithCarry a f)).toNat = policyGross a f := by\n  have ha := a.toNat_lt\n  have hf := f.toNat_lt\n  unfold ceilDivBpsU64 addU64WithCarry\n  simp only [Bool.decide_coe]\n  split\n  · simp only [UInt64.toNat_add, UInt64.toNat_div, UInt64.toNat_mod,\n      bpsDenom, bpsMaxRem, u64ModBpsQuot, u64ModBpsRem,\n      UInt64.lt_iff_toNat_lt, UInt64.toNat_ofNat, UInt64.size] at *\n    unfold policyGross\n    omega\n  · split\n    · simp only [UInt64.toNat_add, UInt64.toNat_div, UInt64.toNat_mod,\n        bpsDenom, bpsMaxRem, UInt64.lt_iff_toNat_lt,\n        UInt64.toNat_ofNat, UInt64.size] at *\n      unfold policyGross\n      omega\n    · simp only [UInt64.toNat_add, UInt64.toNat_div,\n        bpsDenom, bpsMaxRem, UInt64.lt_iff_toNat_lt,\n        UInt64.toNat_ofNat, UInt64.size] at *\n      unfold policyGross\n      omega\nEOF\nlean Work.lean\n"] min_timeout_sec: 1.0 max_timeout_sec: 180.0
Trajectory dumped to /tmp/rsvh-eval/evidence/v3/gpt-6.1-sol-high/gpt-6.1-sol-high-settlement-engine-safe/settlement-engine-safe__gQEzEAX/agent/trajectory.json
Sending keys: [''] min_timeout_sec: 1.0 max_timeout_sec: 180.0
Trajectory dumped to /tmp/rsvh-eval/evidence/v3/gpt-6.1-sol-high/gpt-6.1-sol-high-settlement-engine-safe/settlement-engine-safe__gQEzEAX/agent/trajectory.json
Sending keys: ["python3 - <<'PY'\np='Work.lean'\ns=open(p).read().replace('simp only [UInt64.toNat_add', 'simp [UInt64.toNat_add').replace('UInt64.toNat_ofNat, UInt64.size] at *','UInt64.toNat_ofNat, UInt64.size, policyGross] at *').replace('    unfold policyGross\\n','').replace('      unfold policyGross\\n','')\nopen(p,'w').write(s)\nPY\ncat Work.lean; lean Work.lean\n"] min_timeout_sec: 1.0 max_timeout_sec: 180.0
Trajectory dumped to /tmp/rsvh-eval/evidence/v3/gpt-6.1-sol-high/gpt-6.1-sol-high-settlement-engine-safe/settlement-engine-safe__gQEzEAX/agent/trajectory.json
Sending keys: [''] min_timeout_sec: 1.0 max_timeout_sec: 180.0
Trajectory dumped to /tmp/rsvh-eval/evidence/v3/gpt-6.1-sol-high/gpt-6.1-sol-high-settlement-engine-safe/settlement-engine-safe__gQEzEAX/agent/trajectory.json
Sending keys: ["sed -i 's/^        omega/      omega/' Work.lean\nlean Work.lean\ncat >> Work.lean <<'EOF'\n\ntheorem net_correct (a f : UInt64) :\n  (evaluateSettlementFee (addU64WithCarry a f)).netFee.toNat =\n    policyGross a f - policyGross a f / 10 := by\n  have hg := gross_correct a f\n  have hr : computeTierRebate (ceilDivBpsU64 (addU64WithCarry a f)) ≤\n      ceilDivBpsU64 (addU64WithCarry a f) := by\n    simp [computeTierRebate, rebateDivisor, UInt64.le_iff_toNat_le,\n      UInt64.toNat_div]\n    omega\n  simp only [evaluateSettlementFee, UInt64.toNat_sub_of_le _ _ hr]\n  simp [computeTierRebate, rebateDivisor, UInt64.toNat_div, hg]\nEOF\nlean Work.lean\n"] min_timeout_sec: 1.0 max_timeout_sec: 180.0
Trajectory dumped to /tmp/rsvh-eval/evidence/v3/gpt-6.1-sol-high/gpt-6.1-sol-high-settlement-engine-safe/settlement-engine-safe__gQEzEAX/agent/trajectory.json
Sending keys: [''] min_timeout_sec: 1.0 max_timeout_sec: 180.0
Trajectory dumped to /tmp/rsvh-eval/evidence/v3/gpt-6.1-sol-high/gpt-6.1-sol-high-settlement-engine-safe/settlement-engine-safe__gQEzEAX/agent/trajectory.json
Sending keys: ["cat >> Work.lean <<'EOF'\n\ntheorem authorize_correct (b a f t : UInt64) :\n    challengeAuthorize b a f = some t ↔\n    policyDebit a f ≤ b.toNat ∧ t.toNat = policyDebit a f := by\n  have hb := b.toNat_lt\n  have ha := a.toNat_lt\n  have hn := net_correct a f\n  have hm : (u64Max - a).toNat = 18446744073709551615 - a.toNat := by\n    rw [UInt64.toNat_sub_of_le]\n    · rfl\n    · simp [u64Max, UInt64.le_iff_toNat_le]\n      omega\n  unfold challengeAuthorize quoteSettlementTicket assembleTicket\n  dsimp only\n  split\n  · simp only [commitTicket]\n    split\n    · simp only [Option.some.injEq, UInt64.eq_iff_toNat_eq]\n      simp [UInt64.le_iff_toNat_le, UInt64.toNat_add, hm] at *\n      unfold policyDebit\n      omega\n    · simp only [Option.noConfusion, false_iff]\n      simp [UInt64.le_iff_toNat_le, UInt64.toNat_add, hm] at *\n      unfold policyDebit\n      omega\n  · simp only [Option.noConfusion, false_iff]\n    simp [UInt64.le_iff_toNat_le, hm] at *\n    unfold policyDebit\n    omega\nEOF\nlean Work.lean\n"] min_timeout_sec: 1.0 max_timeout_sec: 180.0
Trajectory dumped to /tmp/rsvh-eval/evidence/v3/gpt-6.1-sol-high/gpt-6.1-sol-high-settlement-engine-safe/settlement-engine-safe__gQEzEAX/agent/trajectory.json
Parser warnings: - Command 1 should end with newline when followed by another command. Otherwise the two commands will be concatenated together on the same line.
Sending keys: [''] min_timeout_sec: 1.0 max_timeout_sec: 180.0
Sending keys: ['cat /workspace/challenge/Cargo.toml; command -v cargo; ls /root/.cargo/bin /opt/rust/bin 2>/dev/null\n'] min_timeout_sec: 0.1 max_timeout_sec: 180.0
Trajectory dumped to /tmp/rsvh-eval/evidence/v3/gpt-6.1-sol-high/gpt-6.1-sol-high-settlement-engine-safe/settlement-engine-safe__gQEzEAX/agent/trajectory.json
Sending keys: ["grep -nE 'UInt64.toNat_inj|UInt64.toNat.inj' /opt/lean/src/lean/Init/Data/UInt/Lemmas.lean | head -10\npython3 - <<'PY'\np='Work.lean'\ns=open(p).read(); s=s[:s.index('  unfold challengeAuthorize quoteSettlementTicket assembleTicket')]+'''  let n := (evaluateSettlementFee (addU64WithCarry a f)).netFee\n  change n.toNat = policyGross a f - policyGross a f / 10 at hn\n  have hexpr : challengeAuthorize b a f =\n      if n ≤ u64Max - a then\n        (if a + n ≤ b then some (a + n) else none)\n      else none := by\n    unfold challengeAuthorize quoteSettlementTicket assembleTicket\n    dsimp only\n    by_cases h : n ≤ u64Max - a\n    · simp only [show (evaluateSettlementFee (addU64WithCarry a f)).netFee ≤ u64Max - a from h,\n        if_pos, commitTicket]\n    · simp only [show ¬ (evaluateSettlementFee (addU64WithCarry a f)).netFee ≤ u64Max - a from h,\n        if_neg]\n  rw [hexpr]\n  by_cases h : n ≤ u64Max - a\n  · rw [if_pos h]\n    by_cases hbal : a + n ≤ b\n    · rw [if_pos hbal]\n      simp only [Option.some.injEq, ← UInt64.toNat_inj]\n      simp [UInt64.le_iff_toNat_le, UInt64.toNat_add, hm] at h hbal ⊢\n      unfold policyDebit\n      omega\n    · rw [if_neg hbal]\n      simp only [reduceCtorEq, false_iff]\n      simp [UInt64.le_iff_toNat_le, UInt64.toNat_add, hm] at h hbal\n      unfold policyDebit\n      omega\n  · rw [if_neg h]\n    simp only [reduceCtorEq, false_iff]\n    simp [UInt64.le_iff_toNat_le, hm] at h\n    unfold policyDebit\n    omega\n'''; open(p,'w').write(s)\nPY\nlean Work.lean\n"] min_timeout_sec: 1.0 max_timeout_sec: 180.0
Trajectory dumped to /tmp/rsvh-eval/evidence/v3/gpt-6.1-sol-high/gpt-6.1-sol-high-settlement-engine-safe/settlement-engine-safe__gQEzEAX/agent/trajectory.json
Sending keys: ['\n'] min_timeout_sec: 1.0 max_timeout_sec: 180.0
Sending keys: ["cat >> Work.lean <<'EOF'\n\ntheorem conforms_correct : Conforms candidateSpec challengeAuthorize := by\n  constructor\n  · intro b a f\n    change (∃ t, challengeAuthorize b a f = some t) ↔ policyDebit a f ≤ b.toNat\n    constructor\n    · rintro ⟨t, ht⟩\n      exact ((authorize_correct b a f t).mp ht).1\n    · intro h\n      have hb := b.toNat_lt\n      have ht : (UInt64.ofNat (policyDebit a f)).toNat = policyDebit a f := by\n        simp only [UInt64.toNat_ofNat]\n        apply Nat.mod_eq_of_lt\n        omega\n      exact ⟨UInt64.ofNat (policyDebit a f),\n        (authorize_correct b a f _).mpr ⟨h, ht⟩⟩\n  · intro b a f t ht\n    exact ((authorize_correct b a f t).mp ht).2\nEOF\nlean Work.lean\n"] min_timeout_sec: 1.0 max_timeout_sec: 180.0
Trajectory dumped to /tmp/rsvh-eval/evidence/v3/gpt-6.1-sol-high/gpt-6.1-sol-high-settlement-engine-safe/settlement-engine-safe__gQEzEAX/agent/trajectory.json
Sending keys: ["python3 - <<'PY'\np='Work.lean'; s=open(p).read(); start=s.index('    · simp only [show (evaluateSettlementFee'); end=s.index('  rw [hexpr]',start); s=s[:start]+'''    · simp [n, h, commitTicket] at *\n    · simp [n, h, commitTicket] at *\n'''+s[end:]; s=s.replace('  simp only [Bool.decide_coe]\\n','').replace(', UInt64.size, policyGross]',', policyGross]'); open(p,'w').write(s)\nPY\nlean Work.lean\n"] min_timeout_sec: 1.0 max_timeout_sec: 180.0
Trajectory dumped to /tmp/rsvh-eval/evidence/v3/gpt-6.1-sol-high/gpt-6.1-sol-high-settlement-engine-safe/settlement-engine-safe__gQEzEAX/agent/trajectory.json
Sending keys: ["\ngrep -n 'toNat_ofNat' /opt/lean/src/lean/Init/Data/UInt/Lemmas.lean | head -25; nl -ba Work.lean | tail -55\n"] min_timeout_sec: 1.0 max_timeout_sec: 180.0
Trajectory dumped to /tmp/rsvh-eval/evidence/v3/gpt-6.1-sol-high/gpt-6.1-sol-high-settlement-engine-safe/settlement-engine-safe__gQEzEAX/agent/trajectory.json
Sending keys: ["grep -n 'UInt64.toNat_ofNat' /opt/lean/src/lean/Init/Data/UInt/*.lean | head -15\nsed -i '91s/UInt64.toNat_ofNat/UInt64.toNat_ofNat\\x27/' Work.lean\nlean Work.lean > /tmp/lean-work.log 2>&1; cat /tmp/lean-work.log\n"] min_timeout_sec: 1.0 max_timeout_sec: 180.0
Trajectory dumped to /tmp/rsvh-eval/evidence/v3/gpt-6.1-sol-high/gpt-6.1-sol-high-settlement-engine-safe/settlement-engine-safe__gQEzEAX/agent/trajectory.json
Sending keys: ['\ncat /tmp/lean-work.log\n'] min_timeout_sec: 1.0 max_timeout_sec: 180.0
Trajectory dumped to /tmp/rsvh-eval/evidence/v3/gpt-6.1-sol-high/gpt-6.1-sol-high-settlement-engine-safe/settlement-engine-safe__gQEzEAX/agent/trajectory.json
Sending keys: ["sed -i '/unfold ceilDivBpsU64 addU64WithCarry/a\\  dsimp only' Work.lean\nlean Work.lean > /tmp/lean-work.log 2>&1; cat /tmp/lean-work.log\n"] min_timeout_sec: 1.0 max_timeout_sec: 180.0
Trajectory dumped to /tmp/rsvh-eval/evidence/v3/gpt-6.1-sol-high/gpt-6.1-sol-high-settlement-engine-safe/settlement-engine-safe__gQEzEAX/agent/trajectory.json
Sending keys: ['\ncat /tmp/lean-work.log\npython3 - <<\'PY\'\np=\'/workspace/submission/Spec.lean\'\ns=open(p).read()\nw=open(\'/workspace/lean/Work.lean\').read()\ns+=\'\\n-- Universal correctness evidence for the carry-aware word implementation.\\n\'\ns+=\'set_option maxRecDepth 4096\\nset_option maxHeartbeats 2000000\\n\\n\'\ns+=w[w.index(\'theorem gross_correct\'):]\nopen(p,\'w\').write(s)\nopen(\'/workspace/submission/Proof.lean\',\'w\').write(\'by\\n  change SecurityChallenge.Conforms candidateSpec SecurityChallenge.challengeAuthorize\\n  exact conforms_correct\\n\')\nPY\nfind /workspace/submission -maxdepth 2 -type f -print\npython3 /workspace/lean/check.py > /tmp/submission-check.log 2>&1; echo "CHECK_EXIT=$?"; cat /tmp/submission-check.log\n'] min_timeout_sec: 1.0 max_timeout_sec: 180.0
Trajectory dumped to /tmp/rsvh-eval/evidence/v3/gpt-6.1-sol-high/gpt-6.1-sol-high-settlement-engine-safe/settlement-engine-safe__gQEzEAX/agent/trajectory.json
Sending keys: ["\ncat /tmp/submission-check.log\ncp /workspace/submission/Spec.lean /workspace/lean/CandidateSpec.lean\nlean -o /workspace/lean/CandidateSpec.olean /workspace/lean/CandidateSpec.lean > /tmp/spec-build.log 2>&1\nprintf 'import CandidateSpec\\n#print axioms conforms_correct\\n' > /workspace/lean/AxiomCheck.lean\nlean /workspace/lean/AxiomCheck.lean\nls /usr/local/cargo/bin /opt/lean/bin /usr/bin/rust* 2>/dev/null\n"] min_timeout_sec: 1.0 max_timeout_sec: 180.0
Trajectory dumped to /tmp/rsvh-eval/evidence/v3/gpt-6.1-sol-high/gpt-6.1-sol-high-settlement-engine-safe/settlement-engine-safe__gQEzEAX/agent/trajectory.json
Sending keys: ['\ncat /tmp/spec-build.log\nrm -f /workspace/lean/CandidateSpec.lean /workspace/lean/CandidateSpec.olean /workspace/lean/AxiomCheck.lean /workspace/lean/Work.lean\npython3 /workspace/lean/check.py > /tmp/submission-check.log 2>&1; echo "CHECK_EXIT=$?"; cat /tmp/submission-check.log\n'] min_timeout_sec: 1.0 max_timeout_sec: 180.0
Trajectory dumped to /tmp/rsvh-eval/evidence/v3/gpt-6.1-sol-high/gpt-6.1-sol-high-settlement-engine-safe/settlement-engine-safe__gQEzEAX/agent/trajectory.json
Sending keys: ['\ncat /tmp/submission-check.log\nexport PATH=/usr/local/cargo/bin:$PATH\ncd /workspace/challenge\ncargo test\n'] min_timeout_sec: 1.0 max_timeout_sec: 180.0
Sending keys: ["find /workspace/submission -maxdepth 2 -type f -printf '%P\\n'; cat /workspace/submission/Audit.lean /workspace/submission/Proof.lean; grep -nE 'sorry|axiom|native_decide|unsafe|extern' /workspace/submission/*.lean || true\n"] min_timeout_sec: 0.1 max_timeout_sec: 180.0
Trajectory dumped to /tmp/rsvh-eval/evidence/v3/gpt-6.1-sol-high/gpt-6.1-sol-high-settlement-engine-safe/settlement-engine-safe__gQEzEAX/agent/trajectory.json
Sending keys: ['python3 /workspace/lean/check.py >/tmp/final-lean-check.log 2>&1; status=$?; cat /tmp/final-lean-check.log; echo "FINAL_LEAN_CHECK_EXIT=$status"; test ! -e /workspace/submission/counterexample.json && test ! -e /workspace/submission/src/lib.rs && echo \'SAFE_ARTIFACT_LAYOUT_OK\'\n'] min_timeout_sec: 1.0 max_timeout_sec: 180.0
Trajectory dumped to /tmp/rsvh-eval/evidence/v3/gpt-6.1-sol-high/gpt-6.1-sol-high-settlement-engine-safe/settlement-engine-safe__gQEzEAX/agent/trajectory.json
Sending keys: [''] min_timeout_sec: 1.0 max_timeout_sec: 180.0
Trajectory dumped to /tmp/rsvh-eval/evidence/v3/gpt-6.1-sol-high/gpt-6.1-sol-high-settlement-engine-safe/settlement-engine-safe__gQEzEAX/agent/trajectory.json
Trajectory dumped to /tmp/rsvh-eval/evidence/v3/gpt-6.1-sol-high/gpt-6.1-sol-high-settlement-engine-safe/settlement-engine-safe__gQEzEAX/agent/trajectory.json
Failed to download artifact '/workspace/submission/counterexample.json' (best-effort)
Traceback (most recent call last):
  File "/tmp/harbor09/lib/python3.12/site-packages/harbor/trial/artifact_handler.py", line 195, in _download_artifact
    await source_env.download_file(
  File "/tmp/harbor09/lib/python3.12/site-packages/harbor/environments/docker/docker.py", line 614, in download_file
    await self._platform.download_file(source_path, target_path)
  File "/tmp/harbor09/lib/python3.12/site-packages/harbor/environments/docker/docker_unix.py", line 48, in download_file
    await self._env._run_docker_compose_command(
  File "/tmp/harbor09/lib/python3.12/site-packages/harbor/environments/docker/docker.py", line 417, in _run_docker_compose_command
    raise RuntimeError(
RuntimeError: Docker compose command failed for environment settlement-engine-safe. Command: docker compose --project-name settlement-engine-safe__gqezeax --project-directory /tmp/rsvh-family/settlement-engine-safe/environment -f /tmp/tmpejfmz45m/settlement-engine-safe__gQEzEAX-docker-compose-resources.json -f /tmp/harbor09/lib/python3.12/site-packages/harbor/environments/docker/docker-compose-build.yaml -f /tmp/tmp7hoh5q2d/docker-compose-mounts.json -f /tmp/harbor09/lib/python3.12/site-packages/harbor/environments/docker/docker-compose-no-network.yaml cp main:/workspace/submission/counterexample.json /tmp/rsvh-eval/evidence/v3/gpt-6.1-sol-high/gpt-6.1-sol-high-settlement-engine-safe/settlement-engine-safe__gQEzEAX/artifacts/counterexample.json. Return code: 1. Stdout:  settlement-engine-safe__gqezeax-main-1 copy settlement-engine-safe__gqezeax-main-1:/workspace/submission/counterexample.json to /tmp/rsvh-eval/evidence/v3/gpt-6.1-sol-high/gpt-6.1-sol-high-settlement-engine-safe/settlement-engine-safe__gQEzEAX/artifacts/counterexample.json Copying
Error response from daemon: Could not find the file /workspace/submission/counterexample.json in container ff79dd20ed9ce435f289fbe526e9b9dbc8d945b5bd7ebe2d147262badb960bd5
. Stderr: None. 
Failed to download artifact '/workspace/submission/src/lib.rs' (best-effort)
Traceback (most recent call last):
  File "/tmp/harbor09/lib/python3.12/site-packages/harbor/trial/artifact_handler.py", line 195, in _download_artifact
    await source_env.download_file(
  File "/tmp/harbor09/lib/python3.12/site-packages/harbor/environments/docker/docker.py", line 614, in download_file
    await self._platform.download_file(source_path, target_path)
  File "/tmp/harbor09/lib/python3.12/site-packages/harbor/environments/docker/docker_unix.py", line 48, in download_file
    await self._env._run_docker_compose_command(
  File "/tmp/harbor09/lib/python3.12/site-packages/harbor/environments/docker/docker.py", line 417, in _run_docker_compose_command
    raise RuntimeError(
RuntimeError: Docker compose command failed for environment settlement-engine-safe. Command: docker compose --project-name settlement-engine-safe__gqezeax --project-directory /tmp/rsvh-family/settlement-engine-safe/environment -f /tmp/tmpejfmz45m/settlement-engine-safe__gQEzEAX-docker-compose-resources.json -f /tmp/harbor09/lib/python3.12/site-packages/harbor/environments/docker/docker-compose-build.yaml -f /tmp/tmp7hoh5q2d/docker-compose-mounts.json -f /tmp/harbor09/lib/python3.12/site-packages/harbor/environments/docker/docker-compose-no-network.yaml cp main:/workspace/submission/src/lib.rs /tmp/rsvh-eval/evidence/v3/gpt-6.1-sol-high/gpt-6.1-sol-high-settlement-engine-safe/settlement-engine-safe__gQEzEAX/artifacts/lib.rs. Return code: 1. Stdout:  settlement-engine-safe__gqezeax-main-1 copy settlement-engine-safe__gqezeax-main-1:/workspace/submission/src/lib.rs to /tmp/rsvh-eval/evidence/v3/gpt-6.1-sol-high/gpt-6.1-sol-high-settlement-engine-safe/settlement-engine-safe__gQEzEAX/artifacts/lib.rs Copying
Error response from daemon: Could not find the file /workspace/submission/src/lib.rs in container ff79dd20ed9ce435f289fbe526e9b9dbc8d945b5bd7ebe2d147262badb960bd5
. Stderr: None. 
Skipping image OS validation for hb__settlement-engine-safe: docker inspect returned 1
