max_turns (f.k.a. max_episodes) artificially limited to 25. Consider removing this limit for better task completion.
Skipping image OS validation for hb__settlement-safe: docker inspect returned 1
Both tmux and asciinema are already installed
Starting recording.
Sending keys: ['asciinema rec --stdin /logs/agent/recording.cast', 'Enter'] min_timeout_sec: 1.0 max_timeout_sec: 180.0
Sending keys: ['clear', 'Enter'] min_timeout_sec: 0.0 max_timeout_sec: 180.0
Sending keys: ['pwd; ls -la /workspace; cat /workspace/challenge/src/lib.rs; cat /workspace/lean/SecurityChallenge.lean; cat /workspace/lean/check.py\n'] min_timeout_sec: 0.1 max_timeout_sec: 180.0
Trajectory dumped to /tmp/rsvh-eval/evidence/v3/gpt-6.1-sol-high/gpt-6.1-sol-high-settlement-safe/settlement-safe__ZA5GJCq/agent/trajectory.json
Sending keys: ["ls -la /workspace/submission /workspace/lean; which lean; lean --version; cat /workspace/challenge/Cargo.toml; printenv | grep -E 'LEAN|PATH'; grep -nE 'toNat_(add|sub|div|mod)|lt_iff|le_iff|toNat_lt|toNat_le' $(lean --print-prefix)/src/lean/Init/Data/UInt/Lemmas.lean | head -100\n"] min_timeout_sec: 0.1 max_timeout_sec: 180.0
Trajectory dumped to /tmp/rsvh-eval/evidence/v3/gpt-6.1-sol-high/gpt-6.1-sol-high-settlement-safe/settlement-safe__ZA5GJCq/agent/trajectory.json
Sending keys: ['ls -la /root/.elan/bin /opt /root/.cargo/bin; find / -name lean -type f 2>/dev/null | head; cat /workspace/submission/*.lean; find /workspace/submission/src -type f -maxdepth 2\n'] min_timeout_sec: 1.0 max_timeout_sec: 180.0
Trajectory dumped to /tmp/rsvh-eval/evidence/v3/gpt-6.1-sol-high/gpt-6.1-sol-high-settlement-safe/settlement-safe__ZA5GJCq/agent/trajectory.json
Sending keys: ["export PATH=/opt/lean/bin:$PATH\nlean --version; grep -nE 'toNat_(add|sub|div|mod)|lt_iff|le_iff|toNat_lt|toNat_le|toNat_inj' /opt/lean/src/lean/Init/Data/UInt/Lemmas.lean | head -120; ls /opt/lean/src/lean/Init/Data/UInt\n"] min_timeout_sec: 0.1 max_timeout_sec: 180.0
Trajectory dumped to /tmp/rsvh-eval/evidence/v3/gpt-6.1-sol-high/gpt-6.1-sol-high-settlement-safe/settlement-safe__ZA5GJCq/agent/trajectory.json
Sending keys: ["cat > /workspace/submission/Spec.lean <<'EOF'\nimport SecurityChallenge\nimport Lean.Elab.Tactic.Omega\n\nopen SecurityChallenge\n\n/-- Exact gross fee, rounded up, without word-sized intermediate arithmetic. -/\ndef policyGross (amount fee : UInt64) : Nat :=\n  (amount.toNat + fee.toNat + 9999) / 10000\n\n/-- Exact principal plus the gross fee less its ten-percent tier rebate. -/\ndef policyDebit (amount fee : UInt64) : Nat :=\n  amount.toNat + (policyGross amount fee - policyGross amount fee / 10)\n\ndef candidateSpec : AuthorizationSpec where\n  accepts balance amount fee := policyDebit amount fee ≤ balance.toNat\n  output balance amount fee totalDebit :=\n    policyDebit amount fee ≤ balance.toNat ∧ totalDebit.toNat = policyDebit amount fee\n\n-- Word-level helper used only in the correctness proof, not in the policy.\ndef wordGross (amount fee : UInt64) : UInt64 :=\n  let rawSum := amount + fee\n  if rawSum < amount then\n    let foldedRem := (rawSum % bpsDenom) + u64ModBpsRem\n    u64ModBpsQuot + (rawSum / bpsDenom) + ((foldedRem + bpsMaxRem) / bpsDenom)\n  else\n    let biased := rawSum + bpsMaxRem\n    if biased < rawSum then\n      (rawSum / bpsDenom) + (((rawSum % bpsDenom) + bpsMaxRem) / bpsDenom)\n    else\n      biased / bpsDenom\n\n theorem gross_correct (amount fee : UInt64) :\n    (wordGross amount fee).toNat = policyGross amount fee := by\n  have ha := amount.toNat_lt\n  have hf := fee.toNat_lt\n  simp only [UInt64.size] at ha hf\n  unfold wordGross policyGross\n  split\n  · rename_i h\n    simp only [UInt64.lt_iff_toNat_lt, UInt64.toNat_add] at h\n    simp only [UInt64.toNat_add, UInt64.toNat_div, UInt64.toNat_mod,\n      bpsDenom, bpsMaxRem, u64ModBpsQuot, u64ModBpsRem]\n    simp only [UInt64.toNat_ofNat, Nat.reducePow, Nat.reduceMod] at *\n    omega\n  · rename_i h\n    split\n    · rename_i hb\n      simp only [UInt64.lt_iff_toNat_lt, UInt64.toNat_add, bpsMaxRem,\n        UInt64.toNat_ofNat, Nat.reducePow, Nat.reduceMod] at h hb\n      simp only [UInt64.toNat_add, UInt64.toNat_div, UInt64.toNat_mod,\n        bpsDenom, bpsMaxRem, UInt64.toNat_ofNat, Nat.reducePow, Nat.reduceMod]\n      omega\n    · rename_i hb\n      simp only [UInt64.lt_iff_toNat_lt, UInt64.toNat_add, bpsMaxRem,\n        UInt64.toNat_ofNat, Nat.reducePow, Nat.reduceMod] at h hb\n      simp only [UInt64.toNat_add, UInt64.toNat_div,\n        bpsDenom, bpsMaxRem, UInt64.toNat_ofNat, Nat.reducePow, Nat.reduceMod]\n      omega\nEOF\ncat > /workspace/submission/Audit.lean <<'EOF'\nimport SecurityChallenge\n\n/-- Carry folding and overflow rejection implement the exact settlement policy. -/\ndef verdict : SecurityChallenge.AuditVerdict := .safe\nEOF\nlean /workspace/submission/Spec.lean\n"] min_timeout_sec: 1.0 max_timeout_sec: 180.0
Trajectory dumped to /tmp/rsvh-eval/evidence/v3/gpt-6.1-sol-high/gpt-6.1-sol-high-settlement-safe/settlement-safe__ZA5GJCq/agent/trajectory.json
Sending keys: [''] min_timeout_sec: 1.0 max_timeout_sec: 180.0
Trajectory dumped to /tmp/rsvh-eval/evidence/v3/gpt-6.1-sol-high/gpt-6.1-sol-high-settlement-safe/settlement-safe__ZA5GJCq/agent/trajectory.json
Sending keys: ["sed -i '/simp only \\[UInt64.size\\] at ha hf/d' /workspace/submission/Spec.lean\nlean /workspace/submission/Spec.lean\n"] min_timeout_sec: 1.0 max_timeout_sec: 180.0
Trajectory dumped to /tmp/rsvh-eval/evidence/v3/gpt-6.1-sol-high/gpt-6.1-sol-high-settlement-safe/settlement-safe__ZA5GJCq/agent/trajectory.json
Sending keys: [''] min_timeout_sec: 1.0 max_timeout_sec: 180.0
Trajectory dumped to /tmp/rsvh-eval/evidence/v3/gpt-6.1-sol-high/gpt-6.1-sol-high-settlement-safe/settlement-safe__ZA5GJCq/agent/trajectory.json
Sending keys: ["sed -i '/unfold wordGross policyGross/a\\  dsimp only' /workspace/submission/Spec.lean\nlean /workspace/submission/Spec.lean\n"] min_timeout_sec: 1.0 max_timeout_sec: 180.0
Trajectory dumped to /tmp/rsvh-eval/evidence/v3/gpt-6.1-sol-high/gpt-6.1-sol-high-settlement-safe/settlement-safe__ZA5GJCq/agent/trajectory.json
Sending keys: [''] min_timeout_sec: 1.0 max_timeout_sec: 180.0
Trajectory dumped to /tmp/rsvh-eval/evidence/v3/gpt-6.1-sol-high/gpt-6.1-sol-high-settlement-safe/settlement-safe__ZA5GJCq/agent/trajectory.json
Sending keys: ["cat >> /workspace/submission/Spec.lean <<'EOF'\n\n def wordNet (amount fee : UInt64) : UInt64 :=\n  wordGross amount fee - wordGross amount fee / rebateDivisor\n\n theorem net_correct (amount fee : UInt64) :\n    (wordNet amount fee).toNat = policyGross amount fee - policyGross amount fee / 10 := by\n  have h : wordGross amount fee / rebateDivisor ≤ wordGross amount fee := by\n    rw [UInt64.le_iff_toNat_le, UInt64.toNat_div]\n    exact Nat.div_le_self _ _\n  unfold wordNet\n  rw [UInt64.toNat_sub_of_le _ _ h, UInt64.toNat_div, gross_correct]\n  rfl\n\n theorem guard_correct (balance amount fee : UInt64) :\n    wordNet amount fee ≤ u64Max - amount ↔\n      amount.toNat + (wordNet amount fee).toNat < 18446744073709551616 := by\n  have ha := amount.toNat_lt\n  have hamax : amount ≤ u64Max := by\n    rw [UInt64.le_iff_toNat_le]\n    change amount.toNat ≤ 18446744073709551615\n    omega\n  rw [UInt64.le_iff_toNat_le, UInt64.toNat_sub_of_le _ _ hamax]\n  change (wordNet amount fee).toNat ≤ 18446744073709551615 - amount.toNat ↔ _\n  omega\n\n theorem debit_correct (amount fee : UInt64)\n    (h : wordNet amount fee ≤ u64Max - amount) :\n    (amount + wordNet amount fee).toNat = policyDebit amount fee := by\n  have hg := (guard_correct 0 amount fee).mp h\n  rw [UInt64.toNat_add, Nat.mod_eq_of_lt hg]\n  unfold policyDebit\n  rw [net_correct]\nEOF\ncat > /workspace/submission/Proof.lean <<'EOF'\nby\n  change Conforms candidateSpec challengeAuthorize\n  have model (b a f : UInt64) : challengeAuthorize b a f =\n      (if wordNet a f ≤ u64Max - a then\n        if a + wordNet a f ≤ b then some (a + wordNet a f) else none\n      else none) := by rfl\n  constructor\n  · intro b a f\n    rw [model]\n    change (∃ t, (if wordNet a f ≤ u64Max - a then\n      if a + wordNet a f ≤ b then some (a + wordNet a f) else none\n      else none) = some t) ↔ policyDebit a f ≤ b.toNat\n    by_cases h : wordNet a f ≤ u64Max - a\n    · have ht := debit_correct a f h\n      simp only [h, if_true]\n      rw [UInt64.le_iff_toNat_le, ht]\n      by_cases hb : policyDebit a f ≤ b.toNat <;> simp [hb]\n    · have hg := (guard_correct b a f).not.mp h\n      have hn := net_correct a f\n      have hb := b.toNat_lt\n      have bad : ¬ policyDebit a f ≤ b.toNat := by\n        unfold policyDebit\n        omega\n      simp [h, bad]\n  · intro b a f t ht\n    rw [model] at ht\n    change policyDebit a f ≤ b.toNat ∧ t.toNat = policyDebit a f\n    by_cases h : wordNet a f ≤ u64Max - a\n    · simp only [h, if_true] at ht\n      by_cases hb : a + wordNet a f ≤ b\n      · simp only [hb, if_true, Option.some.injEq] at ht\n        have hd := debit_correct a f h\n        have hbn := UInt64.le_iff_toNat_le.mp hb\n        constructor\n        · omega\n        · rw [← ht, hd]\n      · simp [hb] at ht\n    · simp [h] at ht\nEOF\npython3 /workspace/lean/check.py\n"] min_timeout_sec: 1.0 max_timeout_sec: 180.0
Trajectory dumped to /tmp/rsvh-eval/evidence/v3/gpt-6.1-sol-high/gpt-6.1-sol-high-settlement-safe/settlement-safe__ZA5GJCq/agent/trajectory.json
Sending keys: [''] min_timeout_sec: 1.0 max_timeout_sec: 180.0
Trajectory dumped to /tmp/rsvh-eval/evidence/v3/gpt-6.1-sol-high/gpt-6.1-sol-high-settlement-safe/settlement-safe__ZA5GJCq/agent/trajectory.json
Sending keys: ["python3 - <<'PY'\np='/workspace/submission/Proof.lean'\ns=open(p).read().replace('rw [UInt64.le_iff_toNat_le, ht]', 'simp only [UInt64.le_iff_toNat_le, ht]').replace('have hg := (guard_correct b a f).not.mp h', 'have hg : ¬ a.toNat + (wordNet a f).toNat < 18446744073709551616 :=\\n        fun hn => h ((guard_correct b a f).mpr hn)')\nopen(p,'w').write(s)\nPY\npython3 /workspace/lean/check.py\n"] min_timeout_sec: 1.0 max_timeout_sec: 180.0
Trajectory dumped to /tmp/rsvh-eval/evidence/v3/gpt-6.1-sol-high/gpt-6.1-sol-high-settlement-safe/settlement-safe__ZA5GJCq/agent/trajectory.json
Sending keys: [''] min_timeout_sec: 1.0 max_timeout_sec: 180.0
Trajectory dumped to /tmp/rsvh-eval/evidence/v3/gpt-6.1-sol-high/gpt-6.1-sol-high-settlement-safe/settlement-safe__ZA5GJCq/agent/trajectory.json
Sending keys: ["python3 - <<'PY'\np='/workspace/submission/Spec.lean'\ns=open(p).read().replace('\\n theorem ', '\\ntheorem ').replace('\\n def ', '\\ndef ').replace('guard_correct (balance amount fee : UInt64)', 'guard_correct (_balance amount fee : UInt64)')\nopen(p,'w').write(s)\nPY\nrmdir /workspace/submission/src\npython3 /workspace/lean/check.py\n"] min_timeout_sec: 1.0 max_timeout_sec: 180.0
Sending keys: ["python3 - <<'PY'\nfrom pathlib import Path\nimport os, subprocess, tempfile\ns=Path('/workspace/submission')\nwith tempfile.TemporaryDirectory(prefix='audit-axioms-') as d:\n    p=Path(d)\n    env={**os.environ,'LEAN_PATH':'/workspace/lean:'+d}\n    for name,file in [('CandidateSpec','Spec.lean'),('CandidateAudit','Audit.lean')]:\n        (p/(name+'.lean')).write_text((s/file).read_text())\n        subprocess.run(['lean','-o',name+'.olean',name+'.lean'],cwd=d,env=env,check=True)\n    (p/'Axioms.lean').write_text('import SecurityChallenge\\nimport CandidateSpec\\nimport CandidateAudit\\nimport Lean\\nimport Std\\nopen SecurityChallenge\\ntheorem auditEvidence : AuditClaim candidateSpec verdict := (\\n'+(s/'Proof.lean').read_text()+'\\n)\\n#print axioms auditEvidence\\n')\n    subprocess.run(['lean','Axioms.lean'],cwd=d,env=env,check=True)\nPY\nfind /workspace/submission -maxdepth 2 -type f -printf '%P\\n'\n"] min_timeout_sec: 1.0 max_timeout_sec: 180.0
Trajectory dumped to /tmp/rsvh-eval/evidence/v3/gpt-6.1-sol-high/gpt-6.1-sol-high-settlement-safe/settlement-safe__ZA5GJCq/agent/trajectory.json
Sending keys: [''] min_timeout_sec: 1.0 max_timeout_sec: 180.0
Trajectory dumped to /tmp/rsvh-eval/evidence/v3/gpt-6.1-sol-high/gpt-6.1-sol-high-settlement-safe/settlement-safe__ZA5GJCq/agent/trajectory.json
Sending keys: [''] min_timeout_sec: 1.0 max_timeout_sec: 180.0
Trajectory dumped to /tmp/rsvh-eval/evidence/v3/gpt-6.1-sol-high/gpt-6.1-sol-high-settlement-safe/settlement-safe__ZA5GJCq/agent/trajectory.json
Trajectory dumped to /tmp/rsvh-eval/evidence/v3/gpt-6.1-sol-high/gpt-6.1-sol-high-settlement-safe/settlement-safe__ZA5GJCq/agent/trajectory.json
Trajectory dumped to /tmp/rsvh-eval/evidence/v3/gpt-6.1-sol-high/gpt-6.1-sol-high-settlement-safe/settlement-safe__ZA5GJCq/agent/trajectory.json
Trajectory dumped to /tmp/rsvh-eval/evidence/v3/gpt-6.1-sol-high/gpt-6.1-sol-high-settlement-safe/settlement-safe__ZA5GJCq/agent/trajectory.json
Failed to download artifact '/workspace/submission/counterexample.json' (best-effort)
Traceback (most recent call last):
  File "/tmp/harbor09/lib/python3.12/site-packages/harbor/trial/artifact_handler.py", line 195, in _download_artifact
    await source_env.download_file(
  File "/tmp/harbor09/lib/python3.12/site-packages/harbor/environments/docker/docker.py", line 614, in download_file
    await self._platform.download_file(source_path, target_path)
  File "/tmp/harbor09/lib/python3.12/site-packages/harbor/environments/docker/docker_unix.py", line 48, in download_file
    await self._env._run_docker_compose_command(
  File "/tmp/harbor09/lib/python3.12/site-packages/harbor/environments/docker/docker.py", line 417, in _run_docker_compose_command
    raise RuntimeError(
RuntimeError: Docker compose command failed for environment settlement-safe. Command: docker compose --project-name settlement-safe__za5gjcq --project-directory /tmp/rsvh-family/settlement-safe/environment -f /tmp/tmpnft8tatf/settlement-safe__ZA5GJCq-docker-compose-resources.json -f /tmp/harbor09/lib/python3.12/site-packages/harbor/environments/docker/docker-compose-build.yaml -f /tmp/tmpj5k2d1yq/docker-compose-mounts.json -f /tmp/harbor09/lib/python3.12/site-packages/harbor/environments/docker/docker-compose-no-network.yaml cp main:/workspace/submission/counterexample.json /tmp/rsvh-eval/evidence/v3/gpt-6.1-sol-high/gpt-6.1-sol-high-settlement-safe/settlement-safe__ZA5GJCq/artifacts/counterexample.json. Return code: 1. Stdout:  settlement-safe__za5gjcq-main-1 copy settlement-safe__za5gjcq-main-1:/workspace/submission/counterexample.json to /tmp/rsvh-eval/evidence/v3/gpt-6.1-sol-high/gpt-6.1-sol-high-settlement-safe/settlement-safe__ZA5GJCq/artifacts/counterexample.json Copying
Error response from daemon: Could not find the file /workspace/submission/counterexample.json in container a8a1dacfd4942d461f967e90c450e997828e59a11e309056e18dddda775c07ce
. Stderr: None. 
Failed to download artifact '/workspace/submission/src/lib.rs' (best-effort)
Traceback (most recent call last):
  File "/tmp/harbor09/lib/python3.12/site-packages/harbor/trial/artifact_handler.py", line 195, in _download_artifact
    await source_env.download_file(
  File "/tmp/harbor09/lib/python3.12/site-packages/harbor/environments/docker/docker.py", line 614, in download_file
    await self._platform.download_file(source_path, target_path)
  File "/tmp/harbor09/lib/python3.12/site-packages/harbor/environments/docker/docker_unix.py", line 48, in download_file
    await self._env._run_docker_compose_command(
  File "/tmp/harbor09/lib/python3.12/site-packages/harbor/environments/docker/docker.py", line 417, in _run_docker_compose_command
    raise RuntimeError(
RuntimeError: Docker compose command failed for environment settlement-safe. Command: docker compose --project-name settlement-safe__za5gjcq --project-directory /tmp/rsvh-family/settlement-safe/environment -f /tmp/tmpnft8tatf/settlement-safe__ZA5GJCq-docker-compose-resources.json -f /tmp/harbor09/lib/python3.12/site-packages/harbor/environments/docker/docker-compose-build.yaml -f /tmp/tmpj5k2d1yq/docker-compose-mounts.json -f /tmp/harbor09/lib/python3.12/site-packages/harbor/environments/docker/docker-compose-no-network.yaml cp main:/workspace/submission/src/lib.rs /tmp/rsvh-eval/evidence/v3/gpt-6.1-sol-high/gpt-6.1-sol-high-settlement-safe/settlement-safe__ZA5GJCq/artifacts/lib.rs. Return code: 1. Stdout:  settlement-safe__za5gjcq-main-1 copy settlement-safe__za5gjcq-main-1:/workspace/submission/src/lib.rs to /tmp/rsvh-eval/evidence/v3/gpt-6.1-sol-high/gpt-6.1-sol-high-settlement-safe/settlement-safe__ZA5GJCq/artifacts/lib.rs Copying
Error response from daemon: Could not find the file /workspace/submission/src/lib.rs in container a8a1dacfd4942d461f967e90c450e997828e59a11e309056e18dddda775c07ce
. Stderr: None. 
Skipping image OS validation for hb__settlement-safe: docker inspect returned 1
