max_turns (f.k.a. max_episodes) artificially limited to 25. Consider removing this limit for better task completion.
Skipping image OS validation for hb__succinct-safe: docker inspect returned 1
Both tmux and asciinema are already installed
Starting recording.
Sending keys: ['asciinema rec --stdin /logs/agent/recording.cast', 'Enter'] min_timeout_sec: 1.0 max_timeout_sec: 180.0
Sending keys: ['clear', 'Enter'] min_timeout_sec: 0.0 max_timeout_sec: 180.0
Sending keys: ['cat /workspace/challenge/src/lib.rs\n'] min_timeout_sec: 0.1 max_timeout_sec: 180.0
Sending keys: ['cat /workspace/lean/SecurityChallenge.lean\n'] min_timeout_sec: 0.1 max_timeout_sec: 180.0
Sending keys: ['cat /workspace/lean/check.py; ls -la /workspace/lean; ls -la /workspace/submission\n'] min_timeout_sec: 0.1 max_timeout_sec: 180.0
Trajectory dumped to /tmp/rsvh-eval/evidence/v3/gpt-6.1-sol-high/gpt-6.1-sol-high-succinct-safe/succinct-safe__oYsCe2P/agent/trajectory.json
Sending keys: ["cat /workspace/submission/{Spec,Audit,Proof}.lean; cat /workspace/lean/lean-toolchain; which lean; lean --version; ls /opt/rvb-deps; grep -R 'UInt64\\|ofNat\\|toNat' $(lean --print-prefix)/src/lean/Std/Tactic/BVDecide -n | head -60\n"] min_timeout_sec: 0.1 max_timeout_sec: 180.0
Sending keys: ['ls /opt/rvb-deps/.lake/build/lib/lean/Mathlib/Tactic | head; cat /workspace/challenge/Cargo.toml\n'] min_timeout_sec: 0.1 max_timeout_sec: 180.0
Trajectory dumped to /tmp/rsvh-eval/evidence/v3/gpt-6.1-sol-high/gpt-6.1-sol-high-succinct-safe/succinct-safe__oYsCe2P/agent/trajectory.json
Sending keys: ["grep -n 'theorem.*\\(toNat_\\|le_iff\\|lt_iff\\)' /opt/lean/src/lean/Init/Data/UInt/Lemmas.lean | tail -90; ls /opt/lean/bin; find /opt/rvb-deps/packages -maxdepth 2 -type d | head\n"] min_timeout_sec: 0.1 max_timeout_sec: 180.0
Sending keys: ["cat > /workspace/submission/Spec.lean <<'EOF'\nimport SecurityChallenge\nimport Std.Tactic.BVDecide\nopen SecurityChallenge\n\n/-- An individual fee byte, interpreted as a natural number. -/\ndef feeByte (fee : UInt64) (i : Nat) : Nat :=\n  (fee.toNat / 2 ^ (8 * i)) % 256\n\ndef byteCharge (b : Nat) : Nat := (if b = 0 then 0 else 256) + b\n\n/-- Settlement uses exact arithmetic, including the half-principal rounded down. -/\ndef exactDebit (amount fee : UInt64) : Nat :=\n  amount.toNat / 2 +\n  byteCharge (feeByte fee 0) + byteCharge (feeByte fee 1) +\n  byteCharge (feeByte fee 2) + byteCharge (feeByte fee 3) +\n  byteCharge (feeByte fee 4) + byteCharge (feeByte fee 5) +\n  byteCharge (feeByte fee 6) + byteCharge (feeByte fee 7)\n\ndef candidateSpec : AuthorizationSpec where\n  accepts := fun balance amount fee => exactDebit amount fee ≤ balance.toNat\n  output := fun balance amount fee totalDebit =>\n    exactDebit amount fee ≤ balance.toNat ∧ totalDebit.toNat = exactDebit amount fee\nEOF\ncat > /workspace/submission/Audit.lean <<'EOF'\nimport SecurityChallenge\n\ndef verdict : SecurityChallenge.AuditVerdict := .safe\nEOF\ncat > /workspace/lean/Explore.lean <<'EOF'\nimport SecurityChallenge\nimport Std.Tactic.BVDecide\nopen SecurityChallenge\nset_option maxRecDepth 4096\nset_option maxHeartbeats 0\n\ndef ub (f : UInt64) (i : UInt64) : UInt64 := (f >>> i) &&& 255\ndef nz (x : UInt64) : UInt64 := if x = 0 then 0 else 1\n\ntheorem count_correct (f : UInt64) : countNzBytes f =\n  nz (ub f 0) + nz (ub f 8) + nz (ub f 16) + nz (ub f 24) +\n  nz (ub f 32) + nz (ub f 40) + nz (ub f 48) + nz (ub f 56) := by\n  unfold countNzBytes uNz8 l8Mask h8Mask ub nz\n  bv_decide\n\ntheorem sum_correct (f : UInt64) : sumBytes f =\n  ub f 0 + ub f 8 + ub f 16 + ub f 24 +\n  ub f 32 + ub f 40 + ub f 48 + ub f 56 := by\n  unfold sumBytes m16Mask l16Mask ub\n  bv_decide\nEOF\ncd /workspace/lean && LEAN_PATH=/workspace/lean lean Explore.lean > /workspace/explore.log 2>&1 &\n"] min_timeout_sec: 1.0 max_timeout_sec: 180.0
Trajectory dumped to /tmp/rsvh-eval/evidence/v3/gpt-6.1-sol-high/gpt-6.1-sol-high-succinct-safe/succinct-safe__oYsCe2P/agent/trajectory.json
Sending keys: ["cat /workspace/explore.log; ps -eo pid,etime,pcpu,rss,args | grep -E 'lean Explore|cadical'; grep -n 'UInt64.toNat\\|UInt64.*toNat' /opt/lean/src/lean/Init/Data/UInt/Lemmas.lean | head -90\n"] min_timeout_sec: 0.1 max_timeout_sec: 180.0
Sending keys: ["grep -n 'toNat.*shiftRight\\|toNat.*and\\|toNat.*add\\|le_iff_toNat\\|toNat_lt_size\\|toNat.*div' /opt/lean/src/lean/Init/Data/UInt/Lemmas.lean | head -70\n"] min_timeout_sec: 0.1 max_timeout_sec: 180.0
Trajectory dumped to /tmp/rsvh-eval/evidence/v3/gpt-6.1-sol-high/gpt-6.1-sol-high-succinct-safe/succinct-safe__oYsCe2P/agent/trajectory.json
Sending keys: ["sed -n '50,175p' /opt/lean/src/lean/Init/Data/UInt/Lemmas.lean; grep -n 'toNat_.*shift\\|toNat_.*and' /opt/lean/src/lean/Init/Data/UInt/Bitwise.lean | head -30\n"] min_timeout_sec: 0.1 max_timeout_sec: 180.0
Sending keys: ["cat >> /workspace/lean/Explore.lean <<'EOF'\n\ndef wc (x : UInt64) : UInt64 := (if x = 0 then 0 else 256) + x\n\ntheorem debit_word (a f : UInt64) :\n  a >>> 1 + (countNzBytes f <<< 8) + sumBytes f =\n  a / 2 + wc (ub f 0) + wc (ub f 8) + wc (ub f 16) + wc (ub f 24) +\n  wc (ub f 32) + wc (ub f 40) + wc (ub f 48) + wc (ub f 56) := by\n  rw [count_correct, sum_correct]\n  unfold wc nz ub\n  bv_decide\n\ntheorem ub_as_mod (f : UInt64) :\n  ub f 0 = (f / 1) % 256 ∧ ub f 8 = (f / 256) % 256 ∧\n  ub f 16 = (f / 65536) % 256 ∧ ub f 24 = (f / 16777216) % 256 ∧\n  ub f 32 = (f / 4294967296) % 256 ∧ ub f 40 = (f / 1099511627776) % 256 ∧\n  ub f 48 = (f / 281474976710656) % 256 ∧ ub f 56 = (f / 72057594037927936) % 256 := by\n  unfold ub\n  bv_decide\nEOF\ncd /workspace/lean && LEAN_PATH=/workspace/lean lean Explore.lean > /workspace/explore.log 2>&1 &\n"] min_timeout_sec: 1.0 max_timeout_sec: 180.0
Trajectory dumped to /tmp/rsvh-eval/evidence/v3/gpt-6.1-sol-high/gpt-6.1-sol-high-succinct-safe/succinct-safe__oYsCe2P/agent/trajectory.json
Sending keys: ["cat /workspace/explore.log; ps -eo pid,etime,pcpu,rss,args | grep -E 'lean Explore|cadical'; sed -i 's/^  a >>> 1 +/  (a >>> 1) +/' /workspace/lean/Explore.lean\n"] min_timeout_sec: 0.1 max_timeout_sec: 180.0
Sending keys: ["python3 - <<'PY'\np='/workspace/lean/Explore.lean'\ns=open(p).read(); spec=open('/workspace/submission/Spec.lean').read(); s=s.replace('open SecurityChallenge',spec[spec.index('open SecurityChallenge'):])\ns+='''\n theorem byte_nat (f : UInt64) :\n  (ub f 0).toNat = feeByte f 0 ∧ (ub f 8).toNat = feeByte f 1 ∧\n  (ub f 16).toNat = feeByte f 2 ∧ (ub f 24).toNat = feeByte f 3 ∧\n  (ub f 32).toNat = feeByte f 4 ∧ (ub f 40).toNat = feeByte f 5 ∧\n  (ub f 48).toNat = feeByte f 6 ∧ (ub f 56).toNat = feeByte f 7 := by\n  rcases ub_as_mod f with ⟨h0,h1,h2,h3,h4,h5,h6,h7⟩\n  simp [h0,h1,h2,h3,h4,h5,h6,h7,feeByte]\n\n theorem charge_nat (x : UInt64) (h : x.toNat < 256) :\n  (wc x).toNat = byteCharge x.toNat := by\n  by_cases hx : x = 0\n  · simp [wc, byteCharge, hx]\n  · have hn : x.toNat ≠ 0 := by\n      intro hn\n      apply hx\n      apply UInt64.toNat.inj\n      simpa using hn\n    simp [wc, byteCharge, hx, hn, UInt64.toNat_add]\n    omega\n\n theorem charge_bound (f : UInt64) (i : Nat) : byteCharge (feeByte f i) ≤ 511 := by\n  have hb : feeByte f i < 256 := Nat.mod_lt _ (by decide)\n  unfold byteCharge\n  split <;> omega\n\n theorem debit_nat (a f : UInt64) :\n  ((a >>> 1) + (countNzBytes f <<< 8) + sumBytes f).toNat = exactDebit a f := by\n  rw [debit_word]\n  rcases byte_nat f with ⟨h0,h1,h2,h3,h4,h5,h6,h7⟩\n  have hb (i : Nat) : feeByte f i < 256 := Nat.mod_lt _ (by decide)\n  have c0 := charge_nat (ub f 0) (by rw [h0]; exact hb 0)\n  have c1 := charge_nat (ub f 8) (by rw [h1]; exact hb 1)\n  have c2 := charge_nat (ub f 16) (by rw [h2]; exact hb 2)\n  have c3 := charge_nat (ub f 24) (by rw [h3]; exact hb 3)\n  have c4 := charge_nat (ub f 32) (by rw [h4]; exact hb 4)\n  have c5 := charge_nat (ub f 40) (by rw [h5]; exact hb 5)\n  have c6 := charge_nat (ub f 48) (by rw [h6]; exact hb 6)\n  have c7 := charge_nat (ub f 56) (by rw [h7]; exact hb 7)\n  have b0 := charge_bound f 0\n  have b1 := charge_bound f 1\n  have b2 := charge_bound f 2\n  have b3 := charge_bound f 3\n  have b4 := charge_bound f 4\n  have b5 := charge_bound f 5\n  have b6 := charge_bound f 6\n  have b7 := charge_bound f 7\n  have ha := a.toNat_lt\n  simp only [UInt64.toNat_add, UInt64.toNat_div, c0,c1,c2,c3,c4,c5,c6,c7,\n    h0,h1,h2,h3,h4,h5,h6,h7]\n  change ((((((((a.toNat / 2 + byteCharge (feeByte f 0)) % 2^64 +\n    byteCharge (feeByte f 1)) % 2^64 + byteCharge (feeByte f 2)) % 2^64 +\n    byteCharge (feeByte f 3)) % 2^64 + byteCharge (feeByte f 4)) % 2^64 +\n    byteCharge (feeByte f 5)) % 2^64 + byteCharge (feeByte f 6)) % 2^64 +\n    byteCharge (feeByte f 7)) % 2^64 = exactDebit a f\n  unfold exactDebit\n  omega\n'''\nopen(p,'w').write(s)\nPY\ncd /workspace/lean && LEAN_PATH=/workspace/lean lean Explore.lean > /workspace/explore2.log 2>&1 &\n"] min_timeout_sec: 1.0 max_timeout_sec: 180.0
Trajectory dumped to /tmp/rsvh-eval/evidence/v3/gpt-6.1-sol-high/gpt-6.1-sol-high-succinct-safe/succinct-safe__oYsCe2P/agent/trajectory.json
Sending keys: ["cat /workspace/explore2.log; ps -eo pid,etime,pcpu,rss,args | grep -E 'lean Explore|cadical'; grep -n 'UInt64.*\\(add_assoc\\|add_comm\\|mul_add\\|add_mul\\|shiftLeft_eq\\)' /opt/lean/src/lean/Init/Data/UInt/{Lemmas,Bitwise}.lean | head -40; nl -ba /workspace/lean/Explore.lean | head -95\n"] min_timeout_sec: 0.1 max_timeout_sec: 180.0
Trajectory dumped to /tmp/rsvh-eval/evidence/v3/gpt-6.1-sol-high/gpt-6.1-sol-high-succinct-safe/succinct-safe__oYsCe2P/agent/trajectory.json
Sending keys: ["python3 - <<'PY'\np='/workspace/lean/Explore.lean'; s=open(p).read(); pos=s.index('theorem debit_word'); s=s[:pos]+'''theorem shift_mul (x : UInt64) : x <<< 8 = x * 256 := by bv_decide\n\ntheorem half_shift (x : UInt64) : x >>> 1 = x / 2 := by bv_decide\n\ntheorem nz_scaled (x : UInt64) : nz x * 256 = (if x = 0 then 0 else 256) := by\n  unfold nz\n  split <;> decide +revert\n\n'''+s[pos:]; s=s.replace('  unfold wc nz ub\\n  bv_decide','  rw [half_shift, shift_mul]\\n  simp only [UInt64.add_mul, nz_scaled, wc]\\n  ac_rfl'); open(p,'w').write(s)\nPY\ncd /workspace/lean && LEAN_PATH=/workspace/lean lean Explore.lean > /workspace/explore3.log 2>&1 &\n"] min_timeout_sec: 1.0 max_timeout_sec: 180.0
Trajectory dumped to /tmp/rsvh-eval/evidence/v3/gpt-6.1-sol-high/gpt-6.1-sol-high-succinct-safe/succinct-safe__oYsCe2P/agent/trajectory.json
Sending keys: ["cat /workspace/explore3.log; ps -eo pid,etime,pcpu,rss,args | grep -E 'lean Explore|cadical'; find /workspace/submission -type f -maxdepth 3 -print\n"] min_timeout_sec: 0.1 max_timeout_sec: 180.0
Sending keys: ["cat >> /workspace/lean/Explore.lean <<'EOF'\n\ntheorem universal_conformance : Conforms candidateSpec challengeAuthorize := by\n  constructor\n  · intro b a f\n    have hd := debit_nat a f\n    simp only [challengeAuthorize, buildQuote, verifyAffordability]\n    change (∃ total, (if (a >>> 1) + (countNzBytes f <<< 8) + sumBytes f ≤ b then\n      some ((a >>> 1) + (countNzBytes f <<< 8) + sumBytes f) else none) = some total) ↔\n      exactDebit a f ≤ b.toNat\n    rw [← hd, ← UInt64.le_iff_toNat_le]\n    split <;> simp_all\n  · intro b a f total h\n    have hd := debit_nat a f\n    simp only [challengeAuthorize, buildQuote, verifyAffordability] at h\n    change (if (a >>> 1) + (countNzBytes f <<< 8) + sumBytes f ≤ b then\n      some ((a >>> 1) + (countNzBytes f <<< 8) + sumBytes f) else none) = some total at h\n    split at h\n    · rename_i hb\n      have ht := Option.some.inj h\n      change exactDebit a f ≤ b.toNat ∧ total.toNat = exactDebit a f\n      constructor\n      · rw [← hd]\n        exact UInt64.le_iff_toNat_le.mp hb\n      · rw [← ht]\n        exact hd\n    · contradiction\n\n#print axioms universal_conformance\nEOF\ncd /workspace/lean && LEAN_PATH=/workspace/lean lean Explore.lean > /workspace/explore4.log 2>&1 &\n"] min_timeout_sec: 1.0 max_timeout_sec: 180.0
Trajectory dumped to /tmp/rsvh-eval/evidence/v3/gpt-6.1-sol-high/gpt-6.1-sol-high-succinct-safe/succinct-safe__oYsCe2P/agent/trajectory.json
Sending keys: ["cat /workspace/explore4.log; ps -eo pid,etime,pcpu,rss,args | grep -E 'lean Explore|cadical'\n"] min_timeout_sec: 0.1 max_timeout_sec: 180.0
Sending keys: ["python3 - <<'PY'\np='/workspace/lean/Explore.lean'; s=open(p).read(); s=s[:s.index('#print axioms')]; open('/workspace/submission/Spec.lean','w').write(s)\nopen('/workspace/submission/Proof.lean','w').write('by\\n  change SecurityChallenge.Conforms candidateSpec SecurityChallenge.challengeAuthorize\\n  exact universal_conformance\\n')\nPY\npython3 /workspace/lean/check.py > /workspace/check.log 2>&1 &\n"] min_timeout_sec: 1.0 max_timeout_sec: 180.0
Sending keys: ['cd /workspace/challenge && cargo test\n'] min_timeout_sec: 1.0 max_timeout_sec: 180.0
Trajectory dumped to /tmp/rsvh-eval/evidence/v3/gpt-6.1-sol-high/gpt-6.1-sol-high-succinct-safe/succinct-safe__oYsCe2P/agent/trajectory.json
Sending keys: ["grep -R -n 'structure.*Config\\|native\\|kernel\\|reflection' /opt/lean/src/lean/Std/Tactic/BVDecide/Frontend | head -90; cat /workspace/check.log\n"] min_timeout_sec: 0.1 max_timeout_sec: 180.0
Trajectory dumped to /tmp/rsvh-eval/evidence/v3/gpt-6.1-sol-high/gpt-6.1-sol-high-succinct-safe/succinct-safe__oYsCe2P/agent/trajectory.json
Sending keys: ["grep -R -n 'structure.*Config\\|config.*kernel\\|config.*native\\|config.*reflection\\|kernel :=\\|reflection :\\|native :' /opt/lean/src/lean/Lean/Elab/Tactic/BVDecide /opt/lean/src/lean/Std/Tactic/BVDecide | head -100; find /opt/lean/src/lean -iname '*bvdecide*'\n"] min_timeout_sec: 0.1 max_timeout_sec: 180.0
Sending keys: ["sed -i '/^\\/-- /d' /workspace/submission/Spec.lean\n"] min_timeout_sec: 0.1 max_timeout_sec: 180.0
Trajectory dumped to /tmp/rsvh-eval/evidence/v3/gpt-6.1-sol-high/gpt-6.1-sol-high-succinct-safe/succinct-safe__oYsCe2P/agent/trajectory.json
Sending keys: ["cat /opt/lean/src/lean/Std/Tactic/BVDecide/Syntax.lean | head -180; grep -R -n 'native\\|kernel\\|ofReduceBool\\|reflection' /opt/lean/src/lean/Lean/Elab/Tactic/BVDecide/Frontend | head -90\n"] min_timeout_sec: 0.1 max_timeout_sec: 180.0
Trajectory dumped to /tmp/rsvh-eval/evidence/v3/gpt-6.1-sol-high/gpt-6.1-sol-high-succinct-safe/succinct-safe__oYsCe2P/agent/trajectory.json
Sending keys: ["grep -R -n 'def nativeEqTrue\\|register_option.*native\\|debug.*native\\|nativeEqTrue' /opt/lean/src/lean/Lean/Meta /opt/lean/src/lean/Lean/Elab/Tactic | head -60\n"] min_timeout_sec: 0.1 max_timeout_sec: 180.0
Trajectory dumped to /tmp/rsvh-eval/evidence/v3/gpt-6.1-sol-high/gpt-6.1-sol-high-succinct-safe/succinct-safe__oYsCe2P/agent/trajectory.json
Sending keys: ["cat /opt/lean/src/lean/Lean/Meta/Native.lean; sed -n '260,312p' /opt/lean/src/lean/Lean/Elab/Tactic/BVDecide/Frontend/BVDecide.lean\n"] min_timeout_sec: 0.1 max_timeout_sec: 180.0
Trajectory dumped to /tmp/rsvh-eval/evidence/v3/gpt-6.1-sol-high/gpt-6.1-sol-high-succinct-safe/succinct-safe__oYsCe2P/agent/trajectory.json
Sending keys: ["cp /workspace/submission/Spec.lean /workspace/lean/Export.lean; cat >> /workspace/lean/Export.lean <<'EOF'\nset_option pp.proofs true\nset_option pp.all true\n#print count_correct\n#print count_correct._expr_def\n#print count_correct._cert_def\n#print sum_correct\n#print sum_correct._expr_def\n#print sum_correct._cert_def\n#print ub_as_mod\n#print ub_as_mod._expr_def\n#print ub_as_mod._cert_def\nEOF\ncd /workspace/lean && LEAN_PATH=/workspace/lean lean Export.lean > /workspace/export.log 2>&1 &\n"] min_timeout_sec: 1.0 max_timeout_sec: 180.0
Trajectory dumped to /tmp/rsvh-eval/evidence/v3/gpt-6.1-sol-high/gpt-6.1-sol-high-succinct-safe/succinct-safe__oYsCe2P/agent/trajectory.json
Sending keys: ["wc -c /workspace/export.log; head -c 3500 /workspace/export.log; tail -c 2000 /workspace/export.log; ps -eo pid,etime,pcpu,rss,args | grep -E 'lean Export|cadical'\n"] min_timeout_sec: 0.1 max_timeout_sec: 180.0
Trajectory dumped to /tmp/rsvh-eval/evidence/v3/gpt-6.1-sol-high/gpt-6.1-sol-high-succinct-safe/succinct-safe__oYsCe2P/agent/trajectory.json
Sending keys: ["grep -oE '[[:alnum:]_\\.]+(expr_def|cert_def|ax)[[:alnum:]_\\.]*' /workspace/export.log | sort -u; grep -n 'pp.max\\|pp.deepTerms\\|pp.proofs' /opt/lean/src/lean/Lean/PrettyPrinter/*.lean | head -40\n"] min_timeout_sec: 0.1 max_timeout_sec: 180.0
Trajectory dumped to /tmp/rsvh-eval/evidence/v3/gpt-6.1-sol-high/gpt-6.1-sol-high-succinct-safe/succinct-safe__oYsCe2P/agent/trajectory.json
Sending keys: ["grep -R -n 'register.*pp.\\(max\\|deepTerms\\|proofs\\)' /opt/lean/src/lean/Lean | head -40; cp /workspace/submission/Spec.lean /workspace/lean/Names.lean; cat >> /workspace/lean/Names.lean <<'EOF'\n#print prefix count_correct\n#print prefix sum_correct\n#print prefix ub_as_mod\nEOF\ncd /workspace/lean && LEAN_PATH=/workspace/lean lean Names.lean > /workspace/names.log 2>&1 &\n"] min_timeout_sec: 1.0 max_timeout_sec: 180.0
Trajectory dumped to /tmp/rsvh-eval/evidence/v3/gpt-6.1-sol-high/gpt-6.1-sol-high-succinct-safe/succinct-safe__oYsCe2P/agent/trajectory.json
Sending keys: ["cat /workspace/names.log; sed -n '175,215p' /opt/lean/src/lean/Lean/PrettyPrinter/Delaborator/Options.lean\n"] min_timeout_sec: 0.1 max_timeout_sec: 180.0
Trajectory dumped to /tmp/rsvh-eval/evidence/v3/gpt-6.1-sol-high/gpt-6.1-sol-high-succinct-safe/succinct-safe__oYsCe2P/agent/trajectory.json
Sending keys: ["cp /workspace/submission/Spec.lean /workspace/lean/Export.lean; cat >> /workspace/lean/Export.lean <<'EOF'\nset_option pp.proofs true\nset_option pp.deepTerms true\nset_option pp.all true\nset_option pp.maxSteps 10000000\n#print count_correct\n#print sum_correct\n#print ub_as_mod\nEOF\ncd /workspace/lean && LEAN_PATH=/workspace/lean lean Export.lean > /workspace/export.log 2>&1 &\n"] min_timeout_sec: 1.0 max_timeout_sec: 180.0
Trajectory dumped to /tmp/rsvh-eval/evidence/v3/gpt-6.1-sol-high/gpt-6.1-sol-high-succinct-safe/succinct-safe__oYsCe2P/agent/trajectory.json
Sending keys: ["wc -c /workspace/export.log; grep -oE '[[:alnum:]_\\.]+(expr_def|cert_def|ax)[[:alnum:]_\\.]*' /workspace/export.log | sort -u; grep -n 'unsat_of_verify' /workspace/export.log | head\n"] min_timeout_sec: 0.1 max_timeout_sec: 180.0
Trajectory dumped to /tmp/rsvh-eval/evidence/v3/gpt-6.1-sol-high/gpt-6.1-sol-high-succinct-safe/succinct-safe__oYsCe2P/agent/trajectory.json
Sending keys: ["ps -eo pid,etime,pcpu,rss,args | grep -E 'lean Export|cadical'; cat /workspace/export.log\n"] min_timeout_sec: 1.0 max_timeout_sec: 180.0
Sending keys: [''] min_timeout_sec: 5.0 max_timeout_sec: 180.0
Trajectory dumped to /tmp/rsvh-eval/evidence/v3/gpt-6.1-sol-high/gpt-6.1-sol-high-succinct-safe/succinct-safe__oYsCe2P/agent/trajectory.json
Sending keys: ["wc -c /workspace/export.log; grep -oE '[[:alnum:]_\\.]+(expr_def|cert_def|ax)[[:alnum:]_\\.]*' /workspace/export.log | sort -u; ps -eo pid,etime,pcpu,rss,args | grep -E 'lean Export|cadical'\n"] min_timeout_sec: 0.1 max_timeout_sec: 180.0
Sending keys: [''] min_timeout_sec: 10.0 max_timeout_sec: 180.0
Trajectory dumped to /tmp/rsvh-eval/evidence/v3/gpt-6.1-sol-high/gpt-6.1-sol-high-succinct-safe/succinct-safe__oYsCe2P/agent/trajectory.json
Sending keys: ["wc -c /workspace/export.log; grep -oE '[[:alnum:]_\\.]+(expr_def|cert_def|ax)[[:alnum:]_\\.]*' /workspace/export.log | sort -u; ps -eo pid,etime,pcpu,rss,args | grep 'lean Export'\n"] min_timeout_sec: 0.1 max_timeout_sec: 180.0
Sending keys: ["cp /workspace/submission/Spec.lean /workspace/lean/Compact.lean; cat >> /workspace/lean/Compact.lean <<'EOF'\nset_option pp.proofs true\nset_option pp.deepTerms true\nset_option pp.maxSteps 10000000\n#print count_correct._expr_def_1_1\n#print count_correct._cert_def_1_1\n#print count_correct\n#print sum_correct._expr_def_1_1\n#print sum_correct._cert_def_1_1\n#print sum_correct\n#print ub_as_mod._expr_def_1_1\n#print ub_as_mod._cert_def_1_1\n#print ub_as_mod\nEOF\ncd /workspace/lean && LEAN_PATH=/workspace/lean lean Compact.lean > /workspace/compact.log 2>&1 &\n"] min_timeout_sec: 1.0 max_timeout_sec: 180.0
Trajectory dumped to /tmp/rsvh-eval/evidence/v3/gpt-6.1-sol-high/gpt-6.1-sol-high-succinct-safe/succinct-safe__oYsCe2P/agent/trajectory.json
Trajectory dumped to /tmp/rsvh-eval/evidence/v3/gpt-6.1-sol-high/gpt-6.1-sol-high-succinct-safe/succinct-safe__oYsCe2P/agent/trajectory.json
Failed to download artifact '/workspace/submission/counterexample.json' (best-effort)
Traceback (most recent call last):
  File "/tmp/harbor09/lib/python3.12/site-packages/harbor/trial/artifact_handler.py", line 195, in _download_artifact
    await source_env.download_file(
  File "/tmp/harbor09/lib/python3.12/site-packages/harbor/environments/docker/docker.py", line 614, in download_file
    await self._platform.download_file(source_path, target_path)
  File "/tmp/harbor09/lib/python3.12/site-packages/harbor/environments/docker/docker_unix.py", line 48, in download_file
    await self._env._run_docker_compose_command(
  File "/tmp/harbor09/lib/python3.12/site-packages/harbor/environments/docker/docker.py", line 417, in _run_docker_compose_command
    raise RuntimeError(
RuntimeError: Docker compose command failed for environment succinct-safe. Command: docker compose --project-name succinct-safe__oysce2p --project-directory /tmp/rsvh-family-new/succinct-safe/environment -f /tmp/tmpzx7reyaj/succinct-safe__oYsCe2P-docker-compose-resources.json -f /tmp/harbor09/lib/python3.12/site-packages/harbor/environments/docker/docker-compose-build.yaml -f /tmp/tmp1nc2vssm/docker-compose-mounts.json -f /tmp/harbor09/lib/python3.12/site-packages/harbor/environments/docker/docker-compose-no-network.yaml cp main:/workspace/submission/counterexample.json /tmp/rsvh-eval/evidence/v3/gpt-6.1-sol-high/gpt-6.1-sol-high-succinct-safe/succinct-safe__oYsCe2P/artifacts/counterexample.json. Return code: 1. Stdout:  succinct-safe__oysce2p-main-1 copy succinct-safe__oysce2p-main-1:/workspace/submission/counterexample.json to /tmp/rsvh-eval/evidence/v3/gpt-6.1-sol-high/gpt-6.1-sol-high-succinct-safe/succinct-safe__oYsCe2P/artifacts/counterexample.json Copying
Error response from daemon: Could not find the file /workspace/submission/counterexample.json in container d4dcfb267f27f1acea51be15399b32a40d962e33b4bff0b3d82cef8a14f0a9c6
. Stderr: None. 
Failed to download artifact '/workspace/submission/src/lib.rs' (best-effort)
Traceback (most recent call last):
  File "/tmp/harbor09/lib/python3.12/site-packages/harbor/trial/artifact_handler.py", line 195, in _download_artifact
    await source_env.download_file(
  File "/tmp/harbor09/lib/python3.12/site-packages/harbor/environments/docker/docker.py", line 614, in download_file
    await self._platform.download_file(source_path, target_path)
  File "/tmp/harbor09/lib/python3.12/site-packages/harbor/environments/docker/docker_unix.py", line 48, in download_file
    await self._env._run_docker_compose_command(
  File "/tmp/harbor09/lib/python3.12/site-packages/harbor/environments/docker/docker.py", line 417, in _run_docker_compose_command
    raise RuntimeError(
RuntimeError: Docker compose command failed for environment succinct-safe. Command: docker compose --project-name succinct-safe__oysce2p --project-directory /tmp/rsvh-family-new/succinct-safe/environment -f /tmp/tmpzx7reyaj/succinct-safe__oYsCe2P-docker-compose-resources.json -f /tmp/harbor09/lib/python3.12/site-packages/harbor/environments/docker/docker-compose-build.yaml -f /tmp/tmp1nc2vssm/docker-compose-mounts.json -f /tmp/harbor09/lib/python3.12/site-packages/harbor/environments/docker/docker-compose-no-network.yaml cp main:/workspace/submission/src/lib.rs /tmp/rsvh-eval/evidence/v3/gpt-6.1-sol-high/gpt-6.1-sol-high-succinct-safe/succinct-safe__oYsCe2P/artifacts/lib.rs. Return code: 1. Stdout:  succinct-safe__oysce2p-main-1 copy succinct-safe__oysce2p-main-1:/workspace/submission/src/lib.rs to /tmp/rsvh-eval/evidence/v3/gpt-6.1-sol-high/gpt-6.1-sol-high-succinct-safe/succinct-safe__oYsCe2P/artifacts/lib.rs Copying
Error response from daemon: Could not find the file /workspace/submission/src/lib.rs in container d4dcfb267f27f1acea51be15399b32a40d962e33b4bff0b3d82cef8a14f0a9c6
. Stderr: None. 
Skipping image OS validation for hb__succinct-safe: docker inspect returned 1
