max_turns (f.k.a. max_episodes) artificially limited to 25. Consider removing this limit for better task completion.
Skipping image OS validation for hb__goldilocks-safe: docker inspect returned 1
Both tmux and asciinema are already installed
Starting recording.
Sending keys: ['asciinema rec --stdin /logs/agent/recording.cast', 'Enter'] min_timeout_sec: 1.0 max_timeout_sec: 180.0
Sending keys: ['clear', 'Enter'] min_timeout_sec: 0.0 max_timeout_sec: 180.0
Sending keys: ['cat /workspace/challenge/src/lib.rs\n'] min_timeout_sec: 0.1 max_timeout_sec: 180.0
Sending keys: ['cat /workspace/lean/SecurityChallenge.lean\n'] min_timeout_sec: 0.1 max_timeout_sec: 180.0
Sending keys: ['cat /workspace/lean/check.py; ls -la /workspace/lean; ls -la /workspace/submission; cat /workspace/challenge/Cargo.toml\n'] min_timeout_sec: 0.1 max_timeout_sec: 180.0
Trajectory dumped to /tmp/rsvh-eval/evidence/v3/gpt-6.1-sol-high/gpt-6.1-sol-high-goldilocks-safe/goldilocks-safe__Y4VcbLy/agent/trajectory.json
Sending keys: ['cat /workspace/lean/SecurityChallenge.lean; cat /workspace/submission/{Spec,Audit,Proof}.lean; cat /workspace/lean/Signature.lean; ls -l /workspace/submission/src; which lean; lean --version\n'] min_timeout_sec: 0.1 max_timeout_sec: 180.0
Trajectory dumped to /tmp/rsvh-eval/evidence/v3/gpt-6.1-sol-high/gpt-6.1-sol-high-goldilocks-safe/goldilocks-safe__Y4VcbLy/agent/trajectory.json
Sending keys: ["ls /opt/rvb-deps/packages; grep -nE 'theorem|@[[]simp[]]' /opt/lean/src/lean/Init/Data/UInt/Lemmas.lean | head -100; ls /opt/lean/src/lean/Init/Data/UInt; ls /opt/rvb-deps/packages/mathlib/Mathlib/Data/Nat\n"] min_timeout_sec: 0.1 max_timeout_sec: 180.0
Trajectory dumped to /tmp/rsvh-eval/evidence/v3/gpt-6.1-sol-high/gpt-6.1-sol-high-goldilocks-safe/goldilocks-safe__Y4VcbLy/agent/trajectory.json
Sending keys: ["cat > /workspace/submission/Spec.lean <<'EOF'\nimport SecurityChallenge\nimport Mathlib.Tactic\nopen SecurityChallenge\n\n/-- Exact settlement debit, without machine-word truncation. -/\ndef exactDebit (amount fee : UInt64) : Nat :=\n  amount.toNat / 2 +\n    (amount.toNat + fee.toNat * 18446744073709551616) % 18446744069414584321\n\ndef candidateSpec : AuthorizationSpec where\n  accepts balance amount fee := exactDebit amount fee ≤ balance.toNat\n  output balance amount fee totalDebit :=\n    exactDebit amount fee ≤ balance.toNat ∧ totalDebit.toNat = exactDebit amount fee\n\n theorem reduction_correct (a f : UInt64) :\n    (reduce128 a f).toNat =\n      (a.toNat + f.toNat * 18446744073709551616) % 18446744069414584321 := by\n  have ha := a.toNat_lt\n  have hf := f.toNat_lt\n  unfold reduce128 splitTranscript foldHighLimb foldMidLimb canonicalize\n  simp only [UInt64.le_iff_toNat_le, UInt64.lt_iff_toNat_lt,\n    UInt64.toNat_add, UInt64.toNat_sub, UInt64.toNat_mul,\n    UInt64.toNat_mod, UInt64.toNat_div]\n  simp only [goldilocksModulus, goldilocksEpsilon, limbBase, UInt64.toNat_ofNat]\n  norm_num at *\n  split_ifs <;> omega\nEOF\ncat > /workspace/submission/Audit.lean <<'EOF'\nimport SecurityChallenge\nopen SecurityChallenge\n\ndef verdict : AuditVerdict := .safe\nEOF\ncat > /workspace/submission/Proof.lean <<'EOF'\nby\n  unfold AuditClaim verdict\n  constructor\n  · sorry\n  · sorry\nEOF\npython3 /workspace/lean/check.py\n"] min_timeout_sec: 1.0 max_timeout_sec: 180.0
Trajectory dumped to /tmp/rsvh-eval/evidence/v3/gpt-6.1-sol-high/gpt-6.1-sol-high-goldilocks-safe/goldilocks-safe__Y4VcbLy/agent/trajectory.json
Sending keys: [''] min_timeout_sec: 1.0 max_timeout_sec: 180.0
Trajectory dumped to /tmp/rsvh-eval/evidence/v3/gpt-6.1-sol-high/gpt-6.1-sol-high-goldilocks-safe/goldilocks-safe__Y4VcbLy/agent/trajectory.json
Sending keys: ["python3 - <<'PY'\np='/workspace/submission/Spec.lean'\ns=open(p).read(); s=s[:s.index(' theorem reduction_correct')].replace('/--','/-'); open(p,'w').write(s)\nPY\ncat >> /workspace/submission/Spec.lean <<'EOF'\nprivate theorem high_correct (a h : UInt64) (hh : h.toNat < 4294967296) :\n    (foldHighLimb a h).toNat =\n      if a.toNat < h.toNat then a.toNat + 18446744069414584321 - h.toNat\n      else a.toNat - h.toNat := by\n  have ha := a.toNat_lt\n  unfold foldHighLimb\n  split <;> rename_i hc\n  · simp only [UInt64.lt_iff_toNat_lt] at hc\n    simp only [UInt64.toNat_add, UInt64.toNat_sub, goldilocksModulus,\n      UInt64.toNat_ofNat]\n    norm_num\n    rw [if_pos hc]\n    omega\n  · have hn : ¬ a.toNat < h.toNat := hc\n    rw [if_neg hn, UInt64.toNat_sub_of_le a h (by simpa using hn)]\n\nprivate theorem mid_correct (a m : UInt64) (hm : m.toNat < 4294967296) :\n    (foldMidLimb a m).toNat =\n      if a.toNat + 4294967295 * m.toNat < 18446744073709551616\n      then a.toNat + 4294967295 * m.toNat\n      else a.toNat + 4294967295 * m.toNat - 18446744069414584321 := by\n  have ha := a.toNat_lt\n  have hp : 4294967295 * m.toNat < 18446744073709551616 := by omega\n  unfold foldMidLimb\n  simp only [UInt64.lt_iff_toNat_lt, UInt64.toNat_add, UInt64.toNat_mul,\n    goldilocksEpsilon, UInt64.toNat_ofNat]\n  norm_num\n  rw [Nat.mod_eq_of_lt hp]\n  split_ifs <;> simp only [UInt64.toNat_add, UInt64.toNat_mul,\n    goldilocksEpsilon, UInt64.toNat_ofNat] <;> norm_num <;> omega\n\nprivate theorem canonical_correct (a : UInt64) :\n    (canonicalize a).toNat = a.toNat % 18446744069414584321 := by\n  have ha := a.toNat_lt\n  unfold canonicalize\n  split <;> rename_i hc\n  · rw [UInt64.toNat_sub_of_le _ _ hc]\n    simp only [goldilocksModulus, UInt64.toNat_ofNat] at *\n    norm_num at *\n    change 18446744069414584321 ≤ a.toNat at hc\n    omega\n  · change ¬18446744069414584321 ≤ a.toNat at hc\n    omega\nEOF\npython3 /workspace/lean/check.py\n"] min_timeout_sec: 1.0 max_timeout_sec: 180.0
Trajectory dumped to /tmp/rsvh-eval/evidence/v3/gpt-6.1-sol-high/gpt-6.1-sol-high-goldilocks-safe/goldilocks-safe__Y4VcbLy/agent/trajectory.json
Sending keys: [''] min_timeout_sec: 1.0 max_timeout_sec: 180.0
Trajectory dumped to /tmp/rsvh-eval/evidence/v3/gpt-6.1-sol-high/gpt-6.1-sol-high-goldilocks-safe/goldilocks-safe__Y4VcbLy/agent/trajectory.json
Sending keys: ["python3 - <<'PY'\np='/workspace/submission/Spec.lean';s=open(p).read().replace('(by simpa using hn)', '(by rw [UInt64.le_iff_toNat_le]; omega)').replace('  rw [Nat.mod_eq_of_lt hp]\\n','');open(p,'w').write(s)\nPY\ncat >> /workspace/submission/Spec.lean <<'EOF'\n\ntheorem reduction_correct (a f : UInt64) :\n    (reduce128 a f).toNat =\n      (a.toNat + f.toNat * 18446744073709551616) % 18446744069414584321 := by\n  let h := f / limbBase\n  let m := f % limbBase\n  let l := foldHighLimb a h\n  have hf := f.toNat_lt\n  have hh : h.toNat < 4294967296 := by\n    dsimp [h, limbBase]\n    simp only [UInt64.toNat_div, UInt64.toNat_ofNat]\n    norm_num\n    omega\n  have hm : m.toNat < 4294967296 := by\n    dsimp [m, limbBase]\n    simp only [UInt64.toNat_mod, UInt64.toNat_ofNat]\n    norm_num\n    omega\n  have decomp : f.toNat = m.toNat + 4294967296 * h.toNat := by\n    dsimp [m, h, limbBase]\n    simp only [UInt64.toNat_mod, UInt64.toNat_div, UInt64.toNat_ofNat]\n    norm_num\n    omega\n  have hl := high_correct a h hh\n  have identity :\n      a.toNat + f.toNat * 18446744073709551616 + 18446744069414584321 =\n      (l.toNat + 4294967295 * m.toNat) +\n      (m.toNat + 4294967297 * h.toNat +\n        (if a.toNat < h.toNat then 0 else 1)) * 18446744069414584321 := by\n    change l.toNat = _ at hl\n    split_ifs at hl ⊢ <;> omega\n  have cong := congrArg (fun n : Nat => n % 18446744069414584321) identity\n  simp only [Nat.add_mod, Nat.mul_mod] at cong\n  norm_num at cong\n  simp only [Nat.add_zero, Nat.mod_mod] at cong\n  unfold reduce128 splitTranscript\n  change (canonicalize (foldMidLimb l m)).toNat = _\n  rw [canonical_correct, mid_correct l m hm]\n  rw [cong]\n  split_ifs <;> omega\nEOF\npython3 /workspace/lean/check.py\n"] min_timeout_sec: 1.0 max_timeout_sec: 180.0
Trajectory dumped to /tmp/rsvh-eval/evidence/v3/gpt-6.1-sol-high/gpt-6.1-sol-high-goldilocks-safe/goldilocks-safe__Y4VcbLy/agent/trajectory.json
Sending keys: [''] min_timeout_sec: 1.0 max_timeout_sec: 180.0
Trajectory dumped to /tmp/rsvh-eval/evidence/v3/gpt-6.1-sol-high/gpt-6.1-sol-high-goldilocks-safe/goldilocks-safe__Y4VcbLy/agent/trajectory.json
Sending keys: ["grep -R -nE 'theorem (add_mod_right|add_mul_mod_self|mul_add_mod_self)|protected theorem (add_mod_right|add_mul_mod_self)' /opt/lean/src/lean/Init/Data/Nat /opt/rvb-deps/packages/mathlib/Mathlib/Data/Nat | head -30\n"] min_timeout_sec: 0.1 max_timeout_sec: 180.0
Trajectory dumped to /tmp/rsvh-eval/evidence/v3/gpt-6.1-sol-high/gpt-6.1-sol-high-goldilocks-safe/goldilocks-safe__Y4VcbLy/agent/trajectory.json
Sending keys: ["python3 - <<'PY'\np='/workspace/submission/Spec.lean';s=open(p).read().replace('  simp only [Nat.add_mod, Nat.mul_mod] at cong\\n  norm_num at cong\\n  simp only [Nat.add_zero, Nat.mod_mod] at cong','  simp only [Nat.add_mod_right, Nat.add_mul_mod_self_right] at cong');open(p,'w').write(s)\nPY\ncat >> /workspace/submission/Spec.lean <<'EOF'\n\ntheorem authorization_correct (b a f t : UInt64) :\n    challengeAuthorize b a f = some t ↔\n      exactDebit a f ≤ b.toNat ∧ t.toNat = exactDebit a f := by\n  have hb := b.toNat_lt\n  have ha := a.toNat_lt\n  have ht := t.toNat_lt\n  have hs := (reduce128 a f).toNat_lt\n  have hp : (a / principalDivisor).toNat = a.toNat / 2 := by\n    simp [principalDivisor, UInt64.toNat_div, UInt64.toNat_ofNat]\n  have hr := reduction_correct a f\n  unfold challengeAuthorize buildQuote\n  split <;> rename_i hc\n  · have hsum : (a / principalDivisor + reduce128 a f).toNat = exactDebit a f := by\n      rw [UInt64.toNat_add, hp, hr]\n      unfold exactDebit\n      have hc' := hc\n      rw [UInt64.le_iff_toNat_le, UInt64.toNat_sub_of_le] at hc'\n      · simp only [u64Max, UInt64.toNat_ofNat] at hc'\n        norm_num at hc'\n        rw [hp, hr] at hc'\n        omega\n      · rw [UInt64.le_iff_toNat_le, hp]\n        change a.toNat / 2 ≤ 18446744073709551615\n        omega\n    simp only [verifyAffordability]\n    split <;> rename_i hbal\n    · simp only [Option.some.injEq, ← UInt64.toNat_inj]\n      rw [hsum]\n      rw [UInt64.le_iff_toNat_le, hsum] at hbal\n      omega\n    · simp only [Option.none_ne_some, false_iff, not_and]\n      rw [UInt64.le_iff_toNat_le, hsum] at hbal\n      omega\n  · simp only [Option.none_ne_some, false_iff, not_and]\n    have hsub : (u64Max - a / principalDivisor).toNat =\n        18446744073709551615 - a.toNat / 2 := by\n      rw [UInt64.toNat_sub_of_le, hp]\n      · rfl\n      · rw [UInt64.le_iff_toNat_le, hp]\n        change a.toNat / 2 ≤ 18446744073709551615\n        omega\n    rw [UInt64.le_iff_toNat_le, hsub, hr] at hc\n    unfold exactDebit\n    omega\nEOF\ncat > /workspace/submission/Proof.lean <<'EOF'\nby\n  unfold AuditClaim verdict\n  constructor\n  · intro b a f\n    change (∃ t, challengeAuthorize b a f = some t) ↔ exactDebit a f ≤ b.toNat\n    constructor\n    · rintro ⟨t, ht⟩\n      exact ((authorization_correct b a f t).mp ht).1\n    · intro h\n      have hb := b.toNat_lt\n      have hd : exactDebit a f < 2 ^ 64 := by omega\n      refine ⟨UInt64.ofNat (exactDebit a f), ?_⟩\n      apply (authorization_correct b a f _).mpr\n      exact ⟨h, UInt64.toNat_ofNat_of_lt' hd⟩\n  · intro b a f t ht\n    exact (authorization_correct b a f t).mp ht\nEOF\npython3 /workspace/lean/check.py\n"] min_timeout_sec: 1.0 max_timeout_sec: 180.0
Trajectory dumped to /tmp/rsvh-eval/evidence/v3/gpt-6.1-sol-high/gpt-6.1-sol-high-goldilocks-safe/goldilocks-safe__Y4VcbLy/agent/trajectory.json
Sending keys: [''] min_timeout_sec: 1.0 max_timeout_sec: 180.0
Trajectory dumped to /tmp/rsvh-eval/evidence/v3/gpt-6.1-sol-high/gpt-6.1-sol-high-goldilocks-safe/goldilocks-safe__Y4VcbLy/agent/trajectory.json
Sending keys: ["python3 - <<'PY'\np='/workspace/submission/Spec.lean';s=open(p).read().replace('  unfold challengeAuthorize buildQuote\\n  split <;> rename_i hc','  unfold challengeAuthorize buildQuote\\n  dsimp only\\n  split_ifs with hc\\n  all_goals dsimp only').replace('simp only [Option.none_ne_some, false_iff, not_and]', 'simp only [reduceCtorEq, false_iff, not_and]');open(p,'w').write(s)\nPY\npython3 /workspace/lean/check.py\n"] min_timeout_sec: 1.0 max_timeout_sec: 180.0
Trajectory dumped to /tmp/rsvh-eval/evidence/v3/gpt-6.1-sol-high/gpt-6.1-sol-high-goldilocks-safe/goldilocks-safe__Y4VcbLy/agent/trajectory.json
Sending keys: [''] min_timeout_sec: 1.0 max_timeout_sec: 180.0
Trajectory dumped to /tmp/rsvh-eval/evidence/v3/gpt-6.1-sol-high/gpt-6.1-sol-high-goldilocks-safe/goldilocks-safe__Y4VcbLy/agent/trajectory.json
Sending keys: ["sed -i 's/all_goals dsimp only/all_goals try dsimp only/' /workspace/submission/Spec.lean\npython3 /workspace/lean/check.py\n"] min_timeout_sec: 1.0 max_timeout_sec: 180.0
Trajectory dumped to /tmp/rsvh-eval/evidence/v3/gpt-6.1-sol-high/gpt-6.1-sol-high-goldilocks-safe/goldilocks-safe__Y4VcbLy/agent/trajectory.json
Parser warnings: - Command 1 should end with newline when followed by another command. Otherwise the two commands will be concatenated together on the same line.
Sending keys: [''] min_timeout_sec: 5.0 max_timeout_sec: 180.0
Sending keys: ['cd /workspace/challenge && cargo test\n'] min_timeout_sec: 1.0 max_timeout_sec: 180.0
Trajectory dumped to /tmp/rsvh-eval/evidence/v3/gpt-6.1-sol-high/gpt-6.1-sol-high-goldilocks-safe/goldilocks-safe__Y4VcbLy/agent/trajectory.json
Sending keys: ["python3 - <<'PY'\np='/workspace/submission/Spec.lean';s=open(p).read().replace('simp only [u64Max, UInt64.toNat_ofNat] at hc\\'', 'simp only [u64Max, principalDivisor, UInt64.toNat_ofNat] at hc\\'').replace('rw [hp, hr] at hc\\'', 'rw [hr] at hc\\'');open(p,'w').write(s)\nPY\npython3 /workspace/lean/check.py\n"] min_timeout_sec: 1.0 max_timeout_sec: 180.0
Trajectory dumped to /tmp/rsvh-eval/evidence/v3/gpt-6.1-sol-high/gpt-6.1-sol-high-goldilocks-safe/goldilocks-safe__Y4VcbLy/agent/trajectory.json
Sending keys: ['\n'] min_timeout_sec: 5.0 max_timeout_sec: 180.0
Sending keys: ["find /workspace/submission -type f -maxdepth 3 -print; grep -nE 'sorry|axiom|native_decide|unsafe|extern' /workspace/submission/*.lean || true; cat /workspace/submission/Proof.lean; cat /workspace/submission/Audit.lean\n"] min_timeout_sec: 0.1 max_timeout_sec: 180.0
Trajectory dumped to /tmp/rsvh-eval/evidence/v3/gpt-6.1-sol-high/gpt-6.1-sol-high-goldilocks-safe/goldilocks-safe__Y4VcbLy/agent/trajectory.json
Sending keys: ['python3 - <<\'PY\'\np=\'/workspace/submission/Spec.lean\';s=open(p).read();s=s.replace("        simp only [u64Max, principalDivisor, UInt64.toNat_ofNat] at hc\'\\n        norm_num at hc\'\\n        rw [hr] at hc\'", "        change (reduce128 a f).toNat ≤ 18446744073709551615 - a.toNat / 2 at hc\'\\n        rw [hr] at hc\'");open(p,\'w\').write(s)\nPY\npython3 /workspace/lean/check.py\n'] min_timeout_sec: 1.0 max_timeout_sec: 180.0
Trajectory dumped to /tmp/rsvh-eval/evidence/v3/gpt-6.1-sol-high/gpt-6.1-sol-high-goldilocks-safe/goldilocks-safe__Y4VcbLy/agent/trajectory.json
Sending keys: ['\n'] min_timeout_sec: 5.0 max_timeout_sec: 180.0
Sending keys: ["sed -n '1,180p' /workspace/submission/Spec.lean\n"] min_timeout_sec: 0.1 max_timeout_sec: 180.0
Trajectory dumped to /tmp/rsvh-eval/evidence/v3/gpt-6.1-sol-high/gpt-6.1-sol-high-goldilocks-safe/goldilocks-safe__Y4VcbLy/agent/trajectory.json
Sending keys: ['python3 - <<\'PY\'\np=\'/workspace/submission/Spec.lean\';s=open(p).read();start=s.index("      · simp only [u64Max, principalDivisor");end=s.index("        omega",start);s=s[:start]+"      · change (reduce128 a f).toNat ≤ 18446744073709551615 - a.toNat / 2 at hc\'\\n        rw [hr] at hc\'\\n"+s[end:];open(p,\'w\').write(s)\nPY\npython3 /workspace/lean/check.py\n'] min_timeout_sec: 1.0 max_timeout_sec: 180.0
Trajectory dumped to /tmp/rsvh-eval/evidence/v3/gpt-6.1-sol-high/gpt-6.1-sol-high-goldilocks-safe/goldilocks-safe__Y4VcbLy/agent/trajectory.json
Sending keys: ['\n'] min_timeout_sec: 5.0 max_timeout_sec: 180.0
Sending keys: ["sed -n '108,126p' /workspace/submission/Spec.lean\n"] min_timeout_sec: 0.1 max_timeout_sec: 180.0
Trajectory dumped to /tmp/rsvh-eval/evidence/v3/gpt-6.1-sol-high/gpt-6.1-sol-high-goldilocks-safe/goldilocks-safe__Y4VcbLy/agent/trajectory.json
Sending keys: ['\n'] min_timeout_sec: 5.0 max_timeout_sec: 180.0
Trajectory dumped to /tmp/rsvh-eval/evidence/v3/gpt-6.1-sol-high/gpt-6.1-sol-high-goldilocks-safe/goldilocks-safe__Y4VcbLy/agent/trajectory.json
Sending keys: ['python3 /workspace/lean/check.py; status=$?; printf \'\\nLEAN_CHECK_EXIT=%s\\n\' "$status"; find /workspace/submission -maxdepth 3 -type f -print; test ! -e /workspace/submission/counterexample.json && test ! -e /workspace/submission/src/lib.rs && echo SAFE_ARTIFACT_LAYOUT_OK\n'] min_timeout_sec: 1.0 max_timeout_sec: 180.0
Trajectory dumped to /tmp/rsvh-eval/evidence/v3/gpt-6.1-sol-high/gpt-6.1-sol-high-goldilocks-safe/goldilocks-safe__Y4VcbLy/agent/trajectory.json
Sending keys: ['\n'] min_timeout_sec: 10.0 max_timeout_sec: 180.0
Trajectory dumped to /tmp/rsvh-eval/evidence/v3/gpt-6.1-sol-high/gpt-6.1-sol-high-goldilocks-safe/goldilocks-safe__Y4VcbLy/agent/trajectory.json
Trajectory dumped to /tmp/rsvh-eval/evidence/v3/gpt-6.1-sol-high/gpt-6.1-sol-high-goldilocks-safe/goldilocks-safe__Y4VcbLy/agent/trajectory.json
Failed to download artifact '/workspace/submission/counterexample.json' (best-effort)
Traceback (most recent call last):
  File "/tmp/harbor09/lib/python3.12/site-packages/harbor/trial/artifact_handler.py", line 195, in _download_artifact
    await source_env.download_file(
  File "/tmp/harbor09/lib/python3.12/site-packages/harbor/environments/docker/docker.py", line 614, in download_file
    await self._platform.download_file(source_path, target_path)
  File "/tmp/harbor09/lib/python3.12/site-packages/harbor/environments/docker/docker_unix.py", line 48, in download_file
    await self._env._run_docker_compose_command(
  File "/tmp/harbor09/lib/python3.12/site-packages/harbor/environments/docker/docker.py", line 417, in _run_docker_compose_command
    raise RuntimeError(
RuntimeError: Docker compose command failed for environment goldilocks-safe. Command: docker compose --project-name goldilocks-safe__y4vcbly --project-directory /tmp/rsvh-family-hard/goldilocks-safe/environment -f /tmp/tmpu25qqems/goldilocks-safe__Y4VcbLy-docker-compose-resources.json -f /tmp/harbor09/lib/python3.12/site-packages/harbor/environments/docker/docker-compose-build.yaml -f /tmp/tmps6_3c449/docker-compose-mounts.json -f /tmp/harbor09/lib/python3.12/site-packages/harbor/environments/docker/docker-compose-no-network.yaml cp main:/workspace/submission/counterexample.json /tmp/rsvh-eval/evidence/v3/gpt-6.1-sol-high/gpt-6.1-sol-high-goldilocks-safe/goldilocks-safe__Y4VcbLy/artifacts/counterexample.json. Return code: 1. Stdout:  goldilocks-safe__y4vcbly-main-1 copy goldilocks-safe__y4vcbly-main-1:/workspace/submission/counterexample.json to /tmp/rsvh-eval/evidence/v3/gpt-6.1-sol-high/gpt-6.1-sol-high-goldilocks-safe/goldilocks-safe__Y4VcbLy/artifacts/counterexample.json Copying
Error response from daemon: Could not find the file /workspace/submission/counterexample.json in container 200a1e56d231f9e8c19c4151d22706a702e65b9863c3daf3ba3c6296da0e820e
. Stderr: None. 
Failed to download artifact '/workspace/submission/src/lib.rs' (best-effort)
Traceback (most recent call last):
  File "/tmp/harbor09/lib/python3.12/site-packages/harbor/trial/artifact_handler.py", line 195, in _download_artifact
    await source_env.download_file(
  File "/tmp/harbor09/lib/python3.12/site-packages/harbor/environments/docker/docker.py", line 614, in download_file
    await self._platform.download_file(source_path, target_path)
  File "/tmp/harbor09/lib/python3.12/site-packages/harbor/environments/docker/docker_unix.py", line 48, in download_file
    await self._env._run_docker_compose_command(
  File "/tmp/harbor09/lib/python3.12/site-packages/harbor/environments/docker/docker.py", line 417, in _run_docker_compose_command
    raise RuntimeError(
RuntimeError: Docker compose command failed for environment goldilocks-safe. Command: docker compose --project-name goldilocks-safe__y4vcbly --project-directory /tmp/rsvh-family-hard/goldilocks-safe/environment -f /tmp/tmpu25qqems/goldilocks-safe__Y4VcbLy-docker-compose-resources.json -f /tmp/harbor09/lib/python3.12/site-packages/harbor/environments/docker/docker-compose-build.yaml -f /tmp/tmps6_3c449/docker-compose-mounts.json -f /tmp/harbor09/lib/python3.12/site-packages/harbor/environments/docker/docker-compose-no-network.yaml cp main:/workspace/submission/src/lib.rs /tmp/rsvh-eval/evidence/v3/gpt-6.1-sol-high/gpt-6.1-sol-high-goldilocks-safe/goldilocks-safe__Y4VcbLy/artifacts/lib.rs. Return code: 1. Stdout:  goldilocks-safe__y4vcbly-main-1 copy goldilocks-safe__y4vcbly-main-1:/workspace/submission/src/lib.rs to /tmp/rsvh-eval/evidence/v3/gpt-6.1-sol-high/gpt-6.1-sol-high-goldilocks-safe/goldilocks-safe__Y4VcbLy/artifacts/lib.rs Copying
Error response from daemon: Could not find the file /workspace/submission/src/lib.rs in container 200a1e56d231f9e8c19c4151d22706a702e65b9863c3daf3ba3c6296da0e820e
. Stderr: None. 
Skipping image OS validation for hb__goldilocks-safe: docker inspect returned 1
