max_turns (f.k.a. max_episodes) artificially limited to 25. Consider removing this limit for better task completion.
Trajectory dumped to /tmp/rsvh_repo/evidence/v3/gpt-6.1-sol-high/gpt-6.1-sol-high-zk-clearing-safe/zk-clearing-safe__EEpiCWn/agent/trajectory.json
Trajectory dumped to /tmp/rsvh_repo/evidence/v3/gpt-6.1-sol-high/gpt-6.1-sol-high-zk-clearing-safe/zk-clearing-safe__EEpiCWn/agent/trajectory.json
Trajectory dumped to /tmp/rsvh_repo/evidence/v3/gpt-6.1-sol-high/gpt-6.1-sol-high-zk-clearing-safe/zk-clearing-safe__EEpiCWn/agent/trajectory.json
Trajectory dumped to /tmp/rsvh_repo/evidence/v3/gpt-6.1-sol-high/gpt-6.1-sol-high-zk-clearing-safe/zk-clearing-safe__EEpiCWn/agent/trajectory.json
Trajectory dumped to /tmp/rsvh_repo/evidence/v3/gpt-6.1-sol-high/gpt-6.1-sol-high-zk-clearing-safe/zk-clearing-safe__EEpiCWn/agent/trajectory.json
Trajectory dumped to /tmp/rsvh_repo/evidence/v3/gpt-6.1-sol-high/gpt-6.1-sol-high-zk-clearing-safe/zk-clearing-safe__EEpiCWn/agent/trajectory.json
Trajectory dumped to /tmp/rsvh_repo/evidence/v3/gpt-6.1-sol-high/gpt-6.1-sol-high-zk-clearing-safe/zk-clearing-safe__EEpiCWn/agent/trajectory.json
Trajectory dumped to /tmp/rsvh_repo/evidence/v3/gpt-6.1-sol-high/gpt-6.1-sol-high-zk-clearing-safe/zk-clearing-safe__EEpiCWn/agent/trajectory.json
Trajectory dumped to /tmp/rsvh_repo/evidence/v3/gpt-6.1-sol-high/gpt-6.1-sol-high-zk-clearing-safe/zk-clearing-safe__EEpiCWn/agent/trajectory.json
Trajectory dumped to /tmp/rsvh_repo/evidence/v3/gpt-6.1-sol-high/gpt-6.1-sol-high-zk-clearing-safe/zk-clearing-safe__EEpiCWn/agent/trajectory.json
Trajectory dumped to /tmp/rsvh_repo/evidence/v3/gpt-6.1-sol-high/gpt-6.1-sol-high-zk-clearing-safe/zk-clearing-safe__EEpiCWn/agent/trajectory.json
Trajectory dumped to /tmp/rsvh_repo/evidence/v3/gpt-6.1-sol-high/gpt-6.1-sol-high-zk-clearing-safe/zk-clearing-safe__EEpiCWn/agent/trajectory.json
Trajectory dumped to /tmp/rsvh_repo/evidence/v3/gpt-6.1-sol-high/gpt-6.1-sol-high-zk-clearing-safe/zk-clearing-safe__EEpiCWn/agent/trajectory.json
Trajectory dumped to /tmp/rsvh_repo/evidence/v3/gpt-6.1-sol-high/gpt-6.1-sol-high-zk-clearing-safe/zk-clearing-safe__EEpiCWn/agent/trajectory.json
Parser warnings: - Command 1 should end with newline when followed by another command. Otherwise the two commands will be concatenated together on the same line.
Trajectory dumped to /tmp/rsvh_repo/evidence/v3/gpt-6.1-sol-high/gpt-6.1-sol-high-zk-clearing-safe/zk-clearing-safe__EEpiCWn/agent/trajectory.json
Trajectory dumped to /tmp/rsvh_repo/evidence/v3/gpt-6.1-sol-high/gpt-6.1-sol-high-zk-clearing-safe/zk-clearing-safe__EEpiCWn/agent/trajectory.json
Trajectory dumped to /tmp/rsvh_repo/evidence/v3/gpt-6.1-sol-high/gpt-6.1-sol-high-zk-clearing-safe/zk-clearing-safe__EEpiCWn/agent/trajectory.json
Trajectory dumped to /tmp/rsvh_repo/evidence/v3/gpt-6.1-sol-high/gpt-6.1-sol-high-zk-clearing-safe/zk-clearing-safe__EEpiCWn/agent/trajectory.json
Trajectory dumped to /tmp/rsvh_repo/evidence/v3/gpt-6.1-sol-high/gpt-6.1-sol-high-zk-clearing-safe/zk-clearing-safe__EEpiCWn/agent/trajectory.json
Trajectory dumped to /tmp/rsvh_repo/evidence/v3/gpt-6.1-sol-high/gpt-6.1-sol-high-zk-clearing-safe/zk-clearing-safe__EEpiCWn/agent/trajectory.json
Trajectory dumped to /tmp/rsvh_repo/evidence/v3/gpt-6.1-sol-high/gpt-6.1-sol-high-zk-clearing-safe/zk-clearing-safe__EEpiCWn/agent/trajectory.json
Trajectory dumped to /tmp/rsvh_repo/evidence/v3/gpt-6.1-sol-high/gpt-6.1-sol-high-zk-clearing-safe/zk-clearing-safe__EEpiCWn/agent/trajectory.json
Trajectory dumped to /tmp/rsvh_repo/evidence/v3/gpt-6.1-sol-high/gpt-6.1-sol-high-zk-clearing-safe/zk-clearing-safe__EEpiCWn/agent/trajectory.json
Trajectory dumped to /tmp/rsvh_repo/evidence/v3/gpt-6.1-sol-high/gpt-6.1-sol-high-zk-clearing-safe/zk-clearing-safe__EEpiCWn/agent/trajectory.json
Trajectory dumped to /tmp/rsvh_repo/evidence/v3/gpt-6.1-sol-high/gpt-6.1-sol-high-zk-clearing-safe/zk-clearing-safe__EEpiCWn/agent/trajectory.json
Trajectory dumped to /tmp/rsvh_repo/evidence/v3/gpt-6.1-sol-high/gpt-6.1-sol-high-zk-clearing-safe/zk-clearing-safe__EEpiCWn/agent/trajectory.json
Failed to download artifact '/workspace/submission/counterexample.json' (best-effort)
Traceback (most recent call last):
  File "/tmp/harbor09/lib/python3.12/site-packages/harbor/trial/artifact_handler.py", line 195, in _download_artifact
    await source_env.download_file(
  File "/tmp/harbor09/lib/python3.12/site-packages/harbor/environments/docker/docker.py", line 614, in download_file
    await self._platform.download_file(source_path, target_path)
  File "/tmp/harbor09/lib/python3.12/site-packages/harbor/environments/docker/docker_unix.py", line 48, in download_file
    await self._env._run_docker_compose_command(
  File "/tmp/harbor09/lib/python3.12/site-packages/harbor/environments/docker/docker.py", line 417, in _run_docker_compose_command
    raise RuntimeError(
RuntimeError: Docker compose command failed for environment zk-clearing-safe. Command: docker compose --project-name zk-clearing-safe__eepicwn --project-directory /tmp/rsvh-zk-family/zk-clearing-safe/environment -f /tmp/tmpiwhgj2nj/zk-clearing-safe__EEpiCWn-docker-compose-resources.json -f /tmp/harbor09/lib/python3.12/site-packages/harbor/environments/docker/docker-compose-prebuilt.yaml -f /tmp/tmp2g8rq409/docker-compose-mounts.json -f /tmp/harbor09/lib/python3.12/site-packages/harbor/environments/docker/docker-compose-no-network.yaml cp main:/workspace/submission/counterexample.json /tmp/rsvh_repo/evidence/v3/gpt-6.1-sol-high/gpt-6.1-sol-high-zk-clearing-safe/zk-clearing-safe__EEpiCWn/artifacts/counterexample.json. Return code: 1. Stdout:  zk-clearing-safe__eepicwn-main-1 copy zk-clearing-safe__eepicwn-main-1:/workspace/submission/counterexample.json to /tmp/rsvh_repo/evidence/v3/gpt-6.1-sol-high/gpt-6.1-sol-high-zk-clearing-safe/zk-clearing-safe__EEpiCWn/artifacts/counterexample.json Copying
Error response from daemon: Could not find the file /workspace/submission/counterexample.json in container 18a1c5091311706ed4a14d56924e5161c26c9ee93f12066dc976592ef97a5b45
. Stderr: None. 
Failed to download artifact '/workspace/submission/src/lib.rs' (best-effort)
Traceback (most recent call last):
  File "/tmp/harbor09/lib/python3.12/site-packages/harbor/trial/artifact_handler.py", line 195, in _download_artifact
    await source_env.download_file(
  File "/tmp/harbor09/lib/python3.12/site-packages/harbor/environments/docker/docker.py", line 614, in download_file
    await self._platform.download_file(source_path, target_path)
  File "/tmp/harbor09/lib/python3.12/site-packages/harbor/environments/docker/docker_unix.py", line 48, in download_file
    await self._env._run_docker_compose_command(
  File "/tmp/harbor09/lib/python3.12/site-packages/harbor/environments/docker/docker.py", line 417, in _run_docker_compose_command
    raise RuntimeError(
RuntimeError: Docker compose command failed for environment zk-clearing-safe. Command: docker compose --project-name zk-clearing-safe__eepicwn --project-directory /tmp/rsvh-zk-family/zk-clearing-safe/environment -f /tmp/tmpiwhgj2nj/zk-clearing-safe__EEpiCWn-docker-compose-resources.json -f /tmp/harbor09/lib/python3.12/site-packages/harbor/environments/docker/docker-compose-prebuilt.yaml -f /tmp/tmp2g8rq409/docker-compose-mounts.json -f /tmp/harbor09/lib/python3.12/site-packages/harbor/environments/docker/docker-compose-no-network.yaml cp main:/workspace/submission/src/lib.rs /tmp/rsvh_repo/evidence/v3/gpt-6.1-sol-high/gpt-6.1-sol-high-zk-clearing-safe/zk-clearing-safe__EEpiCWn/artifacts/lib.rs. Return code: 1. Stdout:  zk-clearing-safe__eepicwn-main-1 copy zk-clearing-safe__eepicwn-main-1:/workspace/submission/src/lib.rs to /tmp/rsvh_repo/evidence/v3/gpt-6.1-sol-high/gpt-6.1-sol-high-zk-clearing-safe/zk-clearing-safe__EEpiCWn/artifacts/lib.rs Copying
Error response from daemon: Could not find the file /workspace/submission/src/lib.rs in container 18a1c5091311706ed4a14d56924e5161c26c9ee93f12066dc976592ef97a5b45
. Stderr: None. 
Failed to download artifact '/workspace/submission/src/constants.rs' (best-effort)
Traceback (most recent call last):
  File "/tmp/harbor09/lib/python3.12/site-packages/harbor/trial/artifact_handler.py", line 195, in _download_artifact
    await source_env.download_file(
  File "/tmp/harbor09/lib/python3.12/site-packages/harbor/environments/docker/docker.py", line 614, in download_file
    await self._platform.download_file(source_path, target_path)
  File "/tmp/harbor09/lib/python3.12/site-packages/harbor/environments/docker/docker_unix.py", line 48, in download_file
    await self._env._run_docker_compose_command(
  File "/tmp/harbor09/lib/python3.12/site-packages/harbor/environments/docker/docker.py", line 417, in _run_docker_compose_command
    raise RuntimeError(
RuntimeError: Docker compose command failed for environment zk-clearing-safe. Command: docker compose --project-name zk-clearing-safe__eepicwn --project-directory /tmp/rsvh-zk-family/zk-clearing-safe/environment -f /tmp/tmpiwhgj2nj/zk-clearing-safe__EEpiCWn-docker-compose-resources.json -f /tmp/harbor09/lib/python3.12/site-packages/harbor/environments/docker/docker-compose-prebuilt.yaml -f /tmp/tmp2g8rq409/docker-compose-mounts.json -f /tmp/harbor09/lib/python3.12/site-packages/harbor/environments/docker/docker-compose-no-network.yaml cp main:/workspace/submission/src/constants.rs /tmp/rsvh_repo/evidence/v3/gpt-6.1-sol-high/gpt-6.1-sol-high-zk-clearing-safe/zk-clearing-safe__EEpiCWn/artifacts/constants.rs. Return code: 1. Stdout:  zk-clearing-safe__eepicwn-main-1 copy zk-clearing-safe__eepicwn-main-1:/workspace/submission/src/constants.rs to /tmp/rsvh_repo/evidence/v3/gpt-6.1-sol-high/gpt-6.1-sol-high-zk-clearing-safe/zk-clearing-safe__EEpiCWn/artifacts/constants.rs Copying
Error response from daemon: Could not find the file /workspace/submission/src/constants.rs in container 18a1c5091311706ed4a14d56924e5161c26c9ee93f12066dc976592ef97a5b45
. Stderr: None. 
Failed to download artifact '/workspace/submission/src/word_math.rs' (best-effort)
Traceback (most recent call last):
  File "/tmp/harbor09/lib/python3.12/site-packages/harbor/trial/artifact_handler.py", line 195, in _download_artifact
    await source_env.download_file(
  File "/tmp/harbor09/lib/python3.12/site-packages/harbor/environments/docker/docker.py", line 614, in download_file
    await self._platform.download_file(source_path, target_path)
  File "/tmp/harbor09/lib/python3.12/site-packages/harbor/environments/docker/docker_unix.py", line 48, in download_file
    await self._env._run_docker_compose_command(
  File "/tmp/harbor09/lib/python3.12/site-packages/harbor/environments/docker/docker.py", line 417, in _run_docker_compose_command
    raise RuntimeError(
RuntimeError: Docker compose command failed for environment zk-clearing-safe. Command: docker compose --project-name zk-clearing-safe__eepicwn --project-directory /tmp/rsvh-zk-family/zk-clearing-safe/environment -f /tmp/tmpiwhgj2nj/zk-clearing-safe__EEpiCWn-docker-compose-resources.json -f /tmp/harbor09/lib/python3.12/site-packages/harbor/environments/docker/docker-compose-prebuilt.yaml -f /tmp/tmp2g8rq409/docker-compose-mounts.json -f /tmp/harbor09/lib/python3.12/site-packages/harbor/environments/docker/docker-compose-no-network.yaml cp main:/workspace/submission/src/word_math.rs /tmp/rsvh_repo/evidence/v3/gpt-6.1-sol-high/gpt-6.1-sol-high-zk-clearing-safe/zk-clearing-safe__EEpiCWn/artifacts/word_math.rs. Return code: 1. Stdout:  zk-clearing-safe__eepicwn-main-1 copy zk-clearing-safe__eepicwn-main-1:/workspace/submission/src/word_math.rs to /tmp/rsvh_repo/evidence/v3/gpt-6.1-sol-high/gpt-6.1-sol-high-zk-clearing-safe/zk-clearing-safe__EEpiCWn/artifacts/word_math.rs Copying
Error response from daemon: Could not find the file /workspace/submission/src/word_math.rs in container 18a1c5091311706ed4a14d56924e5161c26c9ee93f12066dc976592ef97a5b45
. Stderr: None. 
Failed to download artifact '/workspace/submission/src/reciprocal_div.rs' (best-effort)
Traceback (most recent call last):
  File "/tmp/harbor09/lib/python3.12/site-packages/harbor/trial/artifact_handler.py", line 195, in _download_artifact
    await source_env.download_file(
  File "/tmp/harbor09/lib/python3.12/site-packages/harbor/environments/docker/docker.py", line 614, in download_file
    await self._platform.download_file(source_path, target_path)
  File "/tmp/harbor09/lib/python3.12/site-packages/harbor/environments/docker/docker_unix.py", line 48, in download_file
    await self._env._run_docker_compose_command(
  File "/tmp/harbor09/lib/python3.12/site-packages/harbor/environments/docker/docker.py", line 417, in _run_docker_compose_command
    raise RuntimeError(
RuntimeError: Docker compose command failed for environment zk-clearing-safe. Command: docker compose --project-name zk-clearing-safe__eepicwn --project-directory /tmp/rsvh-zk-family/zk-clearing-safe/environment -f /tmp/tmpiwhgj2nj/zk-clearing-safe__EEpiCWn-docker-compose-resources.json -f /tmp/harbor09/lib/python3.12/site-packages/harbor/environments/docker/docker-compose-prebuilt.yaml -f /tmp/tmp2g8rq409/docker-compose-mounts.json -f /tmp/harbor09/lib/python3.12/site-packages/harbor/environments/docker/docker-compose-no-network.yaml cp main:/workspace/submission/src/reciprocal_div.rs /tmp/rsvh_repo/evidence/v3/gpt-6.1-sol-high/gpt-6.1-sol-high-zk-clearing-safe/zk-clearing-safe__EEpiCWn/artifacts/reciprocal_div.rs. Return code: 1. Stdout:  zk-clearing-safe__eepicwn-main-1 copy zk-clearing-safe__eepicwn-main-1:/workspace/submission/src/reciprocal_div.rs to /tmp/rsvh_repo/evidence/v3/gpt-6.1-sol-high/gpt-6.1-sol-high-zk-clearing-safe/zk-clearing-safe__EEpiCWn/artifacts/reciprocal_div.rs Copying
Error response from daemon: Could not find the file /workspace/submission/src/reciprocal_div.rs in container 18a1c5091311706ed4a14d56924e5161c26c9ee93f12066dc976592ef97a5b45
. Stderr: None. 
Failed to download artifact '/workspace/submission/src/broadword_swar.rs' (best-effort)
Traceback (most recent call last):
  File "/tmp/harbor09/lib/python3.12/site-packages/harbor/trial/artifact_handler.py", line 195, in _download_artifact
    await source_env.download_file(
  File "/tmp/harbor09/lib/python3.12/site-packages/harbor/environments/docker/docker.py", line 614, in download_file
    await self._platform.download_file(source_path, target_path)
  File "/tmp/harbor09/lib/python3.12/site-packages/harbor/environments/docker/docker_unix.py", line 48, in download_file
    await self._env._run_docker_compose_command(
  File "/tmp/harbor09/lib/python3.12/site-packages/harbor/environments/docker/docker.py", line 417, in _run_docker_compose_command
    raise RuntimeError(
RuntimeError: Docker compose command failed for environment zk-clearing-safe. Command: docker compose --project-name zk-clearing-safe__eepicwn --project-directory /tmp/rsvh-zk-family/zk-clearing-safe/environment -f /tmp/tmpiwhgj2nj/zk-clearing-safe__EEpiCWn-docker-compose-resources.json -f /tmp/harbor09/lib/python3.12/site-packages/harbor/environments/docker/docker-compose-prebuilt.yaml -f /tmp/tmp2g8rq409/docker-compose-mounts.json -f /tmp/harbor09/lib/python3.12/site-packages/harbor/environments/docker/docker-compose-no-network.yaml cp main:/workspace/submission/src/broadword_swar.rs /tmp/rsvh_repo/evidence/v3/gpt-6.1-sol-high/gpt-6.1-sol-high-zk-clearing-safe/zk-clearing-safe__EEpiCWn/artifacts/broadword_swar.rs. Return code: 1. Stdout:  zk-clearing-safe__eepicwn-main-1 copy zk-clearing-safe__eepicwn-main-1:/workspace/submission/src/broadword_swar.rs to /tmp/rsvh_repo/evidence/v3/gpt-6.1-sol-high/gpt-6.1-sol-high-zk-clearing-safe/zk-clearing-safe__EEpiCWn/artifacts/broadword_swar.rs Copying
Error response from daemon: Could not find the file /workspace/submission/src/broadword_swar.rs in container 18a1c5091311706ed4a14d56924e5161c26c9ee93f12066dc976592ef97a5b45
. Stderr: None. 
Failed to download artifact '/workspace/submission/src/montgomery_field.rs' (best-effort)
Traceback (most recent call last):
  File "/tmp/harbor09/lib/python3.12/site-packages/harbor/trial/artifact_handler.py", line 195, in _download_artifact
    await source_env.download_file(
  File "/tmp/harbor09/lib/python3.12/site-packages/harbor/environments/docker/docker.py", line 614, in download_file
    await self._platform.download_file(source_path, target_path)
  File "/tmp/harbor09/lib/python3.12/site-packages/harbor/environments/docker/docker_unix.py", line 48, in download_file
    await self._env._run_docker_compose_command(
  File "/tmp/harbor09/lib/python3.12/site-packages/harbor/environments/docker/docker.py", line 417, in _run_docker_compose_command
    raise RuntimeError(
RuntimeError: Docker compose command failed for environment zk-clearing-safe. Command: docker compose --project-name zk-clearing-safe__eepicwn --project-directory /tmp/rsvh-zk-family/zk-clearing-safe/environment -f /tmp/tmpiwhgj2nj/zk-clearing-safe__EEpiCWn-docker-compose-resources.json -f /tmp/harbor09/lib/python3.12/site-packages/harbor/environments/docker/docker-compose-prebuilt.yaml -f /tmp/tmp2g8rq409/docker-compose-mounts.json -f /tmp/harbor09/lib/python3.12/site-packages/harbor/environments/docker/docker-compose-no-network.yaml cp main:/workspace/submission/src/montgomery_field.rs /tmp/rsvh_repo/evidence/v3/gpt-6.1-sol-high/gpt-6.1-sol-high-zk-clearing-safe/zk-clearing-safe__EEpiCWn/artifacts/montgomery_field.rs. Return code: 1. Stdout:  zk-clearing-safe__eepicwn-main-1 copy zk-clearing-safe__eepicwn-main-1:/workspace/submission/src/montgomery_field.rs to /tmp/rsvh_repo/evidence/v3/gpt-6.1-sol-high/gpt-6.1-sol-high-zk-clearing-safe/zk-clearing-safe__EEpiCWn/artifacts/montgomery_field.rs Copying
Error response from daemon: Could not find the file /workspace/submission/src/montgomery_field.rs in container 18a1c5091311706ed4a14d56924e5161c26c9ee93f12066dc976592ef97a5b45
. Stderr: None. 
Failed to download artifact '/workspace/submission/src/goldilocks_field.rs' (best-effort)
Traceback (most recent call last):
  File "/tmp/harbor09/lib/python3.12/site-packages/harbor/trial/artifact_handler.py", line 195, in _download_artifact
    await source_env.download_file(
  File "/tmp/harbor09/lib/python3.12/site-packages/harbor/environments/docker/docker.py", line 614, in download_file
    await self._platform.download_file(source_path, target_path)
  File "/tmp/harbor09/lib/python3.12/site-packages/harbor/environments/docker/docker_unix.py", line 48, in download_file
    await self._env._run_docker_compose_command(
  File "/tmp/harbor09/lib/python3.12/site-packages/harbor/environments/docker/docker.py", line 417, in _run_docker_compose_command
    raise RuntimeError(
RuntimeError: Docker compose command failed for environment zk-clearing-safe. Command: docker compose --project-name zk-clearing-safe__eepicwn --project-directory /tmp/rsvh-zk-family/zk-clearing-safe/environment -f /tmp/tmpiwhgj2nj/zk-clearing-safe__EEpiCWn-docker-compose-resources.json -f /tmp/harbor09/lib/python3.12/site-packages/harbor/environments/docker/docker-compose-prebuilt.yaml -f /tmp/tmp2g8rq409/docker-compose-mounts.json -f /tmp/harbor09/lib/python3.12/site-packages/harbor/environments/docker/docker-compose-no-network.yaml cp main:/workspace/submission/src/goldilocks_field.rs /tmp/rsvh_repo/evidence/v3/gpt-6.1-sol-high/gpt-6.1-sol-high-zk-clearing-safe/zk-clearing-safe__EEpiCWn/artifacts/goldilocks_field.rs. Return code: 1. Stdout:  zk-clearing-safe__eepicwn-main-1 copy zk-clearing-safe__eepicwn-main-1:/workspace/submission/src/goldilocks_field.rs to /tmp/rsvh_repo/evidence/v3/gpt-6.1-sol-high/gpt-6.1-sol-high-zk-clearing-safe/zk-clearing-safe__EEpiCWn/artifacts/goldilocks_field.rs Copying
Error response from daemon: Could not find the file /workspace/submission/src/goldilocks_field.rs in container 18a1c5091311706ed4a14d56924e5161c26c9ee93f12066dc976592ef97a5b45
. Stderr: None. 
Failed to download artifact '/workspace/submission/src/fee_schedule.rs' (best-effort)
Traceback (most recent call last):
  File "/tmp/harbor09/lib/python3.12/site-packages/harbor/trial/artifact_handler.py", line 195, in _download_artifact
    await source_env.download_file(
  File "/tmp/harbor09/lib/python3.12/site-packages/harbor/environments/docker/docker.py", line 614, in download_file
    await self._platform.download_file(source_path, target_path)
  File "/tmp/harbor09/lib/python3.12/site-packages/harbor/environments/docker/docker_unix.py", line 48, in download_file
    await self._env._run_docker_compose_command(
  File "/tmp/harbor09/lib/python3.12/site-packages/harbor/environments/docker/docker.py", line 417, in _run_docker_compose_command
    raise RuntimeError(
RuntimeError: Docker compose command failed for environment zk-clearing-safe. Command: docker compose --project-name zk-clearing-safe__eepicwn --project-directory /tmp/rsvh-zk-family/zk-clearing-safe/environment -f /tmp/tmpiwhgj2nj/zk-clearing-safe__EEpiCWn-docker-compose-resources.json -f /tmp/harbor09/lib/python3.12/site-packages/harbor/environments/docker/docker-compose-prebuilt.yaml -f /tmp/tmp2g8rq409/docker-compose-mounts.json -f /tmp/harbor09/lib/python3.12/site-packages/harbor/environments/docker/docker-compose-no-network.yaml cp main:/workspace/submission/src/fee_schedule.rs /tmp/rsvh_repo/evidence/v3/gpt-6.1-sol-high/gpt-6.1-sol-high-zk-clearing-safe/zk-clearing-safe__EEpiCWn/artifacts/fee_schedule.rs. Return code: 1. Stdout:  zk-clearing-safe__eepicwn-main-1 copy zk-clearing-safe__eepicwn-main-1:/workspace/submission/src/fee_schedule.rs to /tmp/rsvh_repo/evidence/v3/gpt-6.1-sol-high/gpt-6.1-sol-high-zk-clearing-safe/zk-clearing-safe__EEpiCWn/artifacts/fee_schedule.rs Copying
Error response from daemon: Could not find the file /workspace/submission/src/fee_schedule.rs in container 18a1c5091311706ed4a14d56924e5161c26c9ee93f12066dc976592ef97a5b45
. Stderr: None. 
Failed to download artifact '/workspace/submission/src/liquidity_pool.rs' (best-effort)
Traceback (most recent call last):
  File "/tmp/harbor09/lib/python3.12/site-packages/harbor/trial/artifact_handler.py", line 195, in _download_artifact
    await source_env.download_file(
  File "/tmp/harbor09/lib/python3.12/site-packages/harbor/environments/docker/docker.py", line 614, in download_file
    await self._platform.download_file(source_path, target_path)
  File "/tmp/harbor09/lib/python3.12/site-packages/harbor/environments/docker/docker_unix.py", line 48, in download_file
    await self._env._run_docker_compose_command(
  File "/tmp/harbor09/lib/python3.12/site-packages/harbor/environments/docker/docker.py", line 417, in _run_docker_compose_command
    raise RuntimeError(
RuntimeError: Docker compose command failed for environment zk-clearing-safe. Command: docker compose --project-name zk-clearing-safe__eepicwn --project-directory /tmp/rsvh-zk-family/zk-clearing-safe/environment -f /tmp/tmpiwhgj2nj/zk-clearing-safe__EEpiCWn-docker-compose-resources.json -f /tmp/harbor09/lib/python3.12/site-packages/harbor/environments/docker/docker-compose-prebuilt.yaml -f /tmp/tmp2g8rq409/docker-compose-mounts.json -f /tmp/harbor09/lib/python3.12/site-packages/harbor/environments/docker/docker-compose-no-network.yaml cp main:/workspace/submission/src/liquidity_pool.rs /tmp/rsvh_repo/evidence/v3/gpt-6.1-sol-high/gpt-6.1-sol-high-zk-clearing-safe/zk-clearing-safe__EEpiCWn/artifacts/liquidity_pool.rs. Return code: 1. Stdout:  zk-clearing-safe__eepicwn-main-1 copy zk-clearing-safe__eepicwn-main-1:/workspace/submission/src/liquidity_pool.rs to /tmp/rsvh_repo/evidence/v3/gpt-6.1-sol-high/gpt-6.1-sol-high-zk-clearing-safe/zk-clearing-safe__EEpiCWn/artifacts/liquidity_pool.rs Copying
Error response from daemon: Could not find the file /workspace/submission/src/liquidity_pool.rs in container 18a1c5091311706ed4a14d56924e5161c26c9ee93f12066dc976592ef97a5b45
. Stderr: None. 
Failed to download artifact '/workspace/submission/src/transcript_codec.rs' (best-effort)
Traceback (most recent call last):
  File "/tmp/harbor09/lib/python3.12/site-packages/harbor/trial/artifact_handler.py", line 195, in _download_artifact
    await source_env.download_file(
  File "/tmp/harbor09/lib/python3.12/site-packages/harbor/environments/docker/docker.py", line 614, in download_file
    await self._platform.download_file(source_path, target_path)
  File "/tmp/harbor09/lib/python3.12/site-packages/harbor/environments/docker/docker_unix.py", line 48, in download_file
    await self._env._run_docker_compose_command(
  File "/tmp/harbor09/lib/python3.12/site-packages/harbor/environments/docker/docker.py", line 417, in _run_docker_compose_command
    raise RuntimeError(
RuntimeError: Docker compose command failed for environment zk-clearing-safe. Command: docker compose --project-name zk-clearing-safe__eepicwn --project-directory /tmp/rsvh-zk-family/zk-clearing-safe/environment -f /tmp/tmpiwhgj2nj/zk-clearing-safe__EEpiCWn-docker-compose-resources.json -f /tmp/harbor09/lib/python3.12/site-packages/harbor/environments/docker/docker-compose-prebuilt.yaml -f /tmp/tmp2g8rq409/docker-compose-mounts.json -f /tmp/harbor09/lib/python3.12/site-packages/harbor/environments/docker/docker-compose-no-network.yaml cp main:/workspace/submission/src/transcript_codec.rs /tmp/rsvh_repo/evidence/v3/gpt-6.1-sol-high/gpt-6.1-sol-high-zk-clearing-safe/zk-clearing-safe__EEpiCWn/artifacts/transcript_codec.rs. Return code: 1. Stdout:  zk-clearing-safe__eepicwn-main-1 copy zk-clearing-safe__eepicwn-main-1:/workspace/submission/src/transcript_codec.rs to /tmp/rsvh_repo/evidence/v3/gpt-6.1-sol-high/gpt-6.1-sol-high-zk-clearing-safe/zk-clearing-safe__EEpiCWn/artifacts/transcript_codec.rs Copying
Error response from daemon: Could not find the file /workspace/submission/src/transcript_codec.rs in container 18a1c5091311706ed4a14d56924e5161c26c9ee93f12066dc976592ef97a5b45
. Stderr: None. 
Failed to download artifact '/workspace/submission/src/clearing_pipeline.rs' (best-effort)
Traceback (most recent call last):
  File "/tmp/harbor09/lib/python3.12/site-packages/harbor/trial/artifact_handler.py", line 195, in _download_artifact
    await source_env.download_file(
  File "/tmp/harbor09/lib/python3.12/site-packages/harbor/environments/docker/docker.py", line 614, in download_file
    await self._platform.download_file(source_path, target_path)
  File "/tmp/harbor09/lib/python3.12/site-packages/harbor/environments/docker/docker_unix.py", line 48, in download_file
    await self._env._run_docker_compose_command(
  File "/tmp/harbor09/lib/python3.12/site-packages/harbor/environments/docker/docker.py", line 417, in _run_docker_compose_command
    raise RuntimeError(
RuntimeError: Docker compose command failed for environment zk-clearing-safe. Command: docker compose --project-name zk-clearing-safe__eepicwn --project-directory /tmp/rsvh-zk-family/zk-clearing-safe/environment -f /tmp/tmpiwhgj2nj/zk-clearing-safe__EEpiCWn-docker-compose-resources.json -f /tmp/harbor09/lib/python3.12/site-packages/harbor/environments/docker/docker-compose-prebuilt.yaml -f /tmp/tmp2g8rq409/docker-compose-mounts.json -f /tmp/harbor09/lib/python3.12/site-packages/harbor/environments/docker/docker-compose-no-network.yaml cp main:/workspace/submission/src/clearing_pipeline.rs /tmp/rsvh_repo/evidence/v3/gpt-6.1-sol-high/gpt-6.1-sol-high-zk-clearing-safe/zk-clearing-safe__EEpiCWn/artifacts/clearing_pipeline.rs. Return code: 1. Stdout:  zk-clearing-safe__eepicwn-main-1 copy zk-clearing-safe__eepicwn-main-1:/workspace/submission/src/clearing_pipeline.rs to /tmp/rsvh_repo/evidence/v3/gpt-6.1-sol-high/gpt-6.1-sol-high-zk-clearing-safe/zk-clearing-safe__EEpiCWn/artifacts/clearing_pipeline.rs Copying
Error response from daemon: Could not find the file /workspace/submission/src/clearing_pipeline.rs in container 18a1c5091311706ed4a14d56924e5161c26c9ee93f12066dc976592ef97a5b45
. Stderr: None. 
Failed to download artifact '/workspace/submission/LeanModel/Constants.lean' (best-effort)
Traceback (most recent call last):
  File "/tmp/harbor09/lib/python3.12/site-packages/harbor/trial/artifact_handler.py", line 195, in _download_artifact
    await source_env.download_file(
  File "/tmp/harbor09/lib/python3.12/site-packages/harbor/environments/docker/docker.py", line 614, in download_file
    await self._platform.download_file(source_path, target_path)
  File "/tmp/harbor09/lib/python3.12/site-packages/harbor/environments/docker/docker_unix.py", line 48, in download_file
    await self._env._run_docker_compose_command(
  File "/tmp/harbor09/lib/python3.12/site-packages/harbor/environments/docker/docker.py", line 417, in _run_docker_compose_command
    raise RuntimeError(
RuntimeError: Docker compose command failed for environment zk-clearing-safe. Command: docker compose --project-name zk-clearing-safe__eepicwn --project-directory /tmp/rsvh-zk-family/zk-clearing-safe/environment -f /tmp/tmpiwhgj2nj/zk-clearing-safe__EEpiCWn-docker-compose-resources.json -f /tmp/harbor09/lib/python3.12/site-packages/harbor/environments/docker/docker-compose-prebuilt.yaml -f /tmp/tmp2g8rq409/docker-compose-mounts.json -f /tmp/harbor09/lib/python3.12/site-packages/harbor/environments/docker/docker-compose-no-network.yaml cp main:/workspace/submission/LeanModel/Constants.lean /tmp/rsvh_repo/evidence/v3/gpt-6.1-sol-high/gpt-6.1-sol-high-zk-clearing-safe/zk-clearing-safe__EEpiCWn/artifacts/Constants.lean. Return code: 1. Stdout:  zk-clearing-safe__eepicwn-main-1 copy zk-clearing-safe__eepicwn-main-1:/workspace/submission/LeanModel/Constants.lean to /tmp/rsvh_repo/evidence/v3/gpt-6.1-sol-high/gpt-6.1-sol-high-zk-clearing-safe/zk-clearing-safe__EEpiCWn/artifacts/Constants.lean Copying
Error response from daemon: Could not find the file /workspace/submission/LeanModel/Constants.lean in container 18a1c5091311706ed4a14d56924e5161c26c9ee93f12066dc976592ef97a5b45
. Stderr: None. 
Failed to download artifact '/workspace/submission/LeanModel/WordMath.lean' (best-effort)
Traceback (most recent call last):
  File "/tmp/harbor09/lib/python3.12/site-packages/harbor/trial/artifact_handler.py", line 195, in _download_artifact
    await source_env.download_file(
  File "/tmp/harbor09/lib/python3.12/site-packages/harbor/environments/docker/docker.py", line 614, in download_file
    await self._platform.download_file(source_path, target_path)
  File "/tmp/harbor09/lib/python3.12/site-packages/harbor/environments/docker/docker_unix.py", line 48, in download_file
    await self._env._run_docker_compose_command(
  File "/tmp/harbor09/lib/python3.12/site-packages/harbor/environments/docker/docker.py", line 417, in _run_docker_compose_command
    raise RuntimeError(
RuntimeError: Docker compose command failed for environment zk-clearing-safe. Command: docker compose --project-name zk-clearing-safe__eepicwn --project-directory /tmp/rsvh-zk-family/zk-clearing-safe/environment -f /tmp/tmpiwhgj2nj/zk-clearing-safe__EEpiCWn-docker-compose-resources.json -f /tmp/harbor09/lib/python3.12/site-packages/harbor/environments/docker/docker-compose-prebuilt.yaml -f /tmp/tmp2g8rq409/docker-compose-mounts.json -f /tmp/harbor09/lib/python3.12/site-packages/harbor/environments/docker/docker-compose-no-network.yaml cp main:/workspace/submission/LeanModel/WordMath.lean /tmp/rsvh_repo/evidence/v3/gpt-6.1-sol-high/gpt-6.1-sol-high-zk-clearing-safe/zk-clearing-safe__EEpiCWn/artifacts/WordMath.lean. Return code: 1. Stdout:  zk-clearing-safe__eepicwn-main-1 copy zk-clearing-safe__eepicwn-main-1:/workspace/submission/LeanModel/WordMath.lean to /tmp/rsvh_repo/evidence/v3/gpt-6.1-sol-high/gpt-6.1-sol-high-zk-clearing-safe/zk-clearing-safe__EEpiCWn/artifacts/WordMath.lean Copying
Error response from daemon: Could not find the file /workspace/submission/LeanModel/WordMath.lean in container 18a1c5091311706ed4a14d56924e5161c26c9ee93f12066dc976592ef97a5b45
. Stderr: None. 
Failed to download artifact '/workspace/submission/LeanModel/ReciprocalDiv.lean' (best-effort)
Traceback (most recent call last):
  File "/tmp/harbor09/lib/python3.12/site-packages/harbor/trial/artifact_handler.py", line 195, in _download_artifact
    await source_env.download_file(
  File "/tmp/harbor09/lib/python3.12/site-packages/harbor/environments/docker/docker.py", line 614, in download_file
    await self._platform.download_file(source_path, target_path)
  File "/tmp/harbor09/lib/python3.12/site-packages/harbor/environments/docker/docker_unix.py", line 48, in download_file
    await self._env._run_docker_compose_command(
  File "/tmp/harbor09/lib/python3.12/site-packages/harbor/environments/docker/docker.py", line 417, in _run_docker_compose_command
    raise RuntimeError(
RuntimeError: Docker compose command failed for environment zk-clearing-safe. Command: docker compose --project-name zk-clearing-safe__eepicwn --project-directory /tmp/rsvh-zk-family/zk-clearing-safe/environment -f /tmp/tmpiwhgj2nj/zk-clearing-safe__EEpiCWn-docker-compose-resources.json -f /tmp/harbor09/lib/python3.12/site-packages/harbor/environments/docker/docker-compose-prebuilt.yaml -f /tmp/tmp2g8rq409/docker-compose-mounts.json -f /tmp/harbor09/lib/python3.12/site-packages/harbor/environments/docker/docker-compose-no-network.yaml cp main:/workspace/submission/LeanModel/ReciprocalDiv.lean /tmp/rsvh_repo/evidence/v3/gpt-6.1-sol-high/gpt-6.1-sol-high-zk-clearing-safe/zk-clearing-safe__EEpiCWn/artifacts/ReciprocalDiv.lean. Return code: 1. Stdout:  zk-clearing-safe__eepicwn-main-1 copy zk-clearing-safe__eepicwn-main-1:/workspace/submission/LeanModel/ReciprocalDiv.lean to /tmp/rsvh_repo/evidence/v3/gpt-6.1-sol-high/gpt-6.1-sol-high-zk-clearing-safe/zk-clearing-safe__EEpiCWn/artifacts/ReciprocalDiv.lean Copying
Error response from daemon: Could not find the file /workspace/submission/LeanModel/ReciprocalDiv.lean in container 18a1c5091311706ed4a14d56924e5161c26c9ee93f12066dc976592ef97a5b45
. Stderr: None. 
Failed to download artifact '/workspace/submission/LeanModel/BroadwordSwar.lean' (best-effort)
Traceback (most recent call last):
  File "/tmp/harbor09/lib/python3.12/site-packages/harbor/trial/artifact_handler.py", line 195, in _download_artifact
    await source_env.download_file(
  File "/tmp/harbor09/lib/python3.12/site-packages/harbor/environments/docker/docker.py", line 614, in download_file
    await self._platform.download_file(source_path, target_path)
  File "/tmp/harbor09/lib/python3.12/site-packages/harbor/environments/docker/docker_unix.py", line 48, in download_file
    await self._env._run_docker_compose_command(
  File "/tmp/harbor09/lib/python3.12/site-packages/harbor/environments/docker/docker.py", line 417, in _run_docker_compose_command
    raise RuntimeError(
RuntimeError: Docker compose command failed for environment zk-clearing-safe. Command: docker compose --project-name zk-clearing-safe__eepicwn --project-directory /tmp/rsvh-zk-family/zk-clearing-safe/environment -f /tmp/tmpiwhgj2nj/zk-clearing-safe__EEpiCWn-docker-compose-resources.json -f /tmp/harbor09/lib/python3.12/site-packages/harbor/environments/docker/docker-compose-prebuilt.yaml -f /tmp/tmp2g8rq409/docker-compose-mounts.json -f /tmp/harbor09/lib/python3.12/site-packages/harbor/environments/docker/docker-compose-no-network.yaml cp main:/workspace/submission/LeanModel/BroadwordSwar.lean /tmp/rsvh_repo/evidence/v3/gpt-6.1-sol-high/gpt-6.1-sol-high-zk-clearing-safe/zk-clearing-safe__EEpiCWn/artifacts/BroadwordSwar.lean. Return code: 1. Stdout:  zk-clearing-safe__eepicwn-main-1 copy zk-clearing-safe__eepicwn-main-1:/workspace/submission/LeanModel/BroadwordSwar.lean to /tmp/rsvh_repo/evidence/v3/gpt-6.1-sol-high/gpt-6.1-sol-high-zk-clearing-safe/zk-clearing-safe__EEpiCWn/artifacts/BroadwordSwar.lean Copying
Error response from daemon: Could not find the file /workspace/submission/LeanModel/BroadwordSwar.lean in container 18a1c5091311706ed4a14d56924e5161c26c9ee93f12066dc976592ef97a5b45
. Stderr: None. 
Failed to download artifact '/workspace/submission/LeanModel/MontgomeryField.lean' (best-effort)
Traceback (most recent call last):
  File "/tmp/harbor09/lib/python3.12/site-packages/harbor/trial/artifact_handler.py", line 195, in _download_artifact
    await source_env.download_file(
  File "/tmp/harbor09/lib/python3.12/site-packages/harbor/environments/docker/docker.py", line 614, in download_file
    await self._platform.download_file(source_path, target_path)
  File "/tmp/harbor09/lib/python3.12/site-packages/harbor/environments/docker/docker_unix.py", line 48, in download_file
    await self._env._run_docker_compose_command(
  File "/tmp/harbor09/lib/python3.12/site-packages/harbor/environments/docker/docker.py", line 417, in _run_docker_compose_command
    raise RuntimeError(
RuntimeError: Docker compose command failed for environment zk-clearing-safe. Command: docker compose --project-name zk-clearing-safe__eepicwn --project-directory /tmp/rsvh-zk-family/zk-clearing-safe/environment -f /tmp/tmpiwhgj2nj/zk-clearing-safe__EEpiCWn-docker-compose-resources.json -f /tmp/harbor09/lib/python3.12/site-packages/harbor/environments/docker/docker-compose-prebuilt.yaml -f /tmp/tmp2g8rq409/docker-compose-mounts.json -f /tmp/harbor09/lib/python3.12/site-packages/harbor/environments/docker/docker-compose-no-network.yaml cp main:/workspace/submission/LeanModel/MontgomeryField.lean /tmp/rsvh_repo/evidence/v3/gpt-6.1-sol-high/gpt-6.1-sol-high-zk-clearing-safe/zk-clearing-safe__EEpiCWn/artifacts/MontgomeryField.lean. Return code: 1. Stdout:  zk-clearing-safe__eepicwn-main-1 copy zk-clearing-safe__eepicwn-main-1:/workspace/submission/LeanModel/MontgomeryField.lean to /tmp/rsvh_repo/evidence/v3/gpt-6.1-sol-high/gpt-6.1-sol-high-zk-clearing-safe/zk-clearing-safe__EEpiCWn/artifacts/MontgomeryField.lean Copying
Error response from daemon: Could not find the file /workspace/submission/LeanModel/MontgomeryField.lean in container 18a1c5091311706ed4a14d56924e5161c26c9ee93f12066dc976592ef97a5b45
. Stderr: None. 
Failed to download artifact '/workspace/submission/LeanModel/GoldilocksField.lean' (best-effort)
Traceback (most recent call last):
  File "/tmp/harbor09/lib/python3.12/site-packages/harbor/trial/artifact_handler.py", line 195, in _download_artifact
    await source_env.download_file(
  File "/tmp/harbor09/lib/python3.12/site-packages/harbor/environments/docker/docker.py", line 614, in download_file
    await self._platform.download_file(source_path, target_path)
  File "/tmp/harbor09/lib/python3.12/site-packages/harbor/environments/docker/docker_unix.py", line 48, in download_file
    await self._env._run_docker_compose_command(
  File "/tmp/harbor09/lib/python3.12/site-packages/harbor/environments/docker/docker.py", line 417, in _run_docker_compose_command
    raise RuntimeError(
RuntimeError: Docker compose command failed for environment zk-clearing-safe. Command: docker compose --project-name zk-clearing-safe__eepicwn --project-directory /tmp/rsvh-zk-family/zk-clearing-safe/environment -f /tmp/tmpiwhgj2nj/zk-clearing-safe__EEpiCWn-docker-compose-resources.json -f /tmp/harbor09/lib/python3.12/site-packages/harbor/environments/docker/docker-compose-prebuilt.yaml -f /tmp/tmp2g8rq409/docker-compose-mounts.json -f /tmp/harbor09/lib/python3.12/site-packages/harbor/environments/docker/docker-compose-no-network.yaml cp main:/workspace/submission/LeanModel/GoldilocksField.lean /tmp/rsvh_repo/evidence/v3/gpt-6.1-sol-high/gpt-6.1-sol-high-zk-clearing-safe/zk-clearing-safe__EEpiCWn/artifacts/GoldilocksField.lean. Return code: 1. Stdout:  zk-clearing-safe__eepicwn-main-1 copy zk-clearing-safe__eepicwn-main-1:/workspace/submission/LeanModel/GoldilocksField.lean to /tmp/rsvh_repo/evidence/v3/gpt-6.1-sol-high/gpt-6.1-sol-high-zk-clearing-safe/zk-clearing-safe__EEpiCWn/artifacts/GoldilocksField.lean Copying
Error response from daemon: Could not find the file /workspace/submission/LeanModel/GoldilocksField.lean in container 18a1c5091311706ed4a14d56924e5161c26c9ee93f12066dc976592ef97a5b45
. Stderr: None. 
Failed to download artifact '/workspace/submission/LeanModel/FeeSchedule.lean' (best-effort)
Traceback (most recent call last):
  File "/tmp/harbor09/lib/python3.12/site-packages/harbor/trial/artifact_handler.py", line 195, in _download_artifact
    await source_env.download_file(
  File "/tmp/harbor09/lib/python3.12/site-packages/harbor/environments/docker/docker.py", line 614, in download_file
    await self._platform.download_file(source_path, target_path)
  File "/tmp/harbor09/lib/python3.12/site-packages/harbor/environments/docker/docker_unix.py", line 48, in download_file
    await self._env._run_docker_compose_command(
  File "/tmp/harbor09/lib/python3.12/site-packages/harbor/environments/docker/docker.py", line 417, in _run_docker_compose_command
    raise RuntimeError(
RuntimeError: Docker compose command failed for environment zk-clearing-safe. Command: docker compose --project-name zk-clearing-safe__eepicwn --project-directory /tmp/rsvh-zk-family/zk-clearing-safe/environment -f /tmp/tmpiwhgj2nj/zk-clearing-safe__EEpiCWn-docker-compose-resources.json -f /tmp/harbor09/lib/python3.12/site-packages/harbor/environments/docker/docker-compose-prebuilt.yaml -f /tmp/tmp2g8rq409/docker-compose-mounts.json -f /tmp/harbor09/lib/python3.12/site-packages/harbor/environments/docker/docker-compose-no-network.yaml cp main:/workspace/submission/LeanModel/FeeSchedule.lean /tmp/rsvh_repo/evidence/v3/gpt-6.1-sol-high/gpt-6.1-sol-high-zk-clearing-safe/zk-clearing-safe__EEpiCWn/artifacts/FeeSchedule.lean. Return code: 1. Stdout:  zk-clearing-safe__eepicwn-main-1 copy zk-clearing-safe__eepicwn-main-1:/workspace/submission/LeanModel/FeeSchedule.lean to /tmp/rsvh_repo/evidence/v3/gpt-6.1-sol-high/gpt-6.1-sol-high-zk-clearing-safe/zk-clearing-safe__EEpiCWn/artifacts/FeeSchedule.lean Copying
Error response from daemon: Could not find the file /workspace/submission/LeanModel/FeeSchedule.lean in container 18a1c5091311706ed4a14d56924e5161c26c9ee93f12066dc976592ef97a5b45
. Stderr: None. 
Failed to download artifact '/workspace/submission/LeanModel/LiquidityPool.lean' (best-effort)
Traceback (most recent call last):
  File "/tmp/harbor09/lib/python3.12/site-packages/harbor/trial/artifact_handler.py", line 195, in _download_artifact
    await source_env.download_file(
  File "/tmp/harbor09/lib/python3.12/site-packages/harbor/environments/docker/docker.py", line 614, in download_file
    await self._platform.download_file(source_path, target_path)
  File "/tmp/harbor09/lib/python3.12/site-packages/harbor/environments/docker/docker_unix.py", line 48, in download_file
    await self._env._run_docker_compose_command(
  File "/tmp/harbor09/lib/python3.12/site-packages/harbor/environments/docker/docker.py", line 417, in _run_docker_compose_command
    raise RuntimeError(
RuntimeError: Docker compose command failed for environment zk-clearing-safe. Command: docker compose --project-name zk-clearing-safe__eepicwn --project-directory /tmp/rsvh-zk-family/zk-clearing-safe/environment -f /tmp/tmpiwhgj2nj/zk-clearing-safe__EEpiCWn-docker-compose-resources.json -f /tmp/harbor09/lib/python3.12/site-packages/harbor/environments/docker/docker-compose-prebuilt.yaml -f /tmp/tmp2g8rq409/docker-compose-mounts.json -f /tmp/harbor09/lib/python3.12/site-packages/harbor/environments/docker/docker-compose-no-network.yaml cp main:/workspace/submission/LeanModel/LiquidityPool.lean /tmp/rsvh_repo/evidence/v3/gpt-6.1-sol-high/gpt-6.1-sol-high-zk-clearing-safe/zk-clearing-safe__EEpiCWn/artifacts/LiquidityPool.lean. Return code: 1. Stdout:  zk-clearing-safe__eepicwn-main-1 copy zk-clearing-safe__eepicwn-main-1:/workspace/submission/LeanModel/LiquidityPool.lean to /tmp/rsvh_repo/evidence/v3/gpt-6.1-sol-high/gpt-6.1-sol-high-zk-clearing-safe/zk-clearing-safe__EEpiCWn/artifacts/LiquidityPool.lean Copying
Error response from daemon: Could not find the file /workspace/submission/LeanModel/LiquidityPool.lean in container 18a1c5091311706ed4a14d56924e5161c26c9ee93f12066dc976592ef97a5b45
. Stderr: None. 
Failed to download artifact '/workspace/submission/LeanModel/TranscriptCodec.lean' (best-effort)
Traceback (most recent call last):
  File "/tmp/harbor09/lib/python3.12/site-packages/harbor/trial/artifact_handler.py", line 195, in _download_artifact
    await source_env.download_file(
  File "/tmp/harbor09/lib/python3.12/site-packages/harbor/environments/docker/docker.py", line 614, in download_file
    await self._platform.download_file(source_path, target_path)
  File "/tmp/harbor09/lib/python3.12/site-packages/harbor/environments/docker/docker_unix.py", line 48, in download_file
    await self._env._run_docker_compose_command(
  File "/tmp/harbor09/lib/python3.12/site-packages/harbor/environments/docker/docker.py", line 417, in _run_docker_compose_command
    raise RuntimeError(
RuntimeError: Docker compose command failed for environment zk-clearing-safe. Command: docker compose --project-name zk-clearing-safe__eepicwn --project-directory /tmp/rsvh-zk-family/zk-clearing-safe/environment -f /tmp/tmpiwhgj2nj/zk-clearing-safe__EEpiCWn-docker-compose-resources.json -f /tmp/harbor09/lib/python3.12/site-packages/harbor/environments/docker/docker-compose-prebuilt.yaml -f /tmp/tmp2g8rq409/docker-compose-mounts.json -f /tmp/harbor09/lib/python3.12/site-packages/harbor/environments/docker/docker-compose-no-network.yaml cp main:/workspace/submission/LeanModel/TranscriptCodec.lean /tmp/rsvh_repo/evidence/v3/gpt-6.1-sol-high/gpt-6.1-sol-high-zk-clearing-safe/zk-clearing-safe__EEpiCWn/artifacts/TranscriptCodec.lean. Return code: 1. Stdout:  zk-clearing-safe__eepicwn-main-1 copy zk-clearing-safe__eepicwn-main-1:/workspace/submission/LeanModel/TranscriptCodec.lean to /tmp/rsvh_repo/evidence/v3/gpt-6.1-sol-high/gpt-6.1-sol-high-zk-clearing-safe/zk-clearing-safe__EEpiCWn/artifacts/TranscriptCodec.lean Copying
Error response from daemon: Could not find the file /workspace/submission/LeanModel/TranscriptCodec.lean in container 18a1c5091311706ed4a14d56924e5161c26c9ee93f12066dc976592ef97a5b45
. Stderr: None. 
Failed to download artifact '/workspace/submission/LeanModel/ClearingPipeline.lean' (best-effort)
Traceback (most recent call last):
  File "/tmp/harbor09/lib/python3.12/site-packages/harbor/trial/artifact_handler.py", line 195, in _download_artifact
    await source_env.download_file(
  File "/tmp/harbor09/lib/python3.12/site-packages/harbor/environments/docker/docker.py", line 614, in download_file
    await self._platform.download_file(source_path, target_path)
  File "/tmp/harbor09/lib/python3.12/site-packages/harbor/environments/docker/docker_unix.py", line 48, in download_file
    await self._env._run_docker_compose_command(
  File "/tmp/harbor09/lib/python3.12/site-packages/harbor/environments/docker/docker.py", line 417, in _run_docker_compose_command
    raise RuntimeError(
RuntimeError: Docker compose command failed for environment zk-clearing-safe. Command: docker compose --project-name zk-clearing-safe__eepicwn --project-directory /tmp/rsvh-zk-family/zk-clearing-safe/environment -f /tmp/tmpiwhgj2nj/zk-clearing-safe__EEpiCWn-docker-compose-resources.json -f /tmp/harbor09/lib/python3.12/site-packages/harbor/environments/docker/docker-compose-prebuilt.yaml -f /tmp/tmp2g8rq409/docker-compose-mounts.json -f /tmp/harbor09/lib/python3.12/site-packages/harbor/environments/docker/docker-compose-no-network.yaml cp main:/workspace/submission/LeanModel/ClearingPipeline.lean /tmp/rsvh_repo/evidence/v3/gpt-6.1-sol-high/gpt-6.1-sol-high-zk-clearing-safe/zk-clearing-safe__EEpiCWn/artifacts/ClearingPipeline.lean. Return code: 1. Stdout:  zk-clearing-safe__eepicwn-main-1 copy zk-clearing-safe__eepicwn-main-1:/workspace/submission/LeanModel/ClearingPipeline.lean to /tmp/rsvh_repo/evidence/v3/gpt-6.1-sol-high/gpt-6.1-sol-high-zk-clearing-safe/zk-clearing-safe__EEpiCWn/artifacts/ClearingPipeline.lean Copying
Error response from daemon: Could not find the file /workspace/submission/LeanModel/ClearingPipeline.lean in container 18a1c5091311706ed4a14d56924e5161c26c9ee93f12066dc976592ef97a5b45
. Stderr: None. 
