max_turns (f.k.a. max_episodes) artificially limited to 25. Consider removing this limit for better task completion.
Skipping image OS validation for hb__settlement-modular-vulnerable: docker inspect returned 1
Both tmux and asciinema are already installed
Starting recording.
Sending keys: ['asciinema rec --stdin /logs/agent/recording.cast', 'Enter'] min_timeout_sec: 1.0 max_timeout_sec: 180.0
Sending keys: ['clear', 'Enter'] min_timeout_sec: 0.0 max_timeout_sec: 180.0
Sending keys: ['cat /workspace/challenge/src/lib.rs\n'] min_timeout_sec: 0.1 max_timeout_sec: 180.0
Sending keys: ['cat /workspace/lean/SecurityChallenge.lean\n'] min_timeout_sec: 0.1 max_timeout_sec: 180.0
Sending keys: ['cat /workspace/lean/check.py && ls -la /workspace && ls -la /workspace/lean\n'] min_timeout_sec: 0.1 max_timeout_sec: 180.0
Trajectory dumped to /tmp/rsvh-eval/evidence/v3/gpt-6.1-sol-high/gpt-6.1-sol-high-settlement-modular-vulnerable/settlement-modular-vulnerable__cuuwafm/agent/trajectory.json
Sending keys: ["sed -n '125,320p' /workspace/challenge/src/lib.rs && head -25 /workspace/lean/SecurityChallenge.lean && cat /workspace/challenge/Cargo.toml && lean --version && ls -la /workspace/submission\n"] min_timeout_sec: 0.1 max_timeout_sec: 180.0
Sending keys: ["python3 - <<'PY'\nM = 2**64\namount = 0\nfee = M - 2000\nq = M // 10000\nbiased = (fee + 9999) % M\nbad_gross = fee // 10000 + (biased + M % 10000) // 10000\ngross = (amount + fee + 9999) // 10000\nbad_total = amount + bad_gross - bad_gross // 10\ntotal = amount + gross - gross // 10\nprint(dict(balance=bad_total, amount=amount, fee=fee))\nprint('gross:', gross, 'implementation gross:', bad_gross)\nprint('correct debit:', total, 'implementation debit:', bad_total)\nPY\n"] min_timeout_sec: 0.1 max_timeout_sec: 180.0
Trajectory dumped to /tmp/rsvh-eval/evidence/v3/gpt-6.1-sol-high/gpt-6.1-sol-high-settlement-modular-vulnerable/settlement-modular-vulnerable__cuuwafm/agent/trajectory.json
Sending keys: ['echo "$PATH"; ls -la /workspace/submission; ls -la /root/.elan/bin /root/.cargo/bin /opt 2>/dev/null; find / -name lean -type f 2>/dev/null | head -15\n'] min_timeout_sec: 1.0 max_timeout_sec: 180.0
Sending keys: ['mkdir -p /workspace/submission/src\ncat > /workspace/submission/Spec.lean <<\'EOF\'\nimport SecurityChallenge\n\n-- Exact unbounded settlement arithmetic, including the ceiling fee and floor rebate.\ndef grossFeeNat (amount fee : UInt64) : Nat :=\n  (amount.toNat + fee.toNat + 9999) / 10000\n\ndef settlementDebitNat (amount fee : UInt64) : Nat :=\n  amount.toNat + (grossFeeNat amount fee - grossFeeNat amount fee / 10)\n\ndef candidateSpec : SecurityChallenge.AuthorizationSpec where\n  accepts balance amount fee := settlementDebitNat amount fee ≤ balance.toNat\n  output balance amount fee totalDebit :=\n    settlementDebitNat amount fee ≤ balance.toNat ∧\n    totalDebit.toNat = settlementDebitNat amount fee\nEOF\ncat > /workspace/submission/Audit.lean <<\'EOF\'\nimport SecurityChallenge\n\ndef verdict : SecurityChallenge.AuditVerdict := .vulnerable\nEOF\ncat > /workspace/submission/Proof.lean <<\'EOF\'\nby\n  change ¬ SecurityChallenge.Conforms candidateSpec SecurityChallenge.challengeAuthorize\n  intro conforms\n  have actual : SecurityChallenge.challengeAuthorize\n      (1660206966633859 : UInt64) (0 : UInt64)\n      (18446744073709549616 : UInt64) = some (1660206966633859 : UInt64) := by\n    decide\n  have accepted := (conforms.1 (1660206966633859 : UInt64) (0 : UInt64)\n    (18446744073709549616 : UInt64)).mp ⟨_, actual⟩\n  have rejected : ¬ candidateSpec.accepts (1660206966633859 : UInt64)\n      (0 : UInt64) (18446744073709549616 : UInt64) := by\n    decide\n  exact rejected accepted\nEOF\ncat > /workspace/submission/counterexample.json <<\'EOF\'\n{"balance":1660206966633859,"amount":0,"fee":18446744073709549616}\nEOF\npython3 - <<\'PY\'\nfrom pathlib import Path\ns = Path(\'/workspace/challenge/src/lib.rs\').read_text()\nold = \'\'\'            let biased = fold.low_word.wrapping_add(BPS_MAX_REM);\n            if biased < fold.low_word {\n                (fold.low_word / BPS_DENOM) + ((biased + U64_MOD_BPS_REM) / BPS_DENOM)\n            } else {\n                biased / BPS_DENOM\n            }\'\'\'\nnew = \'\'\'            // Quotient/remainder ceiling avoids overflow in low_word + 9999.\n            let quotient = fold.low_word / BPS_DENOM;\n            let remainder = fold.low_word % BPS_DENOM;\n            if remainder == 0 {\n                quotient\n            } else {\n                quotient + 1\n            }\'\'\'\nassert old in s\nPath(\'/workspace/submission/src/lib.rs\').write_text(s.replace(old, new))\nPY\n'] min_timeout_sec: 0.1 max_timeout_sec: 180.0
Trajectory dumped to /tmp/rsvh-eval/evidence/v3/gpt-6.1-sol-high/gpt-6.1-sol-high-settlement-modular-vulnerable/settlement-modular-vulnerable__cuuwafm/agent/trajectory.json
Sending keys: ['export PATH=/opt/lean/bin:$PATH\npython3 /workspace/lean/check.py\n'] min_timeout_sec: 1.0 max_timeout_sec: 180.0
Sending keys: ['command -v rustc cargo; find / -name rustc -o -name cargo 2>/dev/null | head -20; diff -u /workspace/challenge/src/lib.rs /workspace/submission/src/lib.rs; ls -la /workspace/harness\n'] min_timeout_sec: 1.0 max_timeout_sec: 180.0
Trajectory dumped to /tmp/rsvh-eval/evidence/v3/gpt-6.1-sol-high/gpt-6.1-sol-high-settlement-modular-vulnerable/settlement-modular-vulnerable__cuuwafm/agent/trajectory.json
Sending keys: [''] min_timeout_sec: 1.0 max_timeout_sec: 180.0
Trajectory dumped to /tmp/rsvh-eval/evidence/v3/gpt-6.1-sol-high/gpt-6.1-sol-high-settlement-modular-vulnerable/settlement-modular-vulnerable__cuuwafm/agent/trajectory.json
Sending keys: [''] min_timeout_sec: 10.0 max_timeout_sec: 180.0
Trajectory dumped to /tmp/rsvh-eval/evidence/v3/gpt-6.1-sol-high/gpt-6.1-sol-high-settlement-modular-vulnerable/settlement-modular-vulnerable__cuuwafm/agent/trajectory.json
Sending keys: ["python3 - <<'PY'\nfrom pathlib import Path\np = Path('/workspace/submission/Proof.lean')\ns = p.read_text()\ns = s.replace('      (0 : UInt64) (18446744073709549616 : UInt64) := by\\n    decide', '      (0 : UInt64) (18446744073709549616 : UInt64) := by\\n    change ¬ ((1660206966633860 : Nat) ≤ 1660206966633859)\\n    decide')\np.write_text(s)\np = Path('/workspace/submission/src/lib.rs')\ns = p.read_text()\nneedle = '    #[test]\\n    fn total_debit_overflow_rejected()'\ninsert = '''    #[test]\n    fn ceiling_bias_wrap_regression() {\n        let fee = 18_446_744_073_709_549_616;\n        let exact_debit = 1_660_206_966_633_860;\n        assert_eq!(authorize(exact_debit - 1, 0, fee), None);\n        assert_eq!(authorize(exact_debit, 0, fee).unwrap().total_debit, exact_debit);\n    }\n\n'''\nassert needle in s\np.write_text(s.replace(needle, insert + needle))\nPY\npython3 /workspace/lean/check.py\n"] min_timeout_sec: 1.0 max_timeout_sec: 180.0
Sending keys: ['export PATH=/usr/local/cargo/bin:$PATH\nrustc --edition=2021 --test /workspace/submission/src/lib.rs -o /tmp/settlement-tests && /tmp/settlement-tests\n'] min_timeout_sec: 1.0 max_timeout_sec: 180.0
Trajectory dumped to /tmp/rsvh-eval/evidence/v3/gpt-6.1-sol-high/gpt-6.1-sol-high-settlement-modular-vulnerable/settlement-modular-vulnerable__cuuwafm/agent/trajectory.json
Sending keys: [''] min_timeout_sec: 10.0 max_timeout_sec: 180.0
Trajectory dumped to /tmp/rsvh-eval/evidence/v3/gpt-6.1-sol-high/gpt-6.1-sol-high-settlement-modular-vulnerable/settlement-modular-vulnerable__cuuwafm/agent/trajectory.json
Sending keys: ['rustc --edition=2021 --crate-name settlement_gate --crate-type rlib /workspace/submission/src/lib.rs -o /tmp/libsettlement_gate.rlib\ncat > /tmp/settlement-differential.rs <<\'EOF\'\nextern crate settlement_gate;\nuse settlement_gate::{authorize, bps_math};\nfn check(a: u64, f: u64) {\n    let basis = a as u128 + f as u128;\n    let gross = (basis + 9999) / 10000;\n    let debit = a as u128 + gross - gross / 10;\n    let fold = bps_math::fold_u64_sum(a, f);\n    assert_eq!(bps_math::ceil_div_bps_folded(fold) as u128, gross);\n    assert_eq!(bps_math::floor_div_bps_folded(fold) as u128, basis / 10000);\n    let exact = debit.min(u64::MAX as u128) as u64;\n    for balance in [0, u64::MAX, exact, exact.saturating_sub(1)] {\n        let expected = if debit <= balance as u128 { Some(debit as u64) } else { None };\n        assert_eq!(authorize(balance, a, f).map(|x| x.total_debit), expected,\n            "balance={balance}, amount={a}, fee={f}");\n    }\n}\nfn main() {\n    for delta in 0..25000 {\n        for a in [0, 1, 9999, 10000, u64::MAX] {\n            check(a, u64::MAX - delta);\n        }\n    }\n    for a in [0, 1, 9999, 10000, 99991, u64::MAX] {\n        for f in [0, 1, 9999, 10000, 99991, u64::MAX] { check(a, f); }\n    }\n    let mut seed = 123456789u64;\n    for _ in 0..100000 {\n        seed = seed.wrapping_mul(6364136223846793005).wrapping_add(1);\n        let a = seed;\n        seed = seed.wrapping_mul(6364136223846793005).wrapping_add(1);\n        check(a, seed);\n    }\n    println!("225036 input pairs passed wider-arithmetic differential checks");\n}\nEOF\nrustc --edition=2021 /tmp/settlement-differential.rs --extern settlement_gate=/tmp/libsettlement_gate.rlib -o /tmp/settlement-differential && /tmp/settlement-differential\n'] min_timeout_sec: 1.0 max_timeout_sec: 180.0
Sending keys: ['find /workspace/submission -maxdepth 2 -type f -print; cat /workspace/submission/Spec.lean /workspace/submission/Audit.lean /workspace/submission/Proof.lean /workspace/submission/counterexample.json\n'] min_timeout_sec: 0.1 max_timeout_sec: 180.0
Trajectory dumped to /tmp/rsvh-eval/evidence/v3/gpt-6.1-sol-high/gpt-6.1-sol-high-settlement-modular-vulnerable/settlement-modular-vulnerable__cuuwafm/agent/trajectory.json
Trajectory dumped to /tmp/rsvh-eval/evidence/v3/gpt-6.1-sol-high/gpt-6.1-sol-high-settlement-modular-vulnerable/settlement-modular-vulnerable__cuuwafm/agent/trajectory.json
Trajectory dumped to /tmp/rsvh-eval/evidence/v3/gpt-6.1-sol-high/gpt-6.1-sol-high-settlement-modular-vulnerable/settlement-modular-vulnerable__cuuwafm/agent/trajectory.json
Trajectory dumped to /tmp/rsvh-eval/evidence/v3/gpt-6.1-sol-high/gpt-6.1-sol-high-settlement-modular-vulnerable/settlement-modular-vulnerable__cuuwafm/agent/trajectory.json
Skipping image OS validation for hb__settlement-modular-vulnerable: docker inspect returned 1
