max_turns (f.k.a. max_episodes) artificially limited to 25. Consider removing this limit for better task completion.
Skipping image OS validation for hb__plonky3-vulnerable: docker inspect returned 1
Both tmux and asciinema are already installed
Starting recording.
Sending keys: ['asciinema rec --stdin /logs/agent/recording.cast', 'Enter'] min_timeout_sec: 1.0 max_timeout_sec: 180.0
Sending keys: ['clear', 'Enter'] min_timeout_sec: 0.0 max_timeout_sec: 180.0
Sending keys: ['cat /workspace/challenge/src/lib.rs\n'] min_timeout_sec: 0.1 max_timeout_sec: 180.0
Sending keys: ['cat /workspace/lean/SecurityChallenge.lean\n'] min_timeout_sec: 0.1 max_timeout_sec: 180.0
Sending keys: ['ls -la /workspace/lean /workspace/submission; cat /workspace/lean/check.py\n'] min_timeout_sec: 0.1 max_timeout_sec: 180.0
Trajectory dumped to /tmp/rsvh-eval/evidence/v3/gpt-6.1-sol-high/gpt-6.1-sol-high-plonky3-vulnerable/plonky3-vulnerable__M8jQZsd/agent/trajectory.json
Sending keys: ["python3 - <<'PY'\np=2013265921;r=4294967296;mu=2281701377;rinv=943718400\na=1;t=a*mu%r;f=(t*p-a)//r-1;x=a+f*r\nprint('balance, amount, fee:',1,a,f)\nprint('transcript:',x,'t:',t,'x-tP:',x-t*p)\nprint('expected surcharge:',x*rinv%p,'expected total:',a+x*rinv%p)\nPY\ncat /workspace/submission/{Spec,Audit,Proof}.lean\nls -la /workspace/submission/src; cat /workspace/challenge/Cargo.toml; cat /workspace/lean/Signature.lean\n"] min_timeout_sec: 0.1 max_timeout_sec: 180.0
Trajectory dumped to /tmp/rsvh-eval/evidence/v3/gpt-6.1-sol-high/gpt-6.1-sol-high-plonky3-vulnerable/plonky3-vulnerable__M8jQZsd/agent/trajectory.json
Sending keys: ['cat > /workspace/submission/Spec.lean <<\'EOF\'\nimport SecurityChallenge\nopen SecurityChallenge\n\n/-- The settlement debit, computed in unbounded integer arithmetic. -/\ndef policyDebit (amount fee : UInt64) : Nat :=\n  amount.toNat +\n    (((amount.toNat % 4294967296 +\n       (fee.toNat % 2013265921) * 4294967296) * 943718400) % 2013265921)\n\n/-- Authorization is exact affordability; output is the exact settlement debit. -/\ndef candidateSpec : AuthorizationSpec where\n  accepts := fun balance amount fee => policyDebit amount fee ≤ balance.toNat\n  output := fun balance amount fee totalDebit =>\n    policyDebit amount fee ≤ balance.toNat ∧ totalDebit.toNat = policyDebit amount fee\nEOF\ncat > /workspace/submission/Audit.lean <<\'EOF\'\nimport SecurityChallenge\nopen SecurityChallenge\n\ndef verdict : AuditVerdict := .vulnerable\nEOF\ncat > /workspace/submission/Proof.lean <<\'EOF\'\nby\n  change ¬ SecurityChallenge.Conforms candidateSpec SecurityChallenge.challengeAuthorize\n  intro h\n  have accepted : SecurityChallenge.challengeAuthorize 1 1 1069547520 = some 1 := by\n    decide\n  have mustAccept : candidateSpec.accepts 1 1 1069547520 :=\n    (h.1 1 1 1069547520).mp ⟨1, accepted⟩\n  have unaffordable : ¬ candidateSpec.accepts 1 1 1069547520 := by\n    decide\n  exact unaffordable mustAccept\nEOF\ncat > /workspace/submission/counterexample.json <<\'EOF\'\n{"balance":1,"amount":1,"fee":1069547520}\nEOF\npython3 - <<\'PY\'\nfrom pathlib import Path\ns=Path(\'/workspace/challenge/src/lib.rs\').read_text()\nold=\'\'\'        if borrow {\n            if hi == LIMB_MASK {\n                0u64\n            } else {\n                hi + BABY_BEAR_P - LIMB_BASE\n            }\n        } else {\'\'\'\nnew=\'\'\'        if borrow {\n            // The negative quotient is represented by hi - LIMB_BASE.\n            // Adding P normalizes it, including hi == LIMB_MASK (P - 1).\n            hi + BABY_BEAR_P - LIMB_BASE\n        } else {\'\'\'\nassert old in s\nPath(\'/workspace/submission/src/lib.rs\').write_text(s.replace(old,new))\nPY\npython3 /workspace/lean/check.py\n'] min_timeout_sec: 1.0 max_timeout_sec: 180.0
Trajectory dumped to /tmp/rsvh-eval/evidence/v3/gpt-6.1-sol-high/gpt-6.1-sol-high-plonky3-vulnerable/plonky3-vulnerable__M8jQZsd/agent/trajectory.json
Parser warnings: - Command 1 should end with newline when followed by another command. Otherwise the two commands will be concatenated together on the same line.
Sending keys: [''] min_timeout_sec: 1.0 max_timeout_sec: 180.0
Sending keys: ["mkdir -p /tmp/settlement-audit/src\ncp /workspace/challenge/Cargo.toml /tmp/settlement-audit/Cargo.toml\ncp /workspace/submission/src/lib.rs /tmp/settlement-audit/src/lib.rs\ncat >> /tmp/settlement-audit/src/lib.rs <<'EOF'\n\n#[cfg(test)]\nmod audit_regressions {\n    use super::*;\n    #[test]\n    fn negative_one_montgomery_quotient() {\n        assert_eq!(authorize(1, 1, 1069547520), None);\n        assert_eq!(authorize(2013265921, 1, 1069547520),\n                   Some(Authorization { total_debit: 2013265921 }));\n    }\n    #[test]\n    fn settlement_overflow_is_unaffordable() {\n        assert_eq!(authorize(u64::MAX, u64::MAX, 0), None);\n        assert_eq!(authorize(u64::MAX, u64::MAX - 4294967295, 0),\n                   Some(Authorization { total_debit: u64::MAX - 4294967295 }));\n    }\n}\nEOF\ncargo test --manifest-path /tmp/settlement-audit/Cargo.toml\n"] min_timeout_sec: 1.0 max_timeout_sec: 180.0
Trajectory dumped to /tmp/rsvh-eval/evidence/v3/gpt-6.1-sol-high/gpt-6.1-sol-high-plonky3-vulnerable/plonky3-vulnerable__M8jQZsd/agent/trajectory.json
Sending keys: ["python3 - <<'PY'\nfrom pathlib import Path\np=Path('/workspace/submission/Spec.lean')\ns=p.read_text().replace('/-- The settlement debit, computed in unbounded integer arithmetic. -/', '-- The settlement debit, computed in unbounded integer arithmetic.').replace('/-- Authorization is exact affordability; output is the exact settlement debit. -/', '-- Authorization is exact affordability; output is the exact settlement debit.')\np.write_text(s)\nPY\npython3 /workspace/lean/check.py\n"] min_timeout_sec: 1.0 max_timeout_sec: 180.0
Trajectory dumped to /tmp/rsvh-eval/evidence/v3/gpt-6.1-sol-high/gpt-6.1-sol-high-plonky3-vulnerable/plonky3-vulnerable__M8jQZsd/agent/trajectory.json
Sending keys: ['\n'] min_timeout_sec: 1.0 max_timeout_sec: 180.0
Sending keys: ["python3 - <<'PY'\nimport random\nP=2013265921;R=1<<32;M=(1<<64)-1;MU=2281701377;INV=943718400\nrng=random.Random(31)\nvalues=[0,1,P-1,P,P+1,R-1,R,R+1,M-1,M]\npairs=[(a,f) for a in values for f in values]+[(rng.getrandbits(64),rng.getrandbits(64)) for _ in range(100000)]\nfor a,f in pairs:\n    x=(a&(R-1))+(f%P)*R\n    t=((x&(R-1))*MU)&(R-1)\n    u=t*P\n    hi=((x-u)&M)>>32\n    surcharge=hi+P-R if x<u else hi\n    expected=x*INV%P\n    assert surcharge==expected,(a,f,surcharge,expected)\n    assert 0<=surcharge<P\nprint('Repaired Montgomery reduction matches exact settlement arithmetic on',len(pairs),'boundary/random pairs.')\nPY\nfind /workspace/submission -type f -maxdepth 3 -print\ncat /workspace/submission/Spec.lean /workspace/submission/Audit.lean /workspace/submission/Proof.lean\n"] min_timeout_sec: 1.0 max_timeout_sec: 180.0
Trajectory dumped to /tmp/rsvh-eval/evidence/v3/gpt-6.1-sol-high/gpt-6.1-sol-high-plonky3-vulnerable/plonky3-vulnerable__M8jQZsd/agent/trajectory.json
Sending keys: ["python3 - <<'PY'\nfrom pathlib import Path\np=Path('/workspace/submission/Proof.lean')\ns=p.read_text().replace('have unaffordable : ¬ candidateSpec.accepts 1 1 1069547520 := by\\n    decide', 'have unaffordable : ¬ candidateSpec.accepts 1 1 1069547520 := by\\n    unfold candidateSpec policyDebit\\n    decide')\np.write_text(s)\nPY\npython3 /workspace/lean/check.py\n"] min_timeout_sec: 1.0 max_timeout_sec: 180.0
Trajectory dumped to /tmp/rsvh-eval/evidence/v3/gpt-6.1-sol-high/gpt-6.1-sol-high-plonky3-vulnerable/plonky3-vulnerable__M8jQZsd/agent/trajectory.json
Sending keys: ['\necho "Lean checker exit status: $?"\n'] min_timeout_sec: 1.0 max_timeout_sec: 180.0
Trajectory dumped to /tmp/rsvh-eval/evidence/v3/gpt-6.1-sol-high/gpt-6.1-sol-high-plonky3-vulnerable/plonky3-vulnerable__M8jQZsd/agent/trajectory.json
Trajectory dumped to /tmp/rsvh-eval/evidence/v3/gpt-6.1-sol-high/gpt-6.1-sol-high-plonky3-vulnerable/plonky3-vulnerable__M8jQZsd/agent/trajectory.json
Trajectory dumped to /tmp/rsvh-eval/evidence/v3/gpt-6.1-sol-high/gpt-6.1-sol-high-plonky3-vulnerable/plonky3-vulnerable__M8jQZsd/agent/trajectory.json
Trajectory dumped to /tmp/rsvh-eval/evidence/v3/gpt-6.1-sol-high/gpt-6.1-sol-high-plonky3-vulnerable/plonky3-vulnerable__M8jQZsd/agent/trajectory.json
Skipping image OS validation for hb__plonky3-vulnerable: docker inspect returned 1
