DEPRECATED: The legacy builder is deprecated and will be removed in a future release.
            Install the buildx component to build images with BuildKit:
            https://docs.docker.com/go/buildx/

Sending build context to Docker daemon  62.46kB

Step 1/6 : ARG LEAN_BASE=ghcr.io/lfglabs-dev/rvb-lean-deps@sha256:a31dc0e4b707a3f419cdfa34af1ba5c5f7d147a401caad720e2e5b17cc3293e2
Step 2/6 : FROM rust:1.85-bookworm@sha256:e51d0265072d2d9d5d320f6a44dde6b9ef13653b035098febd68cce8fa7c0bc4 AS rust
 ---> d206fa34784c
Step 3/6 : FROM ${LEAN_BASE} AS api
 ---> 151201fa6da7
Step 4/6 : COPY verifier/SecurityChallenge.lean verifier/ProofAudit.lean verifier/lakefile.lean verifier/lake-manifest.json verifier/lean-toolchain /build-api/
 ---> Using cache
 ---> c587535605c5
Step 5/6 : WORKDIR /build-api
 ---> Using cache
 ---> 1e26242eaffb
Step 6/6 : RUN lake build SecurityChallenge ProofAudit
 ---> Using cache
 ---> e35ecb85c245
Successfully built e35ecb85c245
Successfully tagged security-api:v2
761297c8b5e59462e8a06595bb22f52d047c6521d799cde45a5b63eec0aa8230  task/environment/workspace/lean/SecurityChallenge.olean
