Docker Compose version v2.39.4
  1/1 Mean: 1.000 ━━━━━━━━━━━━━━━━━━━━━━━━━━━━━━━━━━━━━━━━ 0:00:34 0:00:00

adhoc • oracle
┏━━━━━━━━┳━━━━━━━━━━━━┳━━━━━━━┓
┃ Trials ┃ Exceptions ┃  Mean ┃
┡━━━━━━━━╇━━━━━━━━━━━━╇━━━━━━━┩
│      1 │          0 │ 1.000 │
└────────┴────────────┴───────┘

┏━━━━━━━━┳━━━━━━━┓
┃ Reward ┃ Count ┃
┡━━━━━━━━╇━━━━━━━┩
│ 1.0    │     1 │
└────────┴───────┘

Job Info
Total runtime: 34s
Results written to
/var/lib/sandboxed-node/work/7e297204-d8a2-48b7-a75d-759db59889ff/rust-security-
verification-harbor/evidence/harbor/reference/result.json
Inspect results by running `harbor view
/var/lib/sandboxed-node/work/7e297204-d8a2-48b7-a75d-759db59889ff/rust-security-
verification-harbor/evidence/harbor`
Share results by running `harbor upload
/var/lib/sandboxed-node/work/7e297204-d8a2-48b7-a75d-759db59889ff/rust-security-
verification-harbor/evidence/harbor/reference`

Harbor 0.9.0 reference: reward=1.00
  1/1 Mean: 0.600 ━━━━━━━━━━━━━━━━━━━━━━━━━━━━━━━━━━━━━━━━ 0:00:31 0:00:00

adhoc • oracle
┏━━━━━━━━┳━━━━━━━━━━━━┳━━━━━━━┓
┃ Trials ┃ Exceptions ┃  Mean ┃
┡━━━━━━━━╇━━━━━━━━━━━━╇━━━━━━━┩
│      1 │          0 │ 0.600 │
└────────┴────────────┴───────┘

┏━━━━━━━━┳━━━━━━━┓
┃ Reward ┃ Count ┃
┡━━━━━━━━╇━━━━━━━┩
│ 0.6    │     1 │
└────────┴───────┘

Job Info
Total runtime: 31s
Results written to
/var/lib/sandboxed-node/work/7e297204-d8a2-48b7-a75d-759db59889ff/rust-security-
verification-harbor/evidence/harbor/glm/result.json
Inspect results by running `harbor view
/var/lib/sandboxed-node/work/7e297204-d8a2-48b7-a75d-759db59889ff/rust-security-
verification-harbor/evidence/harbor`
Share results by running `harbor upload
/var/lib/sandboxed-node/work/7e297204-d8a2-48b7-a75d-759db59889ff/rust-security-
verification-harbor/evidence/harbor/glm`

Harbor 0.9.0 glm: reward=0.60
/tmp/harbor-semantic-v2-gdgf3ym0/family/overflow-integrated
/tmp/harbor-semantic-v2-gdgf3ym0/family/overflow-specify
/tmp/harbor-semantic-v2-gdgf3ym0/family/overflow-refute
/tmp/harbor-semantic-v2-gdgf3ym0/family/overflow-repair
/tmp/harbor-semantic-v2-gdgf3ym0/family/overflow-prove
DEPRECATED: The legacy builder is deprecated and will be removed in a future release.
            Install the buildx component to build images with BuildKit:
            https://docs.docker.com/go/buildx/

Sending build context to Docker daemon  18.94kB

Step 1/5 : FROM rust:1.85-bookworm@sha256:e51d0265072d2d9d5d320f6a44dde6b9ef13653b035098febd68cce8fa7c0bc4
 ---> d206fa34784c
Step 2/5 : RUN apt-get update && apt-get install -y --no-install-recommends python3 tmux asciinema libseccomp2  && rm -rf /var/lib/apt/lists/*
 ---> Using cache
 ---> c38f1b1701f6
Step 3/5 : COPY workspace/ /workspace/
 ---> Using cache
 ---> 9879048cdffd
Step 4/5 : WORKDIR /workspace
 ---> Using cache
 ---> 0194811039f8
Step 5/5 : RUN cd challenge && cargo test --release && mkdir -p /workspace/submission/src
 ---> Using cache
 ---> d78adbd63e08
Successfully built d78adbd63e08
Successfully tagged security-discovery:v2
  1/1 Mean: 1.000 ━━━━━━━━━━━━━━━━━━━━━━━━━━━━━━━━━━━━━━━━ 0:00:27 0:00:00

adhoc • oracle
┏━━━━━━━━┳━━━━━━━━━━━━┳━━━━━━━┓
┃ Trials ┃ Exceptions ┃  Mean ┃
┡━━━━━━━━╇━━━━━━━━━━━━╇━━━━━━━┩
│      1 │          0 │ 1.000 │
└────────┴────────────┴───────┘

┏━━━━━━━━┳━━━━━━━┓
┃ Reward ┃ Count ┃
┡━━━━━━━━╇━━━━━━━┩
│ 1.0    │     1 │
└────────┴───────┘

Job Info
Total runtime: 27s
Results written to
/var/lib/sandboxed-node/work/7e297204-d8a2-48b7-a75d-759db59889ff/rust-security-
verification-harbor/evidence/harbor/specify/result.json
Inspect results by running `harbor view
/var/lib/sandboxed-node/work/7e297204-d8a2-48b7-a75d-759db59889ff/rust-security-
verification-harbor/evidence/harbor`
Share results by running `harbor upload
/var/lib/sandboxed-node/work/7e297204-d8a2-48b7-a75d-759db59889ff/rust-security-
verification-harbor/evidence/harbor/specify`

Harbor 0.9.0 specify: reward=1.00
  1/1 Mean: 1.000 ━━━━━━━━━━━━━━━━━━━━━━━━━━━━━━━━━━━━━━━━ 0:00:27 0:00:00

adhoc • oracle
┏━━━━━━━━┳━━━━━━━━━━━━┳━━━━━━━┓
┃ Trials ┃ Exceptions ┃  Mean ┃
┡━━━━━━━━╇━━━━━━━━━━━━╇━━━━━━━┩
│      1 │          0 │ 1.000 │
└────────┴────────────┴───────┘

┏━━━━━━━━┳━━━━━━━┓
┃ Reward ┃ Count ┃
┡━━━━━━━━╇━━━━━━━┩
│ 1.0    │     1 │
└────────┴───────┘

Job Info
Total runtime: 27s
Results written to
/var/lib/sandboxed-node/work/7e297204-d8a2-48b7-a75d-759db59889ff/rust-security-
verification-harbor/evidence/harbor/refute/result.json
Inspect results by running `harbor view
/var/lib/sandboxed-node/work/7e297204-d8a2-48b7-a75d-759db59889ff/rust-security-
verification-harbor/evidence/harbor`
Share results by running `harbor upload
/var/lib/sandboxed-node/work/7e297204-d8a2-48b7-a75d-759db59889ff/rust-security-
verification-harbor/evidence/harbor/refute`

Harbor 0.9.0 refute: reward=1.00
  1/1 Mean: 1.000 ━━━━━━━━━━━━━━━━━━━━━━━━━━━━━━━━━━━━━━━━ 0:00:28 0:00:00

adhoc • oracle
┏━━━━━━━━┳━━━━━━━━━━━━┳━━━━━━━┓
┃ Trials ┃ Exceptions ┃  Mean ┃
┡━━━━━━━━╇━━━━━━━━━━━━╇━━━━━━━┩
│      1 │          0 │ 1.000 │
└────────┴────────────┴───────┘

┏━━━━━━━━┳━━━━━━━┓
┃ Reward ┃ Count ┃
┡━━━━━━━━╇━━━━━━━┩
│ 1.0    │     1 │
└────────┴───────┘

Job Info
Total runtime: 28s
Results written to
/var/lib/sandboxed-node/work/7e297204-d8a2-48b7-a75d-759db59889ff/rust-security-
verification-harbor/evidence/harbor/repair/result.json
Inspect results by running `harbor view
/var/lib/sandboxed-node/work/7e297204-d8a2-48b7-a75d-759db59889ff/rust-security-
verification-harbor/evidence/harbor`
Share results by running `harbor upload
/var/lib/sandboxed-node/work/7e297204-d8a2-48b7-a75d-759db59889ff/rust-security-
verification-harbor/evidence/harbor/repair`

Harbor 0.9.0 repair: reward=1.00
  1/1 Mean: 1.000 ━━━━━━━━━━━━━━━━━━━━━━━━━━━━━━━━━━━━━━━━ 0:00:32 0:00:00

adhoc • oracle
┏━━━━━━━━┳━━━━━━━━━━━━┳━━━━━━━┓
┃ Trials ┃ Exceptions ┃  Mean ┃
┡━━━━━━━━╇━━━━━━━━━━━━╇━━━━━━━┩
│      1 │          0 │ 1.000 │
└────────┴────────────┴───────┘

┏━━━━━━━━┳━━━━━━━┓
┃ Reward ┃ Count ┃
┡━━━━━━━━╇━━━━━━━┩
│ 1.0    │     1 │
└────────┴───────┘

Job Info
Total runtime: 32s
Results written to
/var/lib/sandboxed-node/work/7e297204-d8a2-48b7-a75d-759db59889ff/rust-security-
verification-harbor/evidence/harbor/prove/result.json
Inspect results by running `harbor view
/var/lib/sandboxed-node/work/7e297204-d8a2-48b7-a75d-759db59889ff/rust-security-
verification-harbor/evidence/harbor`
Share results by running `harbor upload
/var/lib/sandboxed-node/work/7e297204-d8a2-48b7-a75d-759db59889ff/rust-security-
verification-harbor/evidence/harbor/prove`

Harbor 0.9.0 prove: reward=1.00
  1/1 Mean: 0.500 ━━━━━━━━━━━━━━━━━━━━━━━━━━━━━━━━━━━━━━━━ 0:00:27 0:00:00

adhoc • oracle
┏━━━━━━━━┳━━━━━━━━━━━━┳━━━━━━━┓
┃ Trials ┃ Exceptions ┃  Mean ┃
┡━━━━━━━━╇━━━━━━━━━━━━╇━━━━━━━┩
│      1 │          0 │ 0.500 │
└────────┴────────────┴───────┘

┏━━━━━━━━┳━━━━━━━┓
┃ Reward ┃ Count ┃
┡━━━━━━━━╇━━━━━━━┩
│ 0.5    │     1 │
└────────┴───────┘

Job Info
Total runtime: 27s
Results written to
/var/lib/sandboxed-node/work/7e297204-d8a2-48b7-a75d-759db59889ff/rust-security-
verification-harbor/evidence/harbor/glm-specify/result.json
Inspect results by running `harbor view
/var/lib/sandboxed-node/work/7e297204-d8a2-48b7-a75d-759db59889ff/rust-security-
verification-harbor/evidence/harbor`
Share results by running `harbor upload
/var/lib/sandboxed-node/work/7e297204-d8a2-48b7-a75d-759db59889ff/rust-security-
verification-harbor/evidence/harbor/glm-specify`

Harbor 0.9.0 glm-specify: reward=0.50
