BEFORE correction: the old backend incorrectly passed this patch.
{
  "status": "pass",
  "checks": {
    "compile_api": {
      "status": "pass"
    },
    "universal_equivalence": {
      "status": "pass",
      "reason": "unsat (no counterexample)",
      "backend": "bounded Rust subset / Z3 4.13.3; exact full u64 input domain",
      "paths": 32,
      "property": "Some iff mathematical amount+fee<=balance; Some.total_debit=amount+fee"
    },
    "concrete_defense": {
      "status": "pass",
      "cases": 266
    }
  }
}
actual rare-trigger Rust: none expected some:3
AFTER correction: unsupported before compilation/execution: two untyped integer operands require an explicit u64/u128 suffix
