DEPRECATED: The legacy builder is deprecated and will be removed in a future release.
            Install the buildx component to build images with BuildKit:
            https://docs.docker.com/go/buildx/

Sending build context to Docker daemon  62.46kB

Step 1/19 : ARG LEAN_BASE=ghcr.io/lfglabs-dev/rvb-lean-deps@sha256:a31dc0e4b707a3f419cdfa34af1ba5c5f7d147a401caad720e2e5b17cc3293e2
Step 2/19 : FROM rust:1.85-bookworm@sha256:e51d0265072d2d9d5d320f6a44dde6b9ef13653b035098febd68cce8fa7c0bc4 AS rust
 ---> d206fa34784c
Step 3/19 : FROM ${LEAN_BASE} AS api
 ---> 151201fa6da7
Step 4/19 : COPY verifier/SecurityChallenge.lean verifier/ProofAudit.lean verifier/lakefile.lean verifier/lake-manifest.json verifier/lean-toolchain /build-api/
 ---> Using cache
 ---> bf6e4520684b
Step 5/19 : WORKDIR /build-api
 ---> Using cache
 ---> 517e9f5864e6
Step 6/19 : RUN lake build SecurityChallenge ProofAudit
 ---> Using cache
 ---> 97c3a48f49aa
Step 7/19 : FROM ${LEAN_BASE}
 ---> 151201fa6da7
Step 8/19 : COPY --from=rust /usr/local/rustup /usr/local/rustup
 ---> Using cache
 ---> 40c8f5b00e5f
Step 9/19 : COPY --from=rust /usr/local/cargo /usr/local/cargo
 ---> Using cache
 ---> a47fa6b66af4
Step 10/19 : ENV PATH="/usr/local/cargo/bin:${PATH}" RUSTUP_HOME=/usr/local/rustup CARGO_HOME=/usr/local/cargo
 ---> Using cache
 ---> 259400d9ae2b
Step 11/19 : RUN python3 -c "import shutil; shutil.rmtree('/opt/security-verifier', ignore_errors=True)"
 ---> Using cache
 ---> bc00356d1ed1
Step 12/19 : COPY verifier/*.py verifier/requirements.txt /opt/security-verifier/
 ---> 2e1e53fcaf65
Step 13/19 : COPY verifier/pristine/ /opt/security-verifier/pristine/
 ---> 7f75883a7f96
Step 14/19 : COPY --from=api /build-api/.lake/build/lib/lean/SecurityChallenge.olean /opt/security-verifier/api/SecurityChallenge.olean
 ---> 3de0b34aa100
Step 15/19 : COPY --from=api /build-api/.lake/build/lib/lean/ProofAudit.olean /opt/security-verifier/api/ProofAudit.olean
 ---> b193d8ada9fe
Step 16/19 : COPY verifier/ProofAudit.lean /opt/security-verifier/ProofAudit.lean
 ---> 736465e409f7
Step 17/19 : COPY test.sh /tests/test.sh
 ---> 38354768d2bb
Step 18/19 : RUN apt-get update && apt-get install -y --no-install-recommends gcc libc6-dev libseccomp2  && python3 -m pip install --break-system-packages --no-cache-dir -r /opt/security-verifier/requirements.txt  && chmod 0555 /tests/test.sh && mkdir -p /workspace/submission/src /logs/verifier
 ---> Running in 81eb24b5a03b
Get:1 http://archive.ubuntu.com/ubuntu noble InRelease [256 kB]
Get:2 http://security.ubuntu.com/ubuntu noble-security InRelease [126 kB]
Get:3 http://archive.ubuntu.com/ubuntu noble-updates InRelease [126 kB]
Get:4 http://security.ubuntu.com/ubuntu noble-security/universe amd64 Packages [1543 kB]
Get:5 http://archive.ubuntu.com/ubuntu noble-backports InRelease [126 kB]
Get:6 http://archive.ubuntu.com/ubuntu noble/restricted amd64 Packages [117 kB]
Get:7 http://archive.ubuntu.com/ubuntu noble/main amd64 Packages [1808 kB]
Get:8 http://security.ubuntu.com/ubuntu noble-security/multiverse amd64 Packages [50.0 kB]
Get:9 http://security.ubuntu.com/ubuntu noble-security/restricted amd64 Packages [1943 kB]
Get:10 http://archive.ubuntu.com/ubuntu noble/universe amd64 Packages [19.3 MB]
Get:11 http://security.ubuntu.com/ubuntu noble-security/main amd64 Packages [1318 kB]
Get:12 http://archive.ubuntu.com/ubuntu noble/multiverse amd64 Packages [331 kB]
Get:13 http://archive.ubuntu.com/ubuntu noble-updates/multiverse amd64 Packages [56.2 kB]
Get:14 http://archive.ubuntu.com/ubuntu noble-updates/main amd64 Packages [1688 kB]
Get:15 http://archive.ubuntu.com/ubuntu noble-updates/restricted amd64 Packages [2127 kB]
Get:16 http://archive.ubuntu.com/ubuntu noble-updates/universe amd64 Packages [2162 kB]
Get:17 http://archive.ubuntu.com/ubuntu noble-backports/multiverse amd64 Packages [671 B]
Get:18 http://archive.ubuntu.com/ubuntu noble-backports/universe amd64 Packages [36.0 kB]
Get:19 http://archive.ubuntu.com/ubuntu noble-backports/main amd64 Packages [49.0 kB]
Fetched 33.2 MB in 2s (18.4 MB/s)
Reading package lists...
Reading package lists...
Building dependency tree...
Reading state information...
libseccomp2 is already the newest version (2.5.5-1ubuntu3.1).
The following additional packages will be installed:
  binutils binutils-common binutils-x86-64-linux-gnu cpp cpp-13
  cpp-13-x86-64-linux-gnu cpp-x86-64-linux-gnu gcc-13 gcc-13-base
  gcc-13-x86-64-linux-gnu gcc-x86-64-linux-gnu libasan8 libatomic1 libbinutils
  libc-dev-bin libcc1-0 libcrypt-dev libctf-nobfd0 libctf0 libgcc-13-dev
  libgomp1 libgprofng0 libhwasan0 libisl23 libitm1 libjansson4 liblsan0
  libmpc3 libmpfr6 libquadmath0 libsframe1 libtsan2 libubsan1 linux-libc-dev
  rpcsvc-proto
Suggested packages:
  binutils-doc gprofng-gui cpp-doc gcc-13-locales cpp-13-doc gcc-multilib make
  manpages-dev autoconf automake libtool flex bison gdb gcc-doc
  gcc-13-multilib gcc-13-doc gdb-x86-64-linux-gnu glibc-doc
Recommended packages:
  manpages manpages-dev libc-devtools
The following NEW packages will be installed:
  binutils binutils-common binutils-x86-64-linux-gnu cpp cpp-13
  cpp-13-x86-64-linux-gnu cpp-x86-64-linux-gnu gcc gcc-13 gcc-13-base
  gcc-13-x86-64-linux-gnu gcc-x86-64-linux-gnu libasan8 libatomic1 libbinutils
  libc-dev-bin libc6-dev libcc1-0 libcrypt-dev libctf-nobfd0 libctf0
  libgcc-13-dev libgomp1 libgprofng0 libhwasan0 libisl23 libitm1 libjansson4
  liblsan0 libmpc3 libmpfr6 libquadmath0 libsframe1 libtsan2 libubsan1
  linux-libc-dev rpcsvc-proto
0 upgraded, 37 newly installed, 0 to remove and 2 not upgraded.
Need to get 54.7 MB of archives.
After this operation, 190 MB of additional disk space will be used.
Get:1 http://archive.ubuntu.com/ubuntu noble/main amd64 libjansson4 amd64 2.14-2build2 [32.8 kB]
Get:2 http://archive.ubuntu.com/ubuntu noble-updates/main amd64 binutils-common amd64 2.42-4ubuntu2.10 [240 kB]
Get:3 http://archive.ubuntu.com/ubuntu noble-updates/main amd64 libsframe1 amd64 2.42-4ubuntu2.10 [15.7 kB]
Get:4 http://archive.ubuntu.com/ubuntu noble-updates/main amd64 libbinutils amd64 2.42-4ubuntu2.10 [577 kB]
Get:5 http://archive.ubuntu.com/ubuntu noble-updates/main amd64 libctf-nobfd0 amd64 2.42-4ubuntu2.10 [98.0 kB]
Get:6 http://archive.ubuntu.com/ubuntu noble-updates/main amd64 libctf0 amd64 2.42-4ubuntu2.10 [94.5 kB]
Get:7 http://archive.ubuntu.com/ubuntu noble-updates/main amd64 libgprofng0 amd64 2.42-4ubuntu2.10 [849 kB]
Get:8 http://archive.ubuntu.com/ubuntu noble-updates/main amd64 binutils-x86-64-linux-gnu amd64 2.42-4ubuntu2.10 [2463 kB]
Get:9 http://archive.ubuntu.com/ubuntu noble-updates/main amd64 binutils amd64 2.42-4ubuntu2.10 [18.2 kB]
Get:10 http://archive.ubuntu.com/ubuntu noble-updates/main amd64 gcc-13-base amd64 13.3.0-6ubuntu2~24.04.1 [51.6 kB]
Get:11 http://archive.ubuntu.com/ubuntu noble-updates/main amd64 libisl23 amd64 0.26-3build1.1 [680 kB]
Get:12 http://archive.ubuntu.com/ubuntu noble-updates/main amd64 libmpfr6 amd64 4.2.1-1build1.1 [353 kB]
Get:13 http://archive.ubuntu.com/ubuntu noble-updates/main amd64 libmpc3 amd64 1.3.1-1build1.1 [54.6 kB]
Get:14 http://archive.ubuntu.com/ubuntu noble-updates/main amd64 cpp-13-x86-64-linux-gnu amd64 13.3.0-6ubuntu2~24.04.1 [10.7 MB]
Get:15 http://archive.ubuntu.com/ubuntu noble-updates/main amd64 cpp-13 amd64 13.3.0-6ubuntu2~24.04.1 [1042 B]
Get:16 http://archive.ubuntu.com/ubuntu noble/main amd64 cpp-x86-64-linux-gnu amd64 4:13.2.0-7ubuntu1 [5326 B]
Get:17 http://archive.ubuntu.com/ubuntu noble/main amd64 cpp amd64 4:13.2.0-7ubuntu1 [22.4 kB]
Get:18 http://archive.ubuntu.com/ubuntu noble-updates/main amd64 libcc1-0 amd64 14.2.0-4ubuntu2~24.04.1 [48.0 kB]
Get:19 http://archive.ubuntu.com/ubuntu noble-updates/main amd64 libgomp1 amd64 14.2.0-4ubuntu2~24.04.1 [148 kB]
Get:20 http://archive.ubuntu.com/ubuntu noble-updates/main amd64 libitm1 amd64 14.2.0-4ubuntu2~24.04.1 [29.7 kB]
Get:21 http://archive.ubuntu.com/ubuntu noble-updates/main amd64 libatomic1 amd64 14.2.0-4ubuntu2~24.04.1 [10.5 kB]
Get:22 http://archive.ubuntu.com/ubuntu noble-updates/main amd64 libasan8 amd64 14.2.0-4ubuntu2~24.04.1 [3027 kB]
Get:23 http://archive.ubuntu.com/ubuntu noble-updates/main amd64 liblsan0 amd64 14.2.0-4ubuntu2~24.04.1 [1322 kB]
Get:24 http://archive.ubuntu.com/ubuntu noble-updates/main amd64 libtsan2 amd64 14.2.0-4ubuntu2~24.04.1 [2772 kB]
Get:25 http://archive.ubuntu.com/ubuntu noble-updates/main amd64 libubsan1 amd64 14.2.0-4ubuntu2~24.04.1 [1184 kB]
Get:26 http://archive.ubuntu.com/ubuntu noble-updates/main amd64 libhwasan0 amd64 14.2.0-4ubuntu2~24.04.1 [1641 kB]
Get:27 http://archive.ubuntu.com/ubuntu noble-updates/main amd64 libquadmath0 amd64 14.2.0-4ubuntu2~24.04.1 [153 kB]
Get:28 http://archive.ubuntu.com/ubuntu noble-updates/main amd64 libgcc-13-dev amd64 13.3.0-6ubuntu2~24.04.1 [2681 kB]
Get:29 http://archive.ubuntu.com/ubuntu noble-updates/main amd64 gcc-13-x86-64-linux-gnu amd64 13.3.0-6ubuntu2~24.04.1 [21.1 MB]
Get:30 http://archive.ubuntu.com/ubuntu noble-updates/main amd64 gcc-13 amd64 13.3.0-6ubuntu2~24.04.1 [494 kB]
Get:31 http://archive.ubuntu.com/ubuntu noble/main amd64 gcc-x86-64-linux-gnu amd64 4:13.2.0-7ubuntu1 [1212 B]
Get:32 http://archive.ubuntu.com/ubuntu noble/main amd64 gcc amd64 4:13.2.0-7ubuntu1 [5018 B]
Get:33 http://archive.ubuntu.com/ubuntu noble-updates/main amd64 libc-dev-bin amd64 2.39-0ubuntu8.9 [20.4 kB]
Get:34 http://archive.ubuntu.com/ubuntu noble-updates/main amd64 linux-libc-dev amd64 6.8.0-146.146 [1540 kB]
Get:35 http://archive.ubuntu.com/ubuntu noble/main amd64 libcrypt-dev amd64 1:4.4.36-4build1 [112 kB]
Get:36 http://archive.ubuntu.com/ubuntu noble/main amd64 rpcsvc-proto amd64 1.4.2-0ubuntu7 [67.4 kB]
Get:37 http://archive.ubuntu.com/ubuntu noble-updates/main amd64 libc6-dev amd64 2.39-0ubuntu8.9 [2126 kB]
debconf: delaying package configuration, since apt-utils is not installed
Fetched 54.7 MB in 1s (96.2 MB/s)
Selecting previously unselected package libjansson4:amd64.
(Reading database ...
(Reading database ... 5%
(Reading database ... 10%
(Reading database ... 15%
(Reading database ... 20%
(Reading database ... 25%
(Reading database ... 30%
(Reading database ... 35%
(Reading database ... 40%
(Reading database ... 45%
(Reading database ... 50%
(Reading database ... 55%
(Reading database ... 60%
(Reading database ... 65%
(Reading database ... 70%
(Reading database ... 75%
(Reading database ... 80%
(Reading database ... 85%
(Reading database ... 90%
(Reading database ... 95%
(Reading database ... 100%
(Reading database ... 10362 files and directories currently installed.)
Preparing to unpack .../00-libjansson4_2.14-2build2_amd64.deb ...
Unpacking libjansson4:amd64 (2.14-2build2) ...
Selecting previously unselected package binutils-common:amd64.
Preparing to unpack .../01-binutils-common_2.42-4ubuntu2.10_amd64.deb ...
Unpacking binutils-common:amd64 (2.42-4ubuntu2.10) ...
Selecting previously unselected package libsframe1:amd64.
Preparing to unpack .../02-libsframe1_2.42-4ubuntu2.10_amd64.deb ...
Unpacking libsframe1:amd64 (2.42-4ubuntu2.10) ...
Selecting previously unselected package libbinutils:amd64.
Preparing to unpack .../03-libbinutils_2.42-4ubuntu2.10_amd64.deb ...
Unpacking libbinutils:amd64 (2.42-4ubuntu2.10) ...
Selecting previously unselected package libctf-nobfd0:amd64.
Preparing to unpack .../04-libctf-nobfd0_2.42-4ubuntu2.10_amd64.deb ...
Unpacking libctf-nobfd0:amd64 (2.42-4ubuntu2.10) ...
Selecting previously unselected package libctf0:amd64.
Preparing to unpack .../05-libctf0_2.42-4ubuntu2.10_amd64.deb ...
Unpacking libctf0:amd64 (2.42-4ubuntu2.10) ...
Selecting previously unselected package libgprofng0:amd64.
Preparing to unpack .../06-libgprofng0_2.42-4ubuntu2.10_amd64.deb ...
Unpacking libgprofng0:amd64 (2.42-4ubuntu2.10) ...
Selecting previously unselected package binutils-x86-64-linux-gnu.
Preparing to unpack .../07-binutils-x86-64-linux-gnu_2.42-4ubuntu2.10_amd64.deb ...
Unpacking binutils-x86-64-linux-gnu (2.42-4ubuntu2.10) ...
Selecting previously unselected package binutils.
Preparing to unpack .../08-binutils_2.42-4ubuntu2.10_amd64.deb ...
Unpacking binutils (2.42-4ubuntu2.10) ...
Selecting previously unselected package gcc-13-base:amd64.
Preparing to unpack .../09-gcc-13-base_13.3.0-6ubuntu2~24.04.1_amd64.deb ...
Unpacking gcc-13-base:amd64 (13.3.0-6ubuntu2~24.04.1) ...
Selecting previously unselected package libisl23:amd64.
Preparing to unpack .../10-libisl23_0.26-3build1.1_amd64.deb ...
Unpacking libisl23:amd64 (0.26-3build1.1) ...
Selecting previously unselected package libmpfr6:amd64.
Preparing to unpack .../11-libmpfr6_4.2.1-1build1.1_amd64.deb ...
Unpacking libmpfr6:amd64 (4.2.1-1build1.1) ...
Selecting previously unselected package libmpc3:amd64.
Preparing to unpack .../12-libmpc3_1.3.1-1build1.1_amd64.deb ...
Unpacking libmpc3:amd64 (1.3.1-1build1.1) ...
Selecting previously unselected package cpp-13-x86-64-linux-gnu.
Preparing to unpack .../13-cpp-13-x86-64-linux-gnu_13.3.0-6ubuntu2~24.04.1_amd64.deb ...
Unpacking cpp-13-x86-64-linux-gnu (13.3.0-6ubuntu2~24.04.1) ...
Selecting previously unselected package cpp-13.
Preparing to unpack .../14-cpp-13_13.3.0-6ubuntu2~24.04.1_amd64.deb ...
Unpacking cpp-13 (13.3.0-6ubuntu2~24.04.1) ...
Selecting previously unselected package cpp-x86-64-linux-gnu.
Preparing to unpack .../15-cpp-x86-64-linux-gnu_4%3a13.2.0-7ubuntu1_amd64.deb ...
Unpacking cpp-x86-64-linux-gnu (4:13.2.0-7ubuntu1) ...
Selecting previously unselected package cpp.
Preparing to unpack .../16-cpp_4%3a13.2.0-7ubuntu1_amd64.deb ...
Unpacking cpp (4:13.2.0-7ubuntu1) ...
Selecting previously unselected package libcc1-0:amd64.
Preparing to unpack .../17-libcc1-0_14.2.0-4ubuntu2~24.04.1_amd64.deb ...
Unpacking libcc1-0:amd64 (14.2.0-4ubuntu2~24.04.1) ...
Selecting previously unselected package libgomp1:amd64.
Preparing to unpack .../18-libgomp1_14.2.0-4ubuntu2~24.04.1_amd64.deb ...
Unpacking libgomp1:amd64 (14.2.0-4ubuntu2~24.04.1) ...
Selecting previously unselected package libitm1:amd64.
Preparing to unpack .../19-libitm1_14.2.0-4ubuntu2~24.04.1_amd64.deb ...
Unpacking libitm1:amd64 (14.2.0-4ubuntu2~24.04.1) ...
Selecting previously unselected package libatomic1:amd64.
Preparing to unpack .../20-libatomic1_14.2.0-4ubuntu2~24.04.1_amd64.deb ...
Unpacking libatomic1:amd64 (14.2.0-4ubuntu2~24.04.1) ...
Selecting previously unselected package libasan8:amd64.
Preparing to unpack .../21-libasan8_14.2.0-4ubuntu2~24.04.1_amd64.deb ...
Unpacking libasan8:amd64 (14.2.0-4ubuntu2~24.04.1) ...
Selecting previously unselected package liblsan0:amd64.
Preparing to unpack .../22-liblsan0_14.2.0-4ubuntu2~24.04.1_amd64.deb ...
Unpacking liblsan0:amd64 (14.2.0-4ubuntu2~24.04.1) ...
Selecting previously unselected package libtsan2:amd64.
Preparing to unpack .../23-libtsan2_14.2.0-4ubuntu2~24.04.1_amd64.deb ...
Unpacking libtsan2:amd64 (14.2.0-4ubuntu2~24.04.1) ...
Selecting previously unselected package libubsan1:amd64.
Preparing to unpack .../24-libubsan1_14.2.0-4ubuntu2~24.04.1_amd64.deb ...
Unpacking libubsan1:amd64 (14.2.0-4ubuntu2~24.04.1) ...
Selecting previously unselected package libhwasan0:amd64.
Preparing to unpack .../25-libhwasan0_14.2.0-4ubuntu2~24.04.1_amd64.deb ...
Unpacking libhwasan0:amd64 (14.2.0-4ubuntu2~24.04.1) ...
Selecting previously unselected package libquadmath0:amd64.
Preparing to unpack .../26-libquadmath0_14.2.0-4ubuntu2~24.04.1_amd64.deb ...
Unpacking libquadmath0:amd64 (14.2.0-4ubuntu2~24.04.1) ...
Selecting previously unselected package libgcc-13-dev:amd64.
Preparing to unpack .../27-libgcc-13-dev_13.3.0-6ubuntu2~24.04.1_amd64.deb ...
Unpacking libgcc-13-dev:amd64 (13.3.0-6ubuntu2~24.04.1) ...
Selecting previously unselected package gcc-13-x86-64-linux-gnu.
Preparing to unpack .../28-gcc-13-x86-64-linux-gnu_13.3.0-6ubuntu2~24.04.1_amd64.deb ...
Unpacking gcc-13-x86-64-linux-gnu (13.3.0-6ubuntu2~24.04.1) ...
Selecting previously unselected package gcc-13.
Preparing to unpack .../29-gcc-13_13.3.0-6ubuntu2~24.04.1_amd64.deb ...
Unpacking gcc-13 (13.3.0-6ubuntu2~24.04.1) ...
Selecting previously unselected package gcc-x86-64-linux-gnu.
Preparing to unpack .../30-gcc-x86-64-linux-gnu_4%3a13.2.0-7ubuntu1_amd64.deb ...
Unpacking gcc-x86-64-linux-gnu (4:13.2.0-7ubuntu1) ...
Selecting previously unselected package gcc.
Preparing to unpack .../31-gcc_4%3a13.2.0-7ubuntu1_amd64.deb ...
Unpacking gcc (4:13.2.0-7ubuntu1) ...
Selecting previously unselected package libc-dev-bin.
Preparing to unpack .../32-libc-dev-bin_2.39-0ubuntu8.9_amd64.deb ...
Unpacking libc-dev-bin (2.39-0ubuntu8.9) ...
Selecting previously unselected package linux-libc-dev:amd64.
Preparing to unpack .../33-linux-libc-dev_6.8.0-146.146_amd64.deb ...
Unpacking linux-libc-dev:amd64 (6.8.0-146.146) ...
Selecting previously unselected package libcrypt-dev:amd64.
Preparing to unpack .../34-libcrypt-dev_1%3a4.4.36-4build1_amd64.deb ...
Unpacking libcrypt-dev:amd64 (1:4.4.36-4build1) ...
Selecting previously unselected package rpcsvc-proto.
Preparing to unpack .../35-rpcsvc-proto_1.4.2-0ubuntu7_amd64.deb ...
Unpacking rpcsvc-proto (1.4.2-0ubuntu7) ...
Selecting previously unselected package libc6-dev:amd64.
Preparing to unpack .../36-libc6-dev_2.39-0ubuntu8.9_amd64.deb ...
Unpacking libc6-dev:amd64 (2.39-0ubuntu8.9) ...
Setting up binutils-common:amd64 (2.42-4ubuntu2.10) ...
Setting up linux-libc-dev:amd64 (6.8.0-146.146) ...
Setting up libctf-nobfd0:amd64 (2.42-4ubuntu2.10) ...
Setting up libgomp1:amd64 (14.2.0-4ubuntu2~24.04.1) ...
Setting up libsframe1:amd64 (2.42-4ubuntu2.10) ...
Setting up libjansson4:amd64 (2.14-2build2) ...
Setting up rpcsvc-proto (1.4.2-0ubuntu7) ...
Setting up gcc-13-base:amd64 (13.3.0-6ubuntu2~24.04.1) ...
Setting up libmpfr6:amd64 (4.2.1-1build1.1) ...
Setting up libquadmath0:amd64 (14.2.0-4ubuntu2~24.04.1) ...
Setting up libmpc3:amd64 (1.3.1-1build1.1) ...
Setting up libatomic1:amd64 (14.2.0-4ubuntu2~24.04.1) ...
Setting up libubsan1:amd64 (14.2.0-4ubuntu2~24.04.1) ...
Setting up libhwasan0:amd64 (14.2.0-4ubuntu2~24.04.1) ...
Setting up libcrypt-dev:amd64 (1:4.4.36-4build1) ...
Setting up libasan8:amd64 (14.2.0-4ubuntu2~24.04.1) ...
Setting up libtsan2:amd64 (14.2.0-4ubuntu2~24.04.1) ...
Setting up libbinutils:amd64 (2.42-4ubuntu2.10) ...
Setting up libisl23:amd64 (0.26-3build1.1) ...
Setting up libc-dev-bin (2.39-0ubuntu8.9) ...
Setting up libcc1-0:amd64 (14.2.0-4ubuntu2~24.04.1) ...
Setting up liblsan0:amd64 (14.2.0-4ubuntu2~24.04.1) ...
Setting up libitm1:amd64 (14.2.0-4ubuntu2~24.04.1) ...
Setting up libctf0:amd64 (2.42-4ubuntu2.10) ...
Setting up cpp-13-x86-64-linux-gnu (13.3.0-6ubuntu2~24.04.1) ...
Setting up libgprofng0:amd64 (2.42-4ubuntu2.10) ...
Setting up libgcc-13-dev:amd64 (13.3.0-6ubuntu2~24.04.1) ...
Setting up libc6-dev:amd64 (2.39-0ubuntu8.9) ...
Setting up binutils-x86-64-linux-gnu (2.42-4ubuntu2.10) ...
Setting up cpp-x86-64-linux-gnu (4:13.2.0-7ubuntu1) ...
Setting up cpp-13 (13.3.0-6ubuntu2~24.04.1) ...
Setting up gcc-13-x86-64-linux-gnu (13.3.0-6ubuntu2~24.04.1) ...
Setting up binutils (2.42-4ubuntu2.10) ...
Setting up gcc-13 (13.3.0-6ubuntu2~24.04.1) ...
Setting up cpp (4:13.2.0-7ubuntu1) ...
Setting up gcc-x86-64-linux-gnu (4:13.2.0-7ubuntu1) ...
Setting up gcc (4:13.2.0-7ubuntu1) ...
Processing triggers for libc-bin (2.39-0ubuntu8.9) ...
Collecting z3-solver==4.13.3.0 (from -r /opt/security-verifier/requirements.txt (line 1))
  Downloading z3_solver-4.13.3.0-py3-none-manylinux_2_17_x86_64.manylinux2014_x86_64.whl.metadata (602 bytes)
Downloading z3_solver-4.13.3.0-py3-none-manylinux_2_17_x86_64.manylinux2014_x86_64.whl (28.1 MB)
   ━━━━━━━━━━━━━━━━━━━━━━━━━━━━━━━━━━━━━━━━ 28.1/28.1 MB 117.6 MB/s eta 0:00:00
Installing collected packages: z3-solver
Successfully installed z3-solver-4.13.3.0
WARNING: Running pip as the 'root' user can result in broken permissions and conflicting behaviour with the system package manager. It is recommended to use a virtual environment instead: https://pip.pypa.io/warnings/venv
 ---> Removed intermediate container 81eb24b5a03b
 ---> 81d940216b77
Step 19/19 : WORKDIR /workspace
 ---> Running in e230d9505915
 ---> Removed intermediate container e230d9505915
 ---> efdd5c0ac2d3
Successfully built efdd5c0ac2d3
Successfully tagged security-verifier:v2
