max_turns (f.k.a. max_episodes) artificially limited to 25. Consider removing this limit for better task completion.
Skipping image OS validation for hb__openpql-safe: docker inspect returned 1
Both tmux and asciinema are already installed
Starting recording.
Sending keys: ['asciinema rec --stdin /logs/agent/recording.cast', 'Enter'] min_timeout_sec: 1.0 max_timeout_sec: 180.0
Sending keys: ['clear', 'Enter'] min_timeout_sec: 0.0 max_timeout_sec: 180.0
Sending keys: ['cat /workspace/challenge/src/lib.rs\n'] min_timeout_sec: 0.1 max_timeout_sec: 180.0
Sending keys: ['cat /workspace/lean/SecurityChallenge.lean\n'] min_timeout_sec: 0.1 max_timeout_sec: 180.0
Sending keys: ['cat /workspace/lean/check.py; ls -la /workspace/lean; ls -la /workspace/submission\n'] min_timeout_sec: 0.1 max_timeout_sec: 180.0
Trajectory dumped to /tmp/rsvh-eval/evidence/v3/gpt-6.1-sol-high/gpt-6.1-sol-high-openpql-safe/openpql-safe__gXERTJX/agent/trajectory.json
Sending keys: ['cat /workspace/lean/SecurityChallenge.lean; cat /workspace/submission/{Spec,Audit,Proof}.lean; cat /workspace/lean/Signature.lean; ls /opt/rvb-deps\n'] min_timeout_sec: 0.1 max_timeout_sec: 180.0
Sending keys: ["lean --version; lean --print-prefix; grep -nE 'toNat_(add|mul|div|shiftRight|and)|toNat_lt|lt_iff_toNat|le_iff_toNat' $(lean --print-prefix)/src/lean/Init/Data/UInt/Lemmas.lean\n"] min_timeout_sec: 0.1 max_timeout_sec: 180.0
Trajectory dumped to /tmp/rsvh-eval/evidence/v3/gpt-6.1-sol-high/gpt-6.1-sol-high-openpql-safe/openpql-safe__gXERTJX/agent/trajectory.json
Sending keys: ["find /opt/rvb-deps -path '*/Mathlib/Tactic.olean'; sed -n '130,155p' /opt/lean/src/lean/Init/Data/UInt/Lemmas.lean; grep -n 'toNat_sub_of_le' /opt/lean/src/lean/Init/Data/UInt/Lemmas.lean | head; ls -la /workspace/submission/src\n"] min_timeout_sec: 0.1 max_timeout_sec: 180.0
Sending keys: ["cat > /workspace/submission/Spec.lean <<'EOF'\nimport SecurityChallenge\nimport Mathlib.Tactic\nopen SecurityChallenge\n\n/-- The four base-65536 components, interpreted in exact natural arithmetic. -/\ndef component (n divisor : Nat) : Nat := (n / divisor) % 65536\n\ndef policyDigit (a b : Nat) : Nat := if a < b then a else b - 1\n\n/-- The clamped mixed-radix index, with no word-level arithmetic. -/\ndef policyIndex (amount fee : Nat) : Nat :=\n  let b0 := component fee 1 + 1\n  let b1 := component fee 65536 + 1\n  let b2 := component fee 4294967296 + 1\n  let b3 := component fee 281474976710656 + 1\n  let d0 := policyDigit (component amount 1) b0\n  let d1 := policyDigit (component amount 65536) b1\n  let d2 := policyDigit (component amount 4294967296) b2\n  let d3 := policyDigit (component amount 281474976710656) b3\n  d0 * (b1 * (b2 * b3)) + d1 * (b2 * b3) + d2 * b3 + d3\n\n/-- Exact settlement debit: principal share plus index surcharge. -/\ndef policyDebit (amount fee : Nat) : Nat :=\n  amount / 2 + policyIndex amount fee / 2\n\ndef candidateSpec : AuthorizationSpec where\n  accepts balance amount fee := policyDebit amount.toNat fee.toNat ≤ balance.toNat\n  output balance amount fee totalDebit :=\n    policyDebit amount.toNat fee.toNat ≤ balance.toNat ∧\n    totalDebit.toNat = policyDebit amount.toNat fee.toNat\nEOF\ncat > /workspace/submission/Audit.lean <<'EOF'\nimport SecurityChallenge\nopen SecurityChallenge\n\ndef verdict : AuditVerdict := .safe\nEOF\ncat > /workspace/submission/Proof.lean <<'EOF'\nby\n  have component_bound (n k : Nat) : component n k < 65536 := by\n    unfold component\n    exact Nat.mod_lt _ (by decide)\n  have radix_nat (x : UInt64) : ((x % radixBase) + 1).toNat = x.toNat % 65536 + 1 := by\n    have h := Nat.mod_lt x.toNat (show 0 < 65536 by decide)\n    simp [radixBase, UInt64.toNat_add, UInt64.toNat_mod, Nat.mod_eq_of_lt (show x.toNat % 65536 + 1 < 2^64 by omega)]\n  have clamp_nat (x y : UInt64) (hy : 0 < y.toNat) :\n      (clampDigit x y).toNat = policyDigit x.toNat y.toNat := by\n    unfold clampDigit policyDigit\n    simp only [UInt64.lt_iff_toNat_lt]\n    split\n    · rfl\n    · rw [UInt64.toNat_sub_of_le]\n      · simp\n      · change 1 ≤ y.toNat\n        omega\n  have pack_bound (x p y q : Nat) (hx : x < p) (hy : y < q) : x*q+y < p*q := by\n    nlinarith\n  have digit_bound (a b : Nat) (hb : 0 < b) : policyDigit a b < b := by\n    unfold policyDigit\n    split <;> omega\n  have index_bound (a f : Nat) : policyIndex a f < 2^64 := by\n    let b0 := component f 1 + 1\n    let b1 := component f 65536 + 1\n    let b2 := component f 4294967296 + 1\n    let b3 := component f 281474976710656 + 1\n    let d0 := policyDigit (component a 1) b0\n    let d1 := policyDigit (component a 65536) b1\n    let d2 := policyDigit (component a 4294967296) b2\n    let d3 := policyDigit (component a 281474976710656) b3\n    have hb0 : b0 ≤ 65536 := by dsimp [b0]; have := component_bound f 1; omega\n    have hb1 : b1 ≤ 65536 := by dsimp [b1]; have := component_bound f 65536; omega\n    have hb2 : b2 ≤ 65536 := by dsimp [b2]; have := component_bound f 4294967296; omega\n    have hb3 : b3 ≤ 65536 := by dsimp [b3]; have := component_bound f 281474976710656; omega\n    have hd0 : d0 < b0 := digit_bound _ _ (by dsimp [b0]; omega)\n    have hd1 : d1 < b1 := digit_bound _ _ (by dsimp [b1]; omega)\n    have hd2 : d2 < b2 := digit_bound _ _ (by dsimp [b2]; omega)\n    have hd3 : d3 < b3 := digit_bound _ _ (by dsimp [b3]; omega)\n    have h01 := pack_bound d0 b0 d1 b1 hd0 hd1\n    have h012 := pack_bound _ _ d2 b2 h01 hd2\n    have h0123 := pack_bound _ _ d3 b3 h012 hd3\n    have hp : b0*b1*b2*b3 ≤ 2^64 := by\n      calc\n        b0*b1*b2*b3 ≤ 65536*65536*65536*65536 :=\n          Nat.mul_le_mul (Nat.mul_le_mul (Nat.mul_le_mul hb0 hb1) hb2) hb3\n        _ = 2^64 := by norm_num\n    have he : policyIndex a f = ((d0*b1+d1)*b2+d2)*b3+d3 := by\n      change d0*(b1*(b2*b3))+d1*(b2*b3)+d2*b3+d3 = _\n      ring\n    rw [he]\n    omega\n  have index_nat (a f : UInt64) : (encodeMixedRadix a f).toNat = policyIndex a.toNat f.toNat := by\n    sorry\n  have debit_nat (a f : UInt64) :\n      (a / halfDivisor + encodeMixedRadix a f / halfDivisor).toNat = policyDebit a.toNat f.toNat := by\n    have ha := a.toNat_lt_size\n    have hi := index_bound a.toNat f.toNat\n    have hsum : a.toNat / 2 + policyIndex a.toNat f.toNat / 2 < 2^64 := by\n      change a.toNat < 2^64 at ha\n      omega\n    simp [UInt64.toNat_add, UInt64.toNat_div, halfDivisor, index_nat, policyDebit,\n      Nat.mod_eq_of_lt hsum]\n  change Conforms candidateSpec challengeAuthorize\n  constructor\n  · intro b a f\n    simp [challengeAuthorize, buildQuote, verifyAffordability, candidateSpec,\n      UInt64.le_iff_toNat_le, debit_nat]\n  · intro b a f total h\n    simp only [challengeAuthorize, buildQuote, verifyAffordability] at h\n    split at h\n    · cases h\n      exact ⟨by simpa only [UInt64.le_iff_toNat_le, debit_nat] using ‹_›, debit_nat a f⟩\n    · contradiction\nEOF\npython3 /workspace/lean/check.py\n"] min_timeout_sec: 1.0 max_timeout_sec: 180.0
Trajectory dumped to /tmp/rsvh-eval/evidence/v3/gpt-6.1-sol-high/gpt-6.1-sol-high-openpql-safe/openpql-safe__gXERTJX/agent/trajectory.json
Sending keys: [''] min_timeout_sec: 1.0 max_timeout_sec: 180.0
Trajectory dumped to /tmp/rsvh-eval/evidence/v3/gpt-6.1-sol-high/gpt-6.1-sol-high-openpql-safe/openpql-safe__gXERTJX/agent/trajectory.json
Sending keys: ["sed -i '/^\\/--.*-\\/$/d' /workspace/submission/Spec.lean; grep -nE 'theorem (.*mod.*(add|mul)|.*(add|mul).*mod)' /opt/lean/src/lean/Init/Data/Nat/{Lemmas,Div/Basic,Div/Lemmas}.lean | head -60; python3 /workspace/lean/check.py\n"] min_timeout_sec: 1.0 max_timeout_sec: 180.0
Trajectory dumped to /tmp/rsvh-eval/evidence/v3/gpt-6.1-sol-high/gpt-6.1-sol-high-openpql-safe/openpql-safe__gXERTJX/agent/trajectory.json
Sending keys: ["python3 - <<'PY'\np='/workspace/submission/Proof.lean'\ns=open(p).read().replace('    sorry', '''    have clamp_radix (x y : UInt64) :\n        (clampDigit x ((y % radixBase) + 1)).toNat =\n          policyDigit x.toNat (y.toNat % 65536 + 1) := by\n      rw [clamp_nat, radix_nat]\n      rw [radix_nat]\n      omega\n    have hm : (encodeMixedRadix a f).toNat = policyIndex a.toNat f.toNat % 2^64 := by\n      simp only [encodeMixedRadix, UInt64.toNat_add, UInt64.toNat_mul,\n        clamp_radix, radix_nat, UInt64.toNat_div, UInt64.toNat_mod]\n      simp only [radixBase, shift16, shift32, shift48, UInt64.toNat_ofNat,\n        Nat.mod_add_mod, Nat.add_mod_mod, Nat.mod_mul_mod, Nat.mul_mod_mod]\n      rfl\n    rw [hm, Nat.mod_eq_of_lt (index_bound a.toNat f.toNat)]''')\nopen(p,'w').write(s)\nPY\npython3 /workspace/lean/check.py\n"] min_timeout_sec: 1.0 max_timeout_sec: 180.0
Trajectory dumped to /tmp/rsvh-eval/evidence/v3/gpt-6.1-sol-high/gpt-6.1-sol-high-openpql-safe/openpql-safe__gXERTJX/agent/trajectory.json
Parser warnings: - Command 1 should end with newline when followed by another command. Otherwise the two commands will be concatenated together on the same line.
Sending keys: [''] min_timeout_sec: 1.0 max_timeout_sec: 180.0
Sending keys: ["python3 - <<'PY'\np='/workspace/submission/Proof.lean'\ns=open(p).read()\ns=s.replace('    simp [radixBase, UInt64.toNat_add, UInt64.toNat_mod, Nat.mod_eq_of_lt (show x.toNat % 65536 + 1 < 2^64 by omega)]', '''    have hb : x.toNat % 65536 + 1 < 2^64 := by norm_num; omega\n    simp only [UInt64.toNat_add, UInt64.toNat_mod, radixBase, UInt64.toNat_ofNat]\n    exact Nat.mod_eq_of_lt hb''')\ns=s.replace('    simp [UInt64.toNat_add, UInt64.toNat_div, halfDivisor, index_nat, policyDebit,\\n      Nat.mod_eq_of_lt hsum]', '''    simp only [UInt64.toNat_add, UInt64.toNat_div, halfDivisor, UInt64.toNat_ofNat,\n      index_nat, policyDebit]\n    exact Nat.mod_eq_of_lt hsum''')\ns=s.replace('    split at h\\n    · cases h\\n      exact ⟨by simpa only [UInt64.le_iff_toNat_le, debit_nat] using ‹_›, debit_nat a f⟩', '''    split at h\n    · rename_i affordable\n      cases h\n      exact ⟨by simpa only [UInt64.le_iff_toNat_le, debit_nat] using affordable, debit_nat a f⟩''')\nopen(p,'w').write(s)\nPY\npython3 /workspace/lean/check.py\n"] min_timeout_sec: 1.0 max_timeout_sec: 180.0
Trajectory dumped to /tmp/rsvh-eval/evidence/v3/gpt-6.1-sol-high/gpt-6.1-sol-high-openpql-safe/openpql-safe__gXERTJX/agent/trajectory.json
Sending keys: ["python3 - <<'PY'\np='/workspace/submission/Proof.lean'\ns=open(p).read().replace('      rfl\\n    rw [hm', '      norm_num [policyIndex, component]\\n    rw [hm')\nopen(p,'w').write(s)\nPY\npython3 /workspace/lean/check.py\n"] min_timeout_sec: 1.0 max_timeout_sec: 180.0
Trajectory dumped to /tmp/rsvh-eval/evidence/v3/gpt-6.1-sol-high/gpt-6.1-sol-high-openpql-safe/openpql-safe__gXERTJX/agent/trajectory.json
Sending keys: ['\n'] min_timeout_sec: 1.0 max_timeout_sec: 180.0
Sending keys: ['find /workspace/submission -maxdepth 2 -type f -print; cat /workspace/challenge/Cargo.toml; cd /workspace/challenge && cargo test\n'] min_timeout_sec: 1.0 max_timeout_sec: 180.0
Trajectory dumped to /tmp/rsvh-eval/evidence/v3/gpt-6.1-sol-high/gpt-6.1-sol-high-openpql-safe/openpql-safe__gXERTJX/agent/trajectory.json
Sending keys: ["sed -i 's/Nat.add_mod_mod, Nat.mod_mul_mod, Nat.mul_mod_mod/Nat.add_mod_mod, Nat.mul_mod_mod/' /workspace/submission/Proof.lean\npython3 /workspace/lean/check.py\n"] min_timeout_sec: 1.0 max_timeout_sec: 180.0
Sending keys: ['python3 - <<\'PY\'\np=\'/workspace/lean/check.py\'\ns=open(p).read()\ns=s.replace("+ \'\\\\n)\\\\n\'", "+ \'\\\\n)\\\\n#print axioms auditEvidence\\\\n\'")\nexec(compile(s,p,\'exec\'), {\'__file__\': p, \'__name__\': \'__main__\'})\nPY\n'] min_timeout_sec: 1.0 max_timeout_sec: 180.0
Trajectory dumped to /tmp/rsvh-eval/evidence/v3/gpt-6.1-sol-high/gpt-6.1-sol-high-openpql-safe/openpql-safe__gXERTJX/agent/trajectory.json
Sending keys: ['\n'] min_timeout_sec: 1.0 max_timeout_sec: 180.0
Trajectory dumped to /tmp/rsvh-eval/evidence/v3/gpt-6.1-sol-high/gpt-6.1-sol-high-openpql-safe/openpql-safe__gXERTJX/agent/trajectory.json
Sending keys: ['\n'] min_timeout_sec: 1.0 max_timeout_sec: 180.0
Trajectory dumped to /tmp/rsvh-eval/evidence/v3/gpt-6.1-sol-high/gpt-6.1-sol-high-openpql-safe/openpql-safe__gXERTJX/agent/trajectory.json
Sending keys: ['\n'] min_timeout_sec: 5.0 max_timeout_sec: 180.0
Trajectory dumped to /tmp/rsvh-eval/evidence/v3/gpt-6.1-sol-high/gpt-6.1-sol-high-openpql-safe/openpql-safe__gXERTJX/agent/trajectory.json
Trajectory dumped to /tmp/rsvh-eval/evidence/v3/gpt-6.1-sol-high/gpt-6.1-sol-high-openpql-safe/openpql-safe__gXERTJX/agent/trajectory.json
Trajectory dumped to /tmp/rsvh-eval/evidence/v3/gpt-6.1-sol-high/gpt-6.1-sol-high-openpql-safe/openpql-safe__gXERTJX/agent/trajectory.json
Trajectory dumped to /tmp/rsvh-eval/evidence/v3/gpt-6.1-sol-high/gpt-6.1-sol-high-openpql-safe/openpql-safe__gXERTJX/agent/trajectory.json
Failed to download artifact '/workspace/submission/counterexample.json' (best-effort)
Traceback (most recent call last):
  File "/tmp/harbor09/lib/python3.12/site-packages/harbor/trial/artifact_handler.py", line 195, in _download_artifact
    await source_env.download_file(
  File "/tmp/harbor09/lib/python3.12/site-packages/harbor/environments/docker/docker.py", line 614, in download_file
    await self._platform.download_file(source_path, target_path)
  File "/tmp/harbor09/lib/python3.12/site-packages/harbor/environments/docker/docker_unix.py", line 48, in download_file
    await self._env._run_docker_compose_command(
  File "/tmp/harbor09/lib/python3.12/site-packages/harbor/environments/docker/docker.py", line 417, in _run_docker_compose_command
    raise RuntimeError(
RuntimeError: Docker compose command failed for environment openpql-safe. Command: docker compose --project-name openpql-safe__gxertjx --project-directory /tmp/rsvh-family-new/openpql-safe/environment -f /tmp/tmphc4vupvu/openpql-safe__gXERTJX-docker-compose-resources.json -f /tmp/harbor09/lib/python3.12/site-packages/harbor/environments/docker/docker-compose-build.yaml -f /tmp/tmpuqud4wau/docker-compose-mounts.json -f /tmp/harbor09/lib/python3.12/site-packages/harbor/environments/docker/docker-compose-no-network.yaml cp main:/workspace/submission/counterexample.json /tmp/rsvh-eval/evidence/v3/gpt-6.1-sol-high/gpt-6.1-sol-high-openpql-safe/openpql-safe__gXERTJX/artifacts/counterexample.json. Return code: 1. Stdout:  openpql-safe__gxertjx-main-1 copy openpql-safe__gxertjx-main-1:/workspace/submission/counterexample.json to /tmp/rsvh-eval/evidence/v3/gpt-6.1-sol-high/gpt-6.1-sol-high-openpql-safe/openpql-safe__gXERTJX/artifacts/counterexample.json Copying
Error response from daemon: Could not find the file /workspace/submission/counterexample.json in container abe121926f296aabc86afb7b49b65f5939b67402b7a1c855e343d522de6d8d5a
. Stderr: None. 
Failed to download artifact '/workspace/submission/src/lib.rs' (best-effort)
Traceback (most recent call last):
  File "/tmp/harbor09/lib/python3.12/site-packages/harbor/trial/artifact_handler.py", line 195, in _download_artifact
    await source_env.download_file(
  File "/tmp/harbor09/lib/python3.12/site-packages/harbor/environments/docker/docker.py", line 614, in download_file
    await self._platform.download_file(source_path, target_path)
  File "/tmp/harbor09/lib/python3.12/site-packages/harbor/environments/docker/docker_unix.py", line 48, in download_file
    await self._env._run_docker_compose_command(
  File "/tmp/harbor09/lib/python3.12/site-packages/harbor/environments/docker/docker.py", line 417, in _run_docker_compose_command
    raise RuntimeError(
RuntimeError: Docker compose command failed for environment openpql-safe. Command: docker compose --project-name openpql-safe__gxertjx --project-directory /tmp/rsvh-family-new/openpql-safe/environment -f /tmp/tmphc4vupvu/openpql-safe__gXERTJX-docker-compose-resources.json -f /tmp/harbor09/lib/python3.12/site-packages/harbor/environments/docker/docker-compose-build.yaml -f /tmp/tmpuqud4wau/docker-compose-mounts.json -f /tmp/harbor09/lib/python3.12/site-packages/harbor/environments/docker/docker-compose-no-network.yaml cp main:/workspace/submission/src/lib.rs /tmp/rsvh-eval/evidence/v3/gpt-6.1-sol-high/gpt-6.1-sol-high-openpql-safe/openpql-safe__gXERTJX/artifacts/lib.rs. Return code: 1. Stdout:  openpql-safe__gxertjx-main-1 copy openpql-safe__gxertjx-main-1:/workspace/submission/src/lib.rs to /tmp/rsvh-eval/evidence/v3/gpt-6.1-sol-high/gpt-6.1-sol-high-openpql-safe/openpql-safe__gXERTJX/artifacts/lib.rs Copying
Error response from daemon: Could not find the file /workspace/submission/src/lib.rs in container abe121926f296aabc86afb7b49b65f5939b67402b7a1c855e343d522de6d8d5a
. Stderr: None. 
Skipping image OS validation for hb__openpql-safe: docker inspect returned 1
