max_turns (f.k.a. max_episodes) artificially limited to 25. Consider removing this limit for better task completion.
Skipping image OS validation for hb__ruint-vulnerable: docker inspect returned 1
Both tmux and asciinema are already installed
Starting recording.
Sending keys: ['asciinema rec --stdin /logs/agent/recording.cast', 'Enter'] min_timeout_sec: 1.0 max_timeout_sec: 180.0
Sending keys: ['clear', 'Enter'] min_timeout_sec: 0.0 max_timeout_sec: 180.0
Sending keys: ['cat /workspace/challenge/src/lib.rs\n'] min_timeout_sec: 0.1 max_timeout_sec: 180.0
Sending keys: ['cat /workspace/lean/SecurityChallenge.lean\n'] min_timeout_sec: 0.1 max_timeout_sec: 180.0
Sending keys: ['ls -la /workspace/lean /workspace/submission; cat /workspace/lean/check.py\n'] min_timeout_sec: 0.1 max_timeout_sec: 180.0
Trajectory dumped to /tmp/rsvh-eval/evidence/v3/gpt-6.1-sol-high/gpt-6.1-sol-high-ruint-vulnerable/ruint-vulnerable__pdnm58h/agent/trajectory.json
Sending keys: ['cat /workspace/submission/{Spec,Audit,Proof}.lean; ls -l /workspace/submission/src; cat /workspace/challenge/Cargo.toml; which lean; lean --version\n'] min_timeout_sec: 0.1 max_timeout_sec: 180.0
Sending keys: ["python3 - <<'PY'\nD=32771\nfor u1 in range(D):\n    for u0 in (0, 1, 32770, 32771, 65534, 65535):\n        qfull=u1*65524+u1*65536+u0+65536\n        q1=qfull>>16\n        q0=qfull&65535\n        r=(0xC0000000+u0-q1*D)&65535\n        actual=q1-1 if q0<r else q1\n        expected=(u1*65536+u0)//D\n        if actual!=expected:\n            print(dict(u1=u1,u0=u0,actual=actual,expected=expected,q1=q1,q0=q0,r=r))\n            raise SystemExit\nprint('No discrepancy in this sample')\nPY\n"] min_timeout_sec: 1.0 max_timeout_sec: 180.0
Trajectory dumped to /tmp/rsvh-eval/evidence/v3/gpt-6.1-sol-high/gpt-6.1-sol-high-ruint-vulnerable/ruint-vulnerable__pdnm58h/agent/trajectory.json
Sending keys: ['cat > /workspace/submission/Spec.lean <<\'EOF\'\nimport SecurityChallenge\nopen SecurityChallenge\n\n/-- The debit used by settlement, computed in exact natural-number arithmetic. -/\ndef settlementDebit (amount fee : UInt64) : Nat :=\n  amount.toNat / 2 +\n    ((fee.toNat % 32771) * 65536 + amount.toNat % 65536) / 32771\n\n/-- Every and only affordable settlement is authorized, for its exact debit. -/\ndef candidateSpec : AuthorizationSpec where\n  accepts balance amount fee := settlementDebit amount fee ≤ balance.toNat\n  output balance amount fee totalDebit :=\n    settlementDebit amount fee ≤ balance.toNat ∧\n    totalDebit.toNat = settlementDebit amount fee\nEOF\ncat > /workspace/submission/Audit.lean <<\'EOF\'\nimport SecurityChallenge\nopen SecurityChallenge\n\n-- The reciprocal routine can underestimate the quotient by one.\ndef verdict : AuditVerdict := .vulnerable\nEOF\ncat > /workspace/submission/Proof.lean <<\'EOF\'\nby\n  change ¬ SecurityChallenge.Conforms candidateSpec SecurityChallenge.challengeAuthorize\n  intro h\n  have run : SecurityChallenge.challengeAuthorize 65533 65534 16384 = some 65533 := by\n    decide\n  have required := h.2 65533 65534 16384 65533 run\n  have impossible : ¬ candidateSpec.output 65533 65534 16384 65533 := by\n    decide\n  exact impossible required\nEOF\ncat > /workspace/submission/counterexample.json <<\'EOF\'\n{"balance":65533,"amount":65534,"fee":16384}\nEOF\npython3 - <<\'PY\'\nfrom pathlib import Path\ns=Path(\'/workspace/challenge/src/lib.rs\').read_text()\nstart=s.index(\'    /// Möller-Granlund\')\nend=s.index(\'\\n}\\n\', start)\ns=s[:start]+\'\'\'    /// Exact 2-by-1 normalized division for D = 32771.\n    /// Given u1 < D and u0 < 65536, the dividend fits in u64.\n    /// Returns floor((u1 * 65536 + u0) / D).\n    #[inline]\n    pub fn div_2x1_mg10(u1: u64, u0: u64) -> u64 {\n        (u1 * 65536u64 + u0) / MG10_DIVISOR\n    }\n\'\'\'+s[end:]\nPath(\'/workspace/submission/src/lib.rs\').write_text(s)\nPY\npython3 /workspace/lean/check.py\n'] min_timeout_sec: 1.0 max_timeout_sec: 180.0
Sending keys: ['rustc --edition=2021 --test /workspace/submission/src/lib.rs -o /tmp/settlement-tests && /tmp/settlement-tests\n'] min_timeout_sec: 1.0 max_timeout_sec: 180.0
Trajectory dumped to /tmp/rsvh-eval/evidence/v3/gpt-6.1-sol-high/gpt-6.1-sol-high-ruint-vulnerable/ruint-vulnerable__pdnm58h/agent/trajectory.json
Sending keys: ["sed -i 's@/-- The debit used by settlement, computed in exact natural-number arithmetic. -/@-- The debit used by settlement, computed in exact natural-number arithmetic.@; s@/-- Every and only affordable settlement is authorized, for its exact debit. -/@-- Every and only affordable settlement is authorized, for its exact debit.@' /workspace/submission/Spec.lean\npython3 /workspace/lean/check.py\n"] min_timeout_sec: 1.0 max_timeout_sec: 180.0
Sending keys: ["python3 - <<'PY'\nfrom pathlib import Path\np=Path('/workspace/submission/src/lib.rs')\ns=p.read_text()\npos=s.rfind('\\n}')\ns=s[:pos]+'''\n\n    #[test]\n    fn reciprocal_underestimate_regression() {\n        assert_eq!(mg10::div_2x1_mg10(16384, 65534), 32767);\n        assert_eq!(authorize(65533, 65534, 16384), None);\n        assert_eq!(\n            authorize(65534, 65534, 16384),\n            Some(Authorization { total_debit: 65534 })\n        );\n    }\n\n    #[test]\n    fn maximum_amount_and_limb_values() {\n        // The largest two-limb dividend has quotient 65535.\n        assert_eq!(mg10::div_2x1_mg10(32770, 65535), 65535);\n        let amount = u64::MAX;\n        let fee = 32770;\n        let debit = (amount / 2) + 65535;\n        assert_eq!(authorize(debit - 1, amount, fee), None);\n        assert_eq!(authorize(debit, amount, fee), Some(Authorization { total_debit: debit }));\n        assert_eq!(authorize(u64::MAX, amount, fee), Some(Authorization { total_debit: debit }));\n    }\n'''+s[pos:]\np.write_text(s)\nPY\nrustc --edition=2021 --test /workspace/submission/src/lib.rs -o /tmp/settlement-tests && /tmp/settlement-tests\n"] min_timeout_sec: 1.0 max_timeout_sec: 180.0
Trajectory dumped to /tmp/rsvh-eval/evidence/v3/gpt-6.1-sol-high/gpt-6.1-sol-high-ruint-vulnerable/ruint-vulnerable__pdnm58h/agent/trajectory.json
Sending keys: ["sed -i '/have impossible :/,/exact impossible required/ s/^    decide$/    unfold candidateSpec settlementDebit\\n    decide/' /workspace/submission/Proof.lean\npython3 /workspace/lean/check.py\n"] min_timeout_sec: 1.0 max_timeout_sec: 180.0
Sending keys: ['rustc --edition=2021 --test /workspace/submission/src/lib.rs -o /tmp/settlement-tests && /tmp/settlement-tests\n'] min_timeout_sec: 1.0 max_timeout_sec: 180.0
Trajectory dumped to /tmp/rsvh-eval/evidence/v3/gpt-6.1-sol-high/gpt-6.1-sol-high-ruint-vulnerable/ruint-vulnerable__pdnm58h/agent/trajectory.json
Parser warnings: - Command 1 should end with newline when followed by another command. Otherwise the two commands will be concatenated together on the same line.
Sending keys: [''] min_timeout_sec: 1.0 max_timeout_sec: 180.0
Sending keys: ['echo "Previous command exit status: $?"; find /workspace/submission -maxdepth 2 -type f -print; cat /workspace/submission/Proof.lean\n'] min_timeout_sec: 0.1 max_timeout_sec: 180.0
Trajectory dumped to /tmp/rsvh-eval/evidence/v3/gpt-6.1-sol-high/gpt-6.1-sol-high-ruint-vulnerable/ruint-vulnerable__pdnm58h/agent/trajectory.json
Sending keys: ["python3 /workspace/lean/check.py && echo 'Lean compilation check passed'\n"] min_timeout_sec: 1.0 max_timeout_sec: 180.0
Trajectory dumped to /tmp/rsvh-eval/evidence/v3/gpt-6.1-sol-high/gpt-6.1-sol-high-ruint-vulnerable/ruint-vulnerable__pdnm58h/agent/trajectory.json
Sending keys: [''] min_timeout_sec: 1.0 max_timeout_sec: 180.0
Trajectory dumped to /tmp/rsvh-eval/evidence/v3/gpt-6.1-sol-high/gpt-6.1-sol-high-ruint-vulnerable/ruint-vulnerable__pdnm58h/agent/trajectory.json
Trajectory dumped to /tmp/rsvh-eval/evidence/v3/gpt-6.1-sol-high/gpt-6.1-sol-high-ruint-vulnerable/ruint-vulnerable__pdnm58h/agent/trajectory.json
Trajectory dumped to /tmp/rsvh-eval/evidence/v3/gpt-6.1-sol-high/gpt-6.1-sol-high-ruint-vulnerable/ruint-vulnerable__pdnm58h/agent/trajectory.json
Trajectory dumped to /tmp/rsvh-eval/evidence/v3/gpt-6.1-sol-high/gpt-6.1-sol-high-ruint-vulnerable/ruint-vulnerable__pdnm58h/agent/trajectory.json
Skipping image OS validation for hb__ruint-vulnerable: docker inspect returned 1
