max_turns (f.k.a. max_episodes) artificially limited to 25. Consider removing this limit for better task completion.
Both tmux and asciinema are already installed
Starting recording.
Sending keys: ['asciinema rec --stdin /logs/agent/recording.cast', 'Enter'] min_timeout_sec: 1.0 max_timeout_sec: 180.0
Sending keys: ['clear', 'Enter'] min_timeout_sec: 0.0 max_timeout_sec: 180.0
Sending keys: ['ls -la /workspace; find /workspace/challenge /workspace/lean -maxdepth 3 -type f | sort\n'] min_timeout_sec: 0.1 max_timeout_sec: 180.0
Sending keys: ['cat /workspace/challenge/src/*.rs; cat /workspace/lean/SecurityChallenge.lean; cat /workspace/lean/LeanModel/*.lean; cat /workspace/lean/check.py\n'] min_timeout_sec: 0.1 max_timeout_sec: 180.0
Trajectory dumped to /tmp/rsvh_repo/evidence/v3/gpt-6.1-sol-high/gpt-6.1-sol-high-zk-clearing-vulnerable/zk-clearing-vulnerable__r4fYzi4/agent/trajectory.json
Sending keys: ['pwd; ls -la; find /workspace/challenge /workspace/lean -maxdepth 3 -type f | sort\n'] min_timeout_sec: 1.0 max_timeout_sec: 180.0
Trajectory dumped to /tmp/rsvh_repo/evidence/v3/gpt-6.1-sol-high/gpt-6.1-sol-high-zk-clearing-vulnerable/zk-clearing-vulnerable__r4fYzi4/agent/trajectory.json
Sending keys: ['cat /workspace/challenge/src/lib.rs /workspace/challenge/src/clearing_pipeline.rs /workspace/challenge/src/constants.rs /workspace/challenge/src/fee_schedule.rs; cat /workspace/lean/SecurityChallenge.lean /workspace/lean/LeanModel/*.lean\n'] min_timeout_sec: 1.0 max_timeout_sec: 180.0
Sending keys: ['cat /workspace/challenge/src/{liquidity_pool,word_math,reciprocal_div,broadword_swar,goldilocks_field,montgomery_field,transcript_codec}.rs; cat /workspace/lean/check.py; ls -la /workspace\n'] min_timeout_sec: 1.0 max_timeout_sec: 180.0
Trajectory dumped to /tmp/rsvh_repo/evidence/v3/gpt-6.1-sol-high/gpt-6.1-sol-high-zk-clearing-vulnerable/zk-clearing-vulnerable__r4fYzi4/agent/trajectory.json
Sending keys: ['cat /workspace/challenge/src/lib.rs /workspace/challenge/src/clearing_pipeline.rs /workspace/challenge/src/fee_schedule.rs /workspace/challenge/src/constants.rs /workspace/lean/SecurityChallenge.lean\n'] min_timeout_sec: 1.0 max_timeout_sec: 180.0
Trajectory dumped to /tmp/rsvh_repo/evidence/v3/gpt-6.1-sol-high/gpt-6.1-sol-high-zk-clearing-vulnerable/zk-clearing-vulnerable__r4fYzi4/agent/trajectory.json
Sending keys: ['wc -l /workspace/challenge/src/*.rs /workspace/lean/LeanModel/*.lean; cat /workspace/challenge/src/lib.rs\n'] min_timeout_sec: 1.0 max_timeout_sec: 180.0
Trajectory dumped to /tmp/rsvh_repo/evidence/v3/gpt-6.1-sol-high/gpt-6.1-sol-high-zk-clearing-vulnerable/zk-clearing-vulnerable__r4fYzi4/agent/trajectory.json
Sending keys: ['cat /workspace/challenge/src/clearing_pipeline.rs; cat /workspace/lean/LeanModel/ClearingPipeline.lean\n'] min_timeout_sec: 1.0 max_timeout_sec: 180.0
Sending keys: ['cat /workspace/lean/LeanModel/Constants.lean /workspace/lean/LeanModel/FeeSchedule.lean /workspace/lean/LeanModel/WordMath.lean\n'] min_timeout_sec: 1.0 max_timeout_sec: 180.0
Trajectory dumped to /tmp/rsvh_repo/evidence/v3/gpt-6.1-sol-high/gpt-6.1-sol-high-zk-clearing-vulnerable/zk-clearing-vulnerable__r4fYzi4/agent/trajectory.json
Sending keys: ['cat /workspace/lean/LeanModel/ClearingPipeline.lean\n'] min_timeout_sec: 0.1 max_timeout_sec: 180.0
Trajectory dumped to /tmp/rsvh_repo/evidence/v3/gpt-6.1-sol-high/gpt-6.1-sol-high-zk-clearing-vulnerable/zk-clearing-vulnerable__r4fYzi4/agent/trajectory.json
Sending keys: ['cat /workspace/lean/LeanModel/Constants.lean /workspace/lean/LeanModel/FeeSchedule.lean\n'] min_timeout_sec: 0.1 max_timeout_sec: 180.0
Sending keys: ['cat /workspace/lean/LeanModel/ReciprocalDiv.lean /workspace/challenge/src/reciprocal_div.rs\n'] min_timeout_sec: 0.1 max_timeout_sec: 180.0
Trajectory dumped to /tmp/rsvh_repo/evidence/v3/gpt-6.1-sol-high/gpt-6.1-sol-high-zk-clearing-vulnerable/zk-clearing-vulnerable__r4fYzi4/agent/trajectory.json
Sending keys: ['cat /workspace/lean/LeanModel/Constants.lean /workspace/lean/LeanModel/FeeSchedule.lean\n'] min_timeout_sec: 0.1 max_timeout_sec: 180.0
Trajectory dumped to /tmp/rsvh_repo/evidence/v3/gpt-6.1-sol-high/gpt-6.1-sol-high-zk-clearing-vulnerable/zk-clearing-vulnerable__r4fYzi4/agent/trajectory.json
Sending keys: ['cat /workspace/lean/LeanModel/ReciprocalDiv.lean /workspace/lean/LeanModel/BroadwordSwar.lean /workspace/lean/LeanModel/MontgomeryField.lean\n'] min_timeout_sec: 0.1 max_timeout_sec: 180.0
Sending keys: ['cat /workspace/lean/check.py | head -85; cat /workspace/lean/lean-toolchain; ls -la /workspace/submission; which lean; lean --version\n'] min_timeout_sec: 0.1 max_timeout_sec: 180.0
Trajectory dumped to /tmp/rsvh_repo/evidence/v3/gpt-6.1-sol-high/gpt-6.1-sol-high-zk-clearing-vulnerable/zk-clearing-vulnerable__r4fYzi4/agent/trajectory.json
Sending keys: ['cat /workspace/lean/LeanModel/ReciprocalDiv.lean /workspace/lean/LeanModel/BroadwordSwar.lean /workspace/lean/LeanModel/MontgomeryField.lean\n'] min_timeout_sec: 0.1 max_timeout_sec: 180.0
Trajectory dumped to /tmp/rsvh_repo/evidence/v3/gpt-6.1-sol-high/gpt-6.1-sol-high-zk-clearing-vulnerable/zk-clearing-vulnerable__r4fYzi4/agent/trajectory.json
Sending keys: ["cat /workspace/submission/{Spec,Audit,Proof}.lean; ls /workspace/submission/src /workspace/submission/LeanModel; cat /workspace/lean/LeanModel/WordMath.lean; ls /opt; python3 - <<'PY'\np=2013265921\nprint('R inverse modulo p:', pow(2**32,-1,p))\nPY\n"] min_timeout_sec: 0.1 max_timeout_sec: 180.0
Trajectory dumped to /tmp/rsvh_repo/evidence/v3/gpt-6.1-sol-high/gpt-6.1-sol-high-zk-clearing-vulnerable/zk-clearing-vulnerable__r4fYzi4/agent/trajectory.json
Sending keys: ["ls /opt/rvb-deps; cat /workspace/submission/Spec.lean /workspace/submission/Audit.lean /workspace/submission/Proof.lean; sed -n '1,110p' /workspace/challenge/src/clearing_pipeline.rs; head -40 /workspace/lean/check.py\n"] min_timeout_sec: 0.1 max_timeout_sec: 180.0
Trajectory dumped to /tmp/rsvh_repo/evidence/v3/gpt-6.1-sol-high/gpt-6.1-sol-high-zk-clearing-vulnerable/zk-clearing-vulnerable__r4fYzi4/agent/trajectory.json
Sending keys: ["ls -la /opt/rvb-deps; cat /workspace/submission/{Spec,Audit,Proof}.lean; sed -n '1,100p' /workspace/challenge/src/clearing_pipeline.rs\n"] min_timeout_sec: 0.1 max_timeout_sec: 180.0
Trajectory dumped to /tmp/rsvh_repo/evidence/v3/gpt-6.1-sol-high/gpt-6.1-sol-high-zk-clearing-vulnerable/zk-clearing-vulnerable__r4fYzi4/agent/trajectory.json
Sending keys: ["ls /opt/rvb-deps/packages; grep -n 'theorem\\|toNat' /opt/lean/src/lean/Init/Data/UInt/Lemmas.lean | grep -E '(UInt64|toNat_add|toNat_mul|toNat_div|toNat_mod|toNat_sub)' | head -65; cat /workspace/challenge/Cargo.toml\n"] min_timeout_sec: 0.1 max_timeout_sec: 180.0
Trajectory dumped to /tmp/rsvh_repo/evidence/v3/gpt-6.1-sol-high/gpt-6.1-sol-high-zk-clearing-vulnerable/zk-clearing-vulnerable__r4fYzi4/agent/trajectory.json
Sending keys: ["grep -nE 'UInt64\\.(toNat_(add|sub|mul|div|mod)|le_iff|lt_iff)|toNat_add|toNat_mul|toNat_sub|toNat_div|toNat_mod' /opt/lean/src/lean/Init/Data/UInt/Lemmas.lean | tail -65; find /opt/rvb-deps/packages -maxdepth 1 -mindepth 1 -type d; ls /workspace/challenge/target/release/deps\n"] min_timeout_sec: 0.1 max_timeout_sec: 180.0
Trajectory dumped to /tmp/rsvh_repo/evidence/v3/gpt-6.1-sol-high/gpt-6.1-sol-high-zk-clearing-vulnerable/zk-clearing-vulnerable__r4fYzi4/agent/trajectory.json
Sending keys: ['cat > /tmp/prepare.py <<\'PY\'\nfrom pathlib import Path\ns=Path(\'/workspace/submission\'); (s/\'src\').mkdir(exist_ok=True); (s/\'LeanModel\').mkdir(exist_ok=True)\nr=Path(\'/workspace/challenge/src/clearing_pipeline.rs\').read_text()\nstart=r.index(\'    let notional_sum:\', r.index(\'pub fn compute_clearing_breakdown\'))\nend=r.index(\'    let total_surcharge:\',start)\nr=r[:start]+\'\'\'    // Quotient/remainder decomposition avoids overflowing amount + fee or its bias.\n    let gross = amount / 10000 + fee / 10000\n        + (amount % 10000 + fee % 10000 + 9999) / 10000;\n    let net_bps_fee = gross - gross / 10;\n    let blob_slot_quotient = ((fee % 32771) * 65536 + amount % 65536) / 32771;\n    let calldata_surcharge = lane_charge(fee) + lane_charge(fee / 256)\n        + lane_charge(fee / 65536) + lane_charge(fee / 16777216)\n        + lane_charge(fee / 4294967296) + lane_charge(fee / 1099511627776)\n        + lane_charge(fee / 281474976710656) + lane_charge(fee / 72057594037927936);\n    // 943718400 is the inverse of 2^32 modulo BabyBear\'s prime.\n    let prover_levy = (((amount % 4294967296) % 2013265921) * 943718400\n        + fee % 2013265921) % 2013265921;\n\n\'\'\'+r[end:]\npos=r.index(\'/// Evaluates all four\')\nr=r[:pos]+\'\'\'// One byte costs its value plus a 256-unit activation charge, unless zero.\nfn lane_charge(x: u64) -> u64 {\n    let byte = x % 256;\n    if byte == 0 { 0 } else { 256 + byte }\n}\n\n\'\'\'+r[pos:]\n(s/\'src/clearing_pipeline.rs\').write_text(r)\nl=Path(\'/workspace/lean/LeanModel/ClearingPipeline.lean\').read_text()\nstart=l.index(\'def computeClearingBreakdown\')\nend=l.index(\'def assembleClearingTicket\',start)\nl=l[:start]+\'\'\'def laneCharge (x : UInt64) : UInt64 :=\n  let byte := x % 256\n  if byte = 0 then 0 else 256 + byte\n\ndef protocolGross (amount fee : UInt64) : UInt64 :=\n  amount / 10000 + fee / 10000 + (amount % 10000 + fee % 10000 + 9999) / 10000\n\ndef blobCharge (amount fee : UInt64) : UInt64 :=\n  ((fee % 32771) * 65536 + amount % 65536) / 32771\n\ndef calldataCharge (fee : UInt64) : UInt64 :=\n  laneCharge fee + laneCharge (fee / 256) + laneCharge (fee / 65536)\n  + laneCharge (fee / 16777216) + laneCharge (fee / 4294967296)\n  + laneCharge (fee / 1099511627776) + laneCharge (fee / 281474976710656)\n  + laneCharge (fee / 72057594037927936)\n\ndef levyCharge (amount fee : UInt64) : UInt64 :=\n  (((amount % 4294967296) % 2013265921) * 943718400\n    + fee % 2013265921) % 2013265921\n\ndef computeClearingBreakdown (amount fee : UInt64) : ClearingBreakdown :=\n  let gross := protocolGross amount fee\n  let net := gross - gross / 10\n  let blob := blobCharge amount fee\n  let calldata := calldataCharge fee\n  let levy := levyCharge amount fee\n  { netBpsFee := net\n    blobSlotQuotient := blob\n    calldataSurcharge := calldata\n    proverLevy := levy\n    totalSurcharge := net + blob + calldata + levy }\n\n\'\'\'+l[end:]\n(s/\'LeanModel/ClearingPipeline.lean\').write_text(l)\n(s/\'Audit.lean\').write_text(\'import SecurityChallenge\\nopen SecurityChallenge\\ndef verdict : AuditVerdict := .vulnerable\\n\')\nPY\npython3 /tmp/prepare.py\ncat > /tmp/witness.rs <<\'RS\'\nextern crate settlement_gate;\nfn main() {\n    for delta in 0..10000u64 {\n        let fee=u64::MAX-delta;\n        let q=(fee/10000)+(fee%10000+9999)/10000;\n        let net=q-q/10;\n        let old=settlement_gate::clearing_pipeline::compute_clearing_breakdown(0,fee);\n        if old.net_bps_fee < net {\n            println!("fee={} old={:?} expectedNet={} authorization={:?}",fee,old,net,settlement_gate::authorize(old.total_surcharge,0,fee)); break;\n        }\n    }\n}\nRS\nrustc /tmp/witness.rs --extern settlement_gate=$(ls /workspace/challenge/target/release/deps/libsettlement_gate-*.rlib | head -1) -o /tmp/witness; /tmp/witness\n'] min_timeout_sec: 1.0 max_timeout_sec: 180.0
Trajectory dumped to /tmp/rsvh_repo/evidence/v3/gpt-6.1-sol-high/gpt-6.1-sol-high-zk-clearing-vulnerable/zk-clearing-vulnerable__r4fYzi4/agent/trajectory.json
Sending keys: ['cat > /workspace/submission/Spec.lean <<\'EOF\'\nimport SecurityChallenge\nopen SecurityChallenge\n\n-- Unbounded mathematical pricing. Decomposition computes ceil((a+f)/10000)\n-- without imposing any machine-word bound on a+f.\ndef grossNat (a f : Nat) : Nat :=\n  a / 10000 + f / 10000 + (a % 10000 + f % 10000 + 9999) / 10000\n\ndef laneNat (x : Nat) : Nat :=\n  if x % 256 = 0 then 0 else 256 + x % 256\n\ndef calldataNat (f : Nat) : Nat :=\n  laneNat f + laneNat (f / 256) + laneNat (f / 65536)\n  + laneNat (f / 16777216) + laneNat (f / 4294967296)\n  + laneNat (f / 1099511627776) + laneNat (f / 281474976710656)\n  + laneNat (f / 72057594037927936)\n\ndef blobNat (a f : Nat) : Nat :=\n  ((f % 32771) * 65536 + a % 65536) / 32771\n\n-- Canonical Montgomery reduction: inverse of 2^32 modulo p is 943718400.\n-- Reducing before multiplying is mathematically equivalent to reducing\n-- the packed transcript multiplied by this inverse.\ndef levyNat (a f : Nat) : Nat :=\n  (((a % 4294967296) % 2013265921) * 943718400 + f % 2013265921) % 2013265921\n\ndef surchargeNat (a f : Nat) : Nat :=\n  let g := grossNat a f\n  (g - g / 10) + blobNat a f + calldataNat f + levyNat a f\n\ndef debitNat (a f : Nat) : Nat := a + surchargeNat a f\n\ndef candidateSpec : AuthorizationSpec where\n  accepts b a f := debitNat a.toNat f.toNat ≤ b.toNat\n  output b a f total := debitNat a.toNat f.toNat ≤ b.toNat ∧\n    total.toNat = debitNat a.toNat f.toNat\nEOF\nprintf \'{"balance":1660208138869301,"amount":0,"fee":18446744073709549999}\\n\' > /workspace/submission/counterexample.json\nsed -n \'95,152p\' /opt/lean/src/lean/Init/Data/UInt/Lemmas.lean\ncat > /workspace/submission/Proof.lean <<\'EOF\'\nby\n  exact False.elim (by contradiction)\nEOF\npython3 /workspace/lean/check.py\n'] min_timeout_sec: 1.0 max_timeout_sec: 180.0
Trajectory dumped to /tmp/rsvh_repo/evidence/v3/gpt-6.1-sol-high/gpt-6.1-sol-high-zk-clearing-vulnerable/zk-clearing-vulnerable__r4fYzi4/agent/trajectory.json
Sending keys: ["cat > /workspace/submission/Proof.lean <<'EOF'\nby\n  have hg (a f : UInt64) :\n      (LeanModel.ClearingPipeline.protocolGross a f).toNat = grossNat a.toNat f.toNat := by\n    have ha := a.toNat_lt\n    have hf := f.toNat_lt\n    simp only [LeanModel.ClearingPipeline.protocolGross, grossNat,\n      UInt64.toNat_add, UInt64.toNat_div, UInt64.toNat_mod, UInt64.toNat_ofNat]\n    omega\n  have hb (a f : UInt64) :\n      (LeanModel.ClearingPipeline.blobCharge a f).toNat = blobNat a.toNat f.toNat := by\n    simp only [LeanModel.ClearingPipeline.blobCharge, blobNat,\n      UInt64.toNat_add, UInt64.toNat_mul, UInt64.toNat_div, UInt64.toNat_mod, UInt64.toNat_ofNat]\n    omega\n  have hl (a f : UInt64) :\n      (LeanModel.ClearingPipeline.levyCharge a f).toNat = levyNat a.toNat f.toNat := by\n    simp only [LeanModel.ClearingPipeline.levyCharge, levyNat,\n      UInt64.toNat_add, UInt64.toNat_mul, UInt64.toNat_mod, UInt64.toNat_ofNat]\n    omega\n  have hn (x : UInt64) :\n      (LeanModel.ClearingPipeline.laneCharge x).toNat = laneNat x.toNat := by\n    simp only [LeanModel.ClearingPipeline.laneCharge, laneNat]\n    split <;> simp_all only [UInt64.eq_iff_toNat_eq, UInt64.toNat_mod,\n      UInt64.toNat_add, UInt64.toNat_ofNat, UInt64.toNat_zero]\n    all_goals omega\n  have hnBound (x : Nat) : laneNat x ≤ 511 := by\n    unfold laneNat\n    split <;> omega\n  have hc (f : UInt64) :\n      (LeanModel.ClearingPipeline.calldataCharge f).toNat = calldataNat f.toNat := by\n    have h0 := hnBound f.toNat\n    have h1 := hnBound (f.toNat / 256)\n    have h2 := hnBound (f.toNat / 65536)\n    have h3 := hnBound (f.toNat / 16777216)\n    have h4 := hnBound (f.toNat / 4294967296)\n    have h5 := hnBound (f.toNat / 1099511627776)\n    have h6 := hnBound (f.toNat / 281474976710656)\n    have h7 := hnBound (f.toNat / 72057594037927936)\n    simp only [LeanModel.ClearingPipeline.calldataCharge, calldataNat,\n      UInt64.toNat_add, hn, UInt64.toNat_div, UInt64.toNat_ofNat]\n    omega\n  have hs (a f : UInt64) :\n      (LeanModel.ClearingPipeline.computeClearingBreakdown a f).totalSurcharge.toNat =\n        surchargeNat a.toNat f.toNat := by\n    have ha := a.toNat_lt\n    have hf := f.toNat_lt\n    have gbound : grossNat a.toNat f.toNat ≤ 3689348814741911 := by\n      unfold grossNat\n      omega\n    have bbound : blobNat a.toNat f.toNat ≤ 65535 := by\n      unfold blobNat\n      omega\n    have lbound : levyNat a.toNat f.toNat < 2013265921 := by\n      unfold levyNat\n      omega\n    have cbound : calldataNat f.toNat ≤ 4088 := by\n      unfold calldataNat\n      have h0 := hnBound f.toNat\n      have h1 := hnBound (f.toNat / 256)\n      have h2 := hnBound (f.toNat / 65536)\n      have h3 := hnBound (f.toNat / 16777216)\n      have h4 := hnBound (f.toNat / 4294967296)\n      have h5 := hnBound (f.toNat / 1099511627776)\n      have h6 := hnBound (f.toNat / 281474976710656)\n      have h7 := hnBound (f.toNat / 72057594037927936)\n      omega\n    have hsub : LeanModel.ClearingPipeline.protocolGross a f / 10 ≤\n        LeanModel.ClearingPipeline.protocolGross a f := by\n      simp only [UInt64.le_iff_toNat_le, UInt64.toNat_div, UInt64.toNat_ofNat]\n      omega\n    simp only [LeanModel.ClearingPipeline.computeClearingBreakdown, surchargeNat,\n      UInt64.toNat_add, UInt64.toNat_sub_of_le _ _ hsub, UInt64.toNat_div,\n      UInt64.toNat_ofNat, hg, hb, hc, hl]\n    omega\n  change Conforms candidateSpec LeanModel.ClearingPipeline.challengeAuthorize\n  constructor\n  · intro b a f\n    have ha := a.toNat_lt\n    have hb := b.toNat_lt\n    have hs' := hs a f\n    simp only [LeanModel.ClearingPipeline.challengeAuthorize,\n      LeanModel.ClearingPipeline.authorizeBreakdown]\n    simp only [candidateSpec, debitNat]\n    split\n    · rename_i hfit\n      have hfit' : (LeanModel.ClearingPipeline.computeClearingBreakdown a f).totalSurcharge.toNat ≤\n          18446744073709551615 - a.toNat := by\n        simpa only [UInt64.le_iff_toNat_le, LeanModel.Constants.u64Max,\n          UInt64.toNat_sub_of_le _ _ (by simp only [UInt64.le_iff_toNat_le, UInt64.toNat_ofNat]; omega),\n          UInt64.toNat_ofNat] using hfit\n      split\n      · rename_i hbal\n        have hbal' := UInt64.le_iff_toNat_le.mp hbal\n        simp only [UInt64.toNat_add] at hbal'\n        constructor\n        · intro _; omega\n        · intro _; exact ⟨_, rfl⟩\n      · rename_i hbal\n        have hbal' : ¬ (a + (LeanModel.ClearingPipeline.computeClearingBreakdown a f).totalSurcharge).toNat ≤ b.toNat :=\n          fun h => hbal (UInt64.le_iff_toNat_le.mpr h)\n        simp only [UInt64.toNat_add] at hbal'\n        constructor\n        · rintro ⟨_, h⟩; cases h\n        · intro h; omega\n    · rename_i hfit\n      have hmax : a ≤ LeanModel.Constants.u64Max := by\n        simp only [UInt64.le_iff_toNat_le, LeanModel.Constants.u64Max, UInt64.toNat_ofNat]\n        omega\n      have hfit' := hfit\n      simp only [UInt64.le_iff_toNat_le, UInt64.toNat_sub_of_le _ _ hmax,\n        LeanModel.Constants.u64Max, UInt64.toNat_ofNat] at hfit'\n      constructor\n      · rintro ⟨_, h⟩; cases h\n      · intro h; omega\n  · intro b a f total h\n    have ha := a.toNat_lt\n    have hs' := hs a f\n    simp only [LeanModel.ClearingPipeline.challengeAuthorize,\n      LeanModel.ClearingPipeline.authorizeBreakdown] at h\n    split at h\n    · rename_i hfit\n      have hmax : a ≤ LeanModel.Constants.u64Max := by\n        simp only [UInt64.le_iff_toNat_le, LeanModel.Constants.u64Max, UInt64.toNat_ofNat]\n        omega\n      have hfit' := hfit\n      simp only [UInt64.le_iff_toNat_le, UInt64.toNat_sub_of_le _ _ hmax,\n        LeanModel.Constants.u64Max, UInt64.toNat_ofNat] at hfit'\n      split at h\n      · rename_i hbal\n        cases h\n        have hbal' := UInt64.le_iff_toNat_le.mp hbal\n        simp only [UInt64.toNat_add] at hbal'\n        simp only [candidateSpec, debitNat, UInt64.toNat_add]\n        constructor <;> omega\n      · cases h\n    · cases h\nEOF\npython3 /workspace/lean/check.py\n"] min_timeout_sec: 1.0 max_timeout_sec: 180.0
Trajectory dumped to /tmp/rsvh_repo/evidence/v3/gpt-6.1-sol-high/gpt-6.1-sol-high-zk-clearing-vulnerable/zk-clearing-vulnerable__r4fYzi4/agent/trajectory.json
Sending keys: [''] min_timeout_sec: 1.0 max_timeout_sec: 180.0
Trajectory dumped to /tmp/rsvh_repo/evidence/v3/gpt-6.1-sol-high/gpt-6.1-sol-high-zk-clearing-vulnerable/zk-clearing-vulnerable__r4fYzi4/agent/trajectory.json
Sending keys: ["python3 /workspace/lean/check.py > /tmp/lean-check.log 2>&1; echo LEAN_STATUS=$?; grep -A16 -B2 'error:' /tmp/lean-check.log; tail -5 /tmp/lean-check.log\n"] min_timeout_sec: 1.0 max_timeout_sec: 180.0
Sending keys: ['mkdir -p /tmp/repaired/src; cp /workspace/challenge/Cargo.toml /tmp/repaired/; cp /workspace/challenge/src/*.rs /tmp/repaired/src/; cp /workspace/submission/src/*.rs /tmp/repaired/src/; cd /tmp/repaired; cargo test --release > /tmp/rust-check.log 2>&1; echo RUST_STATUS=$?; tail -12 /tmp/rust-check.log; cd /workspace\n'] min_timeout_sec: 1.0 max_timeout_sec: 180.0
Trajectory dumped to /tmp/rsvh_repo/evidence/v3/gpt-6.1-sol-high/gpt-6.1-sol-high-zk-clearing-vulnerable/zk-clearing-vulnerable__r4fYzi4/agent/trajectory.json
Sending keys: [''] min_timeout_sec: 1.0 max_timeout_sec: 180.0
Trajectory dumped to /tmp/rsvh_repo/evidence/v3/gpt-6.1-sol-high/gpt-6.1-sol-high-zk-clearing-vulnerable/zk-clearing-vulnerable__r4fYzi4/agent/trajectory.json
Sending keys: ["grep -A20 'error:' /tmp/lean-check.log\n"] min_timeout_sec: 0.1 max_timeout_sec: 180.0
Trajectory dumped to /tmp/rsvh_repo/evidence/v3/gpt-6.1-sol-high/gpt-6.1-sol-high-zk-clearing-vulnerable/zk-clearing-vulnerable__r4fYzi4/agent/trajectory.json
Sending keys: ["grep 'error:' /tmp/lean-check.log; python3 - <<'PY'\np='/workspace/submission/Proof.lean'\ns=open(p).read(); s=s.replace('LeanModel.Constants.u64Max,\\n          UInt64.toNat_sub_of_le', 'UInt64.toNat_sub_of_le').replace('LeanModel.Constants.u64Max, UInt64.toNat_ofNat', 'UInt64.toNat_ofNat')\n# Unfold u64Max before all gate proof steps so the subtraction lemma sees the literal word.\ns=s.replace('  change Conforms candidateSpec LeanModel.ClearingPipeline.challengeAuthorize\\n', '  change Conforms candidateSpec LeanModel.ClearingPipeline.challengeAuthorize\\n')\ns=s.replace('LeanModel.ClearingPipeline.authorizeBreakdown]', 'LeanModel.ClearingPipeline.authorizeBreakdown, LeanModel.Constants.u64Max]')\ns=s.replace('a ≤ LeanModel.Constants.u64Max', 'a ≤ (18446744073709551615 : UInt64)')\nopen(p,'w').write(s)\nPY\npython3 /workspace/lean/check.py > /tmp/lean-check.log 2>&1; echo LEAN_STATUS=$?; grep 'error:' /tmp/lean-check.log\n"] min_timeout_sec: 1.0 max_timeout_sec: 180.0
Trajectory dumped to /tmp/rsvh_repo/evidence/v3/gpt-6.1-sol-high/gpt-6.1-sol-high-zk-clearing-vulnerable/zk-clearing-vulnerable__r4fYzi4/agent/trajectory.json
Sending keys: ['head -110 /tmp/lean-check.log\n'] min_timeout_sec: 0.1 max_timeout_sec: 180.0
Trajectory dumped to /tmp/rsvh_repo/evidence/v3/gpt-6.1-sol-high/gpt-6.1-sol-high-zk-clearing-vulnerable/zk-clearing-vulnerable__r4fYzi4/agent/trajectory.json
Trajectory dumped to /tmp/rsvh_repo/evidence/v3/gpt-6.1-sol-high/gpt-6.1-sol-high-zk-clearing-vulnerable/zk-clearing-vulnerable__r4fYzi4/agent/trajectory.json
Failed to download artifact '/workspace/submission/src/lib.rs' (best-effort)
Traceback (most recent call last):
  File "/tmp/harbor09/lib/python3.12/site-packages/harbor/trial/artifact_handler.py", line 195, in _download_artifact
    await source_env.download_file(
  File "/tmp/harbor09/lib/python3.12/site-packages/harbor/environments/docker/docker.py", line 614, in download_file
    await self._platform.download_file(source_path, target_path)
  File "/tmp/harbor09/lib/python3.12/site-packages/harbor/environments/docker/docker_unix.py", line 48, in download_file
    await self._env._run_docker_compose_command(
  File "/tmp/harbor09/lib/python3.12/site-packages/harbor/environments/docker/docker.py", line 417, in _run_docker_compose_command
    raise RuntimeError(
RuntimeError: Docker compose command failed for environment zk-clearing-vulnerable. Command: docker compose --project-name zk-clearing-vulnerable__r4fyzi4 --project-directory /tmp/rsvh-zk-family/zk-clearing-vulnerable/environment -f /tmp/tmp7dsl5ny3/zk-clearing-vulnerable__r4fYzi4-docker-compose-resources.json -f /tmp/harbor09/lib/python3.12/site-packages/harbor/environments/docker/docker-compose-prebuilt.yaml -f /tmp/tmpoee9yc43/docker-compose-mounts.json -f /tmp/harbor09/lib/python3.12/site-packages/harbor/environments/docker/docker-compose-no-network.yaml cp main:/workspace/submission/src/lib.rs /tmp/rsvh_repo/evidence/v3/gpt-6.1-sol-high/gpt-6.1-sol-high-zk-clearing-vulnerable/zk-clearing-vulnerable__r4fYzi4/artifacts/lib.rs. Return code: 1. Stdout:  zk-clearing-vulnerable__r4fyzi4-main-1 copy zk-clearing-vulnerable__r4fyzi4-main-1:/workspace/submission/src/lib.rs to /tmp/rsvh_repo/evidence/v3/gpt-6.1-sol-high/gpt-6.1-sol-high-zk-clearing-vulnerable/zk-clearing-vulnerable__r4fYzi4/artifacts/lib.rs Copying
Error response from daemon: Could not find the file /workspace/submission/src/lib.rs in container 2e8c63cceed489c0397353930404648d36f0bb088ab043bd4b3b91c6b9a0536d
. Stderr: None. 
Failed to download artifact '/workspace/submission/src/constants.rs' (best-effort)
Traceback (most recent call last):
  File "/tmp/harbor09/lib/python3.12/site-packages/harbor/trial/artifact_handler.py", line 195, in _download_artifact
    await source_env.download_file(
  File "/tmp/harbor09/lib/python3.12/site-packages/harbor/environments/docker/docker.py", line 614, in download_file
    await self._platform.download_file(source_path, target_path)
  File "/tmp/harbor09/lib/python3.12/site-packages/harbor/environments/docker/docker_unix.py", line 48, in download_file
    await self._env._run_docker_compose_command(
  File "/tmp/harbor09/lib/python3.12/site-packages/harbor/environments/docker/docker.py", line 417, in _run_docker_compose_command
    raise RuntimeError(
RuntimeError: Docker compose command failed for environment zk-clearing-vulnerable. Command: docker compose --project-name zk-clearing-vulnerable__r4fyzi4 --project-directory /tmp/rsvh-zk-family/zk-clearing-vulnerable/environment -f /tmp/tmp7dsl5ny3/zk-clearing-vulnerable__r4fYzi4-docker-compose-resources.json -f /tmp/harbor09/lib/python3.12/site-packages/harbor/environments/docker/docker-compose-prebuilt.yaml -f /tmp/tmpoee9yc43/docker-compose-mounts.json -f /tmp/harbor09/lib/python3.12/site-packages/harbor/environments/docker/docker-compose-no-network.yaml cp main:/workspace/submission/src/constants.rs /tmp/rsvh_repo/evidence/v3/gpt-6.1-sol-high/gpt-6.1-sol-high-zk-clearing-vulnerable/zk-clearing-vulnerable__r4fYzi4/artifacts/constants.rs. Return code: 1. Stdout:  zk-clearing-vulnerable__r4fyzi4-main-1 copy zk-clearing-vulnerable__r4fyzi4-main-1:/workspace/submission/src/constants.rs to /tmp/rsvh_repo/evidence/v3/gpt-6.1-sol-high/gpt-6.1-sol-high-zk-clearing-vulnerable/zk-clearing-vulnerable__r4fYzi4/artifacts/constants.rs Copying
Error response from daemon: Could not find the file /workspace/submission/src/constants.rs in container 2e8c63cceed489c0397353930404648d36f0bb088ab043bd4b3b91c6b9a0536d
. Stderr: None. 
Failed to download artifact '/workspace/submission/src/word_math.rs' (best-effort)
Traceback (most recent call last):
  File "/tmp/harbor09/lib/python3.12/site-packages/harbor/trial/artifact_handler.py", line 195, in _download_artifact
    await source_env.download_file(
  File "/tmp/harbor09/lib/python3.12/site-packages/harbor/environments/docker/docker.py", line 614, in download_file
    await self._platform.download_file(source_path, target_path)
  File "/tmp/harbor09/lib/python3.12/site-packages/harbor/environments/docker/docker_unix.py", line 48, in download_file
    await self._env._run_docker_compose_command(
  File "/tmp/harbor09/lib/python3.12/site-packages/harbor/environments/docker/docker.py", line 417, in _run_docker_compose_command
    raise RuntimeError(
RuntimeError: Docker compose command failed for environment zk-clearing-vulnerable. Command: docker compose --project-name zk-clearing-vulnerable__r4fyzi4 --project-directory /tmp/rsvh-zk-family/zk-clearing-vulnerable/environment -f /tmp/tmp7dsl5ny3/zk-clearing-vulnerable__r4fYzi4-docker-compose-resources.json -f /tmp/harbor09/lib/python3.12/site-packages/harbor/environments/docker/docker-compose-prebuilt.yaml -f /tmp/tmpoee9yc43/docker-compose-mounts.json -f /tmp/harbor09/lib/python3.12/site-packages/harbor/environments/docker/docker-compose-no-network.yaml cp main:/workspace/submission/src/word_math.rs /tmp/rsvh_repo/evidence/v3/gpt-6.1-sol-high/gpt-6.1-sol-high-zk-clearing-vulnerable/zk-clearing-vulnerable__r4fYzi4/artifacts/word_math.rs. Return code: 1. Stdout:  zk-clearing-vulnerable__r4fyzi4-main-1 copy zk-clearing-vulnerable__r4fyzi4-main-1:/workspace/submission/src/word_math.rs to /tmp/rsvh_repo/evidence/v3/gpt-6.1-sol-high/gpt-6.1-sol-high-zk-clearing-vulnerable/zk-clearing-vulnerable__r4fYzi4/artifacts/word_math.rs Copying
Error response from daemon: Could not find the file /workspace/submission/src/word_math.rs in container 2e8c63cceed489c0397353930404648d36f0bb088ab043bd4b3b91c6b9a0536d
. Stderr: None. 
Failed to download artifact '/workspace/submission/src/reciprocal_div.rs' (best-effort)
Traceback (most recent call last):
  File "/tmp/harbor09/lib/python3.12/site-packages/harbor/trial/artifact_handler.py", line 195, in _download_artifact
    await source_env.download_file(
  File "/tmp/harbor09/lib/python3.12/site-packages/harbor/environments/docker/docker.py", line 614, in download_file
    await self._platform.download_file(source_path, target_path)
  File "/tmp/harbor09/lib/python3.12/site-packages/harbor/environments/docker/docker_unix.py", line 48, in download_file
    await self._env._run_docker_compose_command(
  File "/tmp/harbor09/lib/python3.12/site-packages/harbor/environments/docker/docker.py", line 417, in _run_docker_compose_command
    raise RuntimeError(
RuntimeError: Docker compose command failed for environment zk-clearing-vulnerable. Command: docker compose --project-name zk-clearing-vulnerable__r4fyzi4 --project-directory /tmp/rsvh-zk-family/zk-clearing-vulnerable/environment -f /tmp/tmp7dsl5ny3/zk-clearing-vulnerable__r4fYzi4-docker-compose-resources.json -f /tmp/harbor09/lib/python3.12/site-packages/harbor/environments/docker/docker-compose-prebuilt.yaml -f /tmp/tmpoee9yc43/docker-compose-mounts.json -f /tmp/harbor09/lib/python3.12/site-packages/harbor/environments/docker/docker-compose-no-network.yaml cp main:/workspace/submission/src/reciprocal_div.rs /tmp/rsvh_repo/evidence/v3/gpt-6.1-sol-high/gpt-6.1-sol-high-zk-clearing-vulnerable/zk-clearing-vulnerable__r4fYzi4/artifacts/reciprocal_div.rs. Return code: 1. Stdout:  zk-clearing-vulnerable__r4fyzi4-main-1 copy zk-clearing-vulnerable__r4fyzi4-main-1:/workspace/submission/src/reciprocal_div.rs to /tmp/rsvh_repo/evidence/v3/gpt-6.1-sol-high/gpt-6.1-sol-high-zk-clearing-vulnerable/zk-clearing-vulnerable__r4fYzi4/artifacts/reciprocal_div.rs Copying
Error response from daemon: Could not find the file /workspace/submission/src/reciprocal_div.rs in container 2e8c63cceed489c0397353930404648d36f0bb088ab043bd4b3b91c6b9a0536d
. Stderr: None. 
Failed to download artifact '/workspace/submission/src/broadword_swar.rs' (best-effort)
Traceback (most recent call last):
  File "/tmp/harbor09/lib/python3.12/site-packages/harbor/trial/artifact_handler.py", line 195, in _download_artifact
    await source_env.download_file(
  File "/tmp/harbor09/lib/python3.12/site-packages/harbor/environments/docker/docker.py", line 614, in download_file
    await self._platform.download_file(source_path, target_path)
  File "/tmp/harbor09/lib/python3.12/site-packages/harbor/environments/docker/docker_unix.py", line 48, in download_file
    await self._env._run_docker_compose_command(
  File "/tmp/harbor09/lib/python3.12/site-packages/harbor/environments/docker/docker.py", line 417, in _run_docker_compose_command
    raise RuntimeError(
RuntimeError: Docker compose command failed for environment zk-clearing-vulnerable. Command: docker compose --project-name zk-clearing-vulnerable__r4fyzi4 --project-directory /tmp/rsvh-zk-family/zk-clearing-vulnerable/environment -f /tmp/tmp7dsl5ny3/zk-clearing-vulnerable__r4fYzi4-docker-compose-resources.json -f /tmp/harbor09/lib/python3.12/site-packages/harbor/environments/docker/docker-compose-prebuilt.yaml -f /tmp/tmpoee9yc43/docker-compose-mounts.json -f /tmp/harbor09/lib/python3.12/site-packages/harbor/environments/docker/docker-compose-no-network.yaml cp main:/workspace/submission/src/broadword_swar.rs /tmp/rsvh_repo/evidence/v3/gpt-6.1-sol-high/gpt-6.1-sol-high-zk-clearing-vulnerable/zk-clearing-vulnerable__r4fYzi4/artifacts/broadword_swar.rs. Return code: 1. Stdout:  zk-clearing-vulnerable__r4fyzi4-main-1 copy zk-clearing-vulnerable__r4fyzi4-main-1:/workspace/submission/src/broadword_swar.rs to /tmp/rsvh_repo/evidence/v3/gpt-6.1-sol-high/gpt-6.1-sol-high-zk-clearing-vulnerable/zk-clearing-vulnerable__r4fYzi4/artifacts/broadword_swar.rs Copying
Error response from daemon: Could not find the file /workspace/submission/src/broadword_swar.rs in container 2e8c63cceed489c0397353930404648d36f0bb088ab043bd4b3b91c6b9a0536d
. Stderr: None. 
Failed to download artifact '/workspace/submission/src/montgomery_field.rs' (best-effort)
Traceback (most recent call last):
  File "/tmp/harbor09/lib/python3.12/site-packages/harbor/trial/artifact_handler.py", line 195, in _download_artifact
    await source_env.download_file(
  File "/tmp/harbor09/lib/python3.12/site-packages/harbor/environments/docker/docker.py", line 614, in download_file
    await self._platform.download_file(source_path, target_path)
  File "/tmp/harbor09/lib/python3.12/site-packages/harbor/environments/docker/docker_unix.py", line 48, in download_file
    await self._env._run_docker_compose_command(
  File "/tmp/harbor09/lib/python3.12/site-packages/harbor/environments/docker/docker.py", line 417, in _run_docker_compose_command
    raise RuntimeError(
RuntimeError: Docker compose command failed for environment zk-clearing-vulnerable. Command: docker compose --project-name zk-clearing-vulnerable__r4fyzi4 --project-directory /tmp/rsvh-zk-family/zk-clearing-vulnerable/environment -f /tmp/tmp7dsl5ny3/zk-clearing-vulnerable__r4fYzi4-docker-compose-resources.json -f /tmp/harbor09/lib/python3.12/site-packages/harbor/environments/docker/docker-compose-prebuilt.yaml -f /tmp/tmpoee9yc43/docker-compose-mounts.json -f /tmp/harbor09/lib/python3.12/site-packages/harbor/environments/docker/docker-compose-no-network.yaml cp main:/workspace/submission/src/montgomery_field.rs /tmp/rsvh_repo/evidence/v3/gpt-6.1-sol-high/gpt-6.1-sol-high-zk-clearing-vulnerable/zk-clearing-vulnerable__r4fYzi4/artifacts/montgomery_field.rs. Return code: 1. Stdout:  zk-clearing-vulnerable__r4fyzi4-main-1 copy zk-clearing-vulnerable__r4fyzi4-main-1:/workspace/submission/src/montgomery_field.rs to /tmp/rsvh_repo/evidence/v3/gpt-6.1-sol-high/gpt-6.1-sol-high-zk-clearing-vulnerable/zk-clearing-vulnerable__r4fYzi4/artifacts/montgomery_field.rs Copying
Error response from daemon: Could not find the file /workspace/submission/src/montgomery_field.rs in container 2e8c63cceed489c0397353930404648d36f0bb088ab043bd4b3b91c6b9a0536d
. Stderr: None. 
Failed to download artifact '/workspace/submission/src/goldilocks_field.rs' (best-effort)
Traceback (most recent call last):
  File "/tmp/harbor09/lib/python3.12/site-packages/harbor/trial/artifact_handler.py", line 195, in _download_artifact
    await source_env.download_file(
  File "/tmp/harbor09/lib/python3.12/site-packages/harbor/environments/docker/docker.py", line 614, in download_file
    await self._platform.download_file(source_path, target_path)
  File "/tmp/harbor09/lib/python3.12/site-packages/harbor/environments/docker/docker_unix.py", line 48, in download_file
    await self._env._run_docker_compose_command(
  File "/tmp/harbor09/lib/python3.12/site-packages/harbor/environments/docker/docker.py", line 417, in _run_docker_compose_command
    raise RuntimeError(
RuntimeError: Docker compose command failed for environment zk-clearing-vulnerable. Command: docker compose --project-name zk-clearing-vulnerable__r4fyzi4 --project-directory /tmp/rsvh-zk-family/zk-clearing-vulnerable/environment -f /tmp/tmp7dsl5ny3/zk-clearing-vulnerable__r4fYzi4-docker-compose-resources.json -f /tmp/harbor09/lib/python3.12/site-packages/harbor/environments/docker/docker-compose-prebuilt.yaml -f /tmp/tmpoee9yc43/docker-compose-mounts.json -f /tmp/harbor09/lib/python3.12/site-packages/harbor/environments/docker/docker-compose-no-network.yaml cp main:/workspace/submission/src/goldilocks_field.rs /tmp/rsvh_repo/evidence/v3/gpt-6.1-sol-high/gpt-6.1-sol-high-zk-clearing-vulnerable/zk-clearing-vulnerable__r4fYzi4/artifacts/goldilocks_field.rs. Return code: 1. Stdout:  zk-clearing-vulnerable__r4fyzi4-main-1 copy zk-clearing-vulnerable__r4fyzi4-main-1:/workspace/submission/src/goldilocks_field.rs to /tmp/rsvh_repo/evidence/v3/gpt-6.1-sol-high/gpt-6.1-sol-high-zk-clearing-vulnerable/zk-clearing-vulnerable__r4fYzi4/artifacts/goldilocks_field.rs Copying
Error response from daemon: Could not find the file /workspace/submission/src/goldilocks_field.rs in container 2e8c63cceed489c0397353930404648d36f0bb088ab043bd4b3b91c6b9a0536d
. Stderr: None. 
Failed to download artifact '/workspace/submission/src/fee_schedule.rs' (best-effort)
Traceback (most recent call last):
  File "/tmp/harbor09/lib/python3.12/site-packages/harbor/trial/artifact_handler.py", line 195, in _download_artifact
    await source_env.download_file(
  File "/tmp/harbor09/lib/python3.12/site-packages/harbor/environments/docker/docker.py", line 614, in download_file
    await self._platform.download_file(source_path, target_path)
  File "/tmp/harbor09/lib/python3.12/site-packages/harbor/environments/docker/docker_unix.py", line 48, in download_file
    await self._env._run_docker_compose_command(
  File "/tmp/harbor09/lib/python3.12/site-packages/harbor/environments/docker/docker.py", line 417, in _run_docker_compose_command
    raise RuntimeError(
RuntimeError: Docker compose command failed for environment zk-clearing-vulnerable. Command: docker compose --project-name zk-clearing-vulnerable__r4fyzi4 --project-directory /tmp/rsvh-zk-family/zk-clearing-vulnerable/environment -f /tmp/tmp7dsl5ny3/zk-clearing-vulnerable__r4fYzi4-docker-compose-resources.json -f /tmp/harbor09/lib/python3.12/site-packages/harbor/environments/docker/docker-compose-prebuilt.yaml -f /tmp/tmpoee9yc43/docker-compose-mounts.json -f /tmp/harbor09/lib/python3.12/site-packages/harbor/environments/docker/docker-compose-no-network.yaml cp main:/workspace/submission/src/fee_schedule.rs /tmp/rsvh_repo/evidence/v3/gpt-6.1-sol-high/gpt-6.1-sol-high-zk-clearing-vulnerable/zk-clearing-vulnerable__r4fYzi4/artifacts/fee_schedule.rs. Return code: 1. Stdout:  zk-clearing-vulnerable__r4fyzi4-main-1 copy zk-clearing-vulnerable__r4fyzi4-main-1:/workspace/submission/src/fee_schedule.rs to /tmp/rsvh_repo/evidence/v3/gpt-6.1-sol-high/gpt-6.1-sol-high-zk-clearing-vulnerable/zk-clearing-vulnerable__r4fYzi4/artifacts/fee_schedule.rs Copying
Error response from daemon: Could not find the file /workspace/submission/src/fee_schedule.rs in container 2e8c63cceed489c0397353930404648d36f0bb088ab043bd4b3b91c6b9a0536d
. Stderr: None. 
Failed to download artifact '/workspace/submission/src/liquidity_pool.rs' (best-effort)
Traceback (most recent call last):
  File "/tmp/harbor09/lib/python3.12/site-packages/harbor/trial/artifact_handler.py", line 195, in _download_artifact
    await source_env.download_file(
  File "/tmp/harbor09/lib/python3.12/site-packages/harbor/environments/docker/docker.py", line 614, in download_file
    await self._platform.download_file(source_path, target_path)
  File "/tmp/harbor09/lib/python3.12/site-packages/harbor/environments/docker/docker_unix.py", line 48, in download_file
    await self._env._run_docker_compose_command(
  File "/tmp/harbor09/lib/python3.12/site-packages/harbor/environments/docker/docker.py", line 417, in _run_docker_compose_command
    raise RuntimeError(
RuntimeError: Docker compose command failed for environment zk-clearing-vulnerable. Command: docker compose --project-name zk-clearing-vulnerable__r4fyzi4 --project-directory /tmp/rsvh-zk-family/zk-clearing-vulnerable/environment -f /tmp/tmp7dsl5ny3/zk-clearing-vulnerable__r4fYzi4-docker-compose-resources.json -f /tmp/harbor09/lib/python3.12/site-packages/harbor/environments/docker/docker-compose-prebuilt.yaml -f /tmp/tmpoee9yc43/docker-compose-mounts.json -f /tmp/harbor09/lib/python3.12/site-packages/harbor/environments/docker/docker-compose-no-network.yaml cp main:/workspace/submission/src/liquidity_pool.rs /tmp/rsvh_repo/evidence/v3/gpt-6.1-sol-high/gpt-6.1-sol-high-zk-clearing-vulnerable/zk-clearing-vulnerable__r4fYzi4/artifacts/liquidity_pool.rs. Return code: 1. Stdout:  zk-clearing-vulnerable__r4fyzi4-main-1 copy zk-clearing-vulnerable__r4fyzi4-main-1:/workspace/submission/src/liquidity_pool.rs to /tmp/rsvh_repo/evidence/v3/gpt-6.1-sol-high/gpt-6.1-sol-high-zk-clearing-vulnerable/zk-clearing-vulnerable__r4fYzi4/artifacts/liquidity_pool.rs Copying
Error response from daemon: Could not find the file /workspace/submission/src/liquidity_pool.rs in container 2e8c63cceed489c0397353930404648d36f0bb088ab043bd4b3b91c6b9a0536d
. Stderr: None. 
Failed to download artifact '/workspace/submission/src/transcript_codec.rs' (best-effort)
Traceback (most recent call last):
  File "/tmp/harbor09/lib/python3.12/site-packages/harbor/trial/artifact_handler.py", line 195, in _download_artifact
    await source_env.download_file(
  File "/tmp/harbor09/lib/python3.12/site-packages/harbor/environments/docker/docker.py", line 614, in download_file
    await self._platform.download_file(source_path, target_path)
  File "/tmp/harbor09/lib/python3.12/site-packages/harbor/environments/docker/docker_unix.py", line 48, in download_file
    await self._env._run_docker_compose_command(
  File "/tmp/harbor09/lib/python3.12/site-packages/harbor/environments/docker/docker.py", line 417, in _run_docker_compose_command
    raise RuntimeError(
RuntimeError: Docker compose command failed for environment zk-clearing-vulnerable. Command: docker compose --project-name zk-clearing-vulnerable__r4fyzi4 --project-directory /tmp/rsvh-zk-family/zk-clearing-vulnerable/environment -f /tmp/tmp7dsl5ny3/zk-clearing-vulnerable__r4fYzi4-docker-compose-resources.json -f /tmp/harbor09/lib/python3.12/site-packages/harbor/environments/docker/docker-compose-prebuilt.yaml -f /tmp/tmpoee9yc43/docker-compose-mounts.json -f /tmp/harbor09/lib/python3.12/site-packages/harbor/environments/docker/docker-compose-no-network.yaml cp main:/workspace/submission/src/transcript_codec.rs /tmp/rsvh_repo/evidence/v3/gpt-6.1-sol-high/gpt-6.1-sol-high-zk-clearing-vulnerable/zk-clearing-vulnerable__r4fYzi4/artifacts/transcript_codec.rs. Return code: 1. Stdout:  zk-clearing-vulnerable__r4fyzi4-main-1 copy zk-clearing-vulnerable__r4fyzi4-main-1:/workspace/submission/src/transcript_codec.rs to /tmp/rsvh_repo/evidence/v3/gpt-6.1-sol-high/gpt-6.1-sol-high-zk-clearing-vulnerable/zk-clearing-vulnerable__r4fYzi4/artifacts/transcript_codec.rs Copying
Error response from daemon: Could not find the file /workspace/submission/src/transcript_codec.rs in container 2e8c63cceed489c0397353930404648d36f0bb088ab043bd4b3b91c6b9a0536d
. Stderr: None. 
Failed to download artifact '/workspace/submission/LeanModel/Constants.lean' (best-effort)
Traceback (most recent call last):
  File "/tmp/harbor09/lib/python3.12/site-packages/harbor/trial/artifact_handler.py", line 195, in _download_artifact
    await source_env.download_file(
  File "/tmp/harbor09/lib/python3.12/site-packages/harbor/environments/docker/docker.py", line 614, in download_file
    await self._platform.download_file(source_path, target_path)
  File "/tmp/harbor09/lib/python3.12/site-packages/harbor/environments/docker/docker_unix.py", line 48, in download_file
    await self._env._run_docker_compose_command(
  File "/tmp/harbor09/lib/python3.12/site-packages/harbor/environments/docker/docker.py", line 417, in _run_docker_compose_command
    raise RuntimeError(
RuntimeError: Docker compose command failed for environment zk-clearing-vulnerable. Command: docker compose --project-name zk-clearing-vulnerable__r4fyzi4 --project-directory /tmp/rsvh-zk-family/zk-clearing-vulnerable/environment -f /tmp/tmp7dsl5ny3/zk-clearing-vulnerable__r4fYzi4-docker-compose-resources.json -f /tmp/harbor09/lib/python3.12/site-packages/harbor/environments/docker/docker-compose-prebuilt.yaml -f /tmp/tmpoee9yc43/docker-compose-mounts.json -f /tmp/harbor09/lib/python3.12/site-packages/harbor/environments/docker/docker-compose-no-network.yaml cp main:/workspace/submission/LeanModel/Constants.lean /tmp/rsvh_repo/evidence/v3/gpt-6.1-sol-high/gpt-6.1-sol-high-zk-clearing-vulnerable/zk-clearing-vulnerable__r4fYzi4/artifacts/Constants.lean. Return code: 1. Stdout:  zk-clearing-vulnerable__r4fyzi4-main-1 copy zk-clearing-vulnerable__r4fyzi4-main-1:/workspace/submission/LeanModel/Constants.lean to /tmp/rsvh_repo/evidence/v3/gpt-6.1-sol-high/gpt-6.1-sol-high-zk-clearing-vulnerable/zk-clearing-vulnerable__r4fYzi4/artifacts/Constants.lean Copying
Error response from daemon: Could not find the file /workspace/submission/LeanModel/Constants.lean in container 2e8c63cceed489c0397353930404648d36f0bb088ab043bd4b3b91c6b9a0536d
. Stderr: None. 
Failed to download artifact '/workspace/submission/LeanModel/WordMath.lean' (best-effort)
Traceback (most recent call last):
  File "/tmp/harbor09/lib/python3.12/site-packages/harbor/trial/artifact_handler.py", line 195, in _download_artifact
    await source_env.download_file(
  File "/tmp/harbor09/lib/python3.12/site-packages/harbor/environments/docker/docker.py", line 614, in download_file
    await self._platform.download_file(source_path, target_path)
  File "/tmp/harbor09/lib/python3.12/site-packages/harbor/environments/docker/docker_unix.py", line 48, in download_file
    await self._env._run_docker_compose_command(
  File "/tmp/harbor09/lib/python3.12/site-packages/harbor/environments/docker/docker.py", line 417, in _run_docker_compose_command
    raise RuntimeError(
RuntimeError: Docker compose command failed for environment zk-clearing-vulnerable. Command: docker compose --project-name zk-clearing-vulnerable__r4fyzi4 --project-directory /tmp/rsvh-zk-family/zk-clearing-vulnerable/environment -f /tmp/tmp7dsl5ny3/zk-clearing-vulnerable__r4fYzi4-docker-compose-resources.json -f /tmp/harbor09/lib/python3.12/site-packages/harbor/environments/docker/docker-compose-prebuilt.yaml -f /tmp/tmpoee9yc43/docker-compose-mounts.json -f /tmp/harbor09/lib/python3.12/site-packages/harbor/environments/docker/docker-compose-no-network.yaml cp main:/workspace/submission/LeanModel/WordMath.lean /tmp/rsvh_repo/evidence/v3/gpt-6.1-sol-high/gpt-6.1-sol-high-zk-clearing-vulnerable/zk-clearing-vulnerable__r4fYzi4/artifacts/WordMath.lean. Return code: 1. Stdout:  zk-clearing-vulnerable__r4fyzi4-main-1 copy zk-clearing-vulnerable__r4fyzi4-main-1:/workspace/submission/LeanModel/WordMath.lean to /tmp/rsvh_repo/evidence/v3/gpt-6.1-sol-high/gpt-6.1-sol-high-zk-clearing-vulnerable/zk-clearing-vulnerable__r4fYzi4/artifacts/WordMath.lean Copying
Error response from daemon: Could not find the file /workspace/submission/LeanModel/WordMath.lean in container 2e8c63cceed489c0397353930404648d36f0bb088ab043bd4b3b91c6b9a0536d
. Stderr: None. 
Failed to download artifact '/workspace/submission/LeanModel/ReciprocalDiv.lean' (best-effort)
Traceback (most recent call last):
  File "/tmp/harbor09/lib/python3.12/site-packages/harbor/trial/artifact_handler.py", line 195, in _download_artifact
    await source_env.download_file(
  File "/tmp/harbor09/lib/python3.12/site-packages/harbor/environments/docker/docker.py", line 614, in download_file
    await self._platform.download_file(source_path, target_path)
  File "/tmp/harbor09/lib/python3.12/site-packages/harbor/environments/docker/docker_unix.py", line 48, in download_file
    await self._env._run_docker_compose_command(
  File "/tmp/harbor09/lib/python3.12/site-packages/harbor/environments/docker/docker.py", line 417, in _run_docker_compose_command
    raise RuntimeError(
RuntimeError: Docker compose command failed for environment zk-clearing-vulnerable. Command: docker compose --project-name zk-clearing-vulnerable__r4fyzi4 --project-directory /tmp/rsvh-zk-family/zk-clearing-vulnerable/environment -f /tmp/tmp7dsl5ny3/zk-clearing-vulnerable__r4fYzi4-docker-compose-resources.json -f /tmp/harbor09/lib/python3.12/site-packages/harbor/environments/docker/docker-compose-prebuilt.yaml -f /tmp/tmpoee9yc43/docker-compose-mounts.json -f /tmp/harbor09/lib/python3.12/site-packages/harbor/environments/docker/docker-compose-no-network.yaml cp main:/workspace/submission/LeanModel/ReciprocalDiv.lean /tmp/rsvh_repo/evidence/v3/gpt-6.1-sol-high/gpt-6.1-sol-high-zk-clearing-vulnerable/zk-clearing-vulnerable__r4fYzi4/artifacts/ReciprocalDiv.lean. Return code: 1. Stdout:  zk-clearing-vulnerable__r4fyzi4-main-1 copy zk-clearing-vulnerable__r4fyzi4-main-1:/workspace/submission/LeanModel/ReciprocalDiv.lean to /tmp/rsvh_repo/evidence/v3/gpt-6.1-sol-high/gpt-6.1-sol-high-zk-clearing-vulnerable/zk-clearing-vulnerable__r4fYzi4/artifacts/ReciprocalDiv.lean Copying
Error response from daemon: Could not find the file /workspace/submission/LeanModel/ReciprocalDiv.lean in container 2e8c63cceed489c0397353930404648d36f0bb088ab043bd4b3b91c6b9a0536d
. Stderr: None. 
Failed to download artifact '/workspace/submission/LeanModel/BroadwordSwar.lean' (best-effort)
Traceback (most recent call last):
  File "/tmp/harbor09/lib/python3.12/site-packages/harbor/trial/artifact_handler.py", line 195, in _download_artifact
    await source_env.download_file(
  File "/tmp/harbor09/lib/python3.12/site-packages/harbor/environments/docker/docker.py", line 614, in download_file
    await self._platform.download_file(source_path, target_path)
  File "/tmp/harbor09/lib/python3.12/site-packages/harbor/environments/docker/docker_unix.py", line 48, in download_file
    await self._env._run_docker_compose_command(
  File "/tmp/harbor09/lib/python3.12/site-packages/harbor/environments/docker/docker.py", line 417, in _run_docker_compose_command
    raise RuntimeError(
RuntimeError: Docker compose command failed for environment zk-clearing-vulnerable. Command: docker compose --project-name zk-clearing-vulnerable__r4fyzi4 --project-directory /tmp/rsvh-zk-family/zk-clearing-vulnerable/environment -f /tmp/tmp7dsl5ny3/zk-clearing-vulnerable__r4fYzi4-docker-compose-resources.json -f /tmp/harbor09/lib/python3.12/site-packages/harbor/environments/docker/docker-compose-prebuilt.yaml -f /tmp/tmpoee9yc43/docker-compose-mounts.json -f /tmp/harbor09/lib/python3.12/site-packages/harbor/environments/docker/docker-compose-no-network.yaml cp main:/workspace/submission/LeanModel/BroadwordSwar.lean /tmp/rsvh_repo/evidence/v3/gpt-6.1-sol-high/gpt-6.1-sol-high-zk-clearing-vulnerable/zk-clearing-vulnerable__r4fYzi4/artifacts/BroadwordSwar.lean. Return code: 1. Stdout:  zk-clearing-vulnerable__r4fyzi4-main-1 copy zk-clearing-vulnerable__r4fyzi4-main-1:/workspace/submission/LeanModel/BroadwordSwar.lean to /tmp/rsvh_repo/evidence/v3/gpt-6.1-sol-high/gpt-6.1-sol-high-zk-clearing-vulnerable/zk-clearing-vulnerable__r4fYzi4/artifacts/BroadwordSwar.lean Copying
Error response from daemon: Could not find the file /workspace/submission/LeanModel/BroadwordSwar.lean in container 2e8c63cceed489c0397353930404648d36f0bb088ab043bd4b3b91c6b9a0536d
. Stderr: None. 
Failed to download artifact '/workspace/submission/LeanModel/MontgomeryField.lean' (best-effort)
Traceback (most recent call last):
  File "/tmp/harbor09/lib/python3.12/site-packages/harbor/trial/artifact_handler.py", line 195, in _download_artifact
    await source_env.download_file(
  File "/tmp/harbor09/lib/python3.12/site-packages/harbor/environments/docker/docker.py", line 614, in download_file
    await self._platform.download_file(source_path, target_path)
  File "/tmp/harbor09/lib/python3.12/site-packages/harbor/environments/docker/docker_unix.py", line 48, in download_file
    await self._env._run_docker_compose_command(
  File "/tmp/harbor09/lib/python3.12/site-packages/harbor/environments/docker/docker.py", line 417, in _run_docker_compose_command
    raise RuntimeError(
RuntimeError: Docker compose command failed for environment zk-clearing-vulnerable. Command: docker compose --project-name zk-clearing-vulnerable__r4fyzi4 --project-directory /tmp/rsvh-zk-family/zk-clearing-vulnerable/environment -f /tmp/tmp7dsl5ny3/zk-clearing-vulnerable__r4fYzi4-docker-compose-resources.json -f /tmp/harbor09/lib/python3.12/site-packages/harbor/environments/docker/docker-compose-prebuilt.yaml -f /tmp/tmpoee9yc43/docker-compose-mounts.json -f /tmp/harbor09/lib/python3.12/site-packages/harbor/environments/docker/docker-compose-no-network.yaml cp main:/workspace/submission/LeanModel/MontgomeryField.lean /tmp/rsvh_repo/evidence/v3/gpt-6.1-sol-high/gpt-6.1-sol-high-zk-clearing-vulnerable/zk-clearing-vulnerable__r4fYzi4/artifacts/MontgomeryField.lean. Return code: 1. Stdout:  zk-clearing-vulnerable__r4fyzi4-main-1 copy zk-clearing-vulnerable__r4fyzi4-main-1:/workspace/submission/LeanModel/MontgomeryField.lean to /tmp/rsvh_repo/evidence/v3/gpt-6.1-sol-high/gpt-6.1-sol-high-zk-clearing-vulnerable/zk-clearing-vulnerable__r4fYzi4/artifacts/MontgomeryField.lean Copying
Error response from daemon: Could not find the file /workspace/submission/LeanModel/MontgomeryField.lean in container 2e8c63cceed489c0397353930404648d36f0bb088ab043bd4b3b91c6b9a0536d
. Stderr: None. 
Failed to download artifact '/workspace/submission/LeanModel/GoldilocksField.lean' (best-effort)
Traceback (most recent call last):
  File "/tmp/harbor09/lib/python3.12/site-packages/harbor/trial/artifact_handler.py", line 195, in _download_artifact
    await source_env.download_file(
  File "/tmp/harbor09/lib/python3.12/site-packages/harbor/environments/docker/docker.py", line 614, in download_file
    await self._platform.download_file(source_path, target_path)
  File "/tmp/harbor09/lib/python3.12/site-packages/harbor/environments/docker/docker_unix.py", line 48, in download_file
    await self._env._run_docker_compose_command(
  File "/tmp/harbor09/lib/python3.12/site-packages/harbor/environments/docker/docker.py", line 417, in _run_docker_compose_command
    raise RuntimeError(
RuntimeError: Docker compose command failed for environment zk-clearing-vulnerable. Command: docker compose --project-name zk-clearing-vulnerable__r4fyzi4 --project-directory /tmp/rsvh-zk-family/zk-clearing-vulnerable/environment -f /tmp/tmp7dsl5ny3/zk-clearing-vulnerable__r4fYzi4-docker-compose-resources.json -f /tmp/harbor09/lib/python3.12/site-packages/harbor/environments/docker/docker-compose-prebuilt.yaml -f /tmp/tmpoee9yc43/docker-compose-mounts.json -f /tmp/harbor09/lib/python3.12/site-packages/harbor/environments/docker/docker-compose-no-network.yaml cp main:/workspace/submission/LeanModel/GoldilocksField.lean /tmp/rsvh_repo/evidence/v3/gpt-6.1-sol-high/gpt-6.1-sol-high-zk-clearing-vulnerable/zk-clearing-vulnerable__r4fYzi4/artifacts/GoldilocksField.lean. Return code: 1. Stdout:  zk-clearing-vulnerable__r4fyzi4-main-1 copy zk-clearing-vulnerable__r4fyzi4-main-1:/workspace/submission/LeanModel/GoldilocksField.lean to /tmp/rsvh_repo/evidence/v3/gpt-6.1-sol-high/gpt-6.1-sol-high-zk-clearing-vulnerable/zk-clearing-vulnerable__r4fYzi4/artifacts/GoldilocksField.lean Copying
Error response from daemon: Could not find the file /workspace/submission/LeanModel/GoldilocksField.lean in container 2e8c63cceed489c0397353930404648d36f0bb088ab043bd4b3b91c6b9a0536d
. Stderr: None. 
Failed to download artifact '/workspace/submission/LeanModel/FeeSchedule.lean' (best-effort)
Traceback (most recent call last):
  File "/tmp/harbor09/lib/python3.12/site-packages/harbor/trial/artifact_handler.py", line 195, in _download_artifact
    await source_env.download_file(
  File "/tmp/harbor09/lib/python3.12/site-packages/harbor/environments/docker/docker.py", line 614, in download_file
    await self._platform.download_file(source_path, target_path)
  File "/tmp/harbor09/lib/python3.12/site-packages/harbor/environments/docker/docker_unix.py", line 48, in download_file
    await self._env._run_docker_compose_command(
  File "/tmp/harbor09/lib/python3.12/site-packages/harbor/environments/docker/docker.py", line 417, in _run_docker_compose_command
    raise RuntimeError(
RuntimeError: Docker compose command failed for environment zk-clearing-vulnerable. Command: docker compose --project-name zk-clearing-vulnerable__r4fyzi4 --project-directory /tmp/rsvh-zk-family/zk-clearing-vulnerable/environment -f /tmp/tmp7dsl5ny3/zk-clearing-vulnerable__r4fYzi4-docker-compose-resources.json -f /tmp/harbor09/lib/python3.12/site-packages/harbor/environments/docker/docker-compose-prebuilt.yaml -f /tmp/tmpoee9yc43/docker-compose-mounts.json -f /tmp/harbor09/lib/python3.12/site-packages/harbor/environments/docker/docker-compose-no-network.yaml cp main:/workspace/submission/LeanModel/FeeSchedule.lean /tmp/rsvh_repo/evidence/v3/gpt-6.1-sol-high/gpt-6.1-sol-high-zk-clearing-vulnerable/zk-clearing-vulnerable__r4fYzi4/artifacts/FeeSchedule.lean. Return code: 1. Stdout:  zk-clearing-vulnerable__r4fyzi4-main-1 copy zk-clearing-vulnerable__r4fyzi4-main-1:/workspace/submission/LeanModel/FeeSchedule.lean to /tmp/rsvh_repo/evidence/v3/gpt-6.1-sol-high/gpt-6.1-sol-high-zk-clearing-vulnerable/zk-clearing-vulnerable__r4fYzi4/artifacts/FeeSchedule.lean Copying
Error response from daemon: Could not find the file /workspace/submission/LeanModel/FeeSchedule.lean in container 2e8c63cceed489c0397353930404648d36f0bb088ab043bd4b3b91c6b9a0536d
. Stderr: None. 
Failed to download artifact '/workspace/submission/LeanModel/LiquidityPool.lean' (best-effort)
Traceback (most recent call last):
  File "/tmp/harbor09/lib/python3.12/site-packages/harbor/trial/artifact_handler.py", line 195, in _download_artifact
    await source_env.download_file(
  File "/tmp/harbor09/lib/python3.12/site-packages/harbor/environments/docker/docker.py", line 614, in download_file
    await self._platform.download_file(source_path, target_path)
  File "/tmp/harbor09/lib/python3.12/site-packages/harbor/environments/docker/docker_unix.py", line 48, in download_file
    await self._env._run_docker_compose_command(
  File "/tmp/harbor09/lib/python3.12/site-packages/harbor/environments/docker/docker.py", line 417, in _run_docker_compose_command
    raise RuntimeError(
RuntimeError: Docker compose command failed for environment zk-clearing-vulnerable. Command: docker compose --project-name zk-clearing-vulnerable__r4fyzi4 --project-directory /tmp/rsvh-zk-family/zk-clearing-vulnerable/environment -f /tmp/tmp7dsl5ny3/zk-clearing-vulnerable__r4fYzi4-docker-compose-resources.json -f /tmp/harbor09/lib/python3.12/site-packages/harbor/environments/docker/docker-compose-prebuilt.yaml -f /tmp/tmpoee9yc43/docker-compose-mounts.json -f /tmp/harbor09/lib/python3.12/site-packages/harbor/environments/docker/docker-compose-no-network.yaml cp main:/workspace/submission/LeanModel/LiquidityPool.lean /tmp/rsvh_repo/evidence/v3/gpt-6.1-sol-high/gpt-6.1-sol-high-zk-clearing-vulnerable/zk-clearing-vulnerable__r4fYzi4/artifacts/LiquidityPool.lean. Return code: 1. Stdout:  zk-clearing-vulnerable__r4fyzi4-main-1 copy zk-clearing-vulnerable__r4fyzi4-main-1:/workspace/submission/LeanModel/LiquidityPool.lean to /tmp/rsvh_repo/evidence/v3/gpt-6.1-sol-high/gpt-6.1-sol-high-zk-clearing-vulnerable/zk-clearing-vulnerable__r4fYzi4/artifacts/LiquidityPool.lean Copying
Error response from daemon: Could not find the file /workspace/submission/LeanModel/LiquidityPool.lean in container 2e8c63cceed489c0397353930404648d36f0bb088ab043bd4b3b91c6b9a0536d
. Stderr: None. 
Failed to download artifact '/workspace/submission/LeanModel/TranscriptCodec.lean' (best-effort)
Traceback (most recent call last):
  File "/tmp/harbor09/lib/python3.12/site-packages/harbor/trial/artifact_handler.py", line 195, in _download_artifact
    await source_env.download_file(
  File "/tmp/harbor09/lib/python3.12/site-packages/harbor/environments/docker/docker.py", line 614, in download_file
    await self._platform.download_file(source_path, target_path)
  File "/tmp/harbor09/lib/python3.12/site-packages/harbor/environments/docker/docker_unix.py", line 48, in download_file
    await self._env._run_docker_compose_command(
  File "/tmp/harbor09/lib/python3.12/site-packages/harbor/environments/docker/docker.py", line 417, in _run_docker_compose_command
    raise RuntimeError(
RuntimeError: Docker compose command failed for environment zk-clearing-vulnerable. Command: docker compose --project-name zk-clearing-vulnerable__r4fyzi4 --project-directory /tmp/rsvh-zk-family/zk-clearing-vulnerable/environment -f /tmp/tmp7dsl5ny3/zk-clearing-vulnerable__r4fYzi4-docker-compose-resources.json -f /tmp/harbor09/lib/python3.12/site-packages/harbor/environments/docker/docker-compose-prebuilt.yaml -f /tmp/tmpoee9yc43/docker-compose-mounts.json -f /tmp/harbor09/lib/python3.12/site-packages/harbor/environments/docker/docker-compose-no-network.yaml cp main:/workspace/submission/LeanModel/TranscriptCodec.lean /tmp/rsvh_repo/evidence/v3/gpt-6.1-sol-high/gpt-6.1-sol-high-zk-clearing-vulnerable/zk-clearing-vulnerable__r4fYzi4/artifacts/TranscriptCodec.lean. Return code: 1. Stdout:  zk-clearing-vulnerable__r4fyzi4-main-1 copy zk-clearing-vulnerable__r4fyzi4-main-1:/workspace/submission/LeanModel/TranscriptCodec.lean to /tmp/rsvh_repo/evidence/v3/gpt-6.1-sol-high/gpt-6.1-sol-high-zk-clearing-vulnerable/zk-clearing-vulnerable__r4fYzi4/artifacts/TranscriptCodec.lean Copying
Error response from daemon: Could not find the file /workspace/submission/LeanModel/TranscriptCodec.lean in container 2e8c63cceed489c0397353930404648d36f0bb088ab043bd4b3b91c6b9a0536d
. Stderr: None. 
