max_turns (f.k.a. max_episodes) artificially limited to 25. Consider removing this limit for better task completion.
Skipping image OS validation for hb__ruint-safe: docker inspect returned 1
Both tmux and asciinema are already installed
Starting recording.
Sending keys: ['asciinema rec --stdin /logs/agent/recording.cast', 'Enter'] min_timeout_sec: 1.0 max_timeout_sec: 180.0
Sending keys: ['clear', 'Enter'] min_timeout_sec: 0.0 max_timeout_sec: 180.0
Sending keys: ['cat /workspace/challenge/src/lib.rs\n'] min_timeout_sec: 0.1 max_timeout_sec: 180.0
Sending keys: ['cat /workspace/lean/SecurityChallenge.lean\n'] min_timeout_sec: 0.1 max_timeout_sec: 180.0
Sending keys: ['cat /workspace/lean/check.py; ls -la /workspace/lean; ls -la /workspace/submission\n'] min_timeout_sec: 0.1 max_timeout_sec: 180.0
Trajectory dumped to /tmp/rsvh-eval/evidence/v3/gpt-6.1-sol-high/gpt-6.1-sol-high-ruint-safe/ruint-safe__HcwaH48/agent/trajectory.json
Sending keys: ['cat /workspace/submission/{Spec,Audit,Proof}.lean; ls -la /workspace/submission/src; which lean; lean --version; cat /workspace/challenge/Cargo.toml\n'] min_timeout_sec: 0.1 max_timeout_sec: 180.0
Sending keys: ["python3 - <<'PY'\nimport random\nD=32771; B=65536\nrandom.seed(0)\ndef test(u1,u0):\n    qfull=u1*65524+u1*B+u0+B\n    q1=qfull>>16; q0=qfull&65535\n    r=(0xC0000000+u0-q1*D)&65535\n    qc,rc=(q1-1,(r+D)&65535) if q0<r else (q1,r)\n    q=qc+1 if rc>=D else qc\n    expected=(u1*B+u0)//D\n    if q!=expected:\n        print('MISMATCH',u1,u0,'got',q,'expected',expected,'q0',q0,'r',r,'q1',q1)\n        return True\n    return False\nfor u1 in [0,1,2,D//2,D-2,D-1]:\n    for u0 in range(B):\n        if test(u1,u0): raise SystemExit\nfor _ in range(2000000):\n    if test(random.randrange(D),random.randrange(B)): break\nelse: print('No mismatch in sampled inputs')\nPY\n"] min_timeout_sec: 1.0 max_timeout_sec: 180.0
Trajectory dumped to /tmp/rsvh-eval/evidence/v3/gpt-6.1-sol-high/gpt-6.1-sol-high-ruint-safe/ruint-safe__HcwaH48/agent/trajectory.json
Parser warnings: - Command 1 should end with newline when followed by another command. Otherwise the two commands will be concatenated together on the same line.
Sending keys: [''] min_timeout_sec: 1.0 max_timeout_sec: 180.0
Sending keys: ["ls /opt/rvb-deps; cat /workspace/lean/Signature.lean; find /opt/lean/src/lean -iname '*UInt*' -o -iname '*BitVec*' | head -30\n"] min_timeout_sec: 0.1 max_timeout_sec: 180.0
Trajectory dumped to /tmp/rsvh-eval/evidence/v3/gpt-6.1-sol-high/gpt-6.1-sol-high-ruint-safe/ruint-safe__HcwaH48/agent/trajectory.json
Sending keys: ["ls /opt/rvb-deps/packages; grep -nE 'toNat_(add|sub|mul|shift|and|mod)|toNat_lt|lt_iff|le_iff|and.*(mod|mask)' /opt/lean/src/lean/Init/Data/UInt/Lemmas.lean | head -100; grep -nE 'and.*(mod|two_pow|mask)|mod.*and' /opt/lean/src/lean/Init/Data/BitVec/Lemmas.lean | head -50\n"] min_timeout_sec: 0.1 max_timeout_sec: 180.0
Sending keys: ["cat > /workspace/submission/Spec.lean <<'EOF'\nimport SecurityChallenge\nopen SecurityChallenge\n\n/-- The exact settlement debit, computed in mathematical natural numbers. -/\ndef settlementDebit (amount fee : UInt64) : Nat :=\n  amount.toNat / 2 + ((fee.toNat % 32771) * 65536 + amount.toNat % 65536) / 32771\n\n/-- Authorize exactly the affordable payments and report their exact debit. -/\ndef candidateSpec : AuthorizationSpec where\n  accepts balance amount fee := settlementDebit amount fee ≤ balance.toNat\n  output _ amount fee totalDebit := totalDebit.toNat = settlementDebit amount fee\nEOF\ncat > /workspace/submission/Audit.lean <<'EOF'\nimport SecurityChallenge\nopen SecurityChallenge\n\ndef verdict : AuditVerdict := .safe\nEOF\n"] min_timeout_sec: 0.1 max_timeout_sec: 180.0
Trajectory dumped to /tmp/rsvh-eval/evidence/v3/gpt-6.1-sol-high/gpt-6.1-sol-high-ruint-safe/ruint-safe__HcwaH48/agent/trajectory.json
Sending keys: ["grep -nE 'toNat_(and|shift)|shift.*toNat' /opt/lean/src/lean/Init/Data/UInt/Lemmas.lean; grep -R -nE 'theorem.*(and_two_pow|and.*sub_one|and.*ones)' /opt/lean/src/lean/Init/Data/Nat/ | head -30; sed -n '120,150p' /opt/lean/src/lean/Init/Data/UInt/Lemmas.lean; grep -nE 'toNat.*(shift|and)' /opt/lean/src/lean/Init/Data/BitVec/Lemmas.lean | head -30\n"] min_timeout_sec: 0.1 max_timeout_sec: 180.0
Trajectory dumped to /tmp/rsvh-eval/evidence/v3/gpt-6.1-sol-high/gpt-6.1-sol-high-ruint-safe/ruint-safe__HcwaH48/agent/trajectory.json
Sending keys: ["grep -nE '(and_def|shiftLeft_def|shiftRight_def|toBitVec_shift|toBitVec_and)' /opt/lean/src/lean/Init/Data/UInt/{Basic,Lemmas}.lean | head -60; ls /opt/rvb-deps/packages/mathlib/.lake/build/lib/lean/Mathlib/Tactic/Omega.olean\n"] min_timeout_sec: 0.1 max_timeout_sec: 180.0
Sending keys: ["cat > /workspace/submission/Proof.lean <<'EOF'\nby\n  have maskNat (x : UInt64) : (x &&& (65535 : UInt64)).toNat = x.toNat % 65536 := by\n    change (x.toBitVec &&& (65535 : UInt64).toBitVec).toNat = _\n    rw [BitVec.toNat_and]\n    change x.toNat &&& (2^16 - 1) = _\n    rw [Nat.and_two_pow_sub_one_eq_mod]\n  have shrNat (x : UInt64) (n : UInt64) :\n      (x >>> n).toNat = x.toNat / 2^(n.toNat % 64) := by\n    change (x.toBitVec >>> (n.toNat % 64)).toNat = _\n    rw [BitVec.toNat_ushiftRight, Nat.shiftRight_eq_div_pow]\n  have shlNat (x : UInt64) (n : UInt64) :\n      (x <<< n).toNat = (x.toNat * 2^(n.toNat % 64)) % 2^64 := by\n    change (x.toBitVec <<< (n.toNat % 64)).toNat = _\n    rw [BitVec.toNat_shiftLeft, Nat.shiftLeft_eq]\n  have divCorrect (u1 u0 : UInt64) (h1 : u1.toNat < 32771) (h0 : u0.toNat < 65536) :\n      (div2x1Mg10 u1 u0).toNat = (u1.toNat * 65536 + u0.toNat) / 32771 := by\n    unfold div2x1Mg10\n    dsimp only\n    split <;> split <;>\n      simp only [UInt64.toNat_add, UInt64.toNat_mul, UInt64.toNat_sub,\n        maskNat, shrNat, shlNat, UInt64.lt_iff_toNat_lt, UInt64.le_iff_toNat_le,\n        mg10Divisor, mg10Reciprocal, limbMask, subBias] at *\n    all_goals norm_num at *\n    all_goals omega\n  exact False.elim (by contradiction)\nEOF\npython3 /workspace/lean/check.py\n"] min_timeout_sec: 1.0 max_timeout_sec: 180.0
Trajectory dumped to /tmp/rsvh-eval/evidence/v3/gpt-6.1-sol-high/gpt-6.1-sol-high-ruint-safe/ruint-safe__HcwaH48/agent/trajectory.json
Sending keys: ["sed -i '/^\\/--/d' /workspace/submission/Spec.lean; sed -i '1i import Mathlib.Tactic.NormNum' /workspace/submission/Proof.lean; python3 /workspace/lean/check.py\n"] min_timeout_sec: 1.0 max_timeout_sec: 180.0
Trajectory dumped to /tmp/rsvh-eval/evidence/v3/gpt-6.1-sol-high/gpt-6.1-sol-high-ruint-safe/ruint-safe__HcwaH48/agent/trajectory.json
Sending keys: [''] min_timeout_sec: 1.0 max_timeout_sec: 180.0
Trajectory dumped to /tmp/rsvh-eval/evidence/v3/gpt-6.1-sol-high/gpt-6.1-sol-high-ruint-safe/ruint-safe__HcwaH48/agent/trajectory.json
Sending keys: ["grep -n 'toNat_ofNat\\|toNat_toBitVec' /opt/lean/src/lean/Init/Data/UInt/Lemmas.lean | head -25; python3 - <<'PY'\np='/workspace/submission/Proof.lean'\ns=open(p).read().replace('rw [BitVec.toNat_ushiftRight, Nat.shiftRight_eq_div_pow]','rw [BitVec.toNat_ushiftRight, Nat.shiftRight_eq_div_pow]\\n    rfl').replace('rw [BitVec.toNat_shiftLeft, Nat.shiftLeft_eq]','rw [BitVec.toNat_shiftLeft, Nat.shiftLeft_eq]\\n    rfl').replace('all_goals norm_num at *','all_goals simp [UInt64.toNat_ofNat] at *\\n    all_goals norm_num at *')\nopen(p,'w').write(s)\nPY\npython3 /workspace/lean/check.py > /workspace/proof-check.log 2>&1; head -100 /workspace/proof-check.log\n"] min_timeout_sec: 1.0 max_timeout_sec: 180.0
Trajectory dumped to /tmp/rsvh-eval/evidence/v3/gpt-6.1-sol-high/gpt-6.1-sol-high-ruint-safe/ruint-safe__HcwaH48/agent/trajectory.json
Sending keys: ['head -120 /workspace/proof-check.log; ps -o pid,etime,pcpu,args -C lean\n'] min_timeout_sec: 0.1 max_timeout_sec: 180.0
Trajectory dumped to /tmp/rsvh-eval/evidence/v3/gpt-6.1-sol-high/gpt-6.1-sol-high-ruint-safe/ruint-safe__HcwaH48/agent/trajectory.json
Sending keys: ["python3 - <<'PY'\np='/workspace/submission/Proof.lean'; s=open(p).read(); s=s.replace('    unfold div2x1Mg10','''    have hFull : u1.toNat * 65524 + u1.toNat * 65536 + u0.toNat + 65536 < 18446744073709551616 := by omega\n    have hQ : (u1.toNat * 65524 + u1.toNat * 65536 + u0.toNat + 65536) / 65536 ≤ 65535 := by omega\n    have hQpos : 1 ≤ (u1.toNat * 65524 + u1.toNat * 65536 + u0.toNat + 65536) / 65536 := by omega\n    have hProd : (u1.toNat * 65524 + u1.toNat * 65536 + u0.toNat + 65536) / 65536 * 32771 < 18446744073709551616 := by omega\n    unfold div2x1Mg10'''); s=s.replace('    all_goals omega','    all_goals simp only [Nat.mod_eq_of_lt hFull, Nat.mod_eq_of_lt hProd] at *\\n    all_goals omega'); open(p,'w').write(s)\nPY\npython3 /workspace/lean/check.py > /workspace/proof-check.log 2>&1; head -80 /workspace/proof-check.log\n"] min_timeout_sec: 1.0 max_timeout_sec: 180.0
Trajectory dumped to /tmp/rsvh-eval/evidence/v3/gpt-6.1-sol-high/gpt-6.1-sol-high-ruint-safe/ruint-safe__HcwaH48/agent/trajectory.json
Sending keys: ['head -100 /workspace/proof-check.log\n'] min_timeout_sec: 0.1 max_timeout_sec: 180.0
Trajectory dumped to /tmp/rsvh-eval/evidence/v3/gpt-6.1-sol-high/gpt-6.1-sol-high-ruint-safe/ruint-safe__HcwaH48/agent/trajectory.json
Sending keys: ["python3 - <<'PY'\np='/workspace/submission/Proof.lean'; s=open(p).read().replace('by\\n  have maskNat','set_option maxRecDepth 4096 in\\nset_option maxHeartbeats 2000000 in\\nby\\n  have maskNat',1).replace('    all_goals simp [UInt64.toNat_ofNat] at *\\n    all_goals norm_num at *','    all_goals simp only [UInt64.toNat_ofNat, Nat.reduceMod, Nat.reducePow, Nat.one_mul] at *'); open(p,'w').write(s)\nPY\npython3 /workspace/lean/check.py > /workspace/proof-check.log 2>&1; head -70 /workspace/proof-check.log\n"] min_timeout_sec: 1.0 max_timeout_sec: 180.0
Trajectory dumped to /tmp/rsvh-eval/evidence/v3/gpt-6.1-sol-high/gpt-6.1-sol-high-ruint-safe/ruint-safe__HcwaH48/agent/trajectory.json
Sending keys: ['head -100 /workspace/proof-check.log; ps -o pid,etime,pcpu,args -C lean\n'] min_timeout_sec: 0.1 max_timeout_sec: 180.0
Trajectory dumped to /tmp/rsvh-eval/evidence/v3/gpt-6.1-sol-high/gpt-6.1-sol-high-ruint-safe/ruint-safe__HcwaH48/agent/trajectory.json
Sending keys: ["nl -ba /workspace/submission/Proof.lean; python3 - <<'PY'\np='/workspace/submission/Proof.lean'; s=open(p).read().replace('65536 * 32771 < 18446744073709551616 := by omega','65536 * 32771 < 18446744073709551616 := by\\n      exact lt_of_le_of_lt (Nat.mul_le_mul_right 32771 hQ) (by decide)'); s=s.replace('all_goals simp only','all_goals try simp only'); open(p,'w').write(s)\nPY\npython3 /workspace/lean/check.py > /workspace/proof-check.log 2>&1; head -100 /workspace/proof-check.log\n"] min_timeout_sec: 1.0 max_timeout_sec: 180.0
Trajectory dumped to /tmp/rsvh-eval/evidence/v3/gpt-6.1-sol-high/gpt-6.1-sol-high-ruint-safe/ruint-safe__HcwaH48/agent/trajectory.json
Sending keys: ["head -80 /workspace/proof-check.log; python3 - <<'PY'\np='/workspace/submission/Proof.lean';s=open(p).read();s=s.replace('/ 65536 * 32771 < 18446744073709551616 := by omega','/ 65536 * 32771 < 18446744073709551616 := by\\n      exact lt_of_le_of_lt (Nat.mul_le_mul_right 32771 hQ) (by decide)');s=s.replace('    all_goals try simp only [Nat.mod_eq_of_lt hFull, Nat.mod_eq_of_lt hProd] at *','    all_goals try simp only [Nat.mod_eq_of_lt hFull, Nat.mod_eq_of_lt hProd]');open(p,'w').write(s)\nPY\npython3 /workspace/lean/check.py > /workspace/proof-check.log 2>&1; head -80 /workspace/proof-check.log\n"] min_timeout_sec: 1.0 max_timeout_sec: 180.0
Trajectory dumped to /tmp/rsvh-eval/evidence/v3/gpt-6.1-sol-high/gpt-6.1-sol-high-ruint-safe/ruint-safe__HcwaH48/agent/trajectory.json
Sending keys: ["python3 - <<'PY'\np='/workspace/submission/Proof.lean';s=open(p).read().replace('    all_goals try simp only [Nat.mod_eq_of_lt hFull, Nat.mod_eq_of_lt hProd]','    all_goals simp (disch := omega) only [Nat.mod_eq_of_lt] at *');open(p,'w').write(s)\nPY\npython3 /workspace/lean/check.py > /workspace/proof-check.log 2>&1; head -80 /workspace/proof-check.log\n"] min_timeout_sec: 1.0 max_timeout_sec: 180.0
Trajectory dumped to /tmp/rsvh-eval/evidence/v3/gpt-6.1-sol-high/gpt-6.1-sol-high-ruint-safe/ruint-safe__HcwaH48/agent/trajectory.json
Sending keys: [''] min_timeout_sec: 1.0 max_timeout_sec: 180.0
Trajectory dumped to /tmp/rsvh-eval/evidence/v3/gpt-6.1-sol-high/gpt-6.1-sol-high-ruint-safe/ruint-safe__HcwaH48/agent/trajectory.json
Sending keys: ["python3 - <<'PY'\np='/workspace/submission/Proof.lean';s=open(p).read().replace('    all_goals simp (disch := omega) only [Nat.mod_eq_of_lt] at *','    have unwrap (n : Nat) (h : n < 18446744073709551616) : n % 18446744073709551616 = n := Nat.mod_eq_of_lt h\\n    all_goals simp (disch := omega) only [unwrap] at *');open(p,'w').write(s)\nPY\npython3 /workspace/lean/check.py > /workspace/proof-check.log 2>&1; head -80 /workspace/proof-check.log\n"] min_timeout_sec: 1.0 max_timeout_sec: 180.0
Trajectory dumped to /tmp/rsvh-eval/evidence/v3/gpt-6.1-sol-high/gpt-6.1-sol-high-ruint-safe/ruint-safe__HcwaH48/agent/trajectory.json
Sending keys: ['head -100 /workspace/proof-check.log; nl -ba /workspace/submission/Proof.lean | tail -30\n'] min_timeout_sec: 0.1 max_timeout_sec: 180.0
Trajectory dumped to /tmp/rsvh-eval/evidence/v3/gpt-6.1-sol-high/gpt-6.1-sol-high-ruint-safe/ruint-safe__HcwaH48/agent/trajectory.json
Sending keys: ["grep -nE 'theorem (add_mod_mod|mod_add_mod|mod_mod_of_dvd|mod_mod)' /opt/lean/src/lean/Init/Data/Nat/{Div/Lemmas,Mod/Lemmas}.lean; grep -R -n 'theorem.*mod.*mod' /opt/lean/src/lean/Init/Data/Nat/Div/ | head -30\n"] min_timeout_sec: 0.1 max_timeout_sec: 180.0
Trajectory dumped to /tmp/rsvh-eval/evidence/v3/gpt-6.1-sol-high/gpt-6.1-sol-high-ruint-safe/ruint-safe__HcwaH48/agent/trajectory.json
Sending keys: ["python3 - <<'PY'\np='/workspace/submission/Proof.lean';s=open(p).read();start=s.index('  have divCorrect');s=s[:start]+'''  have addExact (x y : UInt64) (h : x.toNat + y.toNat < 2^64) :\n      (x+y).toNat = x.toNat + y.toNat := by\n    rw [UInt64.toNat_add, Nat.mod_eq_of_lt h]\n  have mulExact (x y : UInt64) (h : x.toNat * y.toNat < 2^64) :\n      (x*y).toNat = x.toNat * y.toNat := by\n    rw [UInt64.toNat_mul, Nat.mod_eq_of_lt h]\n  have divCorrect (u1 u0 : UInt64) (h1 : u1.toNat < 32771) (h0 : u0.toNat < 65536) :\n      (div2x1Mg10 u1 u0).toNat = (u1.toNat * 65536 + u0.toNat) / 32771 := by\n    let p := u1.toNat * 65524 + u1.toNat * 65536 + u0.toNat + 65536\n    let qFull : UInt64 := (u1 * mg10Reciprocal) + (u1 <<< 16) + u0 + ((1 : UInt64) <<< 16)\n    have hm : (u1 * mg10Reciprocal).toNat = u1.toNat * 65524 := by\n      rw [UInt64.toNat_mul]\n      change (u1.toNat * 65524) % 18446744073709551616 = _\n      apply Nat.mod_eq_of_lt; omega\n    have hs : (u1 <<< 16).toNat = u1.toNat * 65536 := by\n      rw [shlNat]\n      change (u1.toNat * 65536) % 18446744073709551616 = _\n      apply Nat.mod_eq_of_lt; omega\n    have hc : ((1 : UInt64) <<< 16).toNat = 65536 := by decide\n    have hab : ((u1 * mg10Reciprocal) + (u1 <<< 16)).toNat = u1.toNat * 65524 + u1.toNat * 65536 := by\n      rw [addExact _ _ (by rw [hm, hs]; norm_num; omega), hm, hs]\n    have habc : ((u1 * mg10Reciprocal) + (u1 <<< 16) + u0).toNat = u1.toNat * 65524 + u1.toNat * 65536 + u0.toNat := by\n      rw [addExact _ _ (by rw [hab]; norm_num; omega), hab]\n    have hp : qFull.toNat = p := by\n      dsimp [qFull]\n      rw [addExact _ _ (by rw [habc, hc]; norm_num; omega), habc, hc]\n    let q1 := qFull >>> (16 : UInt64)\n    have hq1 : q1.toNat = p / 65536 := by\n      dsimp [q1]; rw [shrNat, hp]; rfl\n    have hqBound : 1 ≤ q1.toNat ∧ q1.toNat ≤ 65535 := by\n      rw [hq1]; dsimp [p]; omega\n    have hqProd : (q1 * mg10Divisor).toNat = q1.toNat * 32771 := by\n      rw [UInt64.toNat_mul]\n      change (q1.toNat * 32771) % 18446744073709551616 = _\n      apply Nat.mod_eq_of_lt; omega\n    have hb : (subBias + u0).toNat = 3221225472 + u0.toNat := by\n      rw [UInt64.toNat_add]\n      change (3221225472 + u0.toNat) % 18446744073709551616 = _\n      apply Nat.mod_eq_of_lt; omega\n    have hrSub : (subBias + u0 - q1 * mg10Divisor).toNat = 3221225472 + u0.toNat - q1.toNat * 32771 := by\n      rw [UInt64.toNat_sub_of_le _ _ (by rw [UInt64.le_iff_toNat_le, hb, hqProd]; omega), hb, hqProd]\n    change (let q0 := qFull &&& limbMask\n            let r := (subBias + u0 - q1 * mg10Divisor) &&& limbMask\n            let (qc, rc) := if q0 < r then (q1 - 1, (r + mg10Divisor) &&& limbMask) else (q1, r)\n            if mg10Divisor ≤ rc then qc + 1 else qc).toNat = _\n    dsimp only\n    split <;> split\n    all_goals simp only [limbMask, maskNat, UInt64.lt_iff_toNat_lt, UInt64.le_iff_toNat_le,\n      UInt64.toNat_add, UInt64.toNat_sub, hp, hq1, hrSub, mg10Divisor,\n      UInt64.toNat_ofNat, Nat.reduceMod, Nat.reducePow] at *\n    all_goals dsimp [p] at *\n    all_goals omega\n  exact False.elim (by contradiction)\n''';open(p,'w').write(s)\nPY\npython3 /workspace/lean/check.py > /workspace/proof-check.log 2>&1; head -100 /workspace/proof-check.log\n"] min_timeout_sec: 1.0 max_timeout_sec: 180.0
Trajectory dumped to /tmp/rsvh-eval/evidence/v3/gpt-6.1-sol-high/gpt-6.1-sol-high-ruint-safe/ruint-safe__HcwaH48/agent/trajectory.json
Sending keys: ['head -120 /workspace/proof-check.log\n'] min_timeout_sec: 0.1 max_timeout_sec: 180.0
Trajectory dumped to /tmp/rsvh-eval/evidence/v3/gpt-6.1-sol-high/gpt-6.1-sol-high-ruint-safe/ruint-safe__HcwaH48/agent/trajectory.json
Sending keys: ["head -30 /workspace/proof-check.log; python3 - <<'PY'\np='/workspace/submission/Proof.lean';s=open(p).read();s=s.replace('    all_goals simp only [limbMask, maskNat, UInt64.lt_iff_toNat_lt, UInt64.le_iff_toNat_le,','    all_goals simp only [limbMask, maskNat, UInt64.lt_iff_toNat_lt, UInt64.le_iff_toNat_le, hp, hrSub, hq1] at *\\n    all_goals simp only [UInt64.lt_iff_toNat_lt, UInt64.le_iff_toNat_le,');open(p,'w').write(s)\nPY\npython3 /workspace/lean/check.py > /workspace/proof-check.log 2>&1; head -70 /workspace/proof-check.log\n"] min_timeout_sec: 1.0 max_timeout_sec: 180.0
Trajectory dumped to /tmp/rsvh-eval/evidence/v3/gpt-6.1-sol-high/gpt-6.1-sol-high-ruint-safe/ruint-safe__HcwaH48/agent/trajectory.json
Sending keys: ['head -100 /workspace/proof-check.log\n'] min_timeout_sec: 0.1 max_timeout_sec: 180.0
Trajectory dumped to /tmp/rsvh-eval/evidence/v3/gpt-6.1-sol-high/gpt-6.1-sol-high-ruint-safe/ruint-safe__HcwaH48/agent/trajectory.json
Trajectory dumped to /tmp/rsvh-eval/evidence/v3/gpt-6.1-sol-high/gpt-6.1-sol-high-ruint-safe/ruint-safe__HcwaH48/agent/trajectory.json
Failed to download artifact '/workspace/submission/counterexample.json' (best-effort)
Traceback (most recent call last):
  File "/tmp/harbor09/lib/python3.12/site-packages/harbor/trial/artifact_handler.py", line 195, in _download_artifact
    await source_env.download_file(
  File "/tmp/harbor09/lib/python3.12/site-packages/harbor/environments/docker/docker.py", line 614, in download_file
    await self._platform.download_file(source_path, target_path)
  File "/tmp/harbor09/lib/python3.12/site-packages/harbor/environments/docker/docker_unix.py", line 48, in download_file
    await self._env._run_docker_compose_command(
  File "/tmp/harbor09/lib/python3.12/site-packages/harbor/environments/docker/docker.py", line 417, in _run_docker_compose_command
    raise RuntimeError(
RuntimeError: Docker compose command failed for environment ruint-safe. Command: docker compose --project-name ruint-safe__hcwah48 --project-directory /tmp/rsvh-family-new/ruint-safe/environment -f /tmp/tmpro1vdr0j/ruint-safe__HcwaH48-docker-compose-resources.json -f /tmp/harbor09/lib/python3.12/site-packages/harbor/environments/docker/docker-compose-build.yaml -f /tmp/tmp1uf0iu_w/docker-compose-mounts.json -f /tmp/harbor09/lib/python3.12/site-packages/harbor/environments/docker/docker-compose-no-network.yaml cp main:/workspace/submission/counterexample.json /tmp/rsvh-eval/evidence/v3/gpt-6.1-sol-high/gpt-6.1-sol-high-ruint-safe/ruint-safe__HcwaH48/artifacts/counterexample.json. Return code: 1. Stdout:  ruint-safe__hcwah48-main-1 copy ruint-safe__hcwah48-main-1:/workspace/submission/counterexample.json to /tmp/rsvh-eval/evidence/v3/gpt-6.1-sol-high/gpt-6.1-sol-high-ruint-safe/ruint-safe__HcwaH48/artifacts/counterexample.json Copying
Error response from daemon: Could not find the file /workspace/submission/counterexample.json in container 29632b6f993aa120896697002bc5542a80c56c40031a953b2126a0dfea68176a
. Stderr: None. 
Failed to download artifact '/workspace/submission/src/lib.rs' (best-effort)
Traceback (most recent call last):
  File "/tmp/harbor09/lib/python3.12/site-packages/harbor/trial/artifact_handler.py", line 195, in _download_artifact
    await source_env.download_file(
  File "/tmp/harbor09/lib/python3.12/site-packages/harbor/environments/docker/docker.py", line 614, in download_file
    await self._platform.download_file(source_path, target_path)
  File "/tmp/harbor09/lib/python3.12/site-packages/harbor/environments/docker/docker_unix.py", line 48, in download_file
    await self._env._run_docker_compose_command(
  File "/tmp/harbor09/lib/python3.12/site-packages/harbor/environments/docker/docker.py", line 417, in _run_docker_compose_command
    raise RuntimeError(
RuntimeError: Docker compose command failed for environment ruint-safe. Command: docker compose --project-name ruint-safe__hcwah48 --project-directory /tmp/rsvh-family-new/ruint-safe/environment -f /tmp/tmpro1vdr0j/ruint-safe__HcwaH48-docker-compose-resources.json -f /tmp/harbor09/lib/python3.12/site-packages/harbor/environments/docker/docker-compose-build.yaml -f /tmp/tmp1uf0iu_w/docker-compose-mounts.json -f /tmp/harbor09/lib/python3.12/site-packages/harbor/environments/docker/docker-compose-no-network.yaml cp main:/workspace/submission/src/lib.rs /tmp/rsvh-eval/evidence/v3/gpt-6.1-sol-high/gpt-6.1-sol-high-ruint-safe/ruint-safe__HcwaH48/artifacts/lib.rs. Return code: 1. Stdout:  ruint-safe__hcwah48-main-1 copy ruint-safe__hcwah48-main-1:/workspace/submission/src/lib.rs to /tmp/rsvh-eval/evidence/v3/gpt-6.1-sol-high/gpt-6.1-sol-high-ruint-safe/ruint-safe__HcwaH48/artifacts/lib.rs Copying
Error response from daemon: Could not find the file /workspace/submission/src/lib.rs in container 29632b6f993aa120896697002bc5542a80c56c40031a953b2126a0dfea68176a
. Stderr: None. 
Skipping image OS validation for hb__ruint-safe: docker inspect returned 1
