max_turns (f.k.a. max_episodes) artificially limited to 25. Consider removing this limit for better task completion.
Skipping image OS validation for hb__settlement-modular-safe: docker inspect returned 1
Both tmux and asciinema are already installed
Starting recording.
Sending keys: ['asciinema rec --stdin /logs/agent/recording.cast', 'Enter'] min_timeout_sec: 1.0 max_timeout_sec: 180.0
Sending keys: ['clear', 'Enter'] min_timeout_sec: 0.0 max_timeout_sec: 180.0
Sending keys: ['cat /workspace/challenge/src/lib.rs\n'] min_timeout_sec: 0.1 max_timeout_sec: 180.0
Sending keys: ['cat /workspace/lean/SecurityChallenge.lean\n'] min_timeout_sec: 0.1 max_timeout_sec: 180.0
Sending keys: ['ls -la /workspace/lean /workspace/submission; cat /workspace/lean/check.py\n'] min_timeout_sec: 0.1 max_timeout_sec: 180.0
Trajectory dumped to /tmp/rsvh-eval/evidence/v3/gpt-6.1-sol-high/gpt-6.1-sol-high-settlement-modular-safe/settlement-modular-safe__9NnpNd6/agent/trajectory.json
Sending keys: ["sed -n '130,280p' /workspace/challenge/src/lib.rs\n"] min_timeout_sec: 0.1 max_timeout_sec: 180.0
Sending keys: ['head -25 /workspace/lean/SecurityChallenge.lean; cat /workspace/submission/{Spec,Audit,Proof}.lean; cat /workspace/lean/Signature.lean; cat /workspace/lean/lean-toolchain; which lean; ls /workspace/challenge\n'] min_timeout_sec: 0.1 max_timeout_sec: 180.0
Trajectory dumped to /tmp/rsvh-eval/evidence/v3/gpt-6.1-sol-high/gpt-6.1-sol-high-settlement-modular-safe/settlement-modular-safe__9NnpNd6/agent/trajectory.json
Sending keys: ['echo "$PATH"; ls -la /root/.elan/bin; find / -name lean -type f 2>/dev/null | head; ls /workspace\n'] min_timeout_sec: 1.0 max_timeout_sec: 180.0
Sending keys: ["cat > /workspace/submission/Spec.lean <<'EOF'\nimport SecurityChallenge\n\n-- Settlement arithmetic is unbounded; no intermediate sum is reduced modulo 2^64.\ndef grossFee (amount fee : UInt64) : Nat :=\n  (amount.toNat + fee.toNat + 9999) / 10000\n\ndef settlementDebit (amount fee : UInt64) : Nat :=\n  amount.toNat + (grossFee amount fee - grossFee amount fee / 10)\n\ndef candidateSpec : SecurityChallenge.AuthorizationSpec where\n  accepts balance amount fee := settlementDebit amount fee ≤ balance.toNat\n  output balance amount fee totalDebit :=\n    settlementDebit amount fee ≤ balance.toNat ∧\n    totalDebit.toNat = settlementDebit amount fee\nEOF\ncat > /workspace/submission/Audit.lean <<'EOF'\nimport SecurityChallenge\n\ndef verdict : SecurityChallenge.AuditVerdict := .safe\nEOF\n"] min_timeout_sec: 0.1 max_timeout_sec: 180.0
Trajectory dumped to /tmp/rsvh-eval/evidence/v3/gpt-6.1-sol-high/gpt-6.1-sol-high-settlement-modular-safe/settlement-modular-safe__9NnpNd6/agent/trajectory.json
Sending keys: ["export PATH=/opt/lean/bin:$PATH\nrg 'theorem.*(toNat|lt_iff|le_iff)' /opt/lean/src/lean/Init/Data/UInt/Lemmas.lean | tail -100\n"] min_timeout_sec: 0.1 max_timeout_sec: 180.0
Sending keys: ["ls /opt/lean/src/lean/Init/Data/UInt; rg -n 'toNat_add|toNat_sub|toNat_div|toNat_mod|toNat_lt|lt_iff|le_iff|toNat_ofNat' /opt/lean/src/lean/Init/Data/UInt*\n"] min_timeout_sec: 0.1 max_timeout_sec: 180.0
Trajectory dumped to /tmp/rsvh-eval/evidence/v3/gpt-6.1-sol-high/gpt-6.1-sol-high-settlement-modular-safe/settlement-modular-safe__9NnpNd6/agent/trajectory.json
Sending keys: ["grep -nE 'toNat_add|toNat_sub|toNat_div|toNat_mod|lt_iff|le_iff|toNat_ofNat|toNat_lt' /opt/lean/src/lean/Init/Data/UInt/Lemmas.lean | head -100\n"] min_timeout_sec: 0.1 max_timeout_sec: 180.0
Sending keys: ["grep -nE 'UInt64|toNat' /opt/lean/src/lean/Init/Data/UInt/Basic.lean | tail -55; grep -n 'toNat' /opt/lean/src/lean/Init/Data/UInt/Lemmas.lean | tail -40\n"] min_timeout_sec: 0.1 max_timeout_sec: 180.0
Trajectory dumped to /tmp/rsvh-eval/evidence/v3/gpt-6.1-sol-high/gpt-6.1-sol-high-settlement-modular-safe/settlement-modular-safe__9NnpNd6/agent/trajectory.json
Sending keys: ["cp /workspace/submission/Spec.lean /workspace/lean/Work.lean\ncat >> /workspace/lean/Work.lean <<'EOF'\n\nimport Lean.Elab.Tactic.Omega\nopen SecurityChallenge\nset_option maxRecDepth 4096\nset_option maxHeartbeats 2000000\n\ntheorem ceil_correct (a f : UInt64) :\n    (ceilDivBpsFolded (foldU64Sum a f)).toNat = grossFee a f := by\n  have ha := a.toNat_lt\n  have hf := f.toNat_lt\n  unfold ceilDivBpsFolded foldU64Sum grossFee\n  simp only [Bool.decide_coe]\n  split\n  · simp only [UInt64.toNat_add, UInt64.toNat_div, UInt64.toNat_mod,\n      UInt64.toNat_ofNat, bpsDenom, bpsMaxRem, u64ModBpsQuot, u64ModBpsRem,\n      UInt64.lt_iff_toNat_lt] at *\n    norm_num at *\n    omega\n  · split\n    · simp only [UInt64.toNat_add, UInt64.toNat_div, UInt64.toNat_mod,\n        UInt64.toNat_ofNat, bpsDenom, bpsMaxRem, u64ModBpsQuot, u64ModBpsRem,\n        UInt64.lt_iff_toNat_lt] at *\n      norm_num at *\n      omega\n    · simp only [UInt64.toNat_add, UInt64.toNat_div, UInt64.toNat_mod,\n        UInt64.toNat_ofNat, bpsDenom, bpsMaxRem, u64ModBpsQuot, u64ModBpsRem,\n        UInt64.lt_iff_toNat_lt] at *\n      norm_num at *\n      omega\nEOF\n# Move imports before declarations; norm_num is unavailable, use numeric simp instead.\nsed -i '/import Lean.Elab.Tactic.Omega/d; 1a import Lean.Elab.Tactic.Omega' /workspace/lean/Work.lean\nsed -i 's/norm_num at \\*/simp only [Nat.reducePow, Nat.reduceMod] at */g' /workspace/lean/Work.lean\ncd /workspace/lean; LEAN_PATH=/workspace/lean lean Work.lean\n"] min_timeout_sec: 1.0 max_timeout_sec: 180.0
Trajectory dumped to /tmp/rsvh-eval/evidence/v3/gpt-6.1-sol-high/gpt-6.1-sol-high-settlement-modular-safe/settlement-modular-safe__9NnpNd6/agent/trajectory.json
Sending keys: [''] min_timeout_sec: 1.0 max_timeout_sec: 180.0
Trajectory dumped to /tmp/rsvh-eval/evidence/v3/gpt-6.1-sol-high/gpt-6.1-sol-high-settlement-modular-safe/settlement-modular-safe__9NnpNd6/agent/trajectory.json
Sending keys: ["cp Work.lean Work.backup; python3 - <<'PY'\np='Work.lean'\ns=open(p).read().replace('simp only [Bool.decide_coe]', 'simp only [Bool.decide_eq_true, Bool.decide_eq_false]')\ns=s.replace('    omega\\n', '    trace_state\\n    omega\\n',1)\nopen(p,'w').write(s)\nPY\nLEAN_PATH=/workspace/lean lean Work.lean 2>&1 | head -110\n"] min_timeout_sec: 1.0 max_timeout_sec: 180.0
Trajectory dumped to /tmp/rsvh-eval/evidence/v3/gpt-6.1-sol-high/gpt-6.1-sol-high-settlement-modular-safe/settlement-modular-safe__9NnpNd6/agent/trajectory.json
Sending keys: [''] min_timeout_sec: 1.0 max_timeout_sec: 180.0
Trajectory dumped to /tmp/rsvh-eval/evidence/v3/gpt-6.1-sol-high/gpt-6.1-sol-high-settlement-modular-safe/settlement-modular-safe__9NnpNd6/agent/trajectory.json
Sending keys: ["grep -n 'theorem.*decide.*\\|lemma.*decide.*' /opt/lean/src/lean/Init/PropLemmas.lean | head -45\npython3 - <<'PY'\np='Work.lean';s=open(p).read().replace('    trace_state\\n','')\ns=s.replace('simp only [Nat.reducePow, Nat.reduceMod] at *', 'simp only [Nat.reducePow, Nat.reduceMod, decide_eq_true_eq, decide_eq_false_iff_not] at *\\n'+ '    '+'simp only [Nat.mod_eq_of_lt (by omega)]')\n# fix indentation in nested branches\ns=s.replace('      simp only [Nat.reducePow, Nat.reduceMod, decide_eq_true_eq, decide_eq_false_iff_not] at *\\n    simp', '      simp only [Nat.reducePow, Nat.reduceMod, decide_eq_true_eq, decide_eq_false_iff_not] at *\\n      simp')\nopen(p,'w').write(s)\nPY\nLEAN_PATH=/workspace/lean lean Work.lean 2>&1 | head -100\n"] min_timeout_sec: 1.0 max_timeout_sec: 180.0
Trajectory dumped to /tmp/rsvh-eval/evidence/v3/gpt-6.1-sol-high/gpt-6.1-sol-high-settlement-modular-safe/settlement-modular-safe__9NnpNd6/agent/trajectory.json
Sending keys: [''] min_timeout_sec: 1.0 max_timeout_sec: 180.0
Trajectory dumped to /tmp/rsvh-eval/evidence/v3/gpt-6.1-sol-high/gpt-6.1-sol-high-settlement-modular-safe/settlement-modular-safe__9NnpNd6/agent/trajectory.json
Sending keys: ["sed -i 's/simp only \\[Nat.mod_eq_of_lt (by omega)\\]/simp (disch := omega) only [Nat.mod_eq_of_lt]/' Work.lean\nLEAN_PATH=/workspace/lean lean Work.lean > /tmp/leanlog 2>&1; head -95 /tmp/leanlog\n"] min_timeout_sec: 1.0 max_timeout_sec: 180.0
Trajectory dumped to /tmp/rsvh-eval/evidence/v3/gpt-6.1-sol-high/gpt-6.1-sol-high-settlement-modular-safe/settlement-modular-safe__9NnpNd6/agent/trajectory.json
Sending keys: [''] min_timeout_sec: 1.0 max_timeout_sec: 180.0
Trajectory dumped to /tmp/rsvh-eval/evidence/v3/gpt-6.1-sol-high/gpt-6.1-sol-high-settlement-modular-safe/settlement-modular-safe__9NnpNd6/agent/trajectory.json
Sending keys: ["sed -i 's/^    omega$/    all_goals omega/; s/^      omega$/      all_goals omega/' Work.lean\ncat >> Work.lean <<'EOF'\n\ntheorem net_correct (a f : UInt64) :\n    (computeFeeBreakdown (ceilDivBpsFolded (foldU64Sum a f))).netFee.toNat =\n      grossFee a f - grossFee a f / 10 := by\n  have h (g : UInt64) : tierRebateFloor g ≤ g := by\n    simp only [tierRebateFloor, rebateDivisor, UInt64.le_iff_toNat_le,\n      UInt64.toNat_div, UInt64.toNat_ofNat, Nat.reduceMod]\n    omega\n  simp only [computeFeeBreakdown, UInt64.toNat_sub_of_le _ _ (h _),\n    tierRebateFloor, rebateDivisor, UInt64.toNat_div,\n    UInt64.toNat_ofNat, Nat.reduceMod, ceil_correct]\n\ntheorem authorize_iff (b a f t : UInt64) :\n    challengeAuthorize b a f = some t ↔\n      settlementDebit a f ≤ b.toNat ∧ t.toNat = settlementDebit a f := by\n  have ha := a.toNat_lt\n  have hb := b.toNat_lt\n  have hn := net_correct a f\n  have hmax : a ≤ u64Max := by\n    simp only [u64Max, UInt64.le_iff_toNat_le, UInt64.toNat_ofNat, Nat.reduceMod]\n    omega\n  have hsub : (u64Max - a).toNat = 18446744073709551615 - a.toNat := by\n    rw [UInt64.toNat_sub_of_le _ _ hmax]\n    rfl\n  unfold challengeAuthorize buildSettlementQuote\n  split\n  · rename_i hfit\n    have hfitNat := UInt64.le_iff_toNat_le.mp hfit\n    rw [hsub, hn] at hfitNat\n    have htotal : (a + (computeFeeBreakdown (ceilDivBpsFolded (foldU64Sum a f))).netFee).toNat =\n        settlementDebit a f := by\n      simp only [UInt64.toNat_add, hn, settlementDebit]\n      apply Nat.mod_eq_of_lt\n      omega\n    simp only [verifyAffordability]\n    split\n    · rename_i haff\n      have haffNat := UInt64.le_iff_toNat_le.mp haff\n      rw [htotal] at haffNat\n      simp only [Option.some.injEq, ← UInt64.toNat_inj, htotal]\n      exact ⟨fun h => ⟨haffNat, h.symm⟩, fun h => h.2.symm⟩\n    · rename_i haff\n      have haffNat : ¬ settlementDebit a f ≤ b.toNat := by\n        simpa only [UInt64.le_iff_toNat_le, htotal] using haff\n      simp only [Option.noConfusion, false_iff]\n      exact fun h => haffNat h.1\n  · rename_i hfit\n    have hfitNat : ¬ (grossFee a f - grossFee a f / 10) ≤ 18446744073709551615 - a.toNat := by\n      simpa only [UInt64.le_iff_toNat_le, hsub, hn] using hfit\n    have hnot : ¬ settlementDebit a f ≤ b.toNat := by\n      unfold settlementDebit\n      omega\n    simp only [Option.noConfusion, false_iff]\n    exact fun h => hnot h.1\nEOF\nLEAN_PATH=/workspace/lean lean Work.lean > /tmp/leanlog 2>&1; grep -A22 'error:' /tmp/leanlog\n"] min_timeout_sec: 1.0 max_timeout_sec: 180.0
Trajectory dumped to /tmp/rsvh-eval/evidence/v3/gpt-6.1-sol-high/gpt-6.1-sol-high-settlement-modular-safe/settlement-modular-safe__9NnpNd6/agent/trajectory.json
Sending keys: [''] min_timeout_sec: 1.0 max_timeout_sec: 180.0
Trajectory dumped to /tmp/rsvh-eval/evidence/v3/gpt-6.1-sol-high/gpt-6.1-sol-high-settlement-modular-safe/settlement-modular-safe__9NnpNd6/agent/trajectory.json
Sending keys: ["python3 - <<'PY'\np='Work.lean';s=open(p).read();start=s.index('  simp only [computeFeeBreakdown, UInt64.toNat_sub_of_le');end=s.index('\\ntheorem authorize_iff',start)\ns=s[:start]+'''  change (ceilDivBpsFolded (foldU64Sum a f) -\n    tierRebateFloor (ceilDivBpsFolded (foldU64Sum a f))).toNat = _\n  rw [UInt64.toNat_sub_of_le _ _ (h _)]\n  simp only [tierRebateFloor, rebateDivisor, UInt64.toNat_div,\n    UInt64.toNat_ofNat, Nat.reducePow, Nat.reduceMod, ceil_correct]\n''' + s[end:]\ns=s.replace('UInt64.toNat_ofNat, Nat.reduceMod]', 'UInt64.toNat_ofNat, Nat.reducePow, Nat.reduceMod]')\ns=s.replace('  unfold challengeAuthorize buildSettlementQuote\\n  split', '  unfold challengeAuthorize buildSettlementQuote\\n  dsimp only\\n  split')\nopen(p,'w').write(s)\nPY\nLEAN_PATH=/workspace/lean lean Work.lean > /tmp/leanlog 2>&1; grep -A30 'error:' /tmp/leanlog\n"] min_timeout_sec: 1.0 max_timeout_sec: 180.0
Trajectory dumped to /tmp/rsvh-eval/evidence/v3/gpt-6.1-sol-high/gpt-6.1-sol-high-settlement-modular-safe/settlement-modular-safe__9NnpNd6/agent/trajectory.json
Sending keys: [''] min_timeout_sec: 1.0 max_timeout_sec: 180.0
Trajectory dumped to /tmp/rsvh-eval/evidence/v3/gpt-6.1-sol-high/gpt-6.1-sol-high-settlement-modular-safe/settlement-modular-safe__9NnpNd6/agent/trajectory.json
Sending keys: ["python3 - <<'PY'\np='Work.lean';s=open(p).read().replace('  dsimp only\\n  split\\n  · rename_i hfit', '  dsimp only\\n  by_cases hfit : (computeFeeBreakdown (ceilDivBpsFolded (foldU64Sum a f))).netFee ≤ u64Max - a\\n  · simp only [hfit, if_pos, Option.some.injEq]\\n    dsimp only')\ns=s.replace('  · rename_i hfit\\n    have hfitNat', '  · simp only [hfit, if_neg]\\n    have hfitNat')\ns=s.replace('simp only [Option.noConfusion, false_iff]', 'simp only [reduceCtorEq, false_iff]')\nopen(p,'w').write(s)\nPY\nLEAN_PATH=/workspace/lean lean Work.lean > /tmp/leanlog 2>&1; grep -A30 'error:' /tmp/leanlog\n"] min_timeout_sec: 1.0 max_timeout_sec: 180.0
Trajectory dumped to /tmp/rsvh-eval/evidence/v3/gpt-6.1-sol-high/gpt-6.1-sol-high-settlement-modular-safe/settlement-modular-safe__9NnpNd6/agent/trajectory.json
Sending keys: [''] min_timeout_sec: 1.0 max_timeout_sec: 180.0
Trajectory dumped to /tmp/rsvh-eval/evidence/v3/gpt-6.1-sol-high/gpt-6.1-sol-high-settlement-modular-safe/settlement-modular-safe__9NnpNd6/agent/trajectory.json
Sending keys: ["nl -ba Work.lean | tail -48\nsed -i '77d; s/^    simp only \\[reduceCtorEq, false_iff\\]/    try simp only [reduceCtorEq, false_iff]/; s/^      simp only \\[reduceCtorEq, false_iff\\]/      try simp only [reduceCtorEq, false_iff]/' Work.lean\nLEAN_PATH=/workspace/lean lean Work.lean > /tmp/leanlog 2>&1; grep -A30 'error:' /tmp/leanlog\n"] min_timeout_sec: 1.0 max_timeout_sec: 180.0
Trajectory dumped to /tmp/rsvh-eval/evidence/v3/gpt-6.1-sol-high/gpt-6.1-sol-high-settlement-modular-safe/settlement-modular-safe__9NnpNd6/agent/trajectory.json
Parser warnings: - Command 1 should end with newline when followed by another command. Otherwise the two commands will be concatenated together on the same line.
Sending keys: [''] min_timeout_sec: 1.0 max_timeout_sec: 180.0
Sending keys: ["find /workspace/submission -maxdepth 2 -type f -printf '%P\\n'; tail -8 /tmp/leanlog\n"] min_timeout_sec: 0.1 max_timeout_sec: 180.0
Trajectory dumped to /tmp/rsvh-eval/evidence/v3/gpt-6.1-sol-high/gpt-6.1-sol-high-settlement-modular-safe/settlement-modular-safe__9NnpNd6/agent/trajectory.json
Sending keys: ["sed -i '$i\\    trace_state' Work.lean\nLEAN_PATH=/workspace/lean lean Work.lean > /tmp/leanlog 2>&1; tail -35 /tmp/leanlog\n"] min_timeout_sec: 1.0 max_timeout_sec: 180.0
Trajectory dumped to /tmp/rsvh-eval/evidence/v3/gpt-6.1-sol-high/gpt-6.1-sol-high-settlement-modular-safe/settlement-modular-safe__9NnpNd6/agent/trajectory.json
Sending keys: [''] min_timeout_sec: 1.0 max_timeout_sec: 180.0
Trajectory dumped to /tmp/rsvh-eval/evidence/v3/gpt-6.1-sol-high/gpt-6.1-sol-high-settlement-modular-safe/settlement-modular-safe__9NnpNd6/agent/trajectory.json
Sending keys: ["python3 - <<'PY'\np='Work.lean';s=open(p).read();i=s.rfind('    try simp only [reduceCtorEq, false_iff]');s=s[:i]+'    simp [hnot]\\n';open(p,'w').write(s)\nPY\ncp Work.lean /workspace/submission/Spec.lean\ncat > /workspace/submission/Proof.lean <<'EOF'\nby\n  change Conforms candidateSpec challengeAuthorize\n  constructor\n  · intro b a f\n    change (∃ t, challengeAuthorize b a f = some t) ↔ settlementDebit a f ≤ b.toNat\n    constructor\n    · rintro ⟨t, ht⟩\n      exact ((authorize_iff b a f t).mp ht).1\n    · intro haff\n      have hb := b.toNat_lt\n      have hbound : settlementDebit a f < UInt64.size := by\n        exact Nat.lt_of_le_of_lt haff hb\n      refine ⟨UInt64.ofNat (settlementDebit a f), ?_⟩\n      apply (authorize_iff b a f _).mpr\n      exact ⟨haff, UInt64.toNat_ofNat_of_lt' hbound⟩\n  · intro b a f t ht\n    exact (authorize_iff b a f t).mp ht\nEOF\npython3 /workspace/lean/check.py > /tmp/checklog 2>&1; tail -45 /tmp/checklog\n"] min_timeout_sec: 1.0 max_timeout_sec: 180.0
Trajectory dumped to /tmp/rsvh-eval/evidence/v3/gpt-6.1-sol-high/gpt-6.1-sol-high-settlement-modular-safe/settlement-modular-safe__9NnpNd6/agent/trajectory.json
Sending keys: [''] min_timeout_sec: 1.0 max_timeout_sec: 180.0
Trajectory dumped to /tmp/rsvh-eval/evidence/v3/gpt-6.1-sol-high/gpt-6.1-sol-high-settlement-modular-safe/settlement-modular-safe__9NnpNd6/agent/trajectory.json
Trajectory dumped to /tmp/rsvh-eval/evidence/v3/gpt-6.1-sol-high/gpt-6.1-sol-high-settlement-modular-safe/settlement-modular-safe__9NnpNd6/agent/trajectory.json
Failed to download artifact '/workspace/submission/counterexample.json' (best-effort)
Traceback (most recent call last):
  File "/tmp/harbor09/lib/python3.12/site-packages/harbor/trial/artifact_handler.py", line 195, in _download_artifact
    await source_env.download_file(
  File "/tmp/harbor09/lib/python3.12/site-packages/harbor/environments/docker/docker.py", line 614, in download_file
    await self._platform.download_file(source_path, target_path)
  File "/tmp/harbor09/lib/python3.12/site-packages/harbor/environments/docker/docker_unix.py", line 48, in download_file
    await self._env._run_docker_compose_command(
  File "/tmp/harbor09/lib/python3.12/site-packages/harbor/environments/docker/docker.py", line 417, in _run_docker_compose_command
    raise RuntimeError(
RuntimeError: Docker compose command failed for environment settlement-modular-safe. Command: docker compose --project-name settlement-modular-safe__9nnpnd6 --project-directory /tmp/rsvh-family/settlement-modular-safe/environment -f /tmp/tmpk4tvoxdb/settlement-modular-safe__9NnpNd6-docker-compose-resources.json -f /tmp/harbor09/lib/python3.12/site-packages/harbor/environments/docker/docker-compose-build.yaml -f /tmp/tmpvtk1ggxn/docker-compose-mounts.json -f /tmp/harbor09/lib/python3.12/site-packages/harbor/environments/docker/docker-compose-no-network.yaml cp main:/workspace/submission/counterexample.json /tmp/rsvh-eval/evidence/v3/gpt-6.1-sol-high/gpt-6.1-sol-high-settlement-modular-safe/settlement-modular-safe__9NnpNd6/artifacts/counterexample.json. Return code: 1. Stdout:  settlement-modular-safe__9nnpnd6-main-1 copy settlement-modular-safe__9nnpnd6-main-1:/workspace/submission/counterexample.json to /tmp/rsvh-eval/evidence/v3/gpt-6.1-sol-high/gpt-6.1-sol-high-settlement-modular-safe/settlement-modular-safe__9NnpNd6/artifacts/counterexample.json Copying
Error response from daemon: Could not find the file /workspace/submission/counterexample.json in container afea28d80eacf46d58864b4839a98cc494080736c10c1fa03cea330f30150454
. Stderr: None. 
Failed to download artifact '/workspace/submission/src/lib.rs' (best-effort)
Traceback (most recent call last):
  File "/tmp/harbor09/lib/python3.12/site-packages/harbor/trial/artifact_handler.py", line 195, in _download_artifact
    await source_env.download_file(
  File "/tmp/harbor09/lib/python3.12/site-packages/harbor/environments/docker/docker.py", line 614, in download_file
    await self._platform.download_file(source_path, target_path)
  File "/tmp/harbor09/lib/python3.12/site-packages/harbor/environments/docker/docker_unix.py", line 48, in download_file
    await self._env._run_docker_compose_command(
  File "/tmp/harbor09/lib/python3.12/site-packages/harbor/environments/docker/docker.py", line 417, in _run_docker_compose_command
    raise RuntimeError(
RuntimeError: Docker compose command failed for environment settlement-modular-safe. Command: docker compose --project-name settlement-modular-safe__9nnpnd6 --project-directory /tmp/rsvh-family/settlement-modular-safe/environment -f /tmp/tmpk4tvoxdb/settlement-modular-safe__9NnpNd6-docker-compose-resources.json -f /tmp/harbor09/lib/python3.12/site-packages/harbor/environments/docker/docker-compose-build.yaml -f /tmp/tmpvtk1ggxn/docker-compose-mounts.json -f /tmp/harbor09/lib/python3.12/site-packages/harbor/environments/docker/docker-compose-no-network.yaml cp main:/workspace/submission/src/lib.rs /tmp/rsvh-eval/evidence/v3/gpt-6.1-sol-high/gpt-6.1-sol-high-settlement-modular-safe/settlement-modular-safe__9NnpNd6/artifacts/lib.rs. Return code: 1. Stdout:  settlement-modular-safe__9nnpnd6-main-1 copy settlement-modular-safe__9nnpnd6-main-1:/workspace/submission/src/lib.rs to /tmp/rsvh-eval/evidence/v3/gpt-6.1-sol-high/gpt-6.1-sol-high-settlement-modular-safe/settlement-modular-safe__9NnpNd6/artifacts/lib.rs Copying
Error response from daemon: Could not find the file /workspace/submission/src/lib.rs in container afea28d80eacf46d58864b4839a98cc494080736c10c1fa03cea330f30150454
. Stderr: None. 
Skipping image OS validation for hb__settlement-modular-safe: docker inspect returned 1
