max_turns (f.k.a. max_episodes) artificially limited to 25. Consider removing this limit for better task completion.
Skipping image OS validation for hb__whirlpool-vulnerable: docker inspect returned 1
Both tmux and asciinema are already installed
Starting recording.
Sending keys: ['asciinema rec --stdin /logs/agent/recording.cast', 'Enter'] min_timeout_sec: 1.0 max_timeout_sec: 180.0
Sending keys: ['clear', 'Enter'] min_timeout_sec: 0.0 max_timeout_sec: 180.0
Sending keys: ['cat /workspace/challenge/src/lib.rs\n'] min_timeout_sec: 0.1 max_timeout_sec: 180.0
Sending keys: ['cat /workspace/lean/SecurityChallenge.lean\n'] min_timeout_sec: 0.1 max_timeout_sec: 180.0
Sending keys: ['ls -la /workspace /workspace/lean /workspace/submission; cat /workspace/lean/check.py; cat /workspace/challenge/Cargo.toml\n'] min_timeout_sec: 0.1 max_timeout_sec: 180.0
Trajectory dumped to /tmp/rsvh-eval/evidence/v3/gpt-6.1-sol-high/gpt-6.1-sol-high-whirlpool-vulnerable/whirlpool-vulnerable__TgPBiHB/agent/trajectory.json
Sending keys: ['cat /workspace/lean/SecurityChallenge.lean; cat /workspace/submission/{Spec,Audit,Proof}.lean; ls -l /workspace/submission/src; tail -35 /workspace/challenge/src/lib.rs\n'] min_timeout_sec: 0.1 max_timeout_sec: 180.0
Trajectory dumped to /tmp/rsvh-eval/evidence/v3/gpt-6.1-sol-high/gpt-6.1-sol-high-whirlpool-vulnerable/whirlpool-vulnerable__TgPBiHB/agent/trajectory.json
Sending keys: ["python3 - <<'PY'\nfrom pathlib import Path\nimport json\ns=Path('/workspace/submission')\na=2**64-999999\nb=a//2\nprint('balance',b,'amount',a,'fee',999999,'exact debit',b+2**64)\n(s/'Spec.lean').write_text('''import SecurityChallenge\nopen SecurityChallenge\n\n-- Exact settlement debit, computed without any word-size truncation.\ndef settlementDebit (amount fee : UInt64) : Nat :=\n  amount.toNat / 2 +\n    (amount.toNat + fee.toNat * 18446744073709551616 + 999999) / 1000000\n\ndef candidateSpec : AuthorizationSpec where\n  accepts balance amount fee := settlementDebit amount fee ≤ balance.toNat\n  output balance amount fee totalDebit :=\n    settlementDebit amount fee ≤ balance.toNat ∧\n    totalDebit.toNat = settlementDebit amount fee\n''')\n(s/'Audit.lean').write_text('''import SecurityChallenge\nopen SecurityChallenge\n\n-- Rounding discards the carry out of the second 32-bit limb.\ndef verdict : AuditVerdict := .vulnerable\n''')\n(s/'Proof.lean').write_text(f'''by\n  change ¬ Conforms candidateSpec challengeAuthorize\n  intro h\n  have accepted : challengeAuthorize {b} {a} 999999 = some {b} := by\n    decide\n  have rejected : ¬ candidateSpec.accepts {b} {a} 999999 := by\n    decide\n  exact rejected ((h.1 {b} {a} 999999).mp ⟨{b}, accepted⟩)\n''')\n(s/'counterexample.json').write_text(json.dumps(dict(balance=b,amount=a,fee=999999),indent=2)+'\\n')\ntext=Path('/workspace/challenge/src/lib.rs').read_text()\ntext=text.replace('        let s2: u64 = div.q2;', '        // Propagate the rounding carry through every limb, including w1.\\n        let c1: u64 = s1 >> LIMB_SHIFT;\\n        let s2: u64 = div.q2 + c1;')\n(s/'src/lib.rs').write_text(text)\nPY\npython3 /workspace/lean/check.py\n"] min_timeout_sec: 1.0 max_timeout_sec: 180.0
Sending keys: ['cd /workspace/challenge && cargo test\n'] min_timeout_sec: 1.0 max_timeout_sec: 180.0
Trajectory dumped to /tmp/rsvh-eval/evidence/v3/gpt-6.1-sol-high/gpt-6.1-sol-high-whirlpool-vulnerable/whirlpool-vulnerable__TgPBiHB/agent/trajectory.json
Sending keys: [''] min_timeout_sec: 1.0 max_timeout_sec: 180.0
Trajectory dumped to /tmp/rsvh-eval/evidence/v3/gpt-6.1-sol-high/gpt-6.1-sol-high-whirlpool-vulnerable/whirlpool-vulnerable__TgPBiHB/agent/trajectory.json
Sending keys: ["python3 - <<'PY'\nfrom pathlib import Path\np=Path('/workspace/submission/Proof.lean')\ns=p.read_text().replace('have rejected : ¬ candidateSpec.accepts 9223372036854275808 18446744073708551617 999999 := by\\n    decide', 'have rejected : ¬ candidateSpec.accepts 9223372036854275808 18446744073708551617 999999 := by\\n    change ¬ settlementDebit 18446744073708551617 999999 ≤ (9223372036854275808 : UInt64).toNat\\n    decide')\np.write_text(s)\np=Path('/workspace/submission/src/lib.rs')\ns=p.read_text()\npos=s.rfind('\\n}')\ns=s[:pos]+'''\n\n    #[test]\n    fn carry_into_third_limb_rejects_unrepresentable_fee() {\n        let amount = 18_446_744_073_708_551_617u64;\n        let fee = 999_999u64;\n        let balance = 9_223_372_036_854_275_808u64;\n        assert_eq!(u128_math::div_round_up_fee(amount, fee), None);\n        assert_eq!(authorize(balance, amount, fee), None);\n        assert_eq!(authorize(u64::MAX, amount, fee), None);\n    }\n'''+s[pos:]\np.write_text(s)\nPY\npython3 /workspace/lean/check.py\n"] min_timeout_sec: 1.0 max_timeout_sec: 180.0
Sending keys: ['rustc --edition=2021 --test /workspace/submission/src/lib.rs -o /tmp/repaired-authorization-tests && /tmp/repaired-authorization-tests\n'] min_timeout_sec: 1.0 max_timeout_sec: 180.0
Trajectory dumped to /tmp/rsvh-eval/evidence/v3/gpt-6.1-sol-high/gpt-6.1-sol-high-whirlpool-vulnerable/whirlpool-vulnerable__TgPBiHB/agent/trajectory.json
Sending keys: [''] min_timeout_sec: 1.0 max_timeout_sec: 180.0
Trajectory dumped to /tmp/rsvh-eval/evidence/v3/gpt-6.1-sol-high/gpt-6.1-sol-high-whirlpool-vulnerable/whirlpool-vulnerable__TgPBiHB/agent/trajectory.json
Sending keys: ['cat > /tmp/authorization-reference-check.rs <<\'RS\'\nmod repaired { include!("/workspace/submission/src/lib.rs"); }\nfn check(balance: u64, amount: u64, fee: u64) {\n    let x = (amount as u128) + ((fee as u128) << 64);\n    let gross_fee = x / 1_000_000 + if x % 1_000_000 == 0 { 0 } else { 1 };\n    let debit = (amount as u128) / 2 + gross_fee;\n    let expected = if debit <= balance as u128 { Some(debit as u64) } else { None };\n    assert_eq!(repaired::authorize(balance, amount, fee).map(|a| a.total_debit), expected,\n        "balance={balance}, amount={amount}, fee={fee}");\n}\nfn main() {\n    let values = [0, 1, 2, 999_998, 999_999, 1_000_000, 1_000_001,\n        4_294_967_295, 4_294_967_296, 4_294_967_297,\n        18_446_744_073_708_551_616, 18_446_744_073_708_551_617,\n        u64::MAX - 1, u64::MAX];\n    for b in values { for a in values { for f in values { check(b, a, f); } } }\n    let mut seed = 1u64;\n    for i in 0..200_000 {\n        seed = seed.wrapping_mul(6364136223846793005).wrapping_add(1);\n        let amount = seed;\n        seed = seed.wrapping_mul(6364136223846793005).wrapping_add(1);\n        let fee = if i % 2 == 0 { seed % 1_000_001 } else { seed };\n        seed = seed.wrapping_mul(6364136223846793005).wrapping_add(1);\n        check(seed, amount, fee);\n        let x = amount as u128 + ((fee as u128) << 64);\n        let debit = amount as u128 / 2 + x / 1_000_000 + if x % 1_000_000 == 0 { 0 } else { 1 };\n        if debit <= u64::MAX as u128 {\n            check(debit as u64, amount, fee);\n            if debit > 0 { check((debit - 1) as u64, amount, fee); }\n        }\n    }\n    println!("Boundary and randomized u128 reference comparisons passed");\n}\nRS\nrustc --edition=2021 -O /tmp/authorization-reference-check.rs -o /tmp/authorization-reference-check && /tmp/authorization-reference-check\n'] min_timeout_sec: 1.0 max_timeout_sec: 180.0
Sending keys: ['find /workspace/submission -maxdepth 2 -type f -print; cat /workspace/submission/Proof.lean; cat /workspace/submission/counterexample.json; diff -u /workspace/challenge/src/lib.rs /workspace/submission/src/lib.rs\n'] min_timeout_sec: 0.1 max_timeout_sec: 180.0
Trajectory dumped to /tmp/rsvh-eval/evidence/v3/gpt-6.1-sol-high/gpt-6.1-sol-high-whirlpool-vulnerable/whirlpool-vulnerable__TgPBiHB/agent/trajectory.json
Sending keys: ['sed -i \'1c include!("/workspace/submission/src/lib.rs");\' /tmp/authorization-reference-check.rs\nsed -i \'s/repaired::authorize/authorize/g\' /tmp/authorization-reference-check.rs\nrustc --edition=2021 -O /tmp/authorization-reference-check.rs -o /tmp/authorization-reference-check && /tmp/authorization-reference-check\n'] min_timeout_sec: 1.0 max_timeout_sec: 180.0
Trajectory dumped to /tmp/rsvh-eval/evidence/v3/gpt-6.1-sol-high/gpt-6.1-sol-high-whirlpool-vulnerable/whirlpool-vulnerable__TgPBiHB/agent/trajectory.json
Trajectory dumped to /tmp/rsvh-eval/evidence/v3/gpt-6.1-sol-high/gpt-6.1-sol-high-whirlpool-vulnerable/whirlpool-vulnerable__TgPBiHB/agent/trajectory.json
Trajectory dumped to /tmp/rsvh-eval/evidence/v3/gpt-6.1-sol-high/gpt-6.1-sol-high-whirlpool-vulnerable/whirlpool-vulnerable__TgPBiHB/agent/trajectory.json
Trajectory dumped to /tmp/rsvh-eval/evidence/v3/gpt-6.1-sol-high/gpt-6.1-sol-high-whirlpool-vulnerable/whirlpool-vulnerable__TgPBiHB/agent/trajectory.json
Skipping image OS validation for hb__whirlpool-vulnerable: docker inspect returned 1
